[2025-09-11 19:29:32.802] === EFFECTIVE CONFIGURATION ===
[2025-09-11 19:29:32.802] {
[2025-09-11 19:29:32.802]   "_config_path": ".sweep_tmp/cfg_addition_start_step=1000.json",
[2025-09-11 19:29:32.802]   "_overrides": [],
[2025-09-11 19:29:32.802]   "_raw_config": {
[2025-09-11 19:29:32.802]     "addition_cf_max": 11.0,
[2025-09-11 19:29:32.803]     "addition_cf_min": 2.0,
[2025-09-11 19:29:32.803]     "addition_start_step": 1000,
[2025-09-11 19:29:32.803]     "cf_max_complexity": 7.0,
[2025-09-11 19:29:32.803]     "cf_min_complexity": 2.0,
[2025-09-11 19:29:32.803]     "cf_sd": 1.2,
[2025-09-11 19:29:32.803]     "checkpoint_interval": 5000,
[2025-09-11 19:29:32.803]     "confidence_criterion_start": 0.9,
[2025-09-11 19:29:32.803]     "confidence_floor": 0.75,
[2025-09-11 19:29:32.803]     "counting_fade_rate": 0.00015,
[2025-09-11 19:29:32.803]     "counting_focus_steps": 6000,
[2025-09-11 19:29:32.803]     "cx_sd": 0.9,
[2025-09-11 19:29:32.803]     "gate_freeze_until_step": 3000,
[2025-09-11 19:29:32.803]     "hidden_size": 64,
[2025-09-11 19:29:32.803]     "learning_rate": 0.01,
[2025-09-11 19:29:32.803]     "learning_rate_floor": 0.002,
[2025-09-11 19:29:32.803]     "lr_decay": 0.9999,
[2025-09-11 19:29:32.803]     "outdir": "results",
[2025-09-11 19:29:32.803]     "tf_rate_addition": 5e-05,
[2025-09-11 19:29:32.803]     "tf_rate_counting": 0.0002,
[2025-09-11 19:29:32.803]     "total_steps": 15000
[2025-09-11 19:29:32.803]   },
[2025-09-11 19:29:32.803]   "addition_cf_max": 11.0,
[2025-09-11 19:29:32.803]   "addition_cf_min": 2.0,
[2025-09-11 19:29:32.803]   "addition_start_step": 1000,
[2025-09-11 19:29:32.803]   "cf_max_complexity": 7.0,
[2025-09-11 19:29:32.803]   "cf_min_complexity": 2.0,
[2025-09-11 19:29:32.803]   "cf_sd": 1.2,
[2025-09-11 19:29:32.803]   "cf_variance": 1.5,
[2025-09-11 19:29:32.803]   "checkpoint_interval": 5000,
[2025-09-11 19:29:32.803]   "confidence_criterion_start": 0.9,
[2025-09-11 19:29:32.803]   "confidence_floor": 0.75,
[2025-09-11 19:29:32.803]   "counting_fade_rate": 0.00015,
[2025-09-11 19:29:32.803]   "counting_focus_steps": 6000,
[2025-09-11 19:29:32.803]   "cx_sd": 0.9,
[2025-09-11 19:29:32.803]   "cx_variance": 0.8,
[2025-09-11 19:29:32.803]   "gate_freeze_until_step": 3000,
[2025-09-11 19:29:32.803]   "hidden_size": 64,
[2025-09-11 19:29:32.803]   "learning_rate": 0.01,
[2025-09-11 19:29:32.803]   "learning_rate_floor": 0.002,
[2025-09-11 19:29:32.803]   "lr_decay": 0.9999,
[2025-09-11 19:29:32.803]   "outdir": "results/addition_start_step=1000",
[2025-09-11 19:29:32.803]   "tf_rate": 0.0001,
[2025-09-11 19:29:32.803]   "tf_rate_addition": 5e-05,
[2025-09-11 19:29:32.803]   "tf_rate_counting": 0.0002,
[2025-09-11 19:29:32.803]   "total_steps": 15000
[2025-09-11 19:29:32.803] }
[2025-09-11 19:29:32.804] === Small Math Model (Content-Gated) ===
[2025-09-11 19:29:32.804] Network: 24 -> 64 -> 12
[2025-09-11 19:29:32.804] Training steps: 15000   LR: 0.01
[2025-09-11 19:29:32.804] Gate freeze until: 3000
[2025-09-11 19:29:32.804] Confidence start: 0.9 (floor 0.75)
[2025-09-11 19:29:32.804] === Sanity check ===
[2025-09-11 19:29:32.804] 1 -> ? = 10 (expected 2) - conf:0.000 finger:True
[2025-09-11 19:29:32.804] 3 -> ? = 8 (expected 4) - conf:0.000 finger:True
[2025-09-11 19:29:32.804] 5 -> ? = 8 (expected 6) - conf:0.000 finger:True
[2025-09-11 19:29:32.804] 2 -> 3 = 12 (expected 4) - conf:0.000 finger:True
[2025-09-11 19:29:32.804] 4 -> 5 = 8 (expected 6) - conf:0.000 finger:True
[2025-09-11 19:29:32.805] 1 + 2 = 3 (expected 3) + conf:0.000 finger:True
[2025-09-11 19:29:32.807] 2 + 2 = 4 (expected 4) + conf:0.000 finger:True
[2025-09-11 19:29:32.808] 3 + 4 = 7 (expected 7) + conf:0.000 finger:True
[2025-09-11 19:29:32.810] 4 + 5 = 9 (expected 9) + conf:0.000 finger:True
[2025-09-11 19:29:32.812] 5 + 5 = 10 (expected 10) + conf:0.000 finger:True
[2025-09-11 19:29:32.812] 
[2025-09-11 19:29:32.981] Step  1000: TF=0.100 CF=2.5 CX=2.9 W=1.00 Loss=0.503126 LR=0.009079 CC=0.817 (0.2s)
[2025-09-11 19:29:33.233] Step  2000: TF=0.200 CF=3.0 CX=2.2 W=0.85 Loss=0.998423 LR=0.008215 CC=0.750 (0.4s)
[2025-09-11 19:29:33.666] Step  3000: TF=0.300 CF=3.5 CX=5.0 W=0.70 Loss=0.065175 LR=0.007433 CC=0.750 (0.9s)
[2025-09-11 19:29:34.236] Step  4000: TF=0.400 CF=4.0 CX=2.1 W=0.55 Loss=0.007647 LR=0.006726 CC=0.750 (1.4s)
[2025-09-11 19:29:34.955] Step  5000: TF=0.500 CF=6.5 CX=6.7 W=0.57 Loss=0.375219 LR=0.006086 CC=0.750 (2.1s)
[2025-09-11 19:29:35.912] Step  6000: TF=0.600 CF=7.4 CX=7.3 W=0.71 Loss=0.315408 LR=0.005507 CC=0.750 (3.1s)
[2025-09-11 19:29:36.627] Step  7000: TF=0.700 CF=8.3 CX=8.4 W=0.86 Loss=0.001241 LR=0.004983 CC=0.750 (3.8s)
[2025-09-11 19:29:36.900] Step  8000: TF=0.800 CF=9.2 CX=8.8 W=1.00 Loss=0.039971 LR=0.004508 CC=0.750 (4.1s)
[2025-09-11 19:29:37.154] Step  9000: TF=0.900 CF=6.5 CX=6.8 W=0.20 Loss=0.065237 LR=0.004079 CC=0.750 (4.3s)
[2025-09-11 19:29:37.412] Step 10000: TF=1.000 CF=11.0 CX=11.1 W=1.00 Loss=0.054684 LR=0.003691 CC=0.750 (4.6s)
[2025-09-11 19:29:37.646] Step 11000: TF=1.000 CF=11.0 CX=10.9 W=1.00 Loss=0.004229 LR=0.003340 CC=0.750 (4.8s)
[2025-09-11 19:29:37.861] Step 12000: TF=1.000 CF=11.0 CX=12.0 W=1.00 Loss=0.000132 LR=0.003022 CC=0.750 (5.0s)
[2025-09-11 19:29:38.069] Step 13000: TF=1.000 CF=11.0 CX=11.9 W=1.00 Loss=0.064334 LR=0.002734 CC=0.750 (5.3s)
[2025-09-11 19:29:38.275] Step 14000: TF=1.000 CF=11.0 CX=9.0 W=1.00 Loss=0.000071 LR=0.002474 CC=0.750 (5.5s)
[2025-09-11 19:29:38.483] Step 15000: TF=1.000 CF=11.0 CX=10.5 W=1.00 Loss=0.001871 LR=0.002239 CC=0.750 (5.7s)
[2025-09-11 19:29:38.483] === Training complete ===
