[2025-09-11 19:18:55.002] === EFFECTIVE CONFIGURATION ===
[2025-09-11 19:18:55.002] {
[2025-09-11 19:18:55.002]   "_config_path": ".sweep_tmp/cfg_addition_start_step=1000.json",
[2025-09-11 19:18:55.002]   "_overrides": [],
[2025-09-11 19:18:55.002]   "_raw_config": {
[2025-09-11 19:18:55.002]     "addition_cf_max": 11.0,
[2025-09-11 19:18:55.002]     "addition_cf_min": 2.0,
[2025-09-11 19:18:55.002]     "addition_start_step": 1000,
[2025-09-11 19:18:55.002]     "cf_max_complexity": 7.0,
[2025-09-11 19:18:55.002]     "cf_min_complexity": 2.0,
[2025-09-11 19:18:55.002]     "cf_sd": 1.2,
[2025-09-11 19:18:55.002]     "checkpoint_interval": 5000,
[2025-09-11 19:18:55.002]     "confidence_criterion_start": 0.9,
[2025-09-11 19:18:55.002]     "confidence_floor": 0.75,
[2025-09-11 19:18:55.002]     "counting_fade_rate": 0.00015,
[2025-09-11 19:18:55.002]     "counting_focus_steps": 6000,
[2025-09-11 19:18:55.002]     "cx_sd": 0.9,
[2025-09-11 19:18:55.002]     "gate_freeze_until_step": 0,
[2025-09-11 19:18:55.002]     "hidden_size": 64,
[2025-09-11 19:18:55.002]     "learning_rate": 0.01,
[2025-09-11 19:18:55.002]     "learning_rate_floor": 0.002,
[2025-09-11 19:18:55.002]     "lr_decay": 0.9999,
[2025-09-11 19:18:55.002]     "outdir": "results",
[2025-09-11 19:18:55.002]     "tf_rate_addition": 5e-05,
[2025-09-11 19:18:55.002]     "tf_rate_counting": 0.0002,
[2025-09-11 19:18:55.002]     "total_steps": 15000
[2025-09-11 19:18:55.002]   },
[2025-09-11 19:18:55.002]   "addition_cf_max": 11.0,
[2025-09-11 19:18:55.002]   "addition_cf_min": 2.0,
[2025-09-11 19:18:55.002]   "addition_start_step": 1000,
[2025-09-11 19:18:55.002]   "cf_max_complexity": 7.0,
[2025-09-11 19:18:55.002]   "cf_min_complexity": 2.0,
[2025-09-11 19:18:55.002]   "cf_sd": 1.2,
[2025-09-11 19:18:55.002]   "cf_variance": 1.5,
[2025-09-11 19:18:55.002]   "checkpoint_interval": 5000,
[2025-09-11 19:18:55.002]   "confidence_criterion_start": 0.9,
[2025-09-11 19:18:55.002]   "confidence_floor": 0.75,
[2025-09-11 19:18:55.002]   "counting_fade_rate": 0.00015,
[2025-09-11 19:18:55.002]   "counting_focus_steps": 6000,
[2025-09-11 19:18:55.002]   "cx_sd": 0.9,
[2025-09-11 19:18:55.003]   "cx_variance": 0.8,
[2025-09-11 19:18:55.003]   "gate_freeze_until_step": 0,
[2025-09-11 19:18:55.003]   "hidden_size": 64,
[2025-09-11 19:18:55.003]   "learning_rate": 0.01,
[2025-09-11 19:18:55.003]   "learning_rate_floor": 0.002,
[2025-09-11 19:18:55.003]   "lr_decay": 0.9999,
[2025-09-11 19:18:55.003]   "outdir": "results/addition_start_step=1000",
[2025-09-11 19:18:55.003]   "tf_rate": 0.0001,
[2025-09-11 19:18:55.003]   "tf_rate_addition": 5e-05,
[2025-09-11 19:18:55.003]   "tf_rate_counting": 0.0002,
[2025-09-11 19:18:55.003]   "total_steps": 15000
[2025-09-11 19:18:55.003] }
[2025-09-11 19:18:55.006] === Small Math Model (Content-Gated) ===
[2025-09-11 19:18:55.006] Network: 24 -> 64 -> 12
[2025-09-11 19:18:55.006] Training steps: 15000   LR: 0.01
[2025-09-11 19:18:55.006] Gate freeze until: 0
[2025-09-11 19:18:55.006] Confidence start: 0.9 (floor 0.75)
[2025-09-11 19:18:55.006] === Sanity check ===
[2025-09-11 19:18:55.007] 1 -> ? = 10 (expected 2) - conf:0.000 finger:True
[2025-09-11 19:18:55.008] 3 -> ? = 8 (expected 4) - conf:0.000 finger:True
[2025-09-11 19:18:55.008] 5 -> ? = 8 (expected 6) - conf:0.000 finger:True
[2025-09-11 19:18:55.008] 2 -> 3 = 12 (expected 4) - conf:0.000 finger:True
[2025-09-11 19:18:55.008] 4 -> 5 = 8 (expected 6) - conf:0.000 finger:True
[2025-09-11 19:18:55.010] 1 + 2 = 3 (expected 3) + conf:0.000 finger:True
[2025-09-11 19:18:55.011] 2 + 2 = 4 (expected 4) + conf:0.000 finger:True
[2025-09-11 19:18:55.013] 3 + 4 = 7 (expected 7) + conf:0.000 finger:True
[2025-09-11 19:18:55.015] 4 + 5 = 9 (expected 9) + conf:0.000 finger:True
[2025-09-11 19:18:55.017] 5 + 5 = 10 (expected 10) + conf:0.000 finger:True
[2025-09-11 19:18:55.018] 
[2025-09-11 19:18:55.188] Step  1000: TF=0.100 CF=2.5 CX=3.0 W=1.00 Loss=1.185090 LR=0.009079 CC=0.817 (0.2s)
[2025-09-11 19:18:55.454] Step  2000: TF=0.200 CF=3.0 CX=3.3 W=0.85 Loss=1.494407 LR=0.008215 CC=0.750 (0.4s)
[2025-09-11 19:18:55.944] Step  3000: TF=0.300 CF=4.7 CX=3.9 W=0.29 Loss=0.906413 LR=0.007433 CC=0.750 (0.9s)
[2025-09-11 19:18:56.459] Step  4000: TF=0.400 CF=4.0 CX=2.1 W=0.55 Loss=0.000420 LR=0.006726 CC=0.750 (1.4s)
[2025-09-11 19:18:56.923] Step  5000: TF=0.500 CF=4.5 CX=3.7 W=0.40 Loss=0.017606 LR=0.006086 CC=0.750 (1.9s)
[2025-09-11 19:18:57.262] Step  6000: TF=0.600 CF=7.4 CX=6.8 W=0.71 Loss=0.140103 LR=0.005507 CC=0.750 (2.2s)
[2025-09-11 19:18:57.658] Step  7000: TF=0.700 CF=8.3 CX=7.9 W=0.86 Loss=0.073409 LR=0.004983 CC=0.750 (2.6s)
[2025-09-11 19:18:58.188] Step  8000: TF=0.800 CF=9.2 CX=7.9 W=1.00 Loss=0.429574 LR=0.004508 CC=0.750 (3.2s)
[2025-09-11 19:18:58.680] Step  9000: TF=0.900 CF=10.1 CX=11.7 W=1.00 Loss=0.000006 LR=0.004079 CC=0.750 (3.7s)
[2025-09-11 19:18:59.036] Step 10000: TF=1.000 CF=7.0 CX=6.3 W=0.20 Loss=0.081394 LR=0.003691 CC=0.750 (4.0s)
[2025-09-11 19:18:59.406] Step 11000: TF=1.000 CF=11.0 CX=10.2 W=1.00 Loss=0.109099 LR=0.003340 CC=0.750 (4.4s)
[2025-09-11 19:18:59.754] Step 12000: TF=1.000 CF=11.0 CX=10.2 W=1.00 Loss=0.060091 LR=0.003022 CC=0.750 (4.7s)
[2025-09-11 19:19:00.223] Step 13000: TF=1.000 CF=11.0 CX=10.3 W=1.00 Loss=0.043889 LR=0.002734 CC=0.750 (5.2s)
[2025-09-11 19:19:00.547] Step 14000: TF=1.000 CF=11.0 CX=10.1 W=1.00 Loss=0.018025 LR=0.002474 CC=0.750 (5.5s)
[2025-09-11 19:19:00.897] Step 15000: TF=1.000 CF=11.0 CX=11.3 W=1.00 Loss=0.457341 LR=0.002239 CC=0.750 (5.9s)
[2025-09-11 19:19:00.897] === Training complete ===
