[2025-09-09 21:26:19.916] === EFFECTIVE CONFIGURATION ===
[2025-09-09 21:26:19.916] {
[2025-09-09 21:26:19.916]   "_config_path": ".sweep_tmp/cfg_addition_start_step=3000.json",
[2025-09-09 21:26:19.916]   "_overrides": [],
[2025-09-09 21:26:19.916]   "_raw_config": {
[2025-09-09 21:26:19.916]     "addition_cf_max": 10.0,
[2025-09-09 21:26:19.916]     "addition_cf_min": 2.0,
[2025-09-09 21:26:19.916]     "addition_start_step": 3000,
[2025-09-09 21:26:19.916]     "cf_max_complexity": 6.0,
[2025-09-09 21:26:19.916]     "cf_min_complexity": 2.0,
[2025-09-09 21:26:19.916]     "cf_variance": 1.5,
[2025-09-09 21:26:19.916]     "checkpoint_interval": 10000,
[2025-09-09 21:26:19.916]     "confidence_criterion_start": 0.9,
[2025-09-09 21:26:19.916]     "confidence_floor": 0.75,
[2025-09-09 21:26:19.916]     "counting_fade_rate": 0.0001,
[2025-09-09 21:26:19.916]     "counting_focus_steps": 6000,
[2025-09-09 21:26:19.916]     "cx_variance": 0.8,
[2025-09-09 21:26:19.916]     "gate_freeze_until_step": 3000,
[2025-09-09 21:26:19.916]     "hidden_size": 64,
[2025-09-09 21:26:19.916]     "learning_rate": 0.005,
[2025-09-09 21:26:19.916]     "learning_rate_floor": 0.002,
[2025-09-09 21:26:19.916]     "lr_decay": 0.9999,
[2025-09-09 21:26:19.916]     "outdir": "results_longrun_50k",
[2025-09-09 21:26:19.916]     "tf_rate_addition": 0.0001,
[2025-09-09 21:26:19.916]     "tf_rate_counting": 0.0001,
[2025-09-09 21:26:19.916]     "total_steps": 50000
[2025-09-09 21:26:19.916]   },
[2025-09-09 21:26:19.916]   "addition_cf_max": 10.0,
[2025-09-09 21:26:19.916]   "addition_cf_min": 2.0,
[2025-09-09 21:26:19.916]   "addition_start_step": 3000,
[2025-09-09 21:26:19.916]   "cf_max_complexity": 6.0,
[2025-09-09 21:26:19.916]   "cf_min_complexity": 2.0,
[2025-09-09 21:26:19.916]   "cf_variance": 1.5,
[2025-09-09 21:26:19.916]   "checkpoint_interval": 10000,
[2025-09-09 21:26:19.916]   "confidence_criterion_start": 0.9,
[2025-09-09 21:26:19.916]   "confidence_floor": 0.75,
[2025-09-09 21:26:19.916]   "counting_fade_rate": 0.0001,
[2025-09-09 21:26:19.916]   "counting_focus_steps": 6000,
[2025-09-09 21:26:19.916]   "cx_variance": 0.8,
[2025-09-09 21:26:19.916]   "gate_freeze_until_step": 3000,
[2025-09-09 21:26:19.917]   "hidden_size": 64,
[2025-09-09 21:26:19.917]   "learning_rate": 0.005,
[2025-09-09 21:26:19.917]   "learning_rate_floor": 0.002,
[2025-09-09 21:26:19.917]   "lr_decay": 0.9999,
[2025-09-09 21:26:19.917]   "outdir": "results/addstart_sweep/addition_start_step=3000",
[2025-09-09 21:26:19.917]   "tf_rate": 0.0001,
[2025-09-09 21:26:19.917]   "tf_rate_addition": 0.0001,
[2025-09-09 21:26:19.917]   "tf_rate_counting": 0.0001,
[2025-09-09 21:26:19.917]   "total_steps": 50000
[2025-09-09 21:26:19.917] }
[2025-09-09 21:26:19.918] === Small Math Model (Content-Gated) ===
[2025-09-09 21:26:19.918] Network: 24 -> 64 -> 12
[2025-09-09 21:26:19.918] Training steps: 50000   LR: 0.005
[2025-09-09 21:26:19.918] Gate freeze until: 3000
[2025-09-09 21:26:19.918] Confidence start: 0.9 (floor 0.75)
[2025-09-09 21:26:19.918] === Sanity check ===
[2025-09-09 21:26:19.920] 1 -> ? = 10 (expected 2) - conf:0.000 finger:True
[2025-09-09 21:26:19.920] 3 -> ? = 8 (expected 4) - conf:0.000 finger:True
[2025-09-09 21:26:19.920] 5 -> ? = 8 (expected 6) - conf:0.000 finger:True
[2025-09-09 21:26:19.920] 2 -> 3 = 12 (expected 4) - conf:0.000 finger:True
[2025-09-09 21:26:19.921] 4 -> 5 = 8 (expected 6) - conf:0.000 finger:True
[2025-09-09 21:26:19.922] 1 + 2 = 3 (expected 3) + conf:0.000 finger:True
[2025-09-09 21:26:19.924] 2 + 2 = 4 (expected 4) + conf:0.000 finger:True
[2025-09-09 21:26:19.926] 3 + 4 = 7 (expected 7) + conf:0.000 finger:True
[2025-09-09 21:26:19.928] 4 + 5 = 9 (expected 9) + conf:0.000 finger:True
[2025-09-09 21:26:19.930] 5 + 5 = 10 (expected 10) + conf:0.000 finger:True
[2025-09-09 21:26:19.930] 
[2025-09-09 21:26:20.097] Step  1000: TF=0.100 CF=2.4 CX=2.6 W=1.00 Loss=1.178054 LR=0.004540 CC=0.817 (0.2s)
[2025-09-09 21:26:20.266] Step  2000: TF=0.200 CF=2.8 CX=2.0 W=1.00 Loss=0.470366 LR=0.004108 CC=0.750 (0.3s)
[2025-09-09 21:26:20.434] Step  3000: TF=0.300 CF=3.2 CX=3.0 W=1.00 Loss=1.306478 LR=0.003717 CC=0.750 (0.5s)
[2025-09-09 21:26:20.657] Step  4000: TF=0.400 CF=3.6 CX=3.9 W=0.90 Loss=1.284437 LR=0.003363 CC=0.750 (0.7s)
[2025-09-09 21:26:20.952] Step  5000: TF=0.500 CF=4.0 CX=3.6 W=0.80 Loss=0.855223 LR=0.003043 CC=0.750 (1.0s)
[2025-09-09 21:26:21.390] Step  6000: TF=0.600 CF=4.4 CX=3.7 W=0.70 Loss=1.042849 LR=0.002753 CC=0.750 (1.5s)
[2025-09-09 21:26:21.882] Step  7000: TF=0.700 CF=4.8 CX=5.8 W=0.60 Loss=0.384386 LR=0.002491 CC=0.750 (2.0s)
[2025-09-09 21:26:22.484] Step  8000: TF=0.800 CF=5.2 CX=4.7 W=0.50 Loss=0.671464 LR=0.002254 CC=0.750 (2.6s)
[2025-09-09 21:26:23.192] Step  9000: TF=0.900 CF=9.2 CX=8.2 W=0.26 Loss=1.457149 LR=0.002040 CC=0.750 (3.3s)
[2025-09-09 21:26:24.151] Step 10000: TF=1.000 CF=10.0 CX=10.4 W=0.30 Loss=0.313466 LR=0.002000 CC=0.750 (4.2s)
[2025-09-09 21:26:25.101] Step 11000: TF=1.000 CF=10.0 CX=11.1 W=0.34 Loss=0.030658 LR=0.002000 CC=0.750 (5.2s)
[2025-09-09 21:26:25.594] Step 12000: TF=1.000 CF=6.0 CX=6.4 W=0.20 Loss=0.020808 LR=0.002000 CC=0.750 (5.7s)
[2025-09-09 21:26:25.918] Step 13000: TF=1.000 CF=10.0 CX=9.1 W=0.43 Loss=0.026210 LR=0.002000 CC=0.750 (6.0s)
[2025-09-09 21:26:26.184] Step 14000: TF=1.000 CF=6.0 CX=5.2 W=0.20 Loss=0.005302 LR=0.002000 CC=0.750 (6.3s)
[2025-09-09 21:26:26.460] Step 15000: TF=1.000 CF=10.0 CX=9.6 W=0.51 Loss=0.105391 LR=0.002000 CC=0.750 (6.5s)
[2025-09-09 21:26:26.741] Step 16000: TF=1.000 CF=6.0 CX=6.5 W=0.20 Loss=0.007687 LR=0.002000 CC=0.750 (6.8s)
[2025-09-09 21:26:27.003] Step 17000: TF=1.000 CF=10.0 CX=9.6 W=0.60 Loss=0.051232 LR=0.002000 CC=0.750 (7.1s)
[2025-09-09 21:26:27.274] Step 18000: TF=1.000 CF=10.0 CX=9.0 W=0.64 Loss=0.056794 LR=0.002000 CC=0.750 (7.3s)
[2025-09-09 21:26:27.561] Step 19000: TF=1.000 CF=10.0 CX=12.0 W=0.68 Loss=0.006616 LR=0.002000 CC=0.750 (7.6s)
[2025-09-09 21:26:27.855] Step 20000: TF=1.000 CF=10.0 CX=11.1 W=0.72 Loss=1.749123 LR=0.002000 CC=0.750 (7.9s)
[2025-09-09 21:26:28.126] Step 21000: TF=1.000 CF=10.0 CX=8.9 W=0.77 Loss=0.009280 LR=0.002000 CC=0.750 (8.2s)
[2025-09-09 21:26:28.390] Step 22000: TF=1.000 CF=10.0 CX=9.1 W=0.81 Loss=0.022114 LR=0.002000 CC=0.750 (8.5s)
[2025-09-09 21:26:28.660] Step 23000: TF=1.000 CF=10.0 CX=11.3 W=0.85 Loss=0.109434 LR=0.002000 CC=0.750 (8.7s)
[2025-09-09 21:26:28.947] Step 24000: TF=1.000 CF=10.0 CX=9.2 W=0.89 Loss=0.013707 LR=0.002000 CC=0.750 (9.0s)
[2025-09-09 21:26:29.234] Step 25000: TF=1.000 CF=6.0 CX=6.2 W=0.20 Loss=0.037879 LR=0.002000 CC=0.750 (9.3s)
[2025-09-09 21:26:29.532] Step 26000: TF=1.000 CF=10.0 CX=10.3 W=0.98 Loss=0.002193 LR=0.002000 CC=0.750 (9.6s)
[2025-09-09 21:26:29.813] Step 27000: TF=1.000 CF=6.0 CX=6.3 W=0.20 Loss=0.004813 LR=0.002000 CC=0.750 (9.9s)
[2025-09-09 21:26:30.084] Step 28000: TF=1.000 CF=10.0 CX=10.4 W=1.00 Loss=0.001721 LR=0.002000 CC=0.750 (10.2s)
[2025-09-09 21:26:30.343] Step 29000: TF=1.000 CF=10.0 CX=10.8 W=1.00 Loss=0.001321 LR=0.002000 CC=0.750 (10.4s)
[2025-09-09 21:26:30.611] Step 30000: TF=1.000 CF=10.0 CX=10.8 W=1.00 Loss=0.001158 LR=0.002000 CC=0.750 (10.7s)
[2025-09-09 21:26:30.882] Step 31000: TF=1.000 CF=10.0 CX=11.1 W=1.00 Loss=0.007531 LR=0.002000 CC=0.750 (11.0s)
[2025-09-09 21:26:31.133] Step 32000: TF=1.000 CF=10.0 CX=10.3 W=1.00 Loss=0.000950 LR=0.002000 CC=0.750 (11.2s)
[2025-09-09 21:26:31.393] Step 33000: TF=1.000 CF=6.0 CX=6.1 W=0.20 Loss=0.023335 LR=0.002000 CC=0.750 (11.5s)
[2025-09-09 21:26:31.646] Step 34000: TF=1.000 CF=6.0 CX=6.2 W=0.20 Loss=0.002071 LR=0.002000 CC=0.750 (11.7s)
[2025-09-09 21:26:31.901] Step 35000: TF=1.000 CF=6.0 CX=5.5 W=0.20 Loss=0.002036 LR=0.002000 CC=0.750 (12.0s)
[2025-09-09 21:26:32.169] Step 36000: TF=1.000 CF=10.0 CX=9.4 W=1.00 Loss=0.009134 LR=0.002000 CC=0.750 (12.2s)
[2025-09-09 21:26:32.434] Step 37000: TF=1.000 CF=6.0 CX=5.4 W=0.20 Loss=0.019077 LR=0.002000 CC=0.750 (12.5s)
[2025-09-09 21:26:32.680] Step 38000: TF=1.000 CF=10.0 CX=10.3 W=1.00 Loss=0.000515 LR=0.002000 CC=0.750 (12.7s)
[2025-09-09 21:26:32.950] Step 39000: TF=1.000 CF=6.0 CX=5.5 W=0.20 Loss=0.001599 LR=0.002000 CC=0.750 (13.0s)
[2025-09-09 21:26:33.209] Step 40000: TF=1.000 CF=10.0 CX=8.6 W=1.00 Loss=0.002394 LR=0.002000 CC=0.750 (13.3s)
[2025-09-09 21:26:33.472] Step 41000: TF=1.000 CF=10.0 CX=9.1 W=1.00 Loss=0.004713 LR=0.002000 CC=0.750 (13.5s)
[2025-09-09 21:26:33.742] Step 42000: TF=1.000 CF=10.0 CX=9.3 W=1.00 Loss=0.000347 LR=0.002000 CC=0.750 (13.8s)
[2025-09-09 21:26:33.999] Step 43000: TF=1.000 CF=10.0 CX=8.6 W=1.00 Loss=0.002245 LR=0.002000 CC=0.750 (14.1s)
[2025-09-09 21:26:34.287] Step 44000: TF=1.000 CF=6.0 CX=5.0 W=0.20 Loss=0.014198 LR=0.002000 CC=0.750 (14.4s)
[2025-09-09 21:26:34.546] Step 45000: TF=1.000 CF=6.0 CX=6.5 W=0.20 Loss=0.001681 LR=0.002000 CC=0.750 (14.6s)
[2025-09-09 21:26:34.808] Step 46000: TF=1.000 CF=10.0 CX=11.1 W=1.00 Loss=0.077543 LR=0.002000 CC=0.750 (14.9s)
[2025-09-09 21:26:35.064] Step 47000: TF=1.000 CF=10.0 CX=10.5 W=1.00 Loss=0.000161 LR=0.002000 CC=0.750 (15.1s)
[2025-09-09 21:26:35.327] Step 48000: TF=1.000 CF=10.0 CX=9.2 W=1.00 Loss=0.001503 LR=0.002000 CC=0.750 (15.4s)
[2025-09-09 21:26:35.608] Step 49000: TF=1.000 CF=10.0 CX=10.6 W=1.00 Loss=0.000151 LR=0.002000 CC=0.750 (15.7s)
[2025-09-09 21:26:35.865] Step 50000: TF=1.000 CF=10.0 CX=9.2 W=1.00 Loss=0.000125 LR=0.002000 CC=0.750 (15.9s)
[2025-09-09 21:26:35.865] === Training complete ===
