[2025-09-11 08:56:42.656] === EFFECTIVE CONFIGURATION ===
[2025-09-11 08:56:42.656] {
[2025-09-11 08:56:42.656]   "_config_path": ".sweep_tmp/cfg_learning_rate=0p015.json",
[2025-09-11 08:56:42.656]   "_overrides": [],
[2025-09-11 08:56:42.656]   "_raw_config": {
[2025-09-11 08:56:42.656]     "addition_cf_max": 11.0,
[2025-09-11 08:56:42.656]     "addition_cf_min": 2.0,
[2025-09-11 08:56:42.656]     "addition_start_step": 8000,
[2025-09-11 08:56:42.656]     "cf_max_complexity": 7.0,
[2025-09-11 08:56:42.656]     "cf_min_complexity": 2.0,
[2025-09-11 08:56:42.656]     "cf_sd": 1.2,
[2025-09-11 08:56:42.656]     "checkpoint_interval": 5000,
[2025-09-11 08:56:42.656]     "confidence_criterion_start": 0.9,
[2025-09-11 08:56:42.656]     "confidence_floor": 0.75,
[2025-09-11 08:56:42.656]     "counting_fade_rate": 0.00015,
[2025-09-11 08:56:42.656]     "counting_focus_steps": 6000,
[2025-09-11 08:56:42.656]     "cx_sd": 0.9,
[2025-09-11 08:56:42.656]     "gate_freeze_until_step": 3000,
[2025-09-11 08:56:42.656]     "hidden_size": 64,
[2025-09-11 08:56:42.656]     "learning_rate": 0.015,
[2025-09-11 08:56:42.657]     "learning_rate_floor": 0.002,
[2025-09-11 08:56:42.657]     "lr_decay": 0.9999,
[2025-09-11 08:56:42.657]     "outdir": "results",
[2025-09-11 08:56:42.657]     "tf_rate_addition": 5e-05,
[2025-09-11 08:56:42.657]     "tf_rate_counting": 0.0002,
[2025-09-11 08:56:42.657]     "total_steps": 15000
[2025-09-11 08:56:42.657]   },
[2025-09-11 08:56:42.657]   "addition_cf_max": 11.0,
[2025-09-11 08:56:42.657]   "addition_cf_min": 2.0,
[2025-09-11 08:56:42.657]   "addition_start_step": 8000,
[2025-09-11 08:56:42.657]   "cf_max_complexity": 7.0,
[2025-09-11 08:56:42.657]   "cf_min_complexity": 2.0,
[2025-09-11 08:56:42.657]   "cf_sd": 1.2,
[2025-09-11 08:56:42.657]   "cf_variance": 1.5,
[2025-09-11 08:56:42.657]   "checkpoint_interval": 5000,
[2025-09-11 08:56:42.657]   "confidence_criterion_start": 0.9,
[2025-09-11 08:56:42.657]   "confidence_floor": 0.75,
[2025-09-11 08:56:42.657]   "counting_fade_rate": 0.00015,
[2025-09-11 08:56:42.657]   "counting_focus_steps": 6000,
[2025-09-11 08:56:42.657]   "cx_sd": 0.9,
[2025-09-11 08:56:42.657]   "cx_variance": 0.8,
[2025-09-11 08:56:42.657]   "gate_freeze_until_step": 3000,
[2025-09-11 08:56:42.657]   "hidden_size": 64,
[2025-09-11 08:56:42.657]   "learning_rate": 0.015,
[2025-09-11 08:56:42.657]   "learning_rate_floor": 0.002,
[2025-09-11 08:56:42.657]   "lr_decay": 0.9999,
[2025-09-11 08:56:42.657]   "outdir": "results/learning_rate=0.015",
[2025-09-11 08:56:42.657]   "tf_rate": 0.0001,
[2025-09-11 08:56:42.657]   "tf_rate_addition": 5e-05,
[2025-09-11 08:56:42.657]   "tf_rate_counting": 0.0002,
[2025-09-11 08:56:42.657]   "total_steps": 15000
[2025-09-11 08:56:42.657] }
[2025-09-11 08:56:42.657] === Small Math Model (Content-Gated) ===
[2025-09-11 08:56:42.657] Network: 24 -> 64 -> 12
[2025-09-11 08:56:42.657] Training steps: 15000   LR: 0.015
[2025-09-11 08:56:42.658] Gate freeze until: 3000
[2025-09-11 08:56:42.658] Confidence start: 0.9 (floor 0.75)
[2025-09-11 08:56:42.658] === Sanity check ===
[2025-09-11 08:56:42.658] 1 -> ? = 10 (expected 2) - conf:0.000 finger:True
[2025-09-11 08:56:42.658] 3 -> ? = 8 (expected 4) - conf:0.000 finger:True
[2025-09-11 08:56:42.658] 5 -> ? = 8 (expected 6) - conf:0.000 finger:True
[2025-09-11 08:56:42.658] 2 -> 3 = 12 (expected 4) - conf:0.000 finger:True
[2025-09-11 08:56:42.658] 4 -> 5 = 8 (expected 6) - conf:0.000 finger:True
[2025-09-11 08:56:42.659] 1 + 2 = 3 (expected 3) + conf:0.000 finger:True
[2025-09-11 08:56:42.661] 2 + 2 = 4 (expected 4) + conf:0.000 finger:True
[2025-09-11 08:56:42.662] 3 + 4 = 7 (expected 7) + conf:0.000 finger:True
[2025-09-11 08:56:42.664] 4 + 5 = 9 (expected 9) + conf:0.000 finger:True
[2025-09-11 08:56:42.666] 5 + 5 = 10 (expected 10) + conf:0.000 finger:True
[2025-09-11 08:56:42.666] 
[2025-09-11 08:56:42.850] Step  1000: TF=0.100 CF=2.5 CX=3.1 W=1.00 Loss=2.546765 LR=0.013619 CC=0.817 (0.2s)
[2025-09-11 08:56:43.034] Step  2000: TF=0.200 CF=3.0 CX=3.1 W=1.00 Loss=1.220021 LR=0.012323 CC=0.750 (0.4s)
[2025-09-11 08:56:43.201] Step  3000: TF=0.300 CF=3.5 CX=3.4 W=1.00 Loss=0.001901 LR=0.011150 CC=0.750 (0.5s)
[2025-09-11 08:56:43.370] Step  4000: TF=0.400 CF=4.0 CX=5.0 W=1.00 Loss=0.257546 LR=0.010089 CC=0.750 (0.7s)
[2025-09-11 08:56:43.546] Step  5000: TF=0.500 CF=4.5 CX=3.3 W=1.00 Loss=0.001445 LR=0.009129 CC=0.750 (0.9s)
[2025-09-11 08:56:43.717] Step  6000: TF=0.600 CF=5.0 CX=5.3 W=1.00 Loss=0.000622 LR=0.008260 CC=0.750 (1.1s)
[2025-09-11 08:56:43.885] Step  7000: TF=0.700 CF=5.5 CX=5.8 W=1.00 Loss=0.013060 LR=0.007474 CC=0.750 (1.2s)
[2025-09-11 08:56:44.053] Step  8000: TF=0.800 CF=6.0 CX=3.7 W=1.00 Loss=0.000403 LR=0.006763 CC=0.750 (1.4s)
[2025-09-11 08:56:44.257] Step  9000: TF=0.900 CF=6.5 CX=7.2 W=0.85 Loss=0.010683 LR=0.006119 CC=0.750 (1.6s)
[2025-09-11 08:56:44.497] Step 10000: TF=1.000 CF=7.0 CX=8.7 W=0.70 Loss=0.000010 LR=0.005537 CC=0.750 (1.8s)
[2025-09-11 08:56:44.747] Step 11000: TF=1.000 CF=11.0 CX=10.8 W=0.86 Loss=0.001983 LR=0.005010 CC=0.750 (2.1s)
[2025-09-11 08:56:44.983] Step 12000: TF=1.000 CF=7.0 CX=7.9 W=0.40 Loss=0.010017 LR=0.004533 CC=0.750 (2.3s)
[2025-09-11 08:56:45.255] Step 13000: TF=1.000 CF=11.0 CX=10.7 W=1.00 Loss=0.000677 LR=0.004102 CC=0.750 (2.6s)
[2025-09-11 08:56:45.512] Step 14000: TF=1.000 CF=11.0 CX=10.7 W=1.00 Loss=0.000441 LR=0.003711 CC=0.750 (2.8s)
[2025-09-11 08:56:45.750] Step 15000: TF=1.000 CF=11.0 CX=10.7 W=1.00 Loss=0.000271 LR=0.003358 CC=0.750 (3.1s)
[2025-09-11 08:56:45.750] === Training complete ===
