[2025-09-11 08:56:31.889] === EFFECTIVE CONFIGURATION ===
[2025-09-11 08:56:31.889] {
[2025-09-11 08:56:31.889]   "_config_path": ".sweep_tmp/cfg_learning_rate=0p012.json",
[2025-09-11 08:56:31.889]   "_overrides": [],
[2025-09-11 08:56:31.889]   "_raw_config": {
[2025-09-11 08:56:31.889]     "addition_cf_max": 11.0,
[2025-09-11 08:56:31.889]     "addition_cf_min": 2.0,
[2025-09-11 08:56:31.889]     "addition_start_step": 8000,
[2025-09-11 08:56:31.889]     "cf_max_complexity": 7.0,
[2025-09-11 08:56:31.889]     "cf_min_complexity": 2.0,
[2025-09-11 08:56:31.889]     "cf_sd": 1.2,
[2025-09-11 08:56:31.889]     "checkpoint_interval": 5000,
[2025-09-11 08:56:31.889]     "confidence_criterion_start": 0.9,
[2025-09-11 08:56:31.889]     "confidence_floor": 0.75,
[2025-09-11 08:56:31.889]     "counting_fade_rate": 0.00015,
[2025-09-11 08:56:31.889]     "counting_focus_steps": 6000,
[2025-09-11 08:56:31.889]     "cx_sd": 0.9,
[2025-09-11 08:56:31.889]     "gate_freeze_until_step": 3000,
[2025-09-11 08:56:31.889]     "hidden_size": 64,
[2025-09-11 08:56:31.889]     "learning_rate": 0.012,
[2025-09-11 08:56:31.889]     "learning_rate_floor": 0.002,
[2025-09-11 08:56:31.890]     "lr_decay": 0.9999,
[2025-09-11 08:56:31.890]     "outdir": "results",
[2025-09-11 08:56:31.890]     "tf_rate_addition": 5e-05,
[2025-09-11 08:56:31.890]     "tf_rate_counting": 0.0002,
[2025-09-11 08:56:31.890]     "total_steps": 15000
[2025-09-11 08:56:31.890]   },
[2025-09-11 08:56:31.890]   "addition_cf_max": 11.0,
[2025-09-11 08:56:31.890]   "addition_cf_min": 2.0,
[2025-09-11 08:56:31.890]   "addition_start_step": 8000,
[2025-09-11 08:56:31.890]   "cf_max_complexity": 7.0,
[2025-09-11 08:56:31.890]   "cf_min_complexity": 2.0,
[2025-09-11 08:56:31.890]   "cf_sd": 1.2,
[2025-09-11 08:56:31.890]   "cf_variance": 1.5,
[2025-09-11 08:56:31.890]   "checkpoint_interval": 5000,
[2025-09-11 08:56:31.890]   "confidence_criterion_start": 0.9,
[2025-09-11 08:56:31.890]   "confidence_floor": 0.75,
[2025-09-11 08:56:31.890]   "counting_fade_rate": 0.00015,
[2025-09-11 08:56:31.890]   "counting_focus_steps": 6000,
[2025-09-11 08:56:31.890]   "cx_sd": 0.9,
[2025-09-11 08:56:31.890]   "cx_variance": 0.8,
[2025-09-11 08:56:31.890]   "gate_freeze_until_step": 3000,
[2025-09-11 08:56:31.890]   "hidden_size": 64,
[2025-09-11 08:56:31.890]   "learning_rate": 0.012,
[2025-09-11 08:56:31.890]   "learning_rate_floor": 0.002,
[2025-09-11 08:56:31.890]   "lr_decay": 0.9999,
[2025-09-11 08:56:31.890]   "outdir": "results/learning_rate=0.012",
[2025-09-11 08:56:31.890]   "tf_rate": 0.0001,
[2025-09-11 08:56:31.890]   "tf_rate_addition": 5e-05,
[2025-09-11 08:56:31.890]   "tf_rate_counting": 0.0002,
[2025-09-11 08:56:31.890]   "total_steps": 15000
[2025-09-11 08:56:31.890] }
[2025-09-11 08:56:31.890] === Small Math Model (Content-Gated) ===
[2025-09-11 08:56:31.890] Network: 24 -> 64 -> 12
[2025-09-11 08:56:31.890] Training steps: 15000   LR: 0.012
[2025-09-11 08:56:31.890] Gate freeze until: 3000
[2025-09-11 08:56:31.890] Confidence start: 0.9 (floor 0.75)
[2025-09-11 08:56:31.891] === Sanity check ===
[2025-09-11 08:56:31.891] 1 -> ? = 10 (expected 2) - conf:0.000 finger:True
[2025-09-11 08:56:31.891] 3 -> ? = 8 (expected 4) - conf:0.000 finger:True
[2025-09-11 08:56:31.891] 5 -> ? = 8 (expected 6) - conf:0.000 finger:True
[2025-09-11 08:56:31.891] 2 -> 3 = 12 (expected 4) - conf:0.000 finger:True
[2025-09-11 08:56:31.891] 4 -> 5 = 8 (expected 6) - conf:0.000 finger:True
[2025-09-11 08:56:31.892] 1 + 2 = 3 (expected 3) + conf:0.000 finger:True
[2025-09-11 08:56:31.893] 2 + 2 = 4 (expected 4) + conf:0.000 finger:True
[2025-09-11 08:56:31.895] 3 + 4 = 7 (expected 7) + conf:0.000 finger:True
[2025-09-11 08:56:31.897] 4 + 5 = 9 (expected 9) + conf:0.000 finger:True
[2025-09-11 08:56:31.899] 5 + 5 = 10 (expected 10) + conf:0.000 finger:True
[2025-09-11 08:56:31.899] 
[2025-09-11 08:56:32.075] Step  1000: TF=0.100 CF=2.5 CX=3.1 W=1.00 Loss=0.449409 LR=0.010895 CC=0.817 (0.2s)
[2025-09-11 08:56:32.245] Step  2000: TF=0.200 CF=3.0 CX=3.1 W=1.00 Loss=0.398314 LR=0.009858 CC=0.750 (0.3s)
[2025-09-11 08:56:32.408] Step  3000: TF=0.300 CF=3.5 CX=2.9 W=1.00 Loss=0.141637 LR=0.008920 CC=0.750 (0.5s)
[2025-09-11 08:56:32.575] Step  4000: TF=0.400 CF=4.0 CX=3.3 W=1.00 Loss=0.023202 LR=0.008071 CC=0.750 (0.7s)
[2025-09-11 08:56:32.748] Step  5000: TF=0.500 CF=4.5 CX=4.2 W=1.00 Loss=0.005504 LR=0.007303 CC=0.750 (0.8s)
[2025-09-11 08:56:32.918] Step  6000: TF=0.600 CF=5.0 CX=3.8 W=1.00 Loss=0.001162 LR=0.006608 CC=0.750 (1.0s)
[2025-09-11 08:56:33.089] Step  7000: TF=0.700 CF=5.5 CX=4.9 W=1.00 Loss=0.000670 LR=0.005979 CC=0.750 (1.2s)
[2025-09-11 08:56:33.261] Step  8000: TF=0.800 CF=6.0 CX=5.7 W=1.00 Loss=0.017772 LR=0.005410 CC=0.750 (1.4s)
[2025-09-11 08:56:33.552] Step  9000: TF=0.900 CF=6.5 CX=6.4 W=0.85 Loss=0.180295 LR=0.004895 CC=0.750 (1.7s)
[2025-09-11 08:56:33.966] Step 10000: TF=1.000 CF=11.0 CX=11.9 W=0.57 Loss=0.079697 LR=0.004429 CC=0.750 (2.1s)
[2025-09-11 08:56:34.339] Step 11000: TF=1.000 CF=11.0 CX=11.3 W=0.86 Loss=0.061730 LR=0.004008 CC=0.750 (2.4s)
[2025-09-11 08:56:34.735] Step 12000: TF=1.000 CF=11.0 CX=12.0 W=1.00 Loss=0.181034 LR=0.003626 CC=0.750 (2.8s)
[2025-09-11 08:56:35.159] Step 13000: TF=1.000 CF=11.0 CX=10.8 W=1.00 Loss=0.023541 LR=0.003281 CC=0.750 (3.3s)
[2025-09-11 08:56:35.599] Step 14000: TF=1.000 CF=11.0 CX=11.3 W=1.00 Loss=0.000243 LR=0.002969 CC=0.750 (3.7s)
[2025-09-11 08:56:35.991] Step 15000: TF=1.000 CF=7.0 CX=7.1 W=0.20 Loss=0.001491 LR=0.002686 CC=0.750 (4.1s)
[2025-09-11 08:56:35.991] === Training complete ===
