[2025-09-11 08:56:15.275] === EFFECTIVE CONFIGURATION ===
[2025-09-11 08:56:15.275] {
[2025-09-11 08:56:15.275]   "_config_path": ".sweep_tmp/cfg_learning_rate=0p008.json",
[2025-09-11 08:56:15.275]   "_overrides": [],
[2025-09-11 08:56:15.275]   "_raw_config": {
[2025-09-11 08:56:15.275]     "addition_cf_max": 11.0,
[2025-09-11 08:56:15.275]     "addition_cf_min": 2.0,
[2025-09-11 08:56:15.275]     "addition_start_step": 8000,
[2025-09-11 08:56:15.275]     "cf_max_complexity": 7.0,
[2025-09-11 08:56:15.275]     "cf_min_complexity": 2.0,
[2025-09-11 08:56:15.275]     "cf_sd": 1.2,
[2025-09-11 08:56:15.275]     "checkpoint_interval": 5000,
[2025-09-11 08:56:15.275]     "confidence_criterion_start": 0.9,
[2025-09-11 08:56:15.275]     "confidence_floor": 0.75,
[2025-09-11 08:56:15.275]     "counting_fade_rate": 0.00015,
[2025-09-11 08:56:15.275]     "counting_focus_steps": 6000,
[2025-09-11 08:56:15.275]     "cx_sd": 0.9,
[2025-09-11 08:56:15.275]     "gate_freeze_until_step": 3000,
[2025-09-11 08:56:15.275]     "hidden_size": 64,
[2025-09-11 08:56:15.275]     "learning_rate": 0.008,
[2025-09-11 08:56:15.275]     "learning_rate_floor": 0.002,
[2025-09-11 08:56:15.275]     "lr_decay": 0.9999,
[2025-09-11 08:56:15.275]     "outdir": "results",
[2025-09-11 08:56:15.275]     "tf_rate_addition": 5e-05,
[2025-09-11 08:56:15.275]     "tf_rate_counting": 0.0002,
[2025-09-11 08:56:15.275]     "total_steps": 15000
[2025-09-11 08:56:15.275]   },
[2025-09-11 08:56:15.275]   "addition_cf_max": 11.0,
[2025-09-11 08:56:15.275]   "addition_cf_min": 2.0,
[2025-09-11 08:56:15.275]   "addition_start_step": 8000,
[2025-09-11 08:56:15.275]   "cf_max_complexity": 7.0,
[2025-09-11 08:56:15.275]   "cf_min_complexity": 2.0,
[2025-09-11 08:56:15.275]   "cf_sd": 1.2,
[2025-09-11 08:56:15.275]   "cf_variance": 1.5,
[2025-09-11 08:56:15.275]   "checkpoint_interval": 5000,
[2025-09-11 08:56:15.275]   "confidence_criterion_start": 0.9,
[2025-09-11 08:56:15.275]   "confidence_floor": 0.75,
[2025-09-11 08:56:15.275]   "counting_fade_rate": 0.00015,
[2025-09-11 08:56:15.275]   "counting_focus_steps": 6000,
[2025-09-11 08:56:15.275]   "cx_sd": 0.9,
[2025-09-11 08:56:15.275]   "cx_variance": 0.8,
[2025-09-11 08:56:15.275]   "gate_freeze_until_step": 3000,
[2025-09-11 08:56:15.275]   "hidden_size": 64,
[2025-09-11 08:56:15.275]   "learning_rate": 0.008,
[2025-09-11 08:56:15.275]   "learning_rate_floor": 0.002,
[2025-09-11 08:56:15.275]   "lr_decay": 0.9999,
[2025-09-11 08:56:15.275]   "outdir": "results/learning_rate=0.008",
[2025-09-11 08:56:15.275]   "tf_rate": 0.0001,
[2025-09-11 08:56:15.275]   "tf_rate_addition": 5e-05,
[2025-09-11 08:56:15.276]   "tf_rate_counting": 0.0002,
[2025-09-11 08:56:15.276]   "total_steps": 15000
[2025-09-11 08:56:15.276] }
[2025-09-11 08:56:15.276] === Small Math Model (Content-Gated) ===
[2025-09-11 08:56:15.276] Network: 24 -> 64 -> 12
[2025-09-11 08:56:15.276] Training steps: 15000   LR: 0.008
[2025-09-11 08:56:15.276] Gate freeze until: 3000
[2025-09-11 08:56:15.276] Confidence start: 0.9 (floor 0.75)
[2025-09-11 08:56:15.276] === Sanity check ===
[2025-09-11 08:56:15.276] 1 -> ? = 10 (expected 2) - conf:0.000 finger:True
[2025-09-11 08:56:15.276] 3 -> ? = 8 (expected 4) - conf:0.000 finger:True
[2025-09-11 08:56:15.276] 5 -> ? = 8 (expected 6) - conf:0.000 finger:True
[2025-09-11 08:56:15.277] 2 -> 3 = 12 (expected 4) - conf:0.000 finger:True
[2025-09-11 08:56:15.277] 4 -> 5 = 8 (expected 6) - conf:0.000 finger:True
[2025-09-11 08:56:15.278] 1 + 2 = 3 (expected 3) + conf:0.000 finger:True
[2025-09-11 08:56:15.279] 2 + 2 = 4 (expected 4) + conf:0.000 finger:True
[2025-09-11 08:56:15.281] 3 + 4 = 7 (expected 7) + conf:0.000 finger:True
[2025-09-11 08:56:15.282] 4 + 5 = 9 (expected 9) + conf:0.000 finger:True
[2025-09-11 08:56:15.284] 5 + 5 = 10 (expected 10) + conf:0.000 finger:True
[2025-09-11 08:56:15.284] 
[2025-09-11 08:56:15.446] Step  1000: TF=0.100 CF=2.5 CX=2.8 W=1.00 Loss=0.322587 LR=0.007263 CC=0.817 (0.2s)
[2025-09-11 08:56:15.609] Step  2000: TF=0.200 CF=3.0 CX=3.4 W=1.00 Loss=1.380149 LR=0.006572 CC=0.750 (0.3s)
[2025-09-11 08:56:15.779] Step  3000: TF=0.300 CF=3.5 CX=3.2 W=1.00 Loss=0.564107 LR=0.005947 CC=0.750 (0.5s)
[2025-09-11 08:56:15.947] Step  4000: TF=0.400 CF=4.0 CX=4.3 W=1.00 Loss=0.950361 LR=0.005381 CC=0.750 (0.7s)
[2025-09-11 08:56:16.114] Step  5000: TF=0.500 CF=4.5 CX=5.5 W=1.00 Loss=1.690260 LR=0.004869 CC=0.750 (0.8s)
[2025-09-11 08:56:16.334] Step  6000: TF=0.600 CF=5.0 CX=4.7 W=1.00 Loss=0.885358 LR=0.004405 CC=0.750 (1.0s)
[2025-09-11 08:56:16.509] Step  7000: TF=0.700 CF=5.5 CX=6.0 W=1.00 Loss=0.067188 LR=0.003986 CC=0.750 (1.2s)
[2025-09-11 08:56:16.680] Step  8000: TF=0.800 CF=6.0 CX=6.7 W=1.00 Loss=0.013806 LR=0.003607 CC=0.750 (1.4s)
[2025-09-11 08:56:16.871] Step  9000: TF=0.900 CF=6.5 CX=6.9 W=0.85 Loss=0.005892 LR=0.003263 CC=0.750 (1.6s)
[2025-09-11 08:56:17.145] Step 10000: TF=1.000 CF=7.0 CX=8.2 W=0.70 Loss=0.112783 LR=0.002953 CC=0.750 (1.9s)
[2025-09-11 08:56:17.525] Step 11000: TF=1.000 CF=7.0 CX=6.7 W=0.55 Loss=0.033358 LR=0.002672 CC=0.750 (2.2s)
[2025-09-11 08:56:17.990] Step 12000: TF=1.000 CF=11.0 CX=10.9 W=1.00 Loss=0.023201 LR=0.002418 CC=0.750 (2.7s)
[2025-09-11 08:56:18.493] Step 13000: TF=1.000 CF=11.0 CX=11.1 W=1.00 Loss=3.494185 LR=0.002188 CC=0.750 (3.2s)
[2025-09-11 08:56:19.006] Step 14000: TF=1.000 CF=11.0 CX=11.8 W=1.00 Loss=0.026195 LR=0.002000 CC=0.750 (3.7s)
[2025-09-11 08:56:19.496] Step 15000: TF=1.000 CF=11.0 CX=11.2 W=1.00 Loss=0.140211 LR=0.002000 CC=0.750 (4.2s)
[2025-09-11 08:56:19.496] === Training complete ===
