[2025-09-09 21:26:36.086] === EFFECTIVE CONFIGURATION ===
[2025-09-09 21:26:36.086] {
[2025-09-09 21:26:36.086]   "_config_path": ".sweep_tmp/cfg_addition_start_step=4000.json",
[2025-09-09 21:26:36.086]   "_overrides": [],
[2025-09-09 21:26:36.086]   "_raw_config": {
[2025-09-09 21:26:36.086]     "addition_cf_max": 10.0,
[2025-09-09 21:26:36.086]     "addition_cf_min": 2.0,
[2025-09-09 21:26:36.086]     "addition_start_step": 4000,
[2025-09-09 21:26:36.086]     "cf_max_complexity": 6.0,
[2025-09-09 21:26:36.086]     "cf_min_complexity": 2.0,
[2025-09-09 21:26:36.086]     "cf_variance": 1.5,
[2025-09-09 21:26:36.086]     "checkpoint_interval": 10000,
[2025-09-09 21:26:36.086]     "confidence_criterion_start": 0.9,
[2025-09-09 21:26:36.086]     "confidence_floor": 0.75,
[2025-09-09 21:26:36.086]     "counting_fade_rate": 0.0001,
[2025-09-09 21:26:36.086]     "counting_focus_steps": 6000,
[2025-09-09 21:26:36.086]     "cx_variance": 0.8,
[2025-09-09 21:26:36.086]     "gate_freeze_until_step": 3000,
[2025-09-09 21:26:36.086]     "hidden_size": 64,
[2025-09-09 21:26:36.086]     "learning_rate": 0.005,
[2025-09-09 21:26:36.086]     "learning_rate_floor": 0.002,
[2025-09-09 21:26:36.086]     "lr_decay": 0.9999,
[2025-09-09 21:26:36.086]     "outdir": "results_longrun_50k",
[2025-09-09 21:26:36.086]     "tf_rate_addition": 0.0001,
[2025-09-09 21:26:36.086]     "tf_rate_counting": 0.0001,
[2025-09-09 21:26:36.086]     "total_steps": 50000
[2025-09-09 21:26:36.086]   },
[2025-09-09 21:26:36.086]   "addition_cf_max": 10.0,
[2025-09-09 21:26:36.086]   "addition_cf_min": 2.0,
[2025-09-09 21:26:36.086]   "addition_start_step": 4000,
[2025-09-09 21:26:36.086]   "cf_max_complexity": 6.0,
[2025-09-09 21:26:36.086]   "cf_min_complexity": 2.0,
[2025-09-09 21:26:36.086]   "cf_variance": 1.5,
[2025-09-09 21:26:36.086]   "checkpoint_interval": 10000,
[2025-09-09 21:26:36.086]   "confidence_criterion_start": 0.9,
[2025-09-09 21:26:36.086]   "confidence_floor": 0.75,
[2025-09-09 21:26:36.086]   "counting_fade_rate": 0.0001,
[2025-09-09 21:26:36.086]   "counting_focus_steps": 6000,
[2025-09-09 21:26:36.086]   "cx_variance": 0.8,
[2025-09-09 21:26:36.086]   "gate_freeze_until_step": 3000,
[2025-09-09 21:26:36.086]   "hidden_size": 64,
[2025-09-09 21:26:36.086]   "learning_rate": 0.005,
[2025-09-09 21:26:36.086]   "learning_rate_floor": 0.002,
[2025-09-09 21:26:36.086]   "lr_decay": 0.9999,
[2025-09-09 21:26:36.086]   "outdir": "results/addstart_sweep/addition_start_step=4000",
[2025-09-09 21:26:36.086]   "tf_rate": 0.0001,
[2025-09-09 21:26:36.086]   "tf_rate_addition": 0.0001,
[2025-09-09 21:26:36.087]   "tf_rate_counting": 0.0001,
[2025-09-09 21:26:36.087]   "total_steps": 50000
[2025-09-09 21:26:36.087] }
[2025-09-09 21:26:36.087] === Small Math Model (Content-Gated) ===
[2025-09-09 21:26:36.087] Network: 24 -> 64 -> 12
[2025-09-09 21:26:36.087] Training steps: 50000   LR: 0.005
[2025-09-09 21:26:36.087] Gate freeze until: 3000
[2025-09-09 21:26:36.087] Confidence start: 0.9 (floor 0.75)
[2025-09-09 21:26:36.087] === Sanity check ===
[2025-09-09 21:26:36.087] 1 -> ? = 10 (expected 2) - conf:0.000 finger:True
[2025-09-09 21:26:36.088] 3 -> ? = 8 (expected 4) - conf:0.000 finger:True
[2025-09-09 21:26:36.088] 5 -> ? = 8 (expected 6) - conf:0.000 finger:True
[2025-09-09 21:26:36.088] 2 -> 3 = 12 (expected 4) - conf:0.000 finger:True
[2025-09-09 21:26:36.088] 4 -> 5 = 8 (expected 6) - conf:0.000 finger:True
[2025-09-09 21:26:36.089] 1 + 2 = 3 (expected 3) + conf:0.000 finger:True
[2025-09-09 21:26:36.090] 2 + 2 = 4 (expected 4) + conf:0.000 finger:True
[2025-09-09 21:26:36.092] 3 + 4 = 7 (expected 7) + conf:0.000 finger:True
[2025-09-09 21:26:36.094] 4 + 5 = 9 (expected 9) + conf:0.000 finger:True
[2025-09-09 21:26:36.095] 5 + 5 = 10 (expected 10) + conf:0.000 finger:True
[2025-09-09 21:26:36.095] 
[2025-09-09 21:26:36.261] Step  1000: TF=0.100 CF=2.4 CX=3.2 W=1.00 Loss=1.485791 LR=0.004540 CC=0.817 (0.2s)
[2025-09-09 21:26:36.428] Step  2000: TF=0.200 CF=2.8 CX=2.0 W=1.00 Loss=1.973498 LR=0.004108 CC=0.750 (0.3s)
[2025-09-09 21:26:36.600] Step  3000: TF=0.300 CF=3.2 CX=4.1 W=1.00 Loss=1.382111 LR=0.003717 CC=0.750 (0.5s)
[2025-09-09 21:26:36.767] Step  4000: TF=0.400 CF=3.6 CX=3.9 W=1.00 Loss=0.882239 LR=0.003363 CC=0.750 (0.7s)
[2025-09-09 21:26:36.980] Step  5000: TF=0.500 CF=4.0 CX=3.1 W=0.90 Loss=1.046542 LR=0.003043 CC=0.750 (0.9s)
[2025-09-09 21:26:37.274] Step  6000: TF=0.600 CF=4.4 CX=5.0 W=0.80 Loss=2.688476 LR=0.002753 CC=0.750 (1.2s)
[2025-09-09 21:26:37.732] Step  7000: TF=0.700 CF=4.8 CX=5.1 W=0.70 Loss=2.281417 LR=0.002491 CC=0.750 (1.6s)
[2025-09-09 21:26:38.285] Step  8000: TF=0.800 CF=5.2 CX=6.5 W=0.60 Loss=1.557578 LR=0.002254 CC=0.750 (2.2s)
[2025-09-09 21:26:38.892] Step  9000: TF=0.900 CF=5.6 CX=5.9 W=0.50 Loss=0.709283 LR=0.002040 CC=0.750 (2.8s)
[2025-09-09 21:26:39.665] Step 10000: TF=1.000 CF=6.0 CX=5.6 W=0.40 Loss=0.344383 LR=0.002000 CC=0.750 (3.6s)
[2025-09-09 21:26:40.563] Step 11000: TF=1.000 CF=6.0 CX=6.8 W=0.30 Loss=0.138846 LR=0.002000 CC=0.750 (4.5s)
[2025-09-09 21:26:41.354] Step 12000: TF=1.000 CF=6.0 CX=5.4 W=0.20 Loss=0.022028 LR=0.002000 CC=0.750 (5.3s)
[2025-09-09 21:26:41.889] Step 13000: TF=1.000 CF=10.0 CX=11.8 W=0.39 Loss=4.896269 LR=0.002000 CC=0.750 (5.8s)
[2025-09-09 21:26:42.221] Step 14000: TF=1.000 CF=10.0 CX=10.5 W=0.43 Loss=0.035894 LR=0.002000 CC=0.750 (6.1s)
[2025-09-09 21:26:42.549] Step 15000: TF=1.000 CF=10.0 CX=10.2 W=0.48 Loss=0.038426 LR=0.002000 CC=0.750 (6.5s)
[2025-09-09 21:26:42.861] Step 16000: TF=1.000 CF=10.0 CX=9.6 W=0.52 Loss=0.097600 LR=0.002000 CC=0.750 (6.8s)
[2025-09-09 21:26:43.149] Step 17000: TF=1.000 CF=10.0 CX=9.1 W=0.57 Loss=0.062988 LR=0.002000 CC=0.750 (7.1s)
[2025-09-09 21:26:43.481] Step 18000: TF=1.000 CF=10.0 CX=11.0 W=0.61 Loss=2.431175 LR=0.002000 CC=0.750 (7.4s)
[2025-09-09 21:26:43.814] Step 19000: TF=1.000 CF=10.0 CX=9.3 W=0.65 Loss=0.057245 LR=0.002000 CC=0.750 (7.7s)
[2025-09-09 21:26:44.137] Step 20000: TF=1.000 CF=10.0 CX=8.8 W=0.70 Loss=1.154857 LR=0.002000 CC=0.750 (8.0s)
[2025-09-09 21:26:44.483] Step 21000: TF=1.000 CF=10.0 CX=10.0 W=0.74 Loss=0.063344 LR=0.002000 CC=0.750 (8.4s)
[2025-09-09 21:26:44.810] Step 22000: TF=1.000 CF=10.0 CX=10.5 W=0.78 Loss=0.007100 LR=0.002000 CC=0.750 (8.7s)
[2025-09-09 21:26:45.164] Step 23000: TF=1.000 CF=6.0 CX=6.5 W=0.20 Loss=0.015808 LR=0.002000 CC=0.750 (9.1s)
[2025-09-09 21:26:45.515] Step 24000: TF=1.000 CF=10.0 CX=10.6 W=0.87 Loss=0.006218 LR=0.002000 CC=0.750 (9.4s)
[2025-09-09 21:26:45.842] Step 25000: TF=1.000 CF=10.0 CX=9.1 W=0.91 Loss=0.019853 LR=0.002000 CC=0.750 (9.7s)
[2025-09-09 21:26:46.177] Step 26000: TF=1.000 CF=10.0 CX=11.2 W=0.96 Loss=0.004019 LR=0.002000 CC=0.750 (10.1s)
[2025-09-09 21:26:46.530] Step 27000: TF=1.000 CF=10.0 CX=10.4 W=1.00 Loss=0.004233 LR=0.002000 CC=0.750 (10.4s)
[2025-09-09 21:26:46.863] Step 28000: TF=1.000 CF=10.0 CX=10.8 W=1.00 Loss=0.003921 LR=0.002000 CC=0.750 (10.8s)
[2025-09-09 21:26:47.186] Step 29000: TF=1.000 CF=6.0 CX=5.0 W=0.20 Loss=0.022091 LR=0.002000 CC=0.750 (11.1s)
[2025-09-09 21:26:47.521] Step 30000: TF=1.000 CF=10.0 CX=9.9 W=1.00 Loss=0.006942 LR=0.002000 CC=0.750 (11.4s)
[2025-09-09 21:26:47.839] Step 31000: TF=1.000 CF=10.0 CX=10.6 W=1.00 Loss=0.002259 LR=0.002000 CC=0.750 (11.7s)
[2025-09-09 21:26:48.179] Step 32000: TF=1.000 CF=6.0 CX=5.9 W=0.20 Loss=0.031222 LR=0.002000 CC=0.750 (12.1s)
[2025-09-09 21:26:48.516] Step 33000: TF=1.000 CF=10.0 CX=11.0 W=1.00 Loss=0.002182 LR=0.002000 CC=0.750 (12.4s)
[2025-09-09 21:26:48.849] Step 34000: TF=1.000 CF=10.0 CX=9.6 W=1.00 Loss=0.001805 LR=0.002000 CC=0.750 (12.8s)
[2025-09-09 21:26:49.202] Step 35000: TF=1.000 CF=10.0 CX=8.7 W=1.00 Loss=0.012643 LR=0.002000 CC=0.750 (13.1s)
[2025-09-09 21:26:49.540] Step 36000: TF=1.000 CF=10.0 CX=10.2 W=1.00 Loss=0.001140 LR=0.002000 CC=0.750 (13.4s)
[2025-09-09 21:26:49.874] Step 37000: TF=1.000 CF=6.0 CX=6.5 W=0.20 Loss=0.002293 LR=0.002000 CC=0.750 (13.8s)
[2025-09-09 21:26:50.215] Step 38000: TF=1.000 CF=10.0 CX=9.9 W=1.00 Loss=0.014195 LR=0.002000 CC=0.750 (14.1s)
[2025-09-09 21:26:50.569] Step 39000: TF=1.000 CF=6.0 CX=6.4 W=0.20 Loss=0.012219 LR=0.002000 CC=0.750 (14.5s)
[2025-09-09 21:26:50.874] Step 40000: TF=1.000 CF=10.0 CX=10.1 W=1.00 Loss=0.000895 LR=0.002000 CC=0.750 (14.8s)
[2025-09-09 21:26:51.175] Step 41000: TF=1.000 CF=6.0 CX=6.5 W=0.20 Loss=0.001863 LR=0.002000 CC=0.750 (15.1s)
[2025-09-09 21:26:51.435] Step 42000: TF=1.000 CF=10.0 CX=10.2 W=1.00 Loss=0.000774 LR=0.002000 CC=0.750 (15.3s)
[2025-09-09 21:26:51.689] Step 43000: TF=1.000 CF=10.0 CX=10.3 W=1.00 Loss=0.000643 LR=0.002000 CC=0.750 (15.6s)
[2025-09-09 21:26:51.932] Step 44000: TF=1.000 CF=10.0 CX=9.7 W=1.00 Loss=0.002623 LR=0.002000 CC=0.750 (15.8s)
[2025-09-09 21:26:52.174] Step 45000: TF=1.000 CF=10.0 CX=9.9 W=1.00 Loss=0.000594 LR=0.002000 CC=0.750 (16.1s)
[2025-09-09 21:26:52.420] Step 46000: TF=1.000 CF=10.0 CX=8.8 W=1.00 Loss=0.101486 LR=0.002000 CC=0.750 (16.3s)
[2025-09-09 21:26:52.680] Step 47000: TF=1.000 CF=10.0 CX=10.2 W=1.00 Loss=0.000487 LR=0.002000 CC=0.750 (16.6s)
[2025-09-09 21:26:52.931] Step 48000: TF=1.000 CF=10.0 CX=10.0 W=1.00 Loss=0.004770 LR=0.002000 CC=0.750 (16.8s)
[2025-09-09 21:26:53.190] Step 49000: TF=1.000 CF=10.0 CX=9.8 W=1.00 Loss=0.005997 LR=0.002000 CC=0.750 (17.1s)
[2025-09-09 21:26:53.431] Step 50000: TF=1.000 CF=10.0 CX=9.0 W=1.00 Loss=0.011454 LR=0.002000 CC=0.750 (17.3s)
[2025-09-09 21:26:53.431] === Training complete ===
