[2025-09-10 16:46:35.613] === EFFECTIVE CONFIGURATION ===
[2025-09-10 16:46:35.613] {
[2025-09-10 16:46:35.613]   "_config_path": ".sweep_tmp/cfg_learning_rate=0p015.json",
[2025-09-10 16:46:35.613]   "_overrides": [],
[2025-09-10 16:46:35.613]   "_raw_config": {
[2025-09-10 16:46:35.613]     "addition_cf_max": 11.0,
[2025-09-10 16:46:35.613]     "addition_cf_min": 2.0,
[2025-09-10 16:46:35.613]     "addition_start_step": 8000,
[2025-09-10 16:46:35.613]     "cf_max_complexity": 7.0,
[2025-09-10 16:46:35.613]     "cf_min_complexity": 2.0,
[2025-09-10 16:46:35.613]     "cf_sd": 1.2,
[2025-09-10 16:46:35.613]     "checkpoint_interval": 5000,
[2025-09-10 16:46:35.613]     "confidence_criterion_start": 0.9,
[2025-09-10 16:46:35.613]     "confidence_floor": 0.75,
[2025-09-10 16:46:35.613]     "counting_fade_rate": 0.00015,
[2025-09-10 16:46:35.613]     "counting_focus_steps": 6000,
[2025-09-10 16:46:35.613]     "cx_sd": 0.9,
[2025-09-10 16:46:35.613]     "gate_freeze_until_step": 3000,
[2025-09-10 16:46:35.613]     "hidden_size": 64,
[2025-09-10 16:46:35.613]     "learning_rate": 0.015,
[2025-09-10 16:46:35.613]     "learning_rate_floor": 0.002,
[2025-09-10 16:46:35.613]     "lr_decay": 0.9999,
[2025-09-10 16:46:35.613]     "outdir": "results",
[2025-09-10 16:46:35.613]     "tf_rate_addition": 5e-05,
[2025-09-10 16:46:35.613]     "tf_rate_counting": 0.0002,
[2025-09-10 16:46:35.613]     "total_steps": 15000
[2025-09-10 16:46:35.613]   },
[2025-09-10 16:46:35.613]   "addition_cf_max": 11.0,
[2025-09-10 16:46:35.613]   "addition_cf_min": 2.0,
[2025-09-10 16:46:35.613]   "addition_start_step": 8000,
[2025-09-10 16:46:35.613]   "cf_max_complexity": 7.0,
[2025-09-10 16:46:35.613]   "cf_min_complexity": 2.0,
[2025-09-10 16:46:35.613]   "cf_sd": 1.2,
[2025-09-10 16:46:35.613]   "cf_variance": 1.5,
[2025-09-10 16:46:35.613]   "checkpoint_interval": 5000,
[2025-09-10 16:46:35.613]   "confidence_criterion_start": 0.9,
[2025-09-10 16:46:35.613]   "confidence_floor": 0.75,
[2025-09-10 16:46:35.613]   "counting_fade_rate": 0.00015,
[2025-09-10 16:46:35.613]   "counting_focus_steps": 6000,
[2025-09-10 16:46:35.613]   "cx_sd": 0.9,
[2025-09-10 16:46:35.613]   "cx_variance": 0.8,
[2025-09-10 16:46:35.613]   "gate_freeze_until_step": 3000,
[2025-09-10 16:46:35.613]   "hidden_size": 64,
[2025-09-10 16:46:35.613]   "learning_rate": 0.015,
[2025-09-10 16:46:35.613]   "learning_rate_floor": 0.002,
[2025-09-10 16:46:35.613]   "lr_decay": 0.9999,
[2025-09-10 16:46:35.613]   "outdir": "results/lrsweep/learning_rate=0.015",
[2025-09-10 16:46:35.613]   "tf_rate": 0.0001,
[2025-09-10 16:46:35.613]   "tf_rate_addition": 5e-05,
[2025-09-10 16:46:35.614]   "tf_rate_counting": 0.0002,
[2025-09-10 16:46:35.614]   "total_steps": 15000
[2025-09-10 16:46:35.614] }
[2025-09-10 16:46:35.614] === Small Math Model (Content-Gated) ===
[2025-09-10 16:46:35.614] Network: 24 -> 64 -> 12
[2025-09-10 16:46:35.614] Training steps: 15000   LR: 0.015
[2025-09-10 16:46:35.614] Gate freeze until: 3000
[2025-09-10 16:46:35.614] Confidence start: 0.9 (floor 0.75)
[2025-09-10 16:46:35.614] === Sanity check ===
[2025-09-10 16:46:35.615] 1 -> ? = 10 (expected 2) - conf:0.000 finger:True
[2025-09-10 16:46:35.615] 3 -> ? = 8 (expected 4) - conf:0.000 finger:True
[2025-09-10 16:46:35.615] 5 -> ? = 8 (expected 6) - conf:0.000 finger:True
[2025-09-10 16:46:35.615] 2 -> 3 = 12 (expected 4) - conf:0.000 finger:True
[2025-09-10 16:46:35.615] 4 -> 5 = 8 (expected 6) - conf:0.000 finger:True
[2025-09-10 16:46:35.616] 1 + 2 = 3 (expected 3) + conf:0.000 finger:True
[2025-09-10 16:46:35.618] 2 + 2 = 4 (expected 4) + conf:0.000 finger:True
[2025-09-10 16:46:35.620] 3 + 4 = 7 (expected 7) + conf:0.000 finger:True
[2025-09-10 16:46:35.623] 4 + 5 = 9 (expected 9) + conf:0.000 finger:True
[2025-09-10 16:46:35.624] 5 + 5 = 10 (expected 10) + conf:0.000 finger:True
[2025-09-10 16:46:35.624] 
[2025-09-10 16:46:35.793] Step  1000: TF=0.100 CF=2.5 CX=3.0 W=1.00 Loss=1.228257 LR=0.013619 CC=0.817 (0.2s)
[2025-09-10 16:46:35.963] Step  2000: TF=0.200 CF=3.0 CX=2.7 W=1.00 Loss=1.775628 LR=0.012323 CC=0.750 (0.3s)
[2025-09-10 16:46:36.137] Step  3000: TF=0.300 CF=3.5 CX=3.8 W=1.00 Loss=0.106893 LR=0.011150 CC=0.750 (0.5s)
[2025-09-10 16:46:36.309] Step  4000: TF=0.400 CF=4.0 CX=3.2 W=1.00 Loss=0.003341 LR=0.010089 CC=0.750 (0.7s)
[2025-09-10 16:46:36.479] Step  5000: TF=0.500 CF=4.5 CX=5.8 W=1.00 Loss=1.410177 LR=0.009129 CC=0.750 (0.9s)
[2025-09-10 16:46:36.658] Step  6000: TF=0.600 CF=5.0 CX=5.5 W=1.00 Loss=0.000935 LR=0.008260 CC=0.750 (1.0s)
[2025-09-10 16:46:36.841] Step  7000: TF=0.700 CF=5.5 CX=4.4 W=1.00 Loss=0.000144 LR=0.007474 CC=0.750 (1.2s)
[2025-09-10 16:46:37.017] Step  8000: TF=0.800 CF=6.0 CX=6.6 W=1.00 Loss=0.017801 LR=0.006763 CC=0.750 (1.4s)
[2025-09-10 16:46:37.339] Step  9000: TF=0.900 CF=6.5 CX=5.7 W=0.85 Loss=0.000398 LR=0.006119 CC=0.750 (1.7s)
[2025-09-10 16:46:37.836] Step 10000: TF=1.000 CF=7.0 CX=7.4 W=0.70 Loss=0.133882 LR=0.005537 CC=0.750 (2.2s)
[2025-09-10 16:46:38.221] Step 11000: TF=1.000 CF=7.0 CX=7.8 W=0.55 Loss=0.000126 LR=0.005010 CC=0.750 (2.6s)
[2025-09-10 16:46:38.629] Step 12000: TF=1.000 CF=7.0 CX=6.2 W=0.40 Loss=0.014720 LR=0.004533 CC=0.750 (3.0s)
[2025-09-10 16:46:39.073] Step 13000: TF=1.000 CF=7.0 CX=6.2 W=0.25 Loss=0.013911 LR=0.004102 CC=0.750 (3.4s)
[2025-09-10 16:46:39.504] Step 14000: TF=1.000 CF=7.0 CX=7.0 W=0.20 Loss=0.000020 LR=0.003711 CC=0.750 (3.9s)
[2025-09-10 16:46:39.882] Step 15000: TF=1.000 CF=11.0 CX=11.1 W=1.00 Loss=0.082360 LR=0.003358 CC=0.750 (4.3s)
[2025-09-10 16:46:39.882] === Training complete ===
