[2025-09-16 20:32:04.955] === EFFECTIVE CONFIGURATION ===
[2025-09-16 20:32:04.955] {
[2025-09-16 20:32:04.956]   "_config_path": ".sweep_tmp/cfg_addition_start_step=10000.json",
[2025-09-16 20:32:04.956]   "_overrides": [],
[2025-09-16 20:32:04.956]   "_raw_config": {
[2025-09-16 20:32:04.956]     "addition_cf_max": 11.0,
[2025-09-16 20:32:04.956]     "addition_cf_min": 2.0,
[2025-09-16 20:32:04.956]     "addition_start_step": 10000,
[2025-09-16 20:32:04.956]     "cf_max_complexity": 7.0,
[2025-09-16 20:32:04.956]     "cf_min_complexity": 2.0,
[2025-09-16 20:32:04.956]     "cf_sd": 1.2,
[2025-09-16 20:32:04.956]     "checkpoint_interval": 5000,
[2025-09-16 20:32:04.956]     "confidence_criterion_start": 0.9,
[2025-09-16 20:32:04.956]     "confidence_floor": 0.75,
[2025-09-16 20:32:04.956]     "counting_fade_rate": 0.00015,
[2025-09-16 20:32:04.956]     "counting_focus_steps": 6000,
[2025-09-16 20:32:04.956]     "cx_sd": 0.9,
[2025-09-16 20:32:04.956]     "gate_freeze_until_step": 3000,
[2025-09-16 20:32:04.956]     "hidden_size": 64,
[2025-09-16 20:32:04.956]     "learning_rate": 0.005,
[2025-09-16 20:32:04.956]     "learning_rate_floor": 0.002,
[2025-09-16 20:32:04.956]     "lr_decay": 0.9999,
[2025-09-16 20:32:04.956]     "outdir": "results",
[2025-09-16 20:32:04.956]     "tf_rate_addition": 0.0001,
[2025-09-16 20:32:04.956]     "tf_rate_counting": 0.0001,
[2025-09-16 20:32:04.956]     "total_steps": 50000
[2025-09-16 20:32:04.956]   },
[2025-09-16 20:32:04.956]   "addition_cf_max": 11.0,
[2025-09-16 20:32:04.956]   "addition_cf_min": 2.0,
[2025-09-16 20:32:04.956]   "addition_start_step": 10000,
[2025-09-16 20:32:04.956]   "cf_max_complexity": 7.0,
[2025-09-16 20:32:04.956]   "cf_min_complexity": 2.0,
[2025-09-16 20:32:04.956]   "cf_sd": 1.2,
[2025-09-16 20:32:04.956]   "cf_variance": 1.5,
[2025-09-16 20:32:04.956]   "checkpoint_interval": 5000,
[2025-09-16 20:32:04.956]   "confidence_criterion_start": 0.9,
[2025-09-16 20:32:04.956]   "confidence_floor": 0.75,
[2025-09-16 20:32:04.956]   "counting_fade_rate": 0.00015,
[2025-09-16 20:32:04.956]   "counting_focus_steps": 6000,
[2025-09-16 20:32:04.956]   "cx_sd": 0.9,
[2025-09-16 20:32:04.956]   "cx_variance": 0.8,
[2025-09-16 20:32:04.956]   "gate_freeze_until_step": 3000,
[2025-09-16 20:32:04.956]   "hidden_size": 64,
[2025-09-16 20:32:04.956]   "learning_rate": 0.005,
[2025-09-16 20:32:04.956]   "learning_rate_floor": 0.002,
[2025-09-16 20:32:04.956]   "lr_decay": 0.9999,
[2025-09-16 20:32:04.956]   "outdir": "results/addition_start_step=10000",
[2025-09-16 20:32:04.957]   "tf_rate": 0.0001,
[2025-09-16 20:32:04.957]   "tf_rate_addition": 0.0001,
[2025-09-16 20:32:04.957]   "tf_rate_counting": 0.0001,
[2025-09-16 20:32:04.957]   "total_steps": 50000
[2025-09-16 20:32:04.957] }
[2025-09-16 20:32:04.957] === Small Math Model (Content-Gated) ===
[2025-09-16 20:32:04.958] Network: 24 -> 64 -> 12
[2025-09-16 20:32:04.958] Training steps: 50000   LR: 0.005
[2025-09-16 20:32:04.958] Gate freeze until: 3000
[2025-09-16 20:32:04.958] Confidence start: 0.9 (floor 0.75)
[2025-09-16 20:32:04.958] === Sanity check ===
[2025-09-16 20:32:04.958] 1 -> ? = 10 (expected 2) - conf:0.000 finger:True
[2025-09-16 20:32:04.958] 3 -> ? = 8 (expected 4) - conf:0.000 finger:True
[2025-09-16 20:32:04.958] 5 -> ? = 8 (expected 6) - conf:0.000 finger:True
[2025-09-16 20:32:04.958] 2 -> 3 = 12 (expected 4) - conf:0.000 finger:True
[2025-09-16 20:32:04.959] 4 -> 5 = 8 (expected 6) - conf:0.000 finger:True
[2025-09-16 20:32:04.960] 1 + 2 = 3 (expected 3) + conf:0.000 finger:True
[2025-09-16 20:32:04.961] 2 + 2 = 4 (expected 4) + conf:0.000 finger:True
[2025-09-16 20:32:04.964] 3 + 4 = 7 (expected 7) + conf:0.000 finger:True
[2025-09-16 20:32:04.965] 4 + 5 = 9 (expected 9) + conf:0.000 finger:True
[2025-09-16 20:32:04.968] 5 + 5 = 10 (expected 10) + conf:0.000 finger:True
[2025-09-16 20:32:04.968] 
[2025-09-16 20:32:05.359] Step  1000: TF=0.100 CF=2.5 CX=2.6 W=1.00 Loss=2.284073 LR=0.004540 CC=0.817 (0.4s)
[2025-09-16 20:32:05.611] Step  2000: TF=0.200 CF=3.0 CX=3.3 W=1.00 Loss=1.226518 LR=0.004108 CC=0.750 (0.6s)
[2025-09-16 20:32:05.923] Step  3000: TF=0.300 CF=3.5 CX=3.5 W=1.00 Loss=0.771176 LR=0.003717 CC=0.750 (1.0s)
[2025-09-16 20:32:06.176] Step  4000: TF=0.400 CF=4.0 CX=4.5 W=1.00 Loss=0.918542 LR=0.003363 CC=0.750 (1.2s)
[2025-09-16 20:32:06.424] Step  5000: TF=0.500 CF=4.5 CX=4.5 W=1.00 Loss=1.292684 LR=0.003043 CC=0.750 (1.5s)
[2025-09-16 20:32:06.684] Step  6000: TF=0.600 CF=5.0 CX=5.6 W=1.00 Loss=1.104501 LR=0.002753 CC=0.750 (1.7s)
[2025-09-16 20:32:07.034] Step  7000: TF=0.700 CF=5.5 CX=6.2 W=1.00 Loss=0.607785 LR=0.002491 CC=0.750 (2.1s)
[2025-09-16 20:32:07.457] Step  8000: TF=0.800 CF=6.0 CX=7.3 W=1.00 Loss=0.631895 LR=0.002254 CC=0.750 (2.5s)
[2025-09-16 20:32:07.827] Step  9000: TF=0.900 CF=6.5 CX=6.7 W=1.00 Loss=0.254549 LR=0.002040 CC=0.750 (2.9s)
[2025-09-16 20:32:08.090] Step 10000: TF=1.000 CF=7.0 CX=7.0 W=1.00 Loss=0.970818 LR=0.002000 CC=0.750 (3.1s)
[2025-09-16 20:32:08.347] Step 11000: TF=1.000 CF=7.0 CX=6.7 W=0.85 Loss=0.098678 LR=0.002000 CC=0.750 (3.4s)
[2025-09-16 20:32:08.683] Step 12000: TF=1.000 CF=7.0 CX=6.4 W=0.70 Loss=0.142676 LR=0.002000 CC=0.750 (3.7s)
[2025-09-16 20:32:09.159] Step 13000: TF=1.000 CF=7.0 CX=6.6 W=0.55 Loss=0.263087 LR=0.002000 CC=0.750 (4.2s)
[2025-09-16 20:32:09.798] Step 14000: TF=1.000 CF=7.0 CX=7.3 W=0.40 Loss=1.260354 LR=0.002000 CC=0.750 (4.8s)
[2025-09-16 20:32:10.598] Step 15000: TF=1.000 CF=11.0 CX=10.0 W=0.25 Loss=0.290254 LR=0.002000 CC=0.750 (5.6s)
[2025-09-16 20:32:11.517] Step 16000: TF=1.000 CF=7.0 CX=7.3 W=0.20 Loss=0.016877 LR=0.002000 CC=0.750 (6.5s)
[2025-09-16 20:32:12.389] Step 17000: TF=1.000 CF=7.0 CX=5.8 W=0.20 Loss=0.410801 LR=0.002000 CC=0.750 (7.4s)
[2025-09-16 20:32:13.047] Step 18000: TF=1.000 CF=11.0 CX=11.5 W=0.40 Loss=1.903393 LR=0.002000 CC=0.750 (8.1s)
[2025-09-16 20:32:13.853] Step 19000: TF=1.000 CF=11.0 CX=11.3 W=0.45 Loss=1.500195 LR=0.002000 CC=0.750 (8.9s)
[2025-09-16 20:32:14.670] Step 20000: TF=1.000 CF=11.0 CX=12.0 W=0.50 Loss=0.582767 LR=0.002000 CC=0.750 (9.7s)
[2025-09-16 20:32:15.485] Step 21000: TF=1.000 CF=11.0 CX=11.4 W=0.55 Loss=1.687665 LR=0.002000 CC=0.750 (10.5s)
[2025-09-16 20:32:16.267] Step 22000: TF=1.000 CF=11.0 CX=11.8 W=0.60 Loss=1.700256 LR=0.002000 CC=0.750 (11.3s)
[2025-09-16 20:32:17.134] Step 23000: TF=1.000 CF=11.0 CX=10.8 W=0.65 Loss=0.023272 LR=0.002000 CC=0.750 (12.2s)
[2025-09-16 20:32:17.974] Step 24000: TF=1.000 CF=11.0 CX=12.0 W=0.70 Loss=1.820909 LR=0.002000 CC=0.750 (13.0s)
[2025-09-16 20:32:18.773] Step 25000: TF=1.000 CF=11.0 CX=11.9 W=0.75 Loss=1.284669 LR=0.002000 CC=0.750 (13.8s)
[2025-09-16 20:32:19.526] Step 26000: TF=1.000 CF=11.0 CX=11.4 W=0.80 Loss=0.347917 LR=0.002000 CC=0.750 (14.6s)
[2025-09-16 20:32:20.271] Step 27000: TF=1.000 CF=11.0 CX=11.2 W=0.85 Loss=0.254115 LR=0.002000 CC=0.750 (15.3s)
[2025-09-16 20:32:20.950] Step 28000: TF=1.000 CF=11.0 CX=10.8 W=0.90 Loss=0.008873 LR=0.002000 CC=0.750 (16.0s)
[2025-09-16 20:32:21.569] Step 29000: TF=1.000 CF=11.0 CX=11.0 W=0.95 Loss=0.109399 LR=0.002000 CC=0.750 (16.6s)
[2025-09-16 20:32:22.207] Step 30000: TF=1.000 CF=11.0 CX=11.9 W=1.00 Loss=0.746283 LR=0.002000 CC=0.750 (17.2s)
[2025-09-16 20:32:22.795] Step 31000: TF=1.000 CF=11.0 CX=11.5 W=1.00 Loss=0.086799 LR=0.002000 CC=0.750 (17.8s)
[2025-09-16 20:32:23.378] Step 32000: TF=1.000 CF=11.0 CX=11.9 W=1.00 Loss=0.687803 LR=0.002000 CC=0.750 (18.4s)
[2025-09-16 20:32:23.943] Step 33000: TF=1.000 CF=11.0 CX=10.6 W=1.00 Loss=0.003218 LR=0.002000 CC=0.750 (19.0s)
[2025-09-16 20:32:24.538] Step 34000: TF=1.000 CF=11.0 CX=10.3 W=1.00 Loss=0.006172 LR=0.002000 CC=0.750 (19.6s)
[2025-09-16 20:32:25.087] Step 35000: TF=1.000 CF=11.0 CX=10.0 W=1.00 Loss=0.004201 LR=0.002000 CC=0.750 (20.1s)
[2025-09-16 20:32:25.687] Step 36000: TF=1.000 CF=11.0 CX=11.2 W=1.00 Loss=0.777559 LR=0.002000 CC=0.750 (20.7s)
[2025-09-16 20:32:26.235] Step 37000: TF=1.000 CF=11.0 CX=10.9 W=1.00 Loss=0.004329 LR=0.002000 CC=0.750 (21.3s)
[2025-09-16 20:32:26.731] Step 38000: TF=1.000 CF=11.0 CX=11.1 W=1.00 Loss=0.035698 LR=0.002000 CC=0.750 (21.8s)
[2025-09-16 20:32:27.256] Step 39000: TF=1.000 CF=7.0 CX=6.9 W=0.20 Loss=0.004151 LR=0.002000 CC=0.750 (22.3s)
[2025-09-16 20:32:27.773] Step 40000: TF=1.000 CF=11.0 CX=11.4 W=1.00 Loss=0.091699 LR=0.002000 CC=0.750 (22.8s)
[2025-09-16 20:32:28.310] Step 41000: TF=1.000 CF=11.0 CX=10.8 W=1.00 Loss=0.002890 LR=0.002000 CC=0.750 (23.3s)
[2025-09-16 20:32:28.772] Step 42000: TF=1.000 CF=11.0 CX=10.6 W=1.00 Loss=0.003206 LR=0.002000 CC=0.750 (23.8s)
[2025-09-16 20:32:29.209] Step 43000: TF=1.000 CF=11.0 CX=9.5 W=1.00 Loss=0.001807 LR=0.002000 CC=0.750 (24.2s)
[2025-09-16 20:32:29.607] Step 44000: TF=1.000 CF=11.0 CX=10.8 W=1.00 Loss=0.002740 LR=0.002000 CC=0.750 (24.6s)
[2025-09-16 20:32:29.978] Step 45000: TF=1.000 CF=11.0 CX=10.8 W=1.00 Loss=0.002047 LR=0.002000 CC=0.750 (25.0s)
[2025-09-16 20:32:30.311] Step 46000: TF=1.000 CF=7.0 CX=7.4 W=0.20 Loss=0.002651 LR=0.002000 CC=0.750 (25.3s)
[2025-09-16 20:32:30.722] Step 47000: TF=1.000 CF=11.0 CX=11.2 W=1.00 Loss=0.120946 LR=0.002000 CC=0.750 (25.8s)
[2025-09-16 20:32:31.034] Step 48000: TF=1.000 CF=11.0 CX=11.9 W=1.00 Loss=0.230517 LR=0.002000 CC=0.750 (26.1s)
[2025-09-16 20:32:31.332] Step 49000: TF=1.000 CF=7.0 CX=6.2 W=0.20 Loss=0.009538 LR=0.002000 CC=0.750 (26.4s)
[2025-09-16 20:32:31.621] Step 50000: TF=1.000 CF=11.0 CX=11.1 W=1.00 Loss=0.076452 LR=0.002000 CC=0.750 (26.7s)
[2025-09-16 20:32:31.621] === Training complete ===
