[2025-09-11 19:29:53.465] === EFFECTIVE CONFIGURATION ===
[2025-09-11 19:29:53.465] {
[2025-09-11 19:29:53.465]   "_config_path": ".sweep_tmp/cfg_addition_start_step=7000.json",
[2025-09-11 19:29:53.465]   "_overrides": [],
[2025-09-11 19:29:53.465]   "_raw_config": {
[2025-09-11 19:29:53.465]     "addition_cf_max": 11.0,
[2025-09-11 19:29:53.465]     "addition_cf_min": 2.0,
[2025-09-11 19:29:53.465]     "addition_start_step": 7000,
[2025-09-11 19:29:53.465]     "cf_max_complexity": 7.0,
[2025-09-11 19:29:53.465]     "cf_min_complexity": 2.0,
[2025-09-11 19:29:53.465]     "cf_sd": 1.2,
[2025-09-11 19:29:53.465]     "checkpoint_interval": 5000,
[2025-09-11 19:29:53.465]     "confidence_criterion_start": 0.9,
[2025-09-11 19:29:53.465]     "confidence_floor": 0.75,
[2025-09-11 19:29:53.465]     "counting_fade_rate": 0.00015,
[2025-09-11 19:29:53.465]     "counting_focus_steps": 6000,
[2025-09-11 19:29:53.465]     "cx_sd": 0.9,
[2025-09-11 19:29:53.465]     "gate_freeze_until_step": 3000,
[2025-09-11 19:29:53.465]     "hidden_size": 64,
[2025-09-11 19:29:53.465]     "learning_rate": 0.01,
[2025-09-11 19:29:53.465]     "learning_rate_floor": 0.002,
[2025-09-11 19:29:53.465]     "lr_decay": 0.9999,
[2025-09-11 19:29:53.465]     "outdir": "results",
[2025-09-11 19:29:53.465]     "tf_rate_addition": 5e-05,
[2025-09-11 19:29:53.465]     "tf_rate_counting": 0.0002,
[2025-09-11 19:29:53.465]     "total_steps": 15000
[2025-09-11 19:29:53.465]   },
[2025-09-11 19:29:53.465]   "addition_cf_max": 11.0,
[2025-09-11 19:29:53.465]   "addition_cf_min": 2.0,
[2025-09-11 19:29:53.465]   "addition_start_step": 7000,
[2025-09-11 19:29:53.465]   "cf_max_complexity": 7.0,
[2025-09-11 19:29:53.465]   "cf_min_complexity": 2.0,
[2025-09-11 19:29:53.465]   "cf_sd": 1.2,
[2025-09-11 19:29:53.465]   "cf_variance": 1.5,
[2025-09-11 19:29:53.465]   "checkpoint_interval": 5000,
[2025-09-11 19:29:53.465]   "confidence_criterion_start": 0.9,
[2025-09-11 19:29:53.466]   "confidence_floor": 0.75,
[2025-09-11 19:29:53.466]   "counting_fade_rate": 0.00015,
[2025-09-11 19:29:53.466]   "counting_focus_steps": 6000,
[2025-09-11 19:29:53.466]   "cx_sd": 0.9,
[2025-09-11 19:29:53.466]   "cx_variance": 0.8,
[2025-09-11 19:29:53.466]   "gate_freeze_until_step": 3000,
[2025-09-11 19:29:53.466]   "hidden_size": 64,
[2025-09-11 19:29:53.466]   "learning_rate": 0.01,
[2025-09-11 19:29:53.466]   "learning_rate_floor": 0.002,
[2025-09-11 19:29:53.466]   "lr_decay": 0.9999,
[2025-09-11 19:29:53.466]   "outdir": "results/addition_start_step=7000",
[2025-09-11 19:29:53.466]   "tf_rate": 0.0001,
[2025-09-11 19:29:53.466]   "tf_rate_addition": 5e-05,
[2025-09-11 19:29:53.466]   "tf_rate_counting": 0.0002,
[2025-09-11 19:29:53.466]   "total_steps": 15000
[2025-09-11 19:29:53.466] }
[2025-09-11 19:29:53.466] === Small Math Model (Content-Gated) ===
[2025-09-11 19:29:53.466] Network: 24 -> 64 -> 12
[2025-09-11 19:29:53.466] Training steps: 15000   LR: 0.01
[2025-09-11 19:29:53.466] Gate freeze until: 3000
[2025-09-11 19:29:53.466] Confidence start: 0.9 (floor 0.75)
[2025-09-11 19:29:53.466] === Sanity check ===
[2025-09-11 19:29:53.467] 1 -> ? = 10 (expected 2) - conf:0.000 finger:True
[2025-09-11 19:29:53.467] 3 -> ? = 8 (expected 4) - conf:0.000 finger:True
[2025-09-11 19:29:53.467] 5 -> ? = 8 (expected 6) - conf:0.000 finger:True
[2025-09-11 19:29:53.467] 2 -> 3 = 12 (expected 4) - conf:0.000 finger:True
[2025-09-11 19:29:53.467] 4 -> 5 = 8 (expected 6) - conf:0.000 finger:True
[2025-09-11 19:29:53.468] 1 + 2 = 3 (expected 3) + conf:0.000 finger:True
[2025-09-11 19:29:53.469] 2 + 2 = 4 (expected 4) + conf:0.000 finger:True
[2025-09-11 19:29:53.471] 3 + 4 = 7 (expected 7) + conf:0.000 finger:True
[2025-09-11 19:29:53.473] 4 + 5 = 9 (expected 9) + conf:0.000 finger:True
[2025-09-11 19:29:53.475] 5 + 5 = 10 (expected 10) + conf:0.000 finger:True
[2025-09-11 19:29:53.475] 
[2025-09-11 19:29:53.636] Step  1000: TF=0.100 CF=2.5 CX=2.0 W=1.00 Loss=0.526247 LR=0.009079 CC=0.817 (0.2s)
[2025-09-11 19:29:53.798] Step  2000: TF=0.200 CF=3.0 CX=3.1 W=1.00 Loss=0.411988 LR=0.008215 CC=0.750 (0.3s)
[2025-09-11 19:29:53.958] Step  3000: TF=0.300 CF=3.5 CX=5.3 W=1.00 Loss=4.628822 LR=0.007433 CC=0.750 (0.5s)
[2025-09-11 19:29:54.124] Step  4000: TF=0.400 CF=4.0 CX=5.0 W=1.00 Loss=2.478678 LR=0.006726 CC=0.750 (0.6s)
[2025-09-11 19:29:54.292] Step  5000: TF=0.500 CF=4.5 CX=4.6 W=1.00 Loss=0.221641 LR=0.006086 CC=0.750 (0.8s)
[2025-09-11 19:29:54.457] Step  6000: TF=0.600 CF=5.0 CX=4.5 W=1.00 Loss=0.049419 LR=0.005507 CC=0.750 (1.0s)
[2025-09-11 19:29:54.620] Step  7000: TF=0.700 CF=5.5 CX=4.8 W=1.00 Loss=0.006825 LR=0.004983 CC=0.750 (1.1s)
[2025-09-11 19:29:54.881] Step  8000: TF=0.800 CF=9.2 CX=11.0 W=0.25 Loss=0.061496 LR=0.004508 CC=0.750 (1.4s)
[2025-09-11 19:29:55.300] Step  9000: TF=0.900 CF=6.5 CX=7.5 W=0.70 Loss=0.057467 LR=0.004079 CC=0.750 (1.8s)
[2025-09-11 19:29:55.620] Step 10000: TF=1.000 CF=7.0 CX=8.2 W=0.55 Loss=0.014859 LR=0.003691 CC=0.750 (2.1s)
[2025-09-11 19:29:55.920] Step 11000: TF=1.000 CF=11.0 CX=11.0 W=1.00 Loss=0.004573 LR=0.003340 CC=0.750 (2.4s)
[2025-09-11 19:29:56.266] Step 12000: TF=1.000 CF=7.0 CX=7.3 W=0.25 Loss=0.005595 LR=0.003022 CC=0.750 (2.8s)
[2025-09-11 19:29:56.558] Step 13000: TF=1.000 CF=7.0 CX=7.0 W=0.20 Loss=0.001492 LR=0.002734 CC=0.750 (3.1s)
[2025-09-11 19:29:56.830] Step 14000: TF=1.000 CF=11.0 CX=11.1 W=1.00 Loss=0.010767 LR=0.002474 CC=0.750 (3.4s)
[2025-09-11 19:29:57.098] Step 15000: TF=1.000 CF=11.0 CX=11.9 W=1.00 Loss=0.000001 LR=0.002239 CC=0.750 (3.6s)
[2025-09-11 19:29:57.098] === Training complete ===
