[2025-09-11 19:19:16.074] === EFFECTIVE CONFIGURATION ===
[2025-09-11 19:19:16.074] {
[2025-09-11 19:19:16.074]   "_config_path": ".sweep_tmp/cfg_addition_start_step=7000.json",
[2025-09-11 19:19:16.074]   "_overrides": [],
[2025-09-11 19:19:16.074]   "_raw_config": {
[2025-09-11 19:19:16.074]     "addition_cf_max": 11.0,
[2025-09-11 19:19:16.074]     "addition_cf_min": 2.0,
[2025-09-11 19:19:16.074]     "addition_start_step": 7000,
[2025-09-11 19:19:16.074]     "cf_max_complexity": 7.0,
[2025-09-11 19:19:16.074]     "cf_min_complexity": 2.0,
[2025-09-11 19:19:16.074]     "cf_sd": 1.2,
[2025-09-11 19:19:16.074]     "checkpoint_interval": 5000,
[2025-09-11 19:19:16.074]     "confidence_criterion_start": 0.9,
[2025-09-11 19:19:16.074]     "confidence_floor": 0.75,
[2025-09-11 19:19:16.074]     "counting_fade_rate": 0.00015,
[2025-09-11 19:19:16.074]     "counting_focus_steps": 6000,
[2025-09-11 19:19:16.074]     "cx_sd": 0.9,
[2025-09-11 19:19:16.074]     "gate_freeze_until_step": 0,
[2025-09-11 19:19:16.074]     "hidden_size": 64,
[2025-09-11 19:19:16.074]     "learning_rate": 0.01,
[2025-09-11 19:19:16.074]     "learning_rate_floor": 0.002,
[2025-09-11 19:19:16.074]     "lr_decay": 0.9999,
[2025-09-11 19:19:16.074]     "outdir": "results",
[2025-09-11 19:19:16.074]     "tf_rate_addition": 5e-05,
[2025-09-11 19:19:16.074]     "tf_rate_counting": 0.0002,
[2025-09-11 19:19:16.074]     "total_steps": 15000
[2025-09-11 19:19:16.074]   },
[2025-09-11 19:19:16.074]   "addition_cf_max": 11.0,
[2025-09-11 19:19:16.074]   "addition_cf_min": 2.0,
[2025-09-11 19:19:16.074]   "addition_start_step": 7000,
[2025-09-11 19:19:16.074]   "cf_max_complexity": 7.0,
[2025-09-11 19:19:16.074]   "cf_min_complexity": 2.0,
[2025-09-11 19:19:16.074]   "cf_sd": 1.2,
[2025-09-11 19:19:16.074]   "cf_variance": 1.5,
[2025-09-11 19:19:16.074]   "checkpoint_interval": 5000,
[2025-09-11 19:19:16.074]   "confidence_criterion_start": 0.9,
[2025-09-11 19:19:16.074]   "confidence_floor": 0.75,
[2025-09-11 19:19:16.074]   "counting_fade_rate": 0.00015,
[2025-09-11 19:19:16.074]   "counting_focus_steps": 6000,
[2025-09-11 19:19:16.074]   "cx_sd": 0.9,
[2025-09-11 19:19:16.074]   "cx_variance": 0.8,
[2025-09-11 19:19:16.074]   "gate_freeze_until_step": 0,
[2025-09-11 19:19:16.074]   "hidden_size": 64,
[2025-09-11 19:19:16.074]   "learning_rate": 0.01,
[2025-09-11 19:19:16.074]   "learning_rate_floor": 0.002,
[2025-09-11 19:19:16.074]   "lr_decay": 0.9999,
[2025-09-11 19:19:16.074]   "outdir": "results/addition_start_step=7000",
[2025-09-11 19:19:16.074]   "tf_rate": 0.0001,
[2025-09-11 19:19:16.074]   "tf_rate_addition": 5e-05,
[2025-09-11 19:19:16.074]   "tf_rate_counting": 0.0002,
[2025-09-11 19:19:16.074]   "total_steps": 15000
[2025-09-11 19:19:16.074] }
[2025-09-11 19:19:16.075] === Small Math Model (Content-Gated) ===
[2025-09-11 19:19:16.075] Network: 24 -> 64 -> 12
[2025-09-11 19:19:16.075] Training steps: 15000   LR: 0.01
[2025-09-11 19:19:16.075] Gate freeze until: 0
[2025-09-11 19:19:16.075] Confidence start: 0.9 (floor 0.75)
[2025-09-11 19:19:16.075] === Sanity check ===
[2025-09-11 19:19:16.075] 1 -> ? = 10 (expected 2) - conf:0.000 finger:True
[2025-09-11 19:19:16.075] 3 -> ? = 8 (expected 4) - conf:0.000 finger:True
[2025-09-11 19:19:16.075] 5 -> ? = 8 (expected 6) - conf:0.000 finger:True
[2025-09-11 19:19:16.075] 2 -> 3 = 12 (expected 4) - conf:0.000 finger:True
[2025-09-11 19:19:16.076] 4 -> 5 = 8 (expected 6) - conf:0.000 finger:True
[2025-09-11 19:19:16.077] 1 + 2 = 3 (expected 3) + conf:0.000 finger:True
[2025-09-11 19:19:16.078] 2 + 2 = 4 (expected 4) + conf:0.000 finger:True
[2025-09-11 19:19:16.080] 3 + 4 = 7 (expected 7) + conf:0.000 finger:True
[2025-09-11 19:19:16.082] 4 + 5 = 9 (expected 9) + conf:0.000 finger:True
[2025-09-11 19:19:16.083] 5 + 5 = 10 (expected 10) + conf:0.000 finger:True
[2025-09-11 19:19:16.083] 
[2025-09-11 19:19:16.270] Step  1000: TF=0.100 CF=2.5 CX=2.3 W=1.00 Loss=0.401462 LR=0.009079 CC=0.817 (0.2s)
[2025-09-11 19:19:16.459] Step  2000: TF=0.200 CF=3.0 CX=3.1 W=1.00 Loss=0.735592 LR=0.008215 CC=0.750 (0.4s)
[2025-09-11 19:19:16.624] Step  3000: TF=0.300 CF=3.5 CX=4.2 W=1.00 Loss=2.118593 LR=0.007433 CC=0.750 (0.5s)
[2025-09-11 19:19:16.790] Step  4000: TF=0.400 CF=4.0 CX=3.1 W=1.00 Loss=0.680064 LR=0.006726 CC=0.750 (0.7s)
[2025-09-11 19:19:16.956] Step  5000: TF=0.500 CF=4.5 CX=5.0 W=1.00 Loss=1.237062 LR=0.006086 CC=0.750 (0.9s)
[2025-09-11 19:19:17.121] Step  6000: TF=0.600 CF=5.0 CX=6.7 W=1.00 Loss=0.649096 LR=0.005507 CC=0.750 (1.0s)
[2025-09-11 19:19:17.286] Step  7000: TF=0.700 CF=5.5 CX=5.8 W=1.00 Loss=0.162143 LR=0.004983 CC=0.750 (1.2s)
[2025-09-11 19:19:17.519] Step  8000: TF=0.800 CF=6.0 CX=4.6 W=0.85 Loss=0.161891 LR=0.004508 CC=0.750 (1.4s)
[2025-09-11 19:19:17.768] Step  9000: TF=0.900 CF=6.5 CX=6.9 W=0.70 Loss=0.015049 LR=0.004079 CC=0.750 (1.7s)
[2025-09-11 19:19:18.055] Step 10000: TF=1.000 CF=7.0 CX=5.5 W=0.55 Loss=0.062506 LR=0.003691 CC=0.750 (2.0s)
[2025-09-11 19:19:18.410] Step 11000: TF=1.000 CF=11.0 CX=11.8 W=1.00 Loss=0.005993 LR=0.003340 CC=0.750 (2.3s)
[2025-09-11 19:19:18.783] Step 12000: TF=1.000 CF=11.0 CX=9.5 W=1.00 Loss=0.023724 LR=0.003022 CC=0.750 (2.7s)
[2025-09-11 19:19:19.202] Step 13000: TF=1.000 CF=11.0 CX=11.1 W=1.00 Loss=1.004613 LR=0.002734 CC=0.750 (3.1s)
[2025-09-11 19:19:19.599] Step 14000: TF=1.000 CF=11.0 CX=11.5 W=1.00 Loss=0.002103 LR=0.002474 CC=0.750 (3.5s)
[2025-09-11 19:19:20.016] Step 15000: TF=1.000 CF=11.0 CX=11.0 W=1.00 Loss=0.002018 LR=0.002239 CC=0.750 (3.9s)
[2025-09-11 19:19:20.016] === Training complete ===
