[2025-09-16 20:30:26.933] === EFFECTIVE CONFIGURATION ===
[2025-09-16 20:30:26.933] {
[2025-09-16 20:30:26.933]   "_config_path": ".sweep_tmp/cfg_addition_start_step=2000.json",
[2025-09-16 20:30:26.933]   "_overrides": [],
[2025-09-16 20:30:26.933]   "_raw_config": {
[2025-09-16 20:30:26.933]     "addition_cf_max": 11.0,
[2025-09-16 20:30:26.933]     "addition_cf_min": 2.0,
[2025-09-16 20:30:26.933]     "addition_start_step": 2000,
[2025-09-16 20:30:26.933]     "cf_max_complexity": 7.0,
[2025-09-16 20:30:26.933]     "cf_min_complexity": 2.0,
[2025-09-16 20:30:26.933]     "cf_sd": 1.2,
[2025-09-16 20:30:26.933]     "checkpoint_interval": 5000,
[2025-09-16 20:30:26.933]     "confidence_criterion_start": 0.9,
[2025-09-16 20:30:26.933]     "confidence_floor": 0.75,
[2025-09-16 20:30:26.933]     "counting_fade_rate": 0.00015,
[2025-09-16 20:30:26.933]     "counting_focus_steps": 6000,
[2025-09-16 20:30:26.933]     "cx_sd": 0.9,
[2025-09-16 20:30:26.933]     "gate_freeze_until_step": 3000,
[2025-09-16 20:30:26.933]     "hidden_size": 64,
[2025-09-16 20:30:26.933]     "learning_rate": 0.005,
[2025-09-16 20:30:26.933]     "learning_rate_floor": 0.002,
[2025-09-16 20:30:26.933]     "lr_decay": 0.9999,
[2025-09-16 20:30:26.933]     "outdir": "results",
[2025-09-16 20:30:26.933]     "tf_rate_addition": 0.0001,
[2025-09-16 20:30:26.933]     "tf_rate_counting": 0.0001,
[2025-09-16 20:30:26.933]     "total_steps": 50000
[2025-09-16 20:30:26.933]   },
[2025-09-16 20:30:26.933]   "addition_cf_max": 11.0,
[2025-09-16 20:30:26.933]   "addition_cf_min": 2.0,
[2025-09-16 20:30:26.933]   "addition_start_step": 2000,
[2025-09-16 20:30:26.933]   "cf_max_complexity": 7.0,
[2025-09-16 20:30:26.933]   "cf_min_complexity": 2.0,
[2025-09-16 20:30:26.933]   "cf_sd": 1.2,
[2025-09-16 20:30:26.933]   "cf_variance": 1.5,
[2025-09-16 20:30:26.933]   "checkpoint_interval": 5000,
[2025-09-16 20:30:26.933]   "confidence_criterion_start": 0.9,
[2025-09-16 20:30:26.933]   "confidence_floor": 0.75,
[2025-09-16 20:30:26.933]   "counting_fade_rate": 0.00015,
[2025-09-16 20:30:26.933]   "counting_focus_steps": 6000,
[2025-09-16 20:30:26.934]   "cx_sd": 0.9,
[2025-09-16 20:30:26.934]   "cx_variance": 0.8,
[2025-09-16 20:30:26.934]   "gate_freeze_until_step": 3000,
[2025-09-16 20:30:26.934]   "hidden_size": 64,
[2025-09-16 20:30:26.934]   "learning_rate": 0.005,
[2025-09-16 20:30:26.934]   "learning_rate_floor": 0.002,
[2025-09-16 20:30:26.934]   "lr_decay": 0.9999,
[2025-09-16 20:30:26.934]   "outdir": "results/addition_start_step=2000",
[2025-09-16 20:30:26.934]   "tf_rate": 0.0001,
[2025-09-16 20:30:26.934]   "tf_rate_addition": 0.0001,
[2025-09-16 20:30:26.934]   "tf_rate_counting": 0.0001,
[2025-09-16 20:30:26.934]   "total_steps": 50000
[2025-09-16 20:30:26.934] }
[2025-09-16 20:30:26.934] === Small Math Model (Content-Gated) ===
[2025-09-16 20:30:26.934] Network: 24 -> 64 -> 12
[2025-09-16 20:30:26.934] Training steps: 50000   LR: 0.005
[2025-09-16 20:30:26.934] Gate freeze until: 3000
[2025-09-16 20:30:26.934] Confidence start: 0.9 (floor 0.75)
[2025-09-16 20:30:26.934] === Sanity check ===
[2025-09-16 20:30:26.935] 1 -> ? = 10 (expected 2) - conf:0.000 finger:True
[2025-09-16 20:30:26.935] 3 -> ? = 8 (expected 4) - conf:0.000 finger:True
[2025-09-16 20:30:26.935] 5 -> ? = 8 (expected 6) - conf:0.000 finger:True
[2025-09-16 20:30:26.935] 2 -> 3 = 12 (expected 4) - conf:0.000 finger:True
[2025-09-16 20:30:26.935] 4 -> 5 = 8 (expected 6) - conf:0.000 finger:True
[2025-09-16 20:30:26.936] 1 + 2 = 3 (expected 3) + conf:0.000 finger:True
[2025-09-16 20:30:26.937] 2 + 2 = 4 (expected 4) + conf:0.000 finger:True
[2025-09-16 20:30:26.939] 3 + 4 = 7 (expected 7) + conf:0.000 finger:True
[2025-09-16 20:30:26.940] 4 + 5 = 9 (expected 9) + conf:0.000 finger:True
[2025-09-16 20:30:26.942] 5 + 5 = 10 (expected 10) + conf:0.000 finger:True
[2025-09-16 20:30:26.942] 
[2025-09-16 20:30:27.135] Step  1000: TF=0.100 CF=2.5 CX=2.0 W=1.00 Loss=0.981490 LR=0.004540 CC=0.817 (0.2s)
[2025-09-16 20:30:27.320] Step  2000: TF=0.200 CF=3.0 CX=2.0 W=1.00 Loss=0.575432 LR=0.004108 CC=0.750 (0.4s)
[2025-09-16 20:30:27.530] Step  3000: TF=0.300 CF=3.5 CX=3.5 W=0.85 Loss=1.060189 LR=0.003717 CC=0.750 (0.6s)
[2025-09-16 20:30:27.836] Step  4000: TF=0.400 CF=5.6 CX=6.2 W=0.08 Loss=3.746626 LR=0.003363 CC=0.750 (0.9s)
[2025-09-16 20:30:28.274] Step  5000: TF=0.500 CF=4.5 CX=3.9 W=0.55 Loss=0.857793 LR=0.003043 CC=0.750 (1.3s)
[2025-09-16 20:30:28.757] Step  6000: TF=0.600 CF=5.0 CX=6.0 W=0.40 Loss=2.010179 LR=0.002753 CC=0.750 (1.8s)
[2025-09-16 20:30:29.424] Step  7000: TF=0.700 CF=5.5 CX=5.5 W=0.25 Loss=0.141994 LR=0.002491 CC=0.750 (2.5s)
[2025-09-16 20:30:30.286] Step  8000: TF=0.800 CF=9.2 CX=8.2 W=0.25 Loss=1.402972 LR=0.002254 CC=0.750 (3.3s)
[2025-09-16 20:30:31.233] Step  9000: TF=0.900 CF=10.1 CX=10.2 W=0.29 Loss=0.330497 LR=0.002040 CC=0.750 (4.3s)
[2025-09-16 20:30:31.920] Step 10000: TF=1.000 CF=7.0 CX=8.1 W=0.20 Loss=0.003840 LR=0.002000 CC=0.750 (5.0s)
[2025-09-16 20:30:32.533] Step 11000: TF=1.000 CF=11.0 CX=10.3 W=0.37 Loss=0.114899 LR=0.002000 CC=0.750 (5.6s)
[2025-09-16 20:30:33.179] Step 12000: TF=1.000 CF=7.0 CX=7.0 W=0.20 Loss=0.043510 LR=0.002000 CC=0.750 (6.2s)
[2025-09-16 20:30:33.864] Step 13000: TF=1.000 CF=11.0 CX=10.3 W=0.46 Loss=0.089765 LR=0.002000 CC=0.750 (6.9s)
[2025-09-16 20:30:34.522] Step 14000: TF=1.000 CF=11.0 CX=12.0 W=0.50 Loss=2.223029 LR=0.002000 CC=0.750 (7.6s)
[2025-09-16 20:30:35.240] Step 15000: TF=1.000 CF=11.0 CX=11.7 W=0.54 Loss=1.198353 LR=0.002000 CC=0.750 (8.3s)
[2025-09-16 20:30:36.012] Step 16000: TF=1.000 CF=11.0 CX=11.3 W=0.58 Loss=2.949090 LR=0.002000 CC=0.750 (9.1s)
[2025-09-16 20:30:36.696] Step 17000: TF=1.000 CF=11.0 CX=10.8 W=0.62 Loss=0.051719 LR=0.002000 CC=0.750 (9.8s)
[2025-09-16 20:30:37.383] Step 18000: TF=1.000 CF=11.0 CX=10.5 W=0.67 Loss=0.025735 LR=0.002000 CC=0.750 (10.4s)
[2025-09-16 20:30:38.037] Step 19000: TF=1.000 CF=11.0 CX=11.8 W=0.71 Loss=1.123342 LR=0.002000 CC=0.750 (11.1s)
[2025-09-16 20:30:38.627] Step 20000: TF=1.000 CF=11.0 CX=11.6 W=0.75 Loss=1.071627 LR=0.002000 CC=0.750 (11.7s)
[2025-09-16 20:30:39.211] Step 21000: TF=1.000 CF=11.0 CX=11.1 W=0.79 Loss=0.160322 LR=0.002000 CC=0.750 (12.3s)
[2025-09-16 20:30:39.743] Step 22000: TF=1.000 CF=7.0 CX=8.0 W=0.20 Loss=0.000115 LR=0.002000 CC=0.750 (12.8s)
[2025-09-16 20:30:40.245] Step 23000: TF=1.000 CF=11.0 CX=11.1 W=0.87 Loss=0.738047 LR=0.002000 CC=0.750 (13.3s)
[2025-09-16 20:30:40.743] Step 24000: TF=1.000 CF=7.0 CX=6.1 W=0.20 Loss=0.002017 LR=0.002000 CC=0.750 (13.8s)
[2025-09-16 20:30:41.239] Step 25000: TF=1.000 CF=11.0 CX=11.3 W=0.96 Loss=0.599604 LR=0.002000 CC=0.750 (14.3s)
[2025-09-16 20:30:41.756] Step 26000: TF=1.000 CF=11.0 CX=9.8 W=1.00 Loss=0.006131 LR=0.002000 CC=0.750 (14.8s)
[2025-09-16 20:30:42.256] Step 27000: TF=1.000 CF=11.0 CX=11.2 W=1.00 Loss=0.143942 LR=0.002000 CC=0.750 (15.3s)
[2025-09-16 20:30:42.744] Step 28000: TF=1.000 CF=11.0 CX=10.7 W=1.00 Loss=0.004529 LR=0.002000 CC=0.750 (15.8s)
[2025-09-16 20:30:43.217] Step 29000: TF=1.000 CF=11.0 CX=10.2 W=1.00 Loss=0.004639 LR=0.002000 CC=0.750 (16.3s)
[2025-09-16 20:30:43.647] Step 30000: TF=1.000 CF=11.0 CX=12.0 W=1.00 Loss=0.018023 LR=0.002000 CC=0.750 (16.7s)
[2025-09-16 20:30:44.061] Step 31000: TF=1.000 CF=11.0 CX=10.9 W=1.00 Loss=0.002768 LR=0.002000 CC=0.750 (17.1s)
[2025-09-16 20:30:44.431] Step 32000: TF=1.000 CF=7.0 CX=7.9 W=0.20 Loss=0.002906 LR=0.002000 CC=0.750 (17.5s)
[2025-09-16 20:30:44.752] Step 33000: TF=1.000 CF=11.0 CX=10.8 W=1.00 Loss=0.002234 LR=0.002000 CC=0.750 (17.8s)
[2025-09-16 20:30:45.062] Step 34000: TF=1.000 CF=11.0 CX=11.2 W=1.00 Loss=0.011579 LR=0.002000 CC=0.750 (18.1s)
[2025-09-16 20:30:45.366] Step 35000: TF=1.000 CF=11.0 CX=11.4 W=1.00 Loss=0.053053 LR=0.002000 CC=0.750 (18.4s)
[2025-09-16 20:30:45.638] Step 36000: TF=1.000 CF=11.0 CX=10.3 W=1.00 Loss=0.001648 LR=0.002000 CC=0.750 (18.7s)
[2025-09-16 20:30:45.880] Step 37000: TF=1.000 CF=11.0 CX=11.6 W=1.00 Loss=0.114126 LR=0.002000 CC=0.750 (18.9s)
[2025-09-16 20:30:46.128] Step 38000: TF=1.000 CF=11.0 CX=10.7 W=1.00 Loss=0.001537 LR=0.002000 CC=0.750 (19.2s)
[2025-09-16 20:30:46.370] Step 39000: TF=1.000 CF=11.0 CX=10.7 W=1.00 Loss=0.001334 LR=0.002000 CC=0.750 (19.4s)
[2025-09-16 20:30:46.606] Step 40000: TF=1.000 CF=11.0 CX=10.6 W=1.00 Loss=0.001420 LR=0.002000 CC=0.750 (19.7s)
[2025-09-16 20:30:46.845] Step 41000: TF=1.000 CF=11.0 CX=10.9 W=1.00 Loss=0.001164 LR=0.002000 CC=0.750 (19.9s)
[2025-09-16 20:30:47.086] Step 42000: TF=1.000 CF=11.0 CX=11.7 W=1.00 Loss=0.045548 LR=0.002000 CC=0.750 (20.1s)
[2025-09-16 20:30:47.327] Step 43000: TF=1.000 CF=11.0 CX=10.2 W=1.00 Loss=0.000966 LR=0.002000 CC=0.750 (20.4s)
[2025-09-16 20:30:47.600] Step 44000: TF=1.000 CF=11.0 CX=12.0 W=1.00 Loss=0.021606 LR=0.002000 CC=0.750 (20.7s)
[2025-09-16 20:30:47.860] Step 45000: TF=1.000 CF=11.0 CX=12.0 W=1.00 Loss=0.017771 LR=0.002000 CC=0.750 (20.9s)
[2025-09-16 20:30:48.103] Step 46000: TF=1.000 CF=11.0 CX=11.5 W=1.00 Loss=0.006077 LR=0.002000 CC=0.750 (21.2s)
[2025-09-16 20:30:48.347] Step 47000: TF=1.000 CF=11.0 CX=11.2 W=1.00 Loss=0.000662 LR=0.002000 CC=0.750 (21.4s)
[2025-09-16 20:30:48.594] Step 48000: TF=1.000 CF=11.0 CX=10.1 W=1.00 Loss=0.000766 LR=0.002000 CC=0.750 (21.7s)
[2025-09-16 20:30:48.840] Step 49000: TF=1.000 CF=11.0 CX=10.8 W=1.00 Loss=0.000729 LR=0.002000 CC=0.750 (21.9s)
[2025-09-16 20:30:49.084] Step 50000: TF=1.000 CF=11.0 CX=11.2 W=1.00 Loss=0.010764 LR=0.002000 CC=0.750 (22.1s)
[2025-09-16 20:30:49.084] === Training complete ===
