[2025-09-09 21:27:48.948] === EFFECTIVE CONFIGURATION ===
[2025-09-09 21:27:48.948] {
[2025-09-09 21:27:48.948]   "_config_path": ".sweep_tmp/cfg_addition_start_step=8000.json",
[2025-09-09 21:27:48.948]   "_overrides": [],
[2025-09-09 21:27:48.948]   "_raw_config": {
[2025-09-09 21:27:48.948]     "addition_cf_max": 10.0,
[2025-09-09 21:27:48.948]     "addition_cf_min": 2.0,
[2025-09-09 21:27:48.948]     "addition_start_step": 8000,
[2025-09-09 21:27:48.948]     "cf_max_complexity": 6.0,
[2025-09-09 21:27:48.948]     "cf_min_complexity": 2.0,
[2025-09-09 21:27:48.948]     "cf_variance": 1.5,
[2025-09-09 21:27:48.948]     "checkpoint_interval": 10000,
[2025-09-09 21:27:48.948]     "confidence_criterion_start": 0.9,
[2025-09-09 21:27:48.948]     "confidence_floor": 0.75,
[2025-09-09 21:27:48.948]     "counting_fade_rate": 0.0001,
[2025-09-09 21:27:48.948]     "counting_focus_steps": 6000,
[2025-09-09 21:27:48.948]     "cx_variance": 0.8,
[2025-09-09 21:27:48.948]     "gate_freeze_until_step": 3000,
[2025-09-09 21:27:48.948]     "hidden_size": 64,
[2025-09-09 21:27:48.948]     "learning_rate": 0.005,
[2025-09-09 21:27:48.948]     "learning_rate_floor": 0.002,
[2025-09-09 21:27:48.948]     "lr_decay": 0.9999,
[2025-09-09 21:27:48.948]     "outdir": "results_longrun_50k",
[2025-09-09 21:27:48.948]     "tf_rate_addition": 0.0001,
[2025-09-09 21:27:48.948]     "tf_rate_counting": 0.0001,
[2025-09-09 21:27:48.948]     "total_steps": 50000
[2025-09-09 21:27:48.948]   },
[2025-09-09 21:27:48.948]   "addition_cf_max": 10.0,
[2025-09-09 21:27:48.948]   "addition_cf_min": 2.0,
[2025-09-09 21:27:48.948]   "addition_start_step": 8000,
[2025-09-09 21:27:48.948]   "cf_max_complexity": 6.0,
[2025-09-09 21:27:48.948]   "cf_min_complexity": 2.0,
[2025-09-09 21:27:48.948]   "cf_variance": 1.5,
[2025-09-09 21:27:48.948]   "checkpoint_interval": 10000,
[2025-09-09 21:27:48.948]   "confidence_criterion_start": 0.9,
[2025-09-09 21:27:48.948]   "confidence_floor": 0.75,
[2025-09-09 21:27:48.948]   "counting_fade_rate": 0.0001,
[2025-09-09 21:27:48.948]   "counting_focus_steps": 6000,
[2025-09-09 21:27:48.948]   "cx_variance": 0.8,
[2025-09-09 21:27:48.948]   "gate_freeze_until_step": 3000,
[2025-09-09 21:27:48.948]   "hidden_size": 64,
[2025-09-09 21:27:48.948]   "learning_rate": 0.005,
[2025-09-09 21:27:48.948]   "learning_rate_floor": 0.002,
[2025-09-09 21:27:48.948]   "lr_decay": 0.9999,
[2025-09-09 21:27:48.948]   "outdir": "results/addstart_sweep/addition_start_step=8000",
[2025-09-09 21:27:48.948]   "tf_rate": 0.0001,
[2025-09-09 21:27:48.948]   "tf_rate_addition": 0.0001,
[2025-09-09 21:27:48.948]   "tf_rate_counting": 0.0001,
[2025-09-09 21:27:48.948]   "total_steps": 50000
[2025-09-09 21:27:48.948] }
[2025-09-09 21:27:48.949] === Small Math Model (Content-Gated) ===
[2025-09-09 21:27:48.949] Network: 24 -> 64 -> 12
[2025-09-09 21:27:48.949] Training steps: 50000   LR: 0.005
[2025-09-09 21:27:48.949] Gate freeze until: 3000
[2025-09-09 21:27:48.949] Confidence start: 0.9 (floor 0.75)
[2025-09-09 21:27:48.949] === Sanity check ===
[2025-09-09 21:27:48.949] 1 -> ? = 10 (expected 2) - conf:0.000 finger:True
[2025-09-09 21:27:48.949] 3 -> ? = 8 (expected 4) - conf:0.000 finger:True
[2025-09-09 21:27:48.949] 5 -> ? = 8 (expected 6) - conf:0.000 finger:True
[2025-09-09 21:27:48.949] 2 -> 3 = 12 (expected 4) - conf:0.000 finger:True
[2025-09-09 21:27:48.950] 4 -> 5 = 8 (expected 6) - conf:0.000 finger:True
[2025-09-09 21:27:48.951] 1 + 2 = 3 (expected 3) + conf:0.000 finger:True
[2025-09-09 21:27:48.952] 2 + 2 = 4 (expected 4) + conf:0.000 finger:True
[2025-09-09 21:27:48.954] 3 + 4 = 7 (expected 7) + conf:0.000 finger:True
[2025-09-09 21:27:48.956] 4 + 5 = 9 (expected 9) + conf:0.000 finger:True
[2025-09-09 21:27:48.958] 5 + 5 = 10 (expected 10) + conf:0.000 finger:True
[2025-09-09 21:27:48.958] 
[2025-09-09 21:27:49.123] Step  1000: TF=0.100 CF=2.4 CX=2.0 W=1.00 Loss=1.473565 LR=0.004540 CC=0.817 (0.2s)
[2025-09-09 21:27:49.332] Step  2000: TF=0.200 CF=2.8 CX=2.0 W=1.00 Loss=0.483188 LR=0.004108 CC=0.750 (0.4s)
[2025-09-09 21:27:49.539] Step  3000: TF=0.300 CF=3.2 CX=3.4 W=1.00 Loss=1.162403 LR=0.003717 CC=0.750 (0.6s)
[2025-09-09 21:27:49.727] Step  4000: TF=0.400 CF=3.6 CX=2.7 W=1.00 Loss=0.979337 LR=0.003363 CC=0.750 (0.8s)
[2025-09-09 21:27:49.901] Step  5000: TF=0.500 CF=4.0 CX=3.9 W=1.00 Loss=1.151205 LR=0.003043 CC=0.750 (0.9s)
[2025-09-09 21:27:50.071] Step  6000: TF=0.600 CF=4.4 CX=5.7 W=1.00 Loss=1.144883 LR=0.002753 CC=0.750 (1.1s)
[2025-09-09 21:27:50.250] Step  7000: TF=0.700 CF=4.8 CX=4.0 W=1.00 Loss=1.263965 LR=0.002491 CC=0.750 (1.3s)
[2025-09-09 21:27:50.423] Step  8000: TF=0.800 CF=5.2 CX=6.7 W=1.00 Loss=1.079989 LR=0.002254 CC=0.750 (1.5s)
[2025-09-09 21:27:50.670] Step  9000: TF=0.900 CF=5.6 CX=4.6 W=0.90 Loss=0.907790 LR=0.002040 CC=0.750 (1.7s)
[2025-09-09 21:27:51.004] Step 10000: TF=1.000 CF=6.0 CX=5.9 W=0.80 Loss=1.008635 LR=0.002000 CC=0.750 (2.0s)
[2025-09-09 21:27:51.449] Step 11000: TF=1.000 CF=6.0 CX=6.1 W=0.70 Loss=0.352125 LR=0.002000 CC=0.750 (2.5s)
[2025-09-09 21:27:52.026] Step 12000: TF=1.000 CF=6.0 CX=5.2 W=0.60 Loss=0.173746 LR=0.002000 CC=0.750 (3.1s)
[2025-09-09 21:27:52.714] Step 13000: TF=1.000 CF=6.0 CX=5.2 W=0.50 Loss=0.071822 LR=0.002000 CC=0.750 (3.8s)
[2025-09-09 21:27:53.479] Step 14000: TF=1.000 CF=6.0 CX=5.0 W=0.40 Loss=0.026898 LR=0.002000 CC=0.750 (4.5s)
[2025-09-09 21:27:54.206] Step 15000: TF=1.000 CF=10.0 CX=10.2 W=0.33 Loss=0.129972 LR=0.002000 CC=0.750 (5.2s)
[2025-09-09 21:27:54.867] Step 16000: TF=1.000 CF=10.0 CX=8.4 W=0.38 Loss=0.421922 LR=0.002000 CC=0.750 (5.9s)
[2025-09-09 21:27:55.606] Step 17000: TF=1.000 CF=6.0 CX=4.2 W=0.20 Loss=0.034147 LR=0.002000 CC=0.750 (6.6s)
[2025-09-09 21:27:56.077] Step 18000: TF=1.000 CF=10.0 CX=10.2 W=0.48 Loss=0.032098 LR=0.002000 CC=0.750 (7.1s)
[2025-09-09 21:27:56.484] Step 19000: TF=1.000 CF=6.0 CX=4.3 W=0.20 Loss=0.005708 LR=0.002000 CC=0.750 (7.5s)
[2025-09-09 21:27:56.860] Step 20000: TF=1.000 CF=10.0 CX=10.1 W=0.57 Loss=0.014702 LR=0.002000 CC=0.750 (7.9s)
[2025-09-09 21:27:57.242] Step 21000: TF=1.000 CF=10.0 CX=11.6 W=0.62 Loss=0.009998 LR=0.002000 CC=0.750 (8.3s)
[2025-09-09 21:27:57.689] Step 22000: TF=1.000 CF=6.0 CX=8.3 W=0.20 Loss=0.003124 LR=0.002000 CC=0.750 (8.7s)
[2025-09-09 21:27:58.080] Step 23000: TF=1.000 CF=10.0 CX=10.0 W=0.71 Loss=0.043292 LR=0.002000 CC=0.750 (9.1s)
[2025-09-09 21:27:58.428] Step 24000: TF=1.000 CF=10.0 CX=9.0 W=0.76 Loss=0.033969 LR=0.002000 CC=0.750 (9.5s)
[2025-09-09 21:27:58.783] Step 25000: TF=1.000 CF=10.0 CX=9.6 W=0.81 Loss=0.036721 LR=0.002000 CC=0.750 (9.8s)
[2025-09-09 21:27:59.141] Step 26000: TF=1.000 CF=10.0 CX=9.3 W=0.86 Loss=0.062434 LR=0.002000 CC=0.750 (10.2s)
[2025-09-09 21:27:59.516] Step 27000: TF=1.000 CF=10.0 CX=9.7 W=0.90 Loss=0.006285 LR=0.002000 CC=0.750 (10.6s)
[2025-09-09 21:27:59.896] Step 28000: TF=1.000 CF=10.0 CX=10.2 W=0.95 Loss=0.005397 LR=0.002000 CC=0.750 (10.9s)
[2025-09-09 21:28:00.293] Step 29000: TF=1.000 CF=10.0 CX=10.4 W=1.00 Loss=0.003568 LR=0.002000 CC=0.750 (11.3s)
[2025-09-09 21:28:00.697] Step 30000: TF=1.000 CF=10.0 CX=8.4 W=1.00 Loss=0.023107 LR=0.002000 CC=0.750 (11.7s)
[2025-09-09 21:28:01.112] Step 31000: TF=1.000 CF=10.0 CX=10.2 W=1.00 Loss=0.003153 LR=0.002000 CC=0.750 (12.2s)
[2025-09-09 21:28:01.533] Step 32000: TF=1.000 CF=10.0 CX=9.4 W=1.00 Loss=0.002985 LR=0.002000 CC=0.750 (12.6s)
[2025-09-09 21:28:01.963] Step 33000: TF=1.000 CF=10.0 CX=10.2 W=1.00 Loss=0.002858 LR=0.002000 CC=0.750 (13.0s)
[2025-09-09 21:28:02.349] Step 34000: TF=1.000 CF=10.0 CX=10.2 W=1.00 Loss=0.002134 LR=0.002000 CC=0.750 (13.4s)
[2025-09-09 21:28:02.721] Step 35000: TF=1.000 CF=10.0 CX=10.7 W=1.00 Loss=0.002072 LR=0.002000 CC=0.750 (13.8s)
[2025-09-09 21:28:03.073] Step 36000: TF=1.000 CF=10.0 CX=9.5 W=1.00 Loss=0.010272 LR=0.002000 CC=0.750 (14.1s)
[2025-09-09 21:28:03.436] Step 37000: TF=1.000 CF=6.0 CX=6.7 W=0.20 Loss=0.005469 LR=0.002000 CC=0.750 (14.5s)
[2025-09-09 21:28:03.777] Step 38000: TF=1.000 CF=10.0 CX=10.7 W=1.00 Loss=0.001966 LR=0.002000 CC=0.750 (14.8s)
[2025-09-09 21:28:04.128] Step 39000: TF=1.000 CF=10.0 CX=10.2 W=1.00 Loss=0.001698 LR=0.002000 CC=0.750 (15.2s)
[2025-09-09 21:28:04.477] Step 40000: TF=1.000 CF=10.0 CX=10.7 W=1.00 Loss=0.001410 LR=0.002000 CC=0.750 (15.5s)
[2025-09-09 21:28:04.773] Step 41000: TF=1.000 CF=6.0 CX=6.3 W=0.20 Loss=0.014585 LR=0.002000 CC=0.750 (15.8s)
[2025-09-09 21:28:05.060] Step 42000: TF=1.000 CF=10.0 CX=10.3 W=1.00 Loss=0.001313 LR=0.002000 CC=0.750 (16.1s)
[2025-09-09 21:28:05.338] Step 43000: TF=1.000 CF=10.0 CX=9.5 W=1.00 Loss=0.001453 LR=0.002000 CC=0.750 (16.4s)
[2025-09-09 21:28:05.667] Step 44000: TF=1.000 CF=10.0 CX=10.0 W=1.00 Loss=0.001500 LR=0.002000 CC=0.750 (16.7s)
[2025-09-09 21:28:05.946] Step 45000: TF=1.000 CF=10.0 CX=9.9 W=1.00 Loss=0.009067 LR=0.002000 CC=0.750 (17.0s)
[2025-09-09 21:28:06.215] Step 46000: TF=1.000 CF=10.0 CX=9.9 W=1.00 Loss=0.008140 LR=0.002000 CC=0.750 (17.3s)
[2025-09-09 21:28:06.476] Step 47000: TF=1.000 CF=10.0 CX=8.2 W=1.00 Loss=0.126660 LR=0.002000 CC=0.750 (17.5s)
[2025-09-09 21:28:06.787] Step 48000: TF=1.000 CF=6.0 CX=4.3 W=0.20 Loss=0.000169 LR=0.002000 CC=0.750 (17.8s)
[2025-09-09 21:28:07.053] Step 49000: TF=1.000 CF=10.0 CX=10.5 W=1.00 Loss=0.001173 LR=0.002000 CC=0.750 (18.1s)
[2025-09-09 21:28:07.329] Step 50000: TF=1.000 CF=10.0 CX=9.9 W=1.00 Loss=0.005780 LR=0.002000 CC=0.750 (18.4s)
[2025-09-09 21:28:07.329] === Training complete ===
