[2025-09-14 18:56:47.397] === EFFECTIVE CONFIGURATION ===
[2025-09-14 18:56:47.397] {
[2025-09-14 18:56:47.397]   "_config_path": ".sweep_tmp/cfg_addition_start_step=2000.json",
[2025-09-14 18:56:47.397]   "_overrides": [],
[2025-09-14 18:56:47.397]   "_raw_config": {
[2025-09-14 18:56:47.397]     "addition_cf_max": 11.0,
[2025-09-14 18:56:47.397]     "addition_cf_min": 2.0,
[2025-09-14 18:56:47.397]     "addition_start_step": 2000,
[2025-09-14 18:56:47.397]     "cf_max_complexity": 7.0,
[2025-09-14 18:56:47.397]     "cf_min_complexity": 2.0,
[2025-09-14 18:56:47.397]     "cf_sd": 1.2,
[2025-09-14 18:56:47.397]     "checkpoint_interval": 5000,
[2025-09-14 18:56:47.397]     "confidence_criterion_start": 0.9,
[2025-09-14 18:56:47.397]     "confidence_floor": 0.75,
[2025-09-14 18:56:47.397]     "counting_fade_rate": 0.00015,
[2025-09-14 18:56:47.397]     "counting_focus_steps": 6000,
[2025-09-14 18:56:47.397]     "cx_sd": 0.9,
[2025-09-14 18:56:47.397]     "gate_freeze_until_step": 3000,
[2025-09-14 18:56:47.397]     "hidden_size": 64,
[2025-09-14 18:56:47.397]     "learning_rate": 0.015,
[2025-09-14 18:56:47.397]     "learning_rate_floor": 0.002,
[2025-09-14 18:56:47.397]     "lr_decay": 0.9999,
[2025-09-14 18:56:47.397]     "outdir": "results",
[2025-09-14 18:56:47.397]     "tf_rate_addition": 5e-05,
[2025-09-14 18:56:47.397]     "tf_rate_counting": 0.0002,
[2025-09-14 18:56:47.397]     "total_steps": 15000
[2025-09-14 18:56:47.397]   },
[2025-09-14 18:56:47.397]   "addition_cf_max": 11.0,
[2025-09-14 18:56:47.397]   "addition_cf_min": 2.0,
[2025-09-14 18:56:47.397]   "addition_start_step": 2000,
[2025-09-14 18:56:47.397]   "cf_max_complexity": 7.0,
[2025-09-14 18:56:47.397]   "cf_min_complexity": 2.0,
[2025-09-14 18:56:47.397]   "cf_sd": 1.2,
[2025-09-14 18:56:47.397]   "cf_variance": 1.5,
[2025-09-14 18:56:47.397]   "checkpoint_interval": 5000,
[2025-09-14 18:56:47.397]   "confidence_criterion_start": 0.9,
[2025-09-14 18:56:47.397]   "confidence_floor": 0.75,
[2025-09-14 18:56:47.397]   "counting_fade_rate": 0.00015,
[2025-09-14 18:56:47.397]   "counting_focus_steps": 6000,
[2025-09-14 18:56:47.397]   "cx_sd": 0.9,
[2025-09-14 18:56:47.397]   "cx_variance": 0.8,
[2025-09-14 18:56:47.397]   "gate_freeze_until_step": 3000,
[2025-09-14 18:56:47.397]   "hidden_size": 64,
[2025-09-14 18:56:47.397]   "learning_rate": 0.015,
[2025-09-14 18:56:47.397]   "learning_rate_floor": 0.002,
[2025-09-14 18:56:47.397]   "lr_decay": 0.9999,
[2025-09-14 18:56:47.398]   "outdir": "results/addition_start_step=2000",
[2025-09-14 18:56:47.398]   "tf_rate": 0.0001,
[2025-09-14 18:56:47.398]   "tf_rate_addition": 5e-05,
[2025-09-14 18:56:47.398]   "tf_rate_counting": 0.0002,
[2025-09-14 18:56:47.398]   "total_steps": 15000
[2025-09-14 18:56:47.398] }
[2025-09-14 18:56:47.399] === Small Math Model (Content-Gated) ===
[2025-09-14 18:56:47.399] Network: 24 -> 64 -> 12
[2025-09-14 18:56:47.399] Training steps: 15000   LR: 0.015
[2025-09-14 18:56:47.399] Gate freeze until: 3000
[2025-09-14 18:56:47.399] Confidence start: 0.9 (floor 0.75)
[2025-09-14 18:56:47.399] === Sanity check ===
[2025-09-14 18:56:47.401] 1 -> ? = 10 (expected 2) - conf:0.000 finger:True
[2025-09-14 18:56:47.401] 3 -> ? = 8 (expected 4) - conf:0.000 finger:True
[2025-09-14 18:56:47.401] 5 -> ? = 8 (expected 6) - conf:0.000 finger:True
[2025-09-14 18:56:47.401] 2 -> 3 = 12 (expected 4) - conf:0.000 finger:True
[2025-09-14 18:56:47.401] 4 -> 5 = 8 (expected 6) - conf:0.000 finger:True
[2025-09-14 18:56:47.403] 1 + 2 = 3 (expected 3) + conf:0.000 finger:True
[2025-09-14 18:56:47.405] 2 + 2 = 4 (expected 4) + conf:0.000 finger:True
[2025-09-14 18:56:47.407] 3 + 4 = 7 (expected 7) + conf:0.000 finger:True
[2025-09-14 18:56:47.410] 4 + 5 = 9 (expected 9) + conf:0.000 finger:True
[2025-09-14 18:56:47.412] 5 + 5 = 10 (expected 10) + conf:0.000 finger:True
[2025-09-14 18:56:47.412] 
[2025-09-14 18:56:47.629] Step  1000: TF=0.100 CF=2.5 CX=2.7 W=1.00 Loss=0.550746 LR=0.013619 CC=0.817 (0.2s)
[2025-09-14 18:56:47.854] Step  2000: TF=0.200 CF=3.0 CX=2.6 W=1.00 Loss=1.468581 LR=0.012323 CC=0.750 (0.4s)
[2025-09-14 18:56:48.192] Step  3000: TF=0.300 CF=3.5 CX=4.2 W=0.85 Loss=0.797144 LR=0.011150 CC=0.750 (0.8s)
[2025-09-14 18:56:48.708] Step  4000: TF=0.400 CF=5.6 CX=5.3 W=0.31 Loss=0.004975 LR=0.010089 CC=0.750 (1.3s)
[2025-09-14 18:56:49.426] Step  5000: TF=0.500 CF=6.5 CX=5.0 W=0.46 Loss=0.088580 LR=0.009129 CC=0.750 (2.0s)
[2025-09-14 18:56:50.341] Step  6000: TF=0.600 CF=7.4 CX=6.0 W=0.62 Loss=0.335006 LR=0.008260 CC=0.750 (2.9s)
[2025-09-14 18:56:51.020] Step  7000: TF=0.700 CF=8.3 CX=9.1 W=0.77 Loss=0.195340 LR=0.007474 CC=0.750 (3.6s)
[2025-09-14 18:56:51.354] Step  8000: TF=0.800 CF=6.0 CX=5.3 W=0.20 Loss=0.035246 LR=0.006763 CC=0.750 (3.9s)
[2025-09-14 18:56:51.658] Step  9000: TF=0.900 CF=6.5 CX=5.9 W=0.20 Loss=0.011734 LR=0.006119 CC=0.750 (4.2s)
[2025-09-14 18:56:51.957] Step 10000: TF=1.000 CF=11.0 CX=11.6 W=1.00 Loss=0.055460 LR=0.005537 CC=0.750 (4.5s)
[2025-09-14 18:56:52.245] Step 11000: TF=1.000 CF=11.0 CX=10.5 W=1.00 Loss=0.001543 LR=0.005010 CC=0.750 (4.8s)
[2025-09-14 18:56:52.519] Step 12000: TF=1.000 CF=11.0 CX=10.4 W=1.00 Loss=0.001560 LR=0.004533 CC=0.750 (5.1s)
[2025-09-14 18:56:52.801] Step 13000: TF=1.000 CF=11.0 CX=10.3 W=1.00 Loss=0.001238 LR=0.004102 CC=0.750 (5.4s)
[2025-09-14 18:56:53.076] Step 14000: TF=1.000 CF=11.0 CX=11.1 W=1.00 Loss=0.042269 LR=0.003711 CC=0.750 (5.7s)
[2025-09-14 18:56:53.352] Step 15000: TF=1.000 CF=11.0 CX=11.8 W=1.00 Loss=0.022018 LR=0.003358 CC=0.750 (5.9s)
[2025-09-14 18:56:53.352] === Training complete ===
