[2025-09-15 14:37:29.296] === EFFECTIVE CONFIGURATION ===
[2025-09-15 14:37:29.297] {
[2025-09-15 14:37:29.297]   "_config_path": ".sweep_tmp/cfg_addition_start_step=6000.json",
[2025-09-15 14:37:29.297]   "_overrides": [],
[2025-09-15 14:37:29.297]   "_raw_config": {
[2025-09-15 14:37:29.297]     "addition_cf_max": 11.0,
[2025-09-15 14:37:29.297]     "addition_cf_min": 2.0,
[2025-09-15 14:37:29.297]     "addition_start_step": 6000,
[2025-09-15 14:37:29.297]     "cf_max_complexity": 7.0,
[2025-09-15 14:37:29.297]     "cf_min_complexity": 2.0,
[2025-09-15 14:37:29.297]     "cf_sd": 1.2,
[2025-09-15 14:37:29.297]     "checkpoint_interval": 5000,
[2025-09-15 14:37:29.297]     "confidence_criterion_start": 0.9,
[2025-09-15 14:37:29.297]     "confidence_floor": 0.75,
[2025-09-15 14:37:29.297]     "counting_fade_rate": 0.00015,
[2025-09-15 14:37:29.297]     "counting_focus_steps": 6000,
[2025-09-15 14:37:29.297]     "cx_sd": 0.9,
[2025-09-15 14:37:29.297]     "gate_freeze_until_step": 3000,
[2025-09-15 14:37:29.297]     "hidden_size": 64,
[2025-09-15 14:37:29.297]     "learning_rate": 0.005,
[2025-09-15 14:37:29.297]     "learning_rate_floor": 0.002,
[2025-09-15 14:37:29.297]     "lr_decay": 0.9999,
[2025-09-15 14:37:29.297]     "outdir": "results",
[2025-09-15 14:37:29.297]     "tf_rate_addition": 0.0001,
[2025-09-15 14:37:29.297]     "tf_rate_counting": 0.0001,
[2025-09-15 14:37:29.297]     "total_steps": 50000
[2025-09-15 14:37:29.297]   },
[2025-09-15 14:37:29.297]   "addition_cf_max": 11.0,
[2025-09-15 14:37:29.297]   "addition_cf_min": 2.0,
[2025-09-15 14:37:29.297]   "addition_start_step": 6000,
[2025-09-15 14:37:29.297]   "cf_max_complexity": 7.0,
[2025-09-15 14:37:29.297]   "cf_min_complexity": 2.0,
[2025-09-15 14:37:29.297]   "cf_sd": 1.2,
[2025-09-15 14:37:29.297]   "cf_variance": 1.5,
[2025-09-15 14:37:29.297]   "checkpoint_interval": 5000,
[2025-09-15 14:37:29.297]   "confidence_criterion_start": 0.9,
[2025-09-15 14:37:29.297]   "confidence_floor": 0.75,
[2025-09-15 14:37:29.297]   "counting_fade_rate": 0.00015,
[2025-09-15 14:37:29.297]   "counting_focus_steps": 6000,
[2025-09-15 14:37:29.297]   "cx_sd": 0.9,
[2025-09-15 14:37:29.297]   "cx_variance": 0.8,
[2025-09-15 14:37:29.297]   "gate_freeze_until_step": 3000,
[2025-09-15 14:37:29.297]   "hidden_size": 64,
[2025-09-15 14:37:29.297]   "learning_rate": 0.005,
[2025-09-15 14:37:29.297]   "learning_rate_floor": 0.002,
[2025-09-15 14:37:29.297]   "lr_decay": 0.9999,
[2025-09-15 14:37:29.297]   "outdir": "results/addition_start_step=6000",
[2025-09-15 14:37:29.297]   "tf_rate": 0.0001,
[2025-09-15 14:37:29.297]   "tf_rate_addition": 0.0001,
[2025-09-15 14:37:29.297]   "tf_rate_counting": 0.0001,
[2025-09-15 14:37:29.297]   "total_steps": 50000
[2025-09-15 14:37:29.297] }
[2025-09-15 14:37:29.298] === Small Math Model (Content-Gated) ===
[2025-09-15 14:37:29.298] Network: 24 -> 64 -> 12
[2025-09-15 14:37:29.298] Training steps: 50000   LR: 0.005
[2025-09-15 14:37:29.298] Gate freeze until: 3000
[2025-09-15 14:37:29.298] Confidence start: 0.9 (floor 0.75)
[2025-09-15 14:37:29.298] === Sanity check ===
[2025-09-15 14:37:29.299] 1 -> ? = 10 (expected 2) - conf:0.000 finger:True
[2025-09-15 14:37:29.299] 3 -> ? = 8 (expected 4) - conf:0.000 finger:True
[2025-09-15 14:37:29.299] 5 -> ? = 8 (expected 6) - conf:0.000 finger:True
[2025-09-15 14:37:29.299] 2 -> 3 = 12 (expected 4) - conf:0.000 finger:True
[2025-09-15 14:37:29.299] 4 -> 5 = 8 (expected 6) - conf:0.000 finger:True
[2025-09-15 14:37:29.301] 1 + 2 = 3 (expected 3) + conf:0.000 finger:True
[2025-09-15 14:37:29.302] 2 + 2 = 4 (expected 4) + conf:0.000 finger:True
[2025-09-15 14:37:29.305] 3 + 4 = 7 (expected 7) + conf:0.000 finger:True
[2025-09-15 14:37:29.307] 4 + 5 = 9 (expected 9) + conf:0.000 finger:True
[2025-09-15 14:37:29.309] 5 + 5 = 10 (expected 10) + conf:0.000 finger:True
[2025-09-15 14:37:29.310] 
[2025-09-15 14:37:29.573] Step  1000: TF=0.100 CF=2.5 CX=2.3 W=1.00 Loss=1.390749 LR=0.004540 CC=0.817 (0.3s)
[2025-09-15 14:37:29.824] Step  2000: TF=0.200 CF=3.0 CX=2.7 W=1.00 Loss=1.736781 LR=0.004108 CC=0.750 (0.5s)
[2025-09-15 14:37:30.061] Step  3000: TF=0.300 CF=3.5 CX=3.1 W=1.00 Loss=0.657691 LR=0.003717 CC=0.750 (0.8s)
[2025-09-15 14:37:30.303] Step  4000: TF=0.400 CF=4.0 CX=5.0 W=1.00 Loss=4.221010 LR=0.003363 CC=0.750 (1.0s)
[2025-09-15 14:37:30.548] Step  5000: TF=0.500 CF=4.5 CX=5.9 W=1.00 Loss=2.560893 LR=0.003043 CC=0.750 (1.2s)
[2025-09-15 14:37:30.802] Step  6000: TF=0.600 CF=5.0 CX=6.3 W=1.00 Loss=1.351044 LR=0.002753 CC=0.750 (1.5s)
[2025-09-15 14:37:31.117] Step  7000: TF=0.700 CF=5.5 CX=3.9 W=0.85 Loss=2.443270 LR=0.002491 CC=0.750 (1.8s)
[2025-09-15 14:37:31.571] Step  8000: TF=0.800 CF=9.2 CX=8.7 W=0.09 Loss=4.045699 LR=0.002254 CC=0.750 (2.3s)
[2025-09-15 14:37:32.210] Step  9000: TF=0.900 CF=10.1 CX=12.0 W=0.14 Loss=4.117884 LR=0.002040 CC=0.750 (2.9s)
[2025-09-15 14:37:33.082] Step 10000: TF=1.000 CF=11.0 CX=11.6 W=0.18 Loss=0.801187 LR=0.002000 CC=0.750 (3.8s)
[2025-09-15 14:37:34.180] Step 11000: TF=1.000 CF=7.0 CX=5.9 W=0.25 Loss=0.910008 LR=0.002000 CC=0.750 (4.9s)
[2025-09-15 14:37:35.564] Step 12000: TF=1.000 CF=11.0 CX=11.1 W=0.27 Loss=1.958412 LR=0.002000 CC=0.750 (6.3s)
[2025-09-15 14:37:36.952] Step 13000: TF=1.000 CF=7.0 CX=6.6 W=0.20 Loss=0.096818 LR=0.002000 CC=0.750 (7.6s)
[2025-09-15 14:37:37.958] Step 14000: TF=1.000 CF=7.0 CX=6.9 W=0.20 Loss=0.044303 LR=0.002000 CC=0.750 (8.6s)
[2025-09-15 14:37:38.955] Step 15000: TF=1.000 CF=11.0 CX=11.4 W=0.41 Loss=1.963269 LR=0.002000 CC=0.750 (9.6s)
[2025-09-15 14:37:39.882] Step 16000: TF=1.000 CF=7.0 CX=6.7 W=0.20 Loss=0.046731 LR=0.002000 CC=0.750 (10.6s)
[2025-09-15 14:37:40.907] Step 17000: TF=1.000 CF=7.0 CX=7.4 W=0.20 Loss=0.016116 LR=0.002000 CC=0.750 (11.6s)
[2025-09-15 14:37:41.840] Step 18000: TF=1.000 CF=11.0 CX=10.9 W=0.55 Loss=0.035989 LR=0.002000 CC=0.750 (12.5s)
[2025-09-15 14:37:42.840] Step 19000: TF=1.000 CF=11.0 CX=9.2 W=0.59 Loss=0.395636 LR=0.002000 CC=0.750 (13.5s)
[2025-09-15 14:37:43.769] Step 20000: TF=1.000 CF=11.0 CX=11.0 W=0.64 Loss=0.014346 LR=0.002000 CC=0.750 (14.5s)
[2025-09-15 14:37:44.672] Step 21000: TF=1.000 CF=7.0 CX=7.0 W=0.20 Loss=0.030112 LR=0.002000 CC=0.750 (15.4s)
[2025-09-15 14:37:45.579] Step 22000: TF=1.000 CF=7.0 CX=7.0 W=0.20 Loss=0.030695 LR=0.002000 CC=0.750 (16.3s)
[2025-09-15 14:37:46.519] Step 23000: TF=1.000 CF=7.0 CX=7.0 W=0.20 Loss=0.029041 LR=0.002000 CC=0.750 (17.2s)
[2025-09-15 14:37:47.366] Step 24000: TF=1.000 CF=11.0 CX=10.5 W=0.82 Loss=0.010707 LR=0.002000 CC=0.750 (18.1s)
[2025-09-15 14:37:48.146] Step 25000: TF=1.000 CF=11.0 CX=11.6 W=0.86 Loss=0.185218 LR=0.002000 CC=0.750 (18.8s)
[2025-09-15 14:37:48.867] Step 26000: TF=1.000 CF=7.0 CX=7.6 W=0.20 Loss=0.051875 LR=0.002000 CC=0.750 (19.6s)
[2025-09-15 14:37:49.582] Step 27000: TF=1.000 CF=11.0 CX=12.0 W=0.95 Loss=0.000001 LR=0.002000 CC=0.750 (20.3s)
[2025-09-15 14:37:50.291] Step 28000: TF=1.000 CF=11.0 CX=11.9 W=1.00 Loss=0.050151 LR=0.002000 CC=0.750 (21.0s)
[2025-09-15 14:37:50.940] Step 29000: TF=1.000 CF=7.0 CX=6.6 W=0.20 Loss=0.007563 LR=0.002000 CC=0.750 (21.6s)
[2025-09-15 14:37:51.679] Step 30000: TF=1.000 CF=7.0 CX=6.2 W=0.20 Loss=0.005206 LR=0.002000 CC=0.750 (22.4s)
[2025-09-15 14:37:52.366] Step 31000: TF=1.000 CF=11.0 CX=12.0 W=1.00 Loss=0.087415 LR=0.002000 CC=0.750 (23.1s)
[2025-09-15 14:37:53.004] Step 32000: TF=1.000 CF=11.0 CX=9.5 W=1.00 Loss=0.058143 LR=0.002000 CC=0.750 (23.7s)
[2025-09-15 14:37:53.691] Step 33000: TF=1.000 CF=11.0 CX=11.4 W=1.00 Loss=0.257412 LR=0.002000 CC=0.750 (24.4s)
[2025-09-15 14:37:54.258] Step 34000: TF=1.000 CF=11.0 CX=9.3 W=1.00 Loss=0.033880 LR=0.002000 CC=0.750 (24.9s)
[2025-09-15 14:37:54.835] Step 35000: TF=1.000 CF=11.0 CX=11.9 W=1.00 Loss=0.276364 LR=0.002000 CC=0.750 (25.5s)
[2025-09-15 14:37:55.401] Step 36000: TF=1.000 CF=11.0 CX=11.8 W=1.00 Loss=0.000000 LR=0.002000 CC=0.750 (26.1s)
[2025-09-15 14:37:55.935] Step 37000: TF=1.000 CF=7.0 CX=5.1 W=0.20 Loss=0.026229 LR=0.002000 CC=0.750 (26.6s)
[2025-09-15 14:37:56.396] Step 38000: TF=1.000 CF=7.0 CX=8.0 W=0.20 Loss=0.001596 LR=0.002000 CC=0.750 (27.1s)
[2025-09-15 14:37:56.851] Step 39000: TF=1.000 CF=11.0 CX=12.0 W=1.00 Loss=0.142436 LR=0.002000 CC=0.750 (27.5s)
[2025-09-15 14:37:57.242] Step 40000: TF=1.000 CF=11.0 CX=10.9 W=1.00 Loss=0.002235 LR=0.002000 CC=0.750 (27.9s)
[2025-09-15 14:37:57.607] Step 41000: TF=1.000 CF=11.0 CX=10.6 W=1.00 Loss=0.002795 LR=0.002000 CC=0.750 (28.3s)
[2025-09-15 14:37:57.951] Step 42000: TF=1.000 CF=11.0 CX=9.7 W=1.00 Loss=0.038108 LR=0.002000 CC=0.750 (28.6s)
[2025-09-15 14:37:58.267] Step 43000: TF=1.000 CF=11.0 CX=11.1 W=1.00 Loss=0.008101 LR=0.002000 CC=0.750 (29.0s)
[2025-09-15 14:37:58.577] Step 44000: TF=1.000 CF=11.0 CX=12.0 W=1.00 Loss=0.007659 LR=0.002000 CC=0.750 (29.3s)
[2025-09-15 14:37:58.972] Step 45000: TF=1.000 CF=11.0 CX=10.9 W=1.00 Loss=0.001440 LR=0.002000 CC=0.750 (29.7s)
[2025-09-15 14:37:59.277] Step 46000: TF=1.000 CF=11.0 CX=9.8 W=1.00 Loss=0.034054 LR=0.002000 CC=0.750 (30.0s)
[2025-09-15 14:37:59.582] Step 47000: TF=1.000 CF=11.0 CX=9.9 W=1.00 Loss=0.020759 LR=0.002000 CC=0.750 (30.3s)
[2025-09-15 14:37:59.895] Step 48000: TF=1.000 CF=11.0 CX=11.2 W=1.00 Loss=0.083081 LR=0.002000 CC=0.750 (30.6s)
[2025-09-15 14:38:00.210] Step 49000: TF=1.000 CF=11.0 CX=11.0 W=1.00 Loss=0.001312 LR=0.002000 CC=0.750 (30.9s)
[2025-09-15 14:38:00.533] Step 50000: TF=1.000 CF=11.0 CX=11.0 W=1.00 Loss=0.001107 LR=0.002000 CC=0.750 (31.2s)
[2025-09-15 14:38:00.534] === Training complete ===
