[2025-09-15 14:41:08.698] === EFFECTIVE CONFIGURATION ===
[2025-09-15 14:41:08.698] {
[2025-09-15 14:41:08.698]   "_config_path": ".sweep_tmp/cfg_addition_start_step=6000.json",
[2025-09-15 14:41:08.698]   "_overrides": [],
[2025-09-15 14:41:08.698]   "_raw_config": {
[2025-09-15 14:41:08.698]     "addition_cf_max": 11.0,
[2025-09-15 14:41:08.698]     "addition_cf_min": 2.0,
[2025-09-15 14:41:08.698]     "addition_start_step": 6000,
[2025-09-15 14:41:08.698]     "cf_max_complexity": 7.0,
[2025-09-15 14:41:08.698]     "cf_min_complexity": 2.0,
[2025-09-15 14:41:08.698]     "cf_sd": 1.2,
[2025-09-15 14:41:08.698]     "checkpoint_interval": 5000,
[2025-09-15 14:41:08.698]     "confidence_criterion_start": 0.9,
[2025-09-15 14:41:08.698]     "confidence_floor": 0.75,
[2025-09-15 14:41:08.698]     "counting_fade_rate": 0.00015,
[2025-09-15 14:41:08.698]     "counting_focus_steps": 6000,
[2025-09-15 14:41:08.698]     "cx_sd": 0.9,
[2025-09-15 14:41:08.698]     "gate_freeze_until_step": 3000,
[2025-09-15 14:41:08.698]     "hidden_size": 64,
[2025-09-15 14:41:08.698]     "learning_rate": 0.005,
[2025-09-15 14:41:08.698]     "learning_rate_floor": 0.002,
[2025-09-15 14:41:08.698]     "lr_decay": 0.9999,
[2025-09-15 14:41:08.698]     "outdir": "results",
[2025-09-15 14:41:08.698]     "tf_rate_addition": 0.0001,
[2025-09-15 14:41:08.698]     "tf_rate_counting": 0.0001,
[2025-09-15 14:41:08.698]     "total_steps": 50000
[2025-09-15 14:41:08.698]   },
[2025-09-15 14:41:08.698]   "addition_cf_max": 11.0,
[2025-09-15 14:41:08.698]   "addition_cf_min": 2.0,
[2025-09-15 14:41:08.698]   "addition_start_step": 6000,
[2025-09-15 14:41:08.699]   "cf_max_complexity": 7.0,
[2025-09-15 14:41:08.699]   "cf_min_complexity": 2.0,
[2025-09-15 14:41:08.699]   "cf_sd": 1.2,
[2025-09-15 14:41:08.699]   "cf_variance": 1.5,
[2025-09-15 14:41:08.699]   "checkpoint_interval": 5000,
[2025-09-15 14:41:08.699]   "confidence_criterion_start": 0.9,
[2025-09-15 14:41:08.699]   "confidence_floor": 0.75,
[2025-09-15 14:41:08.699]   "counting_fade_rate": 0.00015,
[2025-09-15 14:41:08.699]   "counting_focus_steps": 6000,
[2025-09-15 14:41:08.699]   "cx_sd": 0.9,
[2025-09-15 14:41:08.699]   "cx_variance": 0.8,
[2025-09-15 14:41:08.699]   "gate_freeze_until_step": 3000,
[2025-09-15 14:41:08.699]   "hidden_size": 64,
[2025-09-15 14:41:08.699]   "learning_rate": 0.005,
[2025-09-15 14:41:08.699]   "learning_rate_floor": 0.002,
[2025-09-15 14:41:08.699]   "lr_decay": 0.9999,
[2025-09-15 14:41:08.699]   "outdir": "results/addition_start_step=6000",
[2025-09-15 14:41:08.699]   "tf_rate": 0.0001,
[2025-09-15 14:41:08.699]   "tf_rate_addition": 0.0001,
[2025-09-15 14:41:08.699]   "tf_rate_counting": 0.0001,
[2025-09-15 14:41:08.699]   "total_steps": 50000
[2025-09-15 14:41:08.699] }
[2025-09-15 14:41:08.700] === Small Math Model (Content-Gated) ===
[2025-09-15 14:41:08.700] Network: 24 -> 64 -> 12
[2025-09-15 14:41:08.700] Training steps: 50000   LR: 0.005
[2025-09-15 14:41:08.700] Gate freeze until: 3000
[2025-09-15 14:41:08.700] Confidence start: 0.9 (floor 0.75)
[2025-09-15 14:41:08.700] === Sanity check ===
[2025-09-15 14:41:08.701] 1 -> ? = 10 (expected 2) - conf:0.000 finger:True
[2025-09-15 14:41:08.701] 3 -> ? = 8 (expected 4) - conf:0.000 finger:True
[2025-09-15 14:41:08.701] 5 -> ? = 8 (expected 6) - conf:0.000 finger:True
[2025-09-15 14:41:08.701] 2 -> 3 = 12 (expected 4) - conf:0.000 finger:True
[2025-09-15 14:41:08.701] 4 -> 5 = 8 (expected 6) - conf:0.000 finger:True
[2025-09-15 14:41:08.703] 1 + 2 = 3 (expected 3) + conf:0.000 finger:True
[2025-09-15 14:41:08.705] 2 + 2 = 4 (expected 4) + conf:0.000 finger:True
[2025-09-15 14:41:08.708] 3 + 4 = 7 (expected 7) + conf:0.000 finger:True
[2025-09-15 14:41:08.711] 4 + 5 = 9 (expected 9) + conf:0.000 finger:True
[2025-09-15 14:41:08.715] 5 + 5 = 10 (expected 10) + conf:0.000 finger:True
[2025-09-15 14:41:08.715] 
[2025-09-15 14:41:09.091] Step  1000: TF=0.100 CF=2.5 CX=3.6 W=1.00 Loss=1.345100 LR=0.004540 CC=0.817 (0.4s)
[2025-09-15 14:41:09.521] Step  2000: TF=0.200 CF=3.0 CX=3.1 W=1.00 Loss=0.417606 LR=0.004108 CC=0.750 (0.8s)
[2025-09-15 14:41:09.869] Step  3000: TF=0.300 CF=3.5 CX=3.4 W=1.00 Loss=1.120441 LR=0.003717 CC=0.750 (1.2s)
[2025-09-15 14:41:10.154] Step  4000: TF=0.400 CF=4.0 CX=5.2 W=1.00 Loss=1.471222 LR=0.003363 CC=0.750 (1.4s)
[2025-09-15 14:41:10.400] Step  5000: TF=0.500 CF=4.5 CX=4.0 W=1.00 Loss=0.850117 LR=0.003043 CC=0.750 (1.7s)
[2025-09-15 14:41:10.648] Step  6000: TF=0.600 CF=5.0 CX=5.7 W=1.00 Loss=1.345753 LR=0.002753 CC=0.750 (1.9s)
[2025-09-15 14:41:10.976] Step  7000: TF=0.700 CF=5.5 CX=5.6 W=0.85 Loss=1.115831 LR=0.002491 CC=0.750 (2.3s)
[2025-09-15 14:41:11.416] Step  8000: TF=0.800 CF=6.0 CX=6.8 W=0.70 Loss=0.906776 LR=0.002254 CC=0.750 (2.7s)
[2025-09-15 14:41:12.370] Step  9000: TF=0.900 CF=6.5 CX=6.4 W=0.55 Loss=0.668288 LR=0.002040 CC=0.750 (3.7s)
[2025-09-15 14:41:13.393] Step 10000: TF=1.000 CF=11.0 CX=10.8 W=0.18 Loss=0.672559 LR=0.002000 CC=0.750 (4.7s)
[2025-09-15 14:41:14.576] Step 11000: TF=1.000 CF=11.0 CX=12.0 W=0.23 Loss=2.689803 LR=0.002000 CC=0.750 (5.9s)
[2025-09-15 14:41:16.023] Step 12000: TF=1.000 CF=7.0 CX=6.7 W=0.20 Loss=0.102984 LR=0.002000 CC=0.750 (7.3s)
[2025-09-15 14:41:17.583] Step 13000: TF=1.000 CF=7.0 CX=7.2 W=0.20 Loss=0.142088 LR=0.002000 CC=0.750 (8.9s)
[2025-09-15 14:41:18.565] Step 14000: TF=1.000 CF=7.0 CX=6.1 W=0.20 Loss=0.046930 LR=0.002000 CC=0.750 (9.8s)
[2025-09-15 14:41:19.477] Step 15000: TF=1.000 CF=11.0 CX=10.8 W=0.41 Loss=0.130636 LR=0.002000 CC=0.750 (10.8s)
[2025-09-15 14:41:20.387] Step 16000: TF=1.000 CF=7.0 CX=8.2 W=0.20 Loss=0.009609 LR=0.002000 CC=0.750 (11.7s)
[2025-09-15 14:41:21.322] Step 17000: TF=1.000 CF=11.0 CX=11.6 W=0.50 Loss=0.117986 LR=0.002000 CC=0.750 (12.6s)
[2025-09-15 14:41:22.343] Step 18000: TF=1.000 CF=11.0 CX=11.4 W=0.55 Loss=1.726209 LR=0.002000 CC=0.750 (13.6s)
[2025-09-15 14:41:23.404] Step 19000: TF=1.000 CF=11.0 CX=11.6 W=0.59 Loss=1.816212 LR=0.002000 CC=0.750 (14.7s)
[2025-09-15 14:41:24.426] Step 20000: TF=1.000 CF=11.0 CX=10.6 W=0.64 Loss=0.021522 LR=0.002000 CC=0.750 (15.7s)
[2025-09-15 14:41:25.737] Step 21000: TF=1.000 CF=11.0 CX=9.6 W=0.68 Loss=0.017060 LR=0.002000 CC=0.750 (17.0s)
[2025-09-15 14:41:27.160] Step 22000: TF=1.000 CF=11.0 CX=12.0 W=0.73 Loss=0.472741 LR=0.002000 CC=0.750 (18.4s)
[2025-09-15 14:41:28.230] Step 23000: TF=1.000 CF=11.0 CX=11.3 W=0.77 Loss=1.512131 LR=0.002000 CC=0.750 (19.5s)
[2025-09-15 14:41:29.250] Step 24000: TF=1.000 CF=11.0 CX=12.0 W=0.82 Loss=0.151013 LR=0.002000 CC=0.750 (20.5s)
[2025-09-15 14:41:30.477] Step 25000: TF=1.000 CF=7.0 CX=6.8 W=0.20 Loss=0.013184 LR=0.002000 CC=0.750 (21.8s)
[2025-09-15 14:41:31.363] Step 26000: TF=1.000 CF=7.0 CX=6.5 W=0.20 Loss=0.030892 LR=0.002000 CC=0.750 (22.6s)
[2025-09-15 14:41:32.111] Step 27000: TF=1.000 CF=11.0 CX=10.3 W=0.95 Loss=0.006435 LR=0.002000 CC=0.750 (23.4s)
[2025-09-15 14:41:32.819] Step 28000: TF=1.000 CF=11.0 CX=9.8 W=1.00 Loss=0.003440 LR=0.002000 CC=0.750 (24.1s)
[2025-09-15 14:41:33.549] Step 29000: TF=1.000 CF=11.0 CX=11.2 W=1.00 Loss=0.495932 LR=0.002000 CC=0.750 (24.8s)
[2025-09-15 14:41:34.190] Step 30000: TF=1.000 CF=11.0 CX=10.8 W=1.00 Loss=0.004021 LR=0.002000 CC=0.750 (25.5s)
[2025-09-15 14:41:34.809] Step 31000: TF=1.000 CF=11.0 CX=11.0 W=1.00 Loss=0.368978 LR=0.002000 CC=0.750 (26.1s)
[2025-09-15 14:41:35.468] Step 32000: TF=1.000 CF=7.0 CX=6.0 W=0.20 Loss=0.004952 LR=0.002000 CC=0.750 (26.8s)
[2025-09-15 14:41:36.098] Step 33000: TF=1.000 CF=11.0 CX=11.0 W=1.00 Loss=0.114598 LR=0.002000 CC=0.750 (27.4s)
[2025-09-15 14:41:36.679] Step 34000: TF=1.000 CF=11.0 CX=9.8 W=1.00 Loss=0.064268 LR=0.002000 CC=0.750 (28.0s)
[2025-09-15 14:41:37.320] Step 35000: TF=1.000 CF=11.0 CX=9.4 W=1.00 Loss=0.003568 LR=0.002000 CC=0.750 (28.6s)
[2025-09-15 14:41:37.839] Step 36000: TF=1.000 CF=11.0 CX=11.7 W=1.00 Loss=0.307781 LR=0.002000 CC=0.750 (29.1s)
[2025-09-15 14:41:38.371] Step 37000: TF=1.000 CF=11.0 CX=11.5 W=1.00 Loss=0.141154 LR=0.002000 CC=0.750 (29.7s)
[2025-09-15 14:41:38.872] Step 38000: TF=1.000 CF=11.0 CX=10.4 W=1.00 Loss=0.002197 LR=0.002000 CC=0.750 (30.2s)
[2025-09-15 14:41:39.293] Step 39000: TF=1.000 CF=11.0 CX=10.2 W=1.00 Loss=0.003173 LR=0.002000 CC=0.750 (30.6s)
[2025-09-15 14:41:39.694] Step 40000: TF=1.000 CF=11.0 CX=12.0 W=1.00 Loss=0.170297 LR=0.002000 CC=0.750 (31.0s)
[2025-09-15 14:41:40.054] Step 41000: TF=1.000 CF=11.0 CX=10.5 W=1.00 Loss=0.002528 LR=0.002000 CC=0.750 (31.3s)
[2025-09-15 14:41:40.397] Step 42000: TF=1.000 CF=11.0 CX=10.8 W=1.00 Loss=0.002141 LR=0.002000 CC=0.750 (31.7s)
[2025-09-15 14:41:40.722] Step 43000: TF=1.000 CF=11.0 CX=11.0 W=1.00 Loss=-0.000000 LR=0.002000 CC=0.750 (32.0s)
[2025-09-15 14:41:41.031] Step 44000: TF=1.000 CF=11.0 CX=11.1 W=1.00 Loss=0.046725 LR=0.002000 CC=0.750 (32.3s)
[2025-09-15 14:41:41.345] Step 45000: TF=1.000 CF=7.0 CX=7.2 W=0.20 Loss=0.001319 LR=0.002000 CC=0.750 (32.6s)
[2025-09-15 14:41:41.663] Step 46000: TF=1.000 CF=11.0 CX=11.6 W=1.00 Loss=0.034534 LR=0.002000 CC=0.750 (32.9s)
[2025-09-15 14:41:41.969] Step 47000: TF=1.000 CF=7.0 CX=5.5 W=0.20 Loss=0.019545 LR=0.002000 CC=0.750 (33.3s)
[2025-09-15 14:41:42.271] Step 48000: TF=1.000 CF=11.0 CX=10.9 W=1.00 Loss=0.001111 LR=0.002000 CC=0.750 (33.6s)
[2025-09-15 14:41:42.579] Step 49000: TF=1.000 CF=11.0 CX=11.4 W=1.00 Loss=0.000000 LR=0.002000 CC=0.750 (33.9s)
[2025-09-15 14:41:42.887] Step 50000: TF=1.000 CF=11.0 CX=9.9 W=1.00 Loss=0.015942 LR=0.002000 CC=0.750 (34.2s)
[2025-09-15 14:41:42.887] === Training complete ===
