[2025-09-15 14:34:21.375] === EFFECTIVE CONFIGURATION ===
[2025-09-15 14:34:21.375] {
[2025-09-15 14:34:21.375]   "_config_path": ".sweep_tmp/cfg_addition_start_step=6000.json",
[2025-09-15 14:34:21.375]   "_overrides": [],
[2025-09-15 14:34:21.375]   "_raw_config": {
[2025-09-15 14:34:21.375]     "addition_cf_max": 11.0,
[2025-09-15 14:34:21.375]     "addition_cf_min": 2.0,
[2025-09-15 14:34:21.375]     "addition_start_step": 6000,
[2025-09-15 14:34:21.375]     "cf_max_complexity": 7.0,
[2025-09-15 14:34:21.375]     "cf_min_complexity": 2.0,
[2025-09-15 14:34:21.375]     "cf_sd": 1.2,
[2025-09-15 14:34:21.375]     "checkpoint_interval": 5000,
[2025-09-15 14:34:21.375]     "confidence_criterion_start": 0.9,
[2025-09-15 14:34:21.375]     "confidence_floor": 0.75,
[2025-09-15 14:34:21.375]     "counting_fade_rate": 0.00015,
[2025-09-15 14:34:21.375]     "counting_focus_steps": 6000,
[2025-09-15 14:34:21.375]     "cx_sd": 0.9,
[2025-09-15 14:34:21.375]     "gate_freeze_until_step": 3000,
[2025-09-15 14:34:21.375]     "hidden_size": 64,
[2025-09-15 14:34:21.375]     "learning_rate": 0.005,
[2025-09-15 14:34:21.375]     "learning_rate_floor": 0.002,
[2025-09-15 14:34:21.375]     "lr_decay": 0.9999,
[2025-09-15 14:34:21.375]     "outdir": "results",
[2025-09-15 14:34:21.375]     "tf_rate_addition": 0.0001,
[2025-09-15 14:34:21.375]     "tf_rate_counting": 0.0001,
[2025-09-15 14:34:21.375]     "total_steps": 20000
[2025-09-15 14:34:21.375]   },
[2025-09-15 14:34:21.375]   "addition_cf_max": 11.0,
[2025-09-15 14:34:21.375]   "addition_cf_min": 2.0,
[2025-09-15 14:34:21.375]   "addition_start_step": 6000,
[2025-09-15 14:34:21.375]   "cf_max_complexity": 7.0,
[2025-09-15 14:34:21.375]   "cf_min_complexity": 2.0,
[2025-09-15 14:34:21.375]   "cf_sd": 1.2,
[2025-09-15 14:34:21.376]   "cf_variance": 1.5,
[2025-09-15 14:34:21.376]   "checkpoint_interval": 5000,
[2025-09-15 14:34:21.376]   "confidence_criterion_start": 0.9,
[2025-09-15 14:34:21.376]   "confidence_floor": 0.75,
[2025-09-15 14:34:21.376]   "counting_fade_rate": 0.00015,
[2025-09-15 14:34:21.376]   "counting_focus_steps": 6000,
[2025-09-15 14:34:21.376]   "cx_sd": 0.9,
[2025-09-15 14:34:21.376]   "cx_variance": 0.8,
[2025-09-15 14:34:21.376]   "gate_freeze_until_step": 3000,
[2025-09-15 14:34:21.376]   "hidden_size": 64,
[2025-09-15 14:34:21.376]   "learning_rate": 0.005,
[2025-09-15 14:34:21.376]   "learning_rate_floor": 0.002,
[2025-09-15 14:34:21.376]   "lr_decay": 0.9999,
[2025-09-15 14:34:21.376]   "outdir": "results/addition_start_step=6000",
[2025-09-15 14:34:21.376]   "tf_rate": 0.0001,
[2025-09-15 14:34:21.376]   "tf_rate_addition": 0.0001,
[2025-09-15 14:34:21.376]   "tf_rate_counting": 0.0001,
[2025-09-15 14:34:21.376]   "total_steps": 20000
[2025-09-15 14:34:21.376] }
[2025-09-15 14:34:21.377] === Small Math Model (Content-Gated) ===
[2025-09-15 14:34:21.377] Network: 24 -> 64 -> 12
[2025-09-15 14:34:21.377] Training steps: 20000   LR: 0.005
[2025-09-15 14:34:21.377] Gate freeze until: 3000
[2025-09-15 14:34:21.377] Confidence start: 0.9 (floor 0.75)
[2025-09-15 14:34:21.377] === Sanity check ===
[2025-09-15 14:34:21.377] 1 -> ? = 10 (expected 2) - conf:0.000 finger:True
[2025-09-15 14:34:21.377] 3 -> ? = 8 (expected 4) - conf:0.000 finger:True
[2025-09-15 14:34:21.377] 5 -> ? = 8 (expected 6) - conf:0.000 finger:True
[2025-09-15 14:34:21.377] 2 -> 3 = 12 (expected 4) - conf:0.000 finger:True
[2025-09-15 14:34:21.377] 4 -> 5 = 8 (expected 6) - conf:0.000 finger:True
[2025-09-15 14:34:21.379] 1 + 2 = 3 (expected 3) + conf:0.000 finger:True
[2025-09-15 14:34:21.381] 2 + 2 = 4 (expected 4) + conf:0.000 finger:True
[2025-09-15 14:34:21.383] 3 + 4 = 7 (expected 7) + conf:0.000 finger:True
[2025-09-15 14:34:21.386] 4 + 5 = 9 (expected 9) + conf:0.000 finger:True
[2025-09-15 14:34:21.388] 5 + 5 = 10 (expected 10) + conf:0.000 finger:True
[2025-09-15 14:34:21.388] 
[2025-09-15 14:34:21.654] Step  1000: TF=0.100 CF=2.5 CX=2.0 W=1.00 Loss=2.342645 LR=0.004540 CC=0.817 (0.3s)
[2025-09-15 14:34:21.900] Step  2000: TF=0.200 CF=3.0 CX=3.9 W=1.00 Loss=0.579644 LR=0.004108 CC=0.750 (0.5s)
[2025-09-15 14:34:22.139] Step  3000: TF=0.300 CF=3.5 CX=3.1 W=1.00 Loss=0.890503 LR=0.003717 CC=0.750 (0.8s)
[2025-09-15 14:34:22.385] Step  4000: TF=0.400 CF=4.0 CX=3.0 W=1.00 Loss=1.146141 LR=0.003363 CC=0.750 (1.0s)
[2025-09-15 14:34:22.643] Step  5000: TF=0.500 CF=4.5 CX=4.3 W=1.00 Loss=1.092279 LR=0.003043 CC=0.750 (1.3s)
[2025-09-15 14:34:22.886] Step  6000: TF=0.600 CF=5.0 CX=4.7 W=1.00 Loss=0.975982 LR=0.002753 CC=0.750 (1.5s)
[2025-09-15 14:34:23.323] Step  7000: TF=0.700 CF=5.5 CX=4.5 W=0.85 Loss=1.060428 LR=0.002491 CC=0.750 (1.9s)
[2025-09-15 14:34:24.096] Step  8000: TF=0.800 CF=6.0 CX=6.9 W=0.70 Loss=0.831324 LR=0.002254 CC=0.750 (2.7s)
[2025-09-15 14:34:25.258] Step  9000: TF=0.900 CF=10.1 CX=9.4 W=0.43 Loss=1.454718 LR=0.002040 CC=0.750 (3.9s)
[2025-09-15 14:34:26.764] Step 10000: TF=1.000 CF=11.0 CX=11.7 W=0.57 Loss=0.027299 LR=0.002000 CC=0.750 (5.4s)
[2025-09-15 14:34:28.144] Step 11000: TF=1.000 CF=11.0 CX=11.6 W=0.71 Loss=0.002123 LR=0.002000 CC=0.750 (6.8s)
[2025-09-15 14:34:29.433] Step 12000: TF=1.000 CF=11.0 CX=11.0 W=0.86 Loss=2.018054 LR=0.002000 CC=0.750 (8.0s)
[2025-09-15 14:34:30.499] Step 13000: TF=1.000 CF=7.0 CX=6.1 W=0.20 Loss=0.137237 LR=0.002000 CC=0.750 (9.1s)
[2025-09-15 14:34:31.516] Step 14000: TF=1.000 CF=11.0 CX=12.0 W=1.00 Loss=1.534872 LR=0.002000 CC=0.750 (10.1s)
[2025-09-15 14:34:32.525] Step 15000: TF=1.000 CF=11.0 CX=11.5 W=1.00 Loss=0.021526 LR=0.002000 CC=0.750 (11.1s)
[2025-09-15 14:34:33.506] Step 16000: TF=1.000 CF=11.0 CX=12.0 W=1.00 Loss=0.025007 LR=0.002000 CC=0.750 (12.1s)
[2025-09-15 14:34:34.590] Step 17000: TF=1.000 CF=11.0 CX=10.7 W=1.00 Loss=0.029845 LR=0.002000 CC=0.750 (13.2s)
[2025-09-15 14:34:35.651] Step 18000: TF=1.000 CF=11.0 CX=11.0 W=1.00 Loss=1.196674 LR=0.002000 CC=0.750 (14.3s)
[2025-09-15 14:34:36.541] Step 19000: TF=1.000 CF=11.0 CX=9.9 W=1.00 Loss=0.171338 LR=0.002000 CC=0.750 (15.2s)
[2025-09-15 14:34:37.339] Step 20000: TF=1.000 CF=11.0 CX=10.7 W=1.00 Loss=0.013121 LR=0.002000 CC=0.750 (16.0s)
[2025-09-15 14:34:37.339] === Training complete ===
