[2025-09-16 20:32:58.854] === EFFECTIVE CONFIGURATION ===
[2025-09-16 20:32:58.854] {
[2025-09-16 20:32:58.854]   "_config_path": ".sweep_tmp/cfg_addition_start_step=14000.json",
[2025-09-16 20:32:58.854]   "_overrides": [],
[2025-09-16 20:32:58.854]   "_raw_config": {
[2025-09-16 20:32:58.854]     "addition_cf_max": 11.0,
[2025-09-16 20:32:58.854]     "addition_cf_min": 2.0,
[2025-09-16 20:32:58.854]     "addition_start_step": 14000,
[2025-09-16 20:32:58.854]     "cf_max_complexity": 7.0,
[2025-09-16 20:32:58.854]     "cf_min_complexity": 2.0,
[2025-09-16 20:32:58.854]     "cf_sd": 1.2,
[2025-09-16 20:32:58.854]     "checkpoint_interval": 5000,
[2025-09-16 20:32:58.854]     "confidence_criterion_start": 0.9,
[2025-09-16 20:32:58.854]     "confidence_floor": 0.75,
[2025-09-16 20:32:58.854]     "counting_fade_rate": 0.00015,
[2025-09-16 20:32:58.854]     "counting_focus_steps": 6000,
[2025-09-16 20:32:58.854]     "cx_sd": 0.9,
[2025-09-16 20:32:58.854]     "gate_freeze_until_step": 3000,
[2025-09-16 20:32:58.854]     "hidden_size": 64,
[2025-09-16 20:32:58.854]     "learning_rate": 0.005,
[2025-09-16 20:32:58.854]     "learning_rate_floor": 0.002,
[2025-09-16 20:32:58.854]     "lr_decay": 0.9999,
[2025-09-16 20:32:58.854]     "outdir": "results",
[2025-09-16 20:32:58.855]     "tf_rate_addition": 0.0001,
[2025-09-16 20:32:58.855]     "tf_rate_counting": 0.0001,
[2025-09-16 20:32:58.855]     "total_steps": 50000
[2025-09-16 20:32:58.855]   },
[2025-09-16 20:32:58.855]   "addition_cf_max": 11.0,
[2025-09-16 20:32:58.855]   "addition_cf_min": 2.0,
[2025-09-16 20:32:58.855]   "addition_start_step": 14000,
[2025-09-16 20:32:58.855]   "cf_max_complexity": 7.0,
[2025-09-16 20:32:58.855]   "cf_min_complexity": 2.0,
[2025-09-16 20:32:58.855]   "cf_sd": 1.2,
[2025-09-16 20:32:58.855]   "cf_variance": 1.5,
[2025-09-16 20:32:58.855]   "checkpoint_interval": 5000,
[2025-09-16 20:32:58.855]   "confidence_criterion_start": 0.9,
[2025-09-16 20:32:58.855]   "confidence_floor": 0.75,
[2025-09-16 20:32:58.855]   "counting_fade_rate": 0.00015,
[2025-09-16 20:32:58.855]   "counting_focus_steps": 6000,
[2025-09-16 20:32:58.855]   "cx_sd": 0.9,
[2025-09-16 20:32:58.855]   "cx_variance": 0.8,
[2025-09-16 20:32:58.855]   "gate_freeze_until_step": 3000,
[2025-09-16 20:32:58.855]   "hidden_size": 64,
[2025-09-16 20:32:58.855]   "learning_rate": 0.005,
[2025-09-16 20:32:58.855]   "learning_rate_floor": 0.002,
[2025-09-16 20:32:58.855]   "lr_decay": 0.9999,
[2025-09-16 20:32:58.855]   "outdir": "results/addition_start_step=14000",
[2025-09-16 20:32:58.855]   "tf_rate": 0.0001,
[2025-09-16 20:32:58.855]   "tf_rate_addition": 0.0001,
[2025-09-16 20:32:58.855]   "tf_rate_counting": 0.0001,
[2025-09-16 20:32:58.855]   "total_steps": 50000
[2025-09-16 20:32:58.855] }
[2025-09-16 20:32:58.855] === Small Math Model (Content-Gated) ===
[2025-09-16 20:32:58.856] Network: 24 -> 64 -> 12
[2025-09-16 20:32:58.856] Training steps: 50000   LR: 0.005
[2025-09-16 20:32:58.856] Gate freeze until: 3000
[2025-09-16 20:32:58.856] Confidence start: 0.9 (floor 0.75)
[2025-09-16 20:32:58.856] === Sanity check ===
[2025-09-16 20:32:58.856] 1 -> ? = 10 (expected 2) - conf:0.000 finger:True
[2025-09-16 20:32:58.856] 3 -> ? = 8 (expected 4) - conf:0.000 finger:True
[2025-09-16 20:32:58.856] 5 -> ? = 8 (expected 6) - conf:0.000 finger:True
[2025-09-16 20:32:58.856] 2 -> 3 = 12 (expected 4) - conf:0.000 finger:True
[2025-09-16 20:32:58.856] 4 -> 5 = 8 (expected 6) - conf:0.000 finger:True
[2025-09-16 20:32:58.857] 1 + 2 = 3 (expected 3) + conf:0.000 finger:True
[2025-09-16 20:32:58.858] 2 + 2 = 4 (expected 4) + conf:0.000 finger:True
[2025-09-16 20:32:58.859] 3 + 4 = 7 (expected 7) + conf:0.000 finger:True
[2025-09-16 20:32:58.861] 4 + 5 = 9 (expected 9) + conf:0.000 finger:True
[2025-09-16 20:32:58.862] 5 + 5 = 10 (expected 10) + conf:0.000 finger:True
[2025-09-16 20:32:58.862] 
[2025-09-16 20:32:59.061] Step  1000: TF=0.100 CF=2.5 CX=2.7 W=1.00 Loss=1.550584 LR=0.004540 CC=0.817 (0.2s)
[2025-09-16 20:32:59.275] Step  2000: TF=0.200 CF=3.0 CX=2.4 W=1.00 Loss=1.548505 LR=0.004108 CC=0.750 (0.4s)
[2025-09-16 20:32:59.490] Step  3000: TF=0.300 CF=3.5 CX=3.0 W=1.00 Loss=0.743619 LR=0.003717 CC=0.750 (0.6s)
[2025-09-16 20:32:59.736] Step  4000: TF=0.400 CF=4.0 CX=3.3 W=1.00 Loss=1.271028 LR=0.003363 CC=0.750 (0.9s)
[2025-09-16 20:32:59.985] Step  5000: TF=0.500 CF=4.5 CX=4.4 W=1.00 Loss=0.802720 LR=0.003043 CC=0.750 (1.1s)
[2025-09-16 20:33:00.237] Step  6000: TF=0.600 CF=5.0 CX=4.8 W=1.00 Loss=0.724608 LR=0.002753 CC=0.750 (1.4s)
[2025-09-16 20:33:00.486] Step  7000: TF=0.700 CF=5.5 CX=5.6 W=1.00 Loss=0.795604 LR=0.002491 CC=0.750 (1.6s)
[2025-09-16 20:33:00.769] Step  8000: TF=0.800 CF=6.0 CX=6.1 W=1.00 Loss=0.389481 LR=0.002254 CC=0.750 (1.9s)
[2025-09-16 20:33:01.063] Step  9000: TF=0.900 CF=6.5 CX=7.2 W=1.00 Loss=4.579701 LR=0.002040 CC=0.750 (2.2s)
[2025-09-16 20:33:01.384] Step 10000: TF=1.000 CF=7.0 CX=6.8 W=1.00 Loss=0.160794 LR=0.002000 CC=0.750 (2.5s)
[2025-09-16 20:33:01.673] Step 11000: TF=1.000 CF=7.0 CX=7.2 W=1.00 Loss=0.348826 LR=0.002000 CC=0.750 (2.8s)
[2025-09-16 20:33:01.929] Step 12000: TF=1.000 CF=7.0 CX=7.7 W=1.00 Loss=0.295823 LR=0.002000 CC=0.750 (3.1s)
[2025-09-16 20:33:02.173] Step 13000: TF=1.000 CF=7.0 CX=6.4 W=1.00 Loss=0.039416 LR=0.002000 CC=0.750 (3.3s)
[2025-09-16 20:33:02.395] Step 14000: TF=1.000 CF=7.0 CX=6.4 W=1.00 Loss=0.024581 LR=0.002000 CC=0.750 (3.5s)
[2025-09-16 20:33:02.629] Step 15000: TF=1.000 CF=7.0 CX=7.2 W=0.85 Loss=0.691282 LR=0.002000 CC=0.750 (3.8s)
[2025-09-16 20:33:02.898] Step 16000: TF=1.000 CF=7.0 CX=7.3 W=0.70 Loss=0.620744 LR=0.002000 CC=0.750 (4.0s)
[2025-09-16 20:33:03.312] Step 17000: TF=1.000 CF=7.0 CX=7.1 W=0.55 Loss=0.400505 LR=0.002000 CC=0.750 (4.4s)
[2025-09-16 20:33:03.935] Step 18000: TF=1.000 CF=11.0 CX=12.0 W=0.22 Loss=1.773243 LR=0.002000 CC=0.750 (5.1s)
[2025-09-16 20:33:04.672] Step 19000: TF=1.000 CF=11.0 CX=9.8 W=0.28 Loss=0.322745 LR=0.002000 CC=0.750 (5.8s)
[2025-09-16 20:33:05.576] Step 20000: TF=1.000 CF=11.0 CX=12.0 W=0.33 Loss=2.863598 LR=0.002000 CC=0.750 (6.7s)
[2025-09-16 20:33:06.540] Step 21000: TF=1.000 CF=7.0 CX=7.1 W=0.20 Loss=0.083812 LR=0.002000 CC=0.750 (7.7s)
[2025-09-16 20:33:07.569] Step 22000: TF=1.000 CF=7.0 CX=7.0 W=0.20 Loss=0.181366 LR=0.002000 CC=0.750 (8.7s)
[2025-09-16 20:33:08.367] Step 23000: TF=1.000 CF=11.0 CX=12.0 W=0.50 Loss=1.654021 LR=0.002000 CC=0.750 (9.5s)
[2025-09-16 20:33:09.110] Step 24000: TF=1.000 CF=7.0 CX=6.5 W=0.20 Loss=0.067153 LR=0.002000 CC=0.750 (10.2s)
[2025-09-16 20:33:09.870] Step 25000: TF=1.000 CF=11.0 CX=12.0 W=0.61 Loss=0.444237 LR=0.002000 CC=0.750 (11.0s)
[2025-09-16 20:33:10.694] Step 26000: TF=1.000 CF=7.0 CX=6.7 W=0.20 Loss=0.018835 LR=0.002000 CC=0.750 (11.8s)
[2025-09-16 20:33:11.490] Step 27000: TF=1.000 CF=11.0 CX=11.0 W=0.72 Loss=0.023285 LR=0.002000 CC=0.750 (12.6s)
[2025-09-16 20:33:12.368] Step 28000: TF=1.000 CF=11.0 CX=11.2 W=0.78 Loss=1.745099 LR=0.002000 CC=0.750 (13.5s)
[2025-09-16 20:33:13.309] Step 29000: TF=1.000 CF=7.0 CX=7.2 W=0.20 Loss=0.005438 LR=0.002000 CC=0.750 (14.4s)
[2025-09-16 20:33:14.275] Step 30000: TF=1.000 CF=11.0 CX=11.2 W=0.89 Loss=0.630345 LR=0.002000 CC=0.750 (15.4s)
[2025-09-16 20:33:15.139] Step 31000: TF=1.000 CF=11.0 CX=9.9 W=0.94 Loss=0.170970 LR=0.002000 CC=0.750 (16.3s)
[2025-09-16 20:33:15.949] Step 32000: TF=1.000 CF=11.0 CX=11.2 W=1.00 Loss=0.915939 LR=0.002000 CC=0.750 (17.1s)
[2025-09-16 20:33:16.762] Step 33000: TF=1.000 CF=11.0 CX=12.0 W=1.00 Loss=0.008403 LR=0.002000 CC=0.750 (17.9s)
[2025-09-16 20:33:17.497] Step 34000: TF=1.000 CF=11.0 CX=9.7 W=1.00 Loss=0.007136 LR=0.002000 CC=0.750 (18.6s)
[2025-09-16 20:33:18.158] Step 35000: TF=1.000 CF=11.0 CX=11.5 W=1.00 Loss=0.552450 LR=0.002000 CC=0.750 (19.3s)
[2025-09-16 20:33:18.744] Step 36000: TF=1.000 CF=11.0 CX=12.0 W=1.00 Loss=0.204906 LR=0.002000 CC=0.750 (19.9s)
[2025-09-16 20:33:19.340] Step 37000: TF=1.000 CF=11.0 CX=10.9 W=1.00 Loss=0.006798 LR=0.002000 CC=0.750 (20.5s)
[2025-09-16 20:33:19.995] Step 38000: TF=1.000 CF=11.0 CX=10.9 W=1.00 Loss=0.003941 LR=0.002000 CC=0.750 (21.1s)
[2025-09-16 20:33:20.506] Step 39000: TF=1.000 CF=11.0 CX=12.0 W=1.00 Loss=0.359388 LR=0.002000 CC=0.750 (21.6s)
[2025-09-16 20:33:21.018] Step 40000: TF=1.000 CF=7.0 CX=5.8 W=0.20 Loss=0.007825 LR=0.002000 CC=0.750 (22.2s)
[2025-09-16 20:33:21.529] Step 41000: TF=1.000 CF=11.0 CX=10.1 W=1.00 Loss=0.003255 LR=0.002000 CC=0.750 (22.7s)
[2025-09-16 20:33:22.019] Step 42000: TF=1.000 CF=11.0 CX=10.3 W=1.00 Loss=0.002884 LR=0.002000 CC=0.750 (23.2s)
[2025-09-16 20:33:22.535] Step 43000: TF=1.000 CF=11.0 CX=10.8 W=1.00 Loss=0.003544 LR=0.002000 CC=0.750 (23.7s)
[2025-09-16 20:33:23.006] Step 44000: TF=1.000 CF=11.0 CX=11.5 W=1.00 Loss=0.017899 LR=0.002000 CC=0.750 (24.1s)
[2025-09-16 20:33:23.492] Step 45000: TF=1.000 CF=11.0 CX=9.6 W=1.00 Loss=0.020997 LR=0.002000 CC=0.750 (24.6s)
[2025-09-16 20:33:23.938] Step 46000: TF=1.000 CF=11.0 CX=9.7 W=1.00 Loss=0.001910 LR=0.002000 CC=0.750 (25.1s)
[2025-09-16 20:33:24.375] Step 47000: TF=1.000 CF=11.0 CX=11.4 W=1.00 Loss=0.013583 LR=0.002000 CC=0.750 (25.5s)
[2025-09-16 20:33:24.830] Step 48000: TF=1.000 CF=11.0 CX=11.9 W=1.00 Loss=0.254686 LR=0.002000 CC=0.750 (26.0s)
[2025-09-16 20:33:25.267] Step 49000: TF=1.000 CF=7.0 CX=7.7 W=0.20 Loss=0.000990 LR=0.002000 CC=0.750 (26.4s)
[2025-09-16 20:33:25.688] Step 50000: TF=1.000 CF=11.0 CX=10.1 W=1.00 Loss=0.001531 LR=0.002000 CC=0.750 (26.8s)
[2025-09-16 20:33:25.688] === Training complete ===
