[2025-09-11 08:56:36.205] === EFFECTIVE CONFIGURATION ===
[2025-09-11 08:56:36.205] {
[2025-09-11 08:56:36.205]   "_config_path": ".sweep_tmp/cfg_learning_rate=0p013.json",
[2025-09-11 08:56:36.205]   "_overrides": [],
[2025-09-11 08:56:36.205]   "_raw_config": {
[2025-09-11 08:56:36.206]     "addition_cf_max": 11.0,
[2025-09-11 08:56:36.206]     "addition_cf_min": 2.0,
[2025-09-11 08:56:36.206]     "addition_start_step": 8000,
[2025-09-11 08:56:36.206]     "cf_max_complexity": 7.0,
[2025-09-11 08:56:36.206]     "cf_min_complexity": 2.0,
[2025-09-11 08:56:36.206]     "cf_sd": 1.2,
[2025-09-11 08:56:36.206]     "checkpoint_interval": 5000,
[2025-09-11 08:56:36.206]     "confidence_criterion_start": 0.9,
[2025-09-11 08:56:36.206]     "confidence_floor": 0.75,
[2025-09-11 08:56:36.206]     "counting_fade_rate": 0.00015,
[2025-09-11 08:56:36.206]     "counting_focus_steps": 6000,
[2025-09-11 08:56:36.206]     "cx_sd": 0.9,
[2025-09-11 08:56:36.206]     "gate_freeze_until_step": 3000,
[2025-09-11 08:56:36.206]     "hidden_size": 64,
[2025-09-11 08:56:36.206]     "learning_rate": 0.013,
[2025-09-11 08:56:36.206]     "learning_rate_floor": 0.002,
[2025-09-11 08:56:36.206]     "lr_decay": 0.9999,
[2025-09-11 08:56:36.206]     "outdir": "results",
[2025-09-11 08:56:36.206]     "tf_rate_addition": 5e-05,
[2025-09-11 08:56:36.206]     "tf_rate_counting": 0.0002,
[2025-09-11 08:56:36.206]     "total_steps": 15000
[2025-09-11 08:56:36.206]   },
[2025-09-11 08:56:36.206]   "addition_cf_max": 11.0,
[2025-09-11 08:56:36.206]   "addition_cf_min": 2.0,
[2025-09-11 08:56:36.206]   "addition_start_step": 8000,
[2025-09-11 08:56:36.206]   "cf_max_complexity": 7.0,
[2025-09-11 08:56:36.206]   "cf_min_complexity": 2.0,
[2025-09-11 08:56:36.206]   "cf_sd": 1.2,
[2025-09-11 08:56:36.206]   "cf_variance": 1.5,
[2025-09-11 08:56:36.206]   "checkpoint_interval": 5000,
[2025-09-11 08:56:36.206]   "confidence_criterion_start": 0.9,
[2025-09-11 08:56:36.206]   "confidence_floor": 0.75,
[2025-09-11 08:56:36.206]   "counting_fade_rate": 0.00015,
[2025-09-11 08:56:36.206]   "counting_focus_steps": 6000,
[2025-09-11 08:56:36.206]   "cx_sd": 0.9,
[2025-09-11 08:56:36.206]   "cx_variance": 0.8,
[2025-09-11 08:56:36.206]   "gate_freeze_until_step": 3000,
[2025-09-11 08:56:36.206]   "hidden_size": 64,
[2025-09-11 08:56:36.206]   "learning_rate": 0.013,
[2025-09-11 08:56:36.206]   "learning_rate_floor": 0.002,
[2025-09-11 08:56:36.206]   "lr_decay": 0.9999,
[2025-09-11 08:56:36.206]   "outdir": "results/learning_rate=0.013",
[2025-09-11 08:56:36.206]   "tf_rate": 0.0001,
[2025-09-11 08:56:36.206]   "tf_rate_addition": 5e-05,
[2025-09-11 08:56:36.206]   "tf_rate_counting": 0.0002,
[2025-09-11 08:56:36.206]   "total_steps": 15000
[2025-09-11 08:56:36.206] }
[2025-09-11 08:56:36.207] === Small Math Model (Content-Gated) ===
[2025-09-11 08:56:36.207] Network: 24 -> 64 -> 12
[2025-09-11 08:56:36.207] Training steps: 15000   LR: 0.013
[2025-09-11 08:56:36.207] Gate freeze until: 3000
[2025-09-11 08:56:36.207] Confidence start: 0.9 (floor 0.75)
[2025-09-11 08:56:36.207] === Sanity check ===
[2025-09-11 08:56:36.207] 1 -> ? = 10 (expected 2) - conf:0.000 finger:True
[2025-09-11 08:56:36.207] 3 -> ? = 8 (expected 4) - conf:0.000 finger:True
[2025-09-11 08:56:36.207] 5 -> ? = 8 (expected 6) - conf:0.000 finger:True
[2025-09-11 08:56:36.207] 2 -> 3 = 12 (expected 4) - conf:0.000 finger:True
[2025-09-11 08:56:36.207] 4 -> 5 = 8 (expected 6) - conf:0.000 finger:True
[2025-09-11 08:56:36.209] 1 + 2 = 3 (expected 3) + conf:0.000 finger:True
[2025-09-11 08:56:36.211] 2 + 2 = 4 (expected 4) + conf:0.000 finger:True
[2025-09-11 08:56:36.214] 3 + 4 = 7 (expected 7) + conf:0.000 finger:True
[2025-09-11 08:56:36.216] 4 + 5 = 9 (expected 9) + conf:0.000 finger:True
[2025-09-11 08:56:36.218] 5 + 5 = 10 (expected 10) + conf:0.000 finger:True
[2025-09-11 08:56:36.218] 
[2025-09-11 08:56:36.378] Step  1000: TF=0.100 CF=2.5 CX=2.1 W=1.00 Loss=1.593735 LR=0.011803 CC=0.817 (0.2s)
[2025-09-11 08:56:36.543] Step  2000: TF=0.200 CF=3.0 CX=4.2 W=1.00 Loss=1.790596 LR=0.010680 CC=0.750 (0.3s)
[2025-09-11 08:56:36.706] Step  3000: TF=0.300 CF=3.5 CX=2.6 W=1.00 Loss=1.503212 LR=0.009663 CC=0.750 (0.5s)
[2025-09-11 08:56:36.873] Step  4000: TF=0.400 CF=4.0 CX=4.7 W=1.00 Loss=0.027137 LR=0.008744 CC=0.750 (0.7s)
[2025-09-11 08:56:37.042] Step  5000: TF=0.500 CF=4.5 CX=4.9 W=1.00 Loss=0.053982 LR=0.007912 CC=0.750 (0.8s)
[2025-09-11 08:56:37.214] Step  6000: TF=0.600 CF=5.0 CX=5.5 W=1.00 Loss=0.091675 LR=0.007159 CC=0.750 (1.0s)
[2025-09-11 08:56:37.385] Step  7000: TF=0.700 CF=5.5 CX=5.3 W=1.00 Loss=0.000239 LR=0.006477 CC=0.750 (1.2s)
[2025-09-11 08:56:37.553] Step  8000: TF=0.800 CF=6.0 CX=8.1 W=1.00 Loss=0.000584 LR=0.005861 CC=0.750 (1.3s)
[2025-09-11 08:56:37.736] Step  9000: TF=0.900 CF=6.5 CX=6.4 W=0.85 Loss=0.086198 LR=0.005303 CC=0.750 (1.5s)
[2025-09-11 08:56:37.962] Step 10000: TF=1.000 CF=7.0 CX=7.0 W=0.70 Loss=0.014106 LR=0.004798 CC=0.750 (1.7s)
[2025-09-11 08:56:38.199] Step 11000: TF=1.000 CF=7.0 CX=7.6 W=0.55 Loss=0.013327 LR=0.004342 CC=0.750 (2.0s)
[2025-09-11 08:56:38.463] Step 12000: TF=1.000 CF=11.0 CX=11.8 W=1.00 Loss=0.000094 LR=0.003929 CC=0.750 (2.2s)
[2025-09-11 08:56:38.696] Step 13000: TF=1.000 CF=11.0 CX=11.1 W=1.00 Loss=0.000052 LR=0.003555 CC=0.750 (2.5s)
[2025-09-11 08:56:38.927] Step 14000: TF=1.000 CF=11.0 CX=11.0 W=1.00 Loss=0.001135 LR=0.003216 CC=0.750 (2.7s)
[2025-09-11 08:56:39.162] Step 15000: TF=1.000 CF=7.0 CX=7.4 W=0.20 Loss=0.001881 LR=0.002910 CC=0.750 (2.9s)
[2025-09-11 08:56:39.162] === Training complete ===
