[2025-09-14 18:57:14.933] === EFFECTIVE CONFIGURATION ===
[2025-09-14 18:57:14.933] {
[2025-09-14 18:57:14.934]   "_config_path": ".sweep_tmp/cfg_addition_start_step=12000.json",
[2025-09-14 18:57:14.934]   "_overrides": [],
[2025-09-14 18:57:14.934]   "_raw_config": {
[2025-09-14 18:57:14.934]     "addition_cf_max": 11.0,
[2025-09-14 18:57:14.934]     "addition_cf_min": 2.0,
[2025-09-14 18:57:14.934]     "addition_start_step": 12000,
[2025-09-14 18:57:14.934]     "cf_max_complexity": 7.0,
[2025-09-14 18:57:14.934]     "cf_min_complexity": 2.0,
[2025-09-14 18:57:14.934]     "cf_sd": 1.2,
[2025-09-14 18:57:14.934]     "checkpoint_interval": 5000,
[2025-09-14 18:57:14.934]     "confidence_criterion_start": 0.9,
[2025-09-14 18:57:14.934]     "confidence_floor": 0.75,
[2025-09-14 18:57:14.934]     "counting_fade_rate": 0.00015,
[2025-09-14 18:57:14.934]     "counting_focus_steps": 6000,
[2025-09-14 18:57:14.934]     "cx_sd": 0.9,
[2025-09-14 18:57:14.934]     "gate_freeze_until_step": 3000,
[2025-09-14 18:57:14.934]     "hidden_size": 64,
[2025-09-14 18:57:14.934]     "learning_rate": 0.015,
[2025-09-14 18:57:14.934]     "learning_rate_floor": 0.002,
[2025-09-14 18:57:14.934]     "lr_decay": 0.9999,
[2025-09-14 18:57:14.934]     "outdir": "results",
[2025-09-14 18:57:14.934]     "tf_rate_addition": 5e-05,
[2025-09-14 18:57:14.934]     "tf_rate_counting": 0.0002,
[2025-09-14 18:57:14.934]     "total_steps": 15000
[2025-09-14 18:57:14.934]   },
[2025-09-14 18:57:14.934]   "addition_cf_max": 11.0,
[2025-09-14 18:57:14.934]   "addition_cf_min": 2.0,
[2025-09-14 18:57:14.934]   "addition_start_step": 12000,
[2025-09-14 18:57:14.934]   "cf_max_complexity": 7.0,
[2025-09-14 18:57:14.934]   "cf_min_complexity": 2.0,
[2025-09-14 18:57:14.934]   "cf_sd": 1.2,
[2025-09-14 18:57:14.934]   "cf_variance": 1.5,
[2025-09-14 18:57:14.934]   "checkpoint_interval": 5000,
[2025-09-14 18:57:14.934]   "confidence_criterion_start": 0.9,
[2025-09-14 18:57:14.934]   "confidence_floor": 0.75,
[2025-09-14 18:57:14.934]   "counting_fade_rate": 0.00015,
[2025-09-14 18:57:14.934]   "counting_focus_steps": 6000,
[2025-09-14 18:57:14.934]   "cx_sd": 0.9,
[2025-09-14 18:57:14.934]   "cx_variance": 0.8,
[2025-09-14 18:57:14.934]   "gate_freeze_until_step": 3000,
[2025-09-14 18:57:14.934]   "hidden_size": 64,
[2025-09-14 18:57:14.934]   "learning_rate": 0.015,
[2025-09-14 18:57:14.934]   "learning_rate_floor": 0.002,
[2025-09-14 18:57:14.934]   "lr_decay": 0.9999,
[2025-09-14 18:57:14.934]   "outdir": "results/addition_start_step=12000",
[2025-09-14 18:57:14.934]   "tf_rate": 0.0001,
[2025-09-14 18:57:14.934]   "tf_rate_addition": 5e-05,
[2025-09-14 18:57:14.934]   "tf_rate_counting": 0.0002,
[2025-09-14 18:57:14.934]   "total_steps": 15000
[2025-09-14 18:57:14.934] }
[2025-09-14 18:57:14.935] === Small Math Model (Content-Gated) ===
[2025-09-14 18:57:14.935] Network: 24 -> 64 -> 12
[2025-09-14 18:57:14.935] Training steps: 15000   LR: 0.015
[2025-09-14 18:57:14.935] Gate freeze until: 3000
[2025-09-14 18:57:14.935] Confidence start: 0.9 (floor 0.75)
[2025-09-14 18:57:14.935] === Sanity check ===
[2025-09-14 18:57:14.935] 1 -> ? = 10 (expected 2) - conf:0.000 finger:True
[2025-09-14 18:57:14.935] 3 -> ? = 8 (expected 4) - conf:0.000 finger:True
[2025-09-14 18:57:14.935] 5 -> ? = 8 (expected 6) - conf:0.000 finger:True
[2025-09-14 18:57:14.935] 2 -> 3 = 12 (expected 4) - conf:0.000 finger:True
[2025-09-14 18:57:14.935] 4 -> 5 = 8 (expected 6) - conf:0.000 finger:True
[2025-09-14 18:57:14.937] 1 + 2 = 3 (expected 3) + conf:0.000 finger:True
[2025-09-14 18:57:14.938] 2 + 2 = 4 (expected 4) + conf:0.000 finger:True
[2025-09-14 18:57:14.940] 3 + 4 = 7 (expected 7) + conf:0.000 finger:True
[2025-09-14 18:57:14.942] 4 + 5 = 9 (expected 9) + conf:0.000 finger:True
[2025-09-14 18:57:14.945] 5 + 5 = 10 (expected 10) + conf:0.000 finger:True
[2025-09-14 18:57:14.945] 
[2025-09-14 18:57:15.158] Step  1000: TF=0.100 CF=2.5 CX=3.0 W=1.00 Loss=2.343242 LR=0.013619 CC=0.817 (0.2s)
[2025-09-14 18:57:15.375] Step  2000: TF=0.200 CF=3.0 CX=2.4 W=1.00 Loss=0.298620 LR=0.012323 CC=0.750 (0.4s)
[2025-09-14 18:57:15.609] Step  3000: TF=0.300 CF=3.5 CX=4.7 W=1.00 Loss=0.218669 LR=0.011150 CC=0.750 (0.7s)
[2025-09-14 18:57:15.836] Step  4000: TF=0.400 CF=4.0 CX=4.0 W=1.00 Loss=0.000360 LR=0.010089 CC=0.750 (0.9s)
[2025-09-14 18:57:16.064] Step  5000: TF=0.500 CF=4.5 CX=4.9 W=1.00 Loss=0.079838 LR=0.009129 CC=0.750 (1.1s)
[2025-09-14 18:57:16.299] Step  6000: TF=0.600 CF=5.0 CX=5.4 W=1.00 Loss=0.055393 LR=0.008260 CC=0.750 (1.4s)
[2025-09-14 18:57:16.530] Step  7000: TF=0.700 CF=5.5 CX=5.3 W=1.00 Loss=0.014140 LR=0.007474 CC=0.750 (1.6s)
[2025-09-14 18:57:16.766] Step  8000: TF=0.800 CF=6.0 CX=6.1 W=1.00 Loss=0.021822 LR=0.006763 CC=0.750 (1.8s)
[2025-09-14 18:57:16.993] Step  9000: TF=0.900 CF=6.5 CX=6.1 W=1.00 Loss=0.016951 LR=0.006119 CC=0.750 (2.0s)
[2025-09-14 18:57:17.237] Step 10000: TF=1.000 CF=7.0 CX=9.4 W=1.00 Loss=0.004912 LR=0.005537 CC=0.750 (2.3s)
[2025-09-14 18:57:17.470] Step 11000: TF=1.000 CF=7.0 CX=7.7 W=1.00 Loss=0.002221 LR=0.005010 CC=0.750 (2.5s)
[2025-09-14 18:57:17.704] Step 12000: TF=1.000 CF=7.0 CX=7.3 W=1.00 Loss=0.004704 LR=0.004533 CC=0.750 (2.8s)
[2025-09-14 18:57:17.998] Step 13000: TF=1.000 CF=11.0 CX=11.8 W=0.67 Loss=0.065074 LR=0.004102 CC=0.750 (3.1s)
[2025-09-14 18:57:18.311] Step 14000: TF=1.000 CF=7.0 CX=6.5 W=0.70 Loss=0.001913 LR=0.003711 CC=0.750 (3.4s)
[2025-09-14 18:57:18.649] Step 15000: TF=1.000 CF=7.0 CX=5.4 W=0.55 Loss=0.010472 LR=0.003358 CC=0.750 (3.7s)
[2025-09-14 18:57:18.649] === Training complete ===
