[2025-09-15 14:42:15.033] === EFFECTIVE CONFIGURATION ===
[2025-09-15 14:42:15.033] {
[2025-09-15 14:42:15.033]   "_config_path": ".sweep_tmp/cfg_addition_start_step=8000.json",
[2025-09-15 14:42:15.033]   "_overrides": [],
[2025-09-15 14:42:15.033]   "_raw_config": {
[2025-09-15 14:42:15.033]     "addition_cf_max": 11.0,
[2025-09-15 14:42:15.033]     "addition_cf_min": 2.0,
[2025-09-15 14:42:15.033]     "addition_start_step": 8000,
[2025-09-15 14:42:15.033]     "cf_max_complexity": 7.0,
[2025-09-15 14:42:15.033]     "cf_min_complexity": 2.0,
[2025-09-15 14:42:15.033]     "cf_sd": 1.2,
[2025-09-15 14:42:15.033]     "checkpoint_interval": 5000,
[2025-09-15 14:42:15.033]     "confidence_criterion_start": 0.9,
[2025-09-15 14:42:15.033]     "confidence_floor": 0.75,
[2025-09-15 14:42:15.034]     "counting_fade_rate": 0.00015,
[2025-09-15 14:42:15.034]     "counting_focus_steps": 6000,
[2025-09-15 14:42:15.034]     "cx_sd": 0.9,
[2025-09-15 14:42:15.034]     "gate_freeze_until_step": 3000,
[2025-09-15 14:42:15.034]     "hidden_size": 64,
[2025-09-15 14:42:15.034]     "learning_rate": 0.005,
[2025-09-15 14:42:15.034]     "learning_rate_floor": 0.002,
[2025-09-15 14:42:15.034]     "lr_decay": 0.9999,
[2025-09-15 14:42:15.034]     "outdir": "results",
[2025-09-15 14:42:15.034]     "tf_rate_addition": 0.0001,
[2025-09-15 14:42:15.034]     "tf_rate_counting": 0.0001,
[2025-09-15 14:42:15.034]     "total_steps": 50000
[2025-09-15 14:42:15.034]   },
[2025-09-15 14:42:15.034]   "addition_cf_max": 11.0,
[2025-09-15 14:42:15.034]   "addition_cf_min": 2.0,
[2025-09-15 14:42:15.034]   "addition_start_step": 8000,
[2025-09-15 14:42:15.034]   "cf_max_complexity": 7.0,
[2025-09-15 14:42:15.034]   "cf_min_complexity": 2.0,
[2025-09-15 14:42:15.034]   "cf_sd": 1.2,
[2025-09-15 14:42:15.034]   "cf_variance": 1.5,
[2025-09-15 14:42:15.034]   "checkpoint_interval": 5000,
[2025-09-15 14:42:15.034]   "confidence_criterion_start": 0.9,
[2025-09-15 14:42:15.034]   "confidence_floor": 0.75,
[2025-09-15 14:42:15.034]   "counting_fade_rate": 0.00015,
[2025-09-15 14:42:15.034]   "counting_focus_steps": 6000,
[2025-09-15 14:42:15.034]   "cx_sd": 0.9,
[2025-09-15 14:42:15.034]   "cx_variance": 0.8,
[2025-09-15 14:42:15.034]   "gate_freeze_until_step": 3000,
[2025-09-15 14:42:15.034]   "hidden_size": 64,
[2025-09-15 14:42:15.034]   "learning_rate": 0.005,
[2025-09-15 14:42:15.034]   "learning_rate_floor": 0.002,
[2025-09-15 14:42:15.034]   "lr_decay": 0.9999,
[2025-09-15 14:42:15.034]   "outdir": "results/addition_start_step=8000",
[2025-09-15 14:42:15.034]   "tf_rate": 0.0001,
[2025-09-15 14:42:15.034]   "tf_rate_addition": 0.0001,
[2025-09-15 14:42:15.034]   "tf_rate_counting": 0.0001,
[2025-09-15 14:42:15.034]   "total_steps": 50000
[2025-09-15 14:42:15.034] }
[2025-09-15 14:42:15.035] === Small Math Model (Content-Gated) ===
[2025-09-15 14:42:15.035] Network: 24 -> 64 -> 12
[2025-09-15 14:42:15.035] Training steps: 50000   LR: 0.005
[2025-09-15 14:42:15.035] Gate freeze until: 3000
[2025-09-15 14:42:15.035] Confidence start: 0.9 (floor 0.75)
[2025-09-15 14:42:15.035] === Sanity check ===
[2025-09-15 14:42:15.036] 1 -> ? = 10 (expected 2) - conf:0.000 finger:True
[2025-09-15 14:42:15.036] 3 -> ? = 8 (expected 4) - conf:0.000 finger:True
[2025-09-15 14:42:15.036] 5 -> ? = 8 (expected 6) - conf:0.000 finger:True
[2025-09-15 14:42:15.036] 2 -> 3 = 12 (expected 4) - conf:0.000 finger:True
[2025-09-15 14:42:15.036] 4 -> 5 = 8 (expected 6) - conf:0.000 finger:True
[2025-09-15 14:42:15.038] 1 + 2 = 3 (expected 3) + conf:0.000 finger:True
[2025-09-15 14:42:15.041] 2 + 2 = 4 (expected 4) + conf:0.000 finger:True
[2025-09-15 14:42:15.044] 3 + 4 = 7 (expected 7) + conf:0.000 finger:True
[2025-09-15 14:42:15.047] 4 + 5 = 9 (expected 9) + conf:0.000 finger:True
[2025-09-15 14:42:15.050] 5 + 5 = 10 (expected 10) + conf:0.000 finger:True
[2025-09-15 14:42:15.050] 
[2025-09-15 14:42:15.311] Step  1000: TF=0.100 CF=2.5 CX=4.2 W=1.00 Loss=2.624047 LR=0.004540 CC=0.817 (0.3s)
[2025-09-15 14:42:15.566] Step  2000: TF=0.200 CF=3.0 CX=2.6 W=1.00 Loss=0.567658 LR=0.004108 CC=0.750 (0.5s)
[2025-09-15 14:42:15.806] Step  3000: TF=0.300 CF=3.5 CX=2.8 W=1.00 Loss=1.059386 LR=0.003717 CC=0.750 (0.8s)
[2025-09-15 14:42:16.051] Step  4000: TF=0.400 CF=4.0 CX=3.4 W=1.00 Loss=1.289757 LR=0.003363 CC=0.750 (1.0s)
[2025-09-15 14:42:16.316] Step  5000: TF=0.500 CF=4.5 CX=5.1 W=1.00 Loss=2.354982 LR=0.003043 CC=0.750 (1.3s)
[2025-09-15 14:42:16.567] Step  6000: TF=0.600 CF=5.0 CX=5.4 W=1.00 Loss=0.944790 LR=0.002753 CC=0.750 (1.5s)
[2025-09-15 14:42:16.816] Step  7000: TF=0.700 CF=5.5 CX=5.8 W=1.00 Loss=0.965520 LR=0.002491 CC=0.750 (1.8s)
[2025-09-15 14:42:17.073] Step  8000: TF=0.800 CF=6.0 CX=5.6 W=1.00 Loss=1.024289 LR=0.002254 CC=0.750 (2.0s)
[2025-09-15 14:42:17.380] Step  9000: TF=0.900 CF=6.5 CX=5.6 W=0.85 Loss=1.525344 LR=0.002040 CC=0.750 (2.3s)
[2025-09-15 14:42:17.799] Step 10000: TF=1.000 CF=7.0 CX=6.4 W=0.70 Loss=0.300497 LR=0.002000 CC=0.750 (2.7s)
[2025-09-15 14:42:18.212] Step 11000: TF=1.000 CF=11.0 CX=9.8 W=0.14 Loss=0.059711 LR=0.002000 CC=0.750 (3.2s)
[2025-09-15 14:42:18.705] Step 12000: TF=1.000 CF=7.0 CX=7.5 W=0.40 Loss=0.391204 LR=0.002000 CC=0.750 (3.7s)
[2025-09-15 14:42:19.222] Step 13000: TF=1.000 CF=7.0 CX=7.1 W=0.25 Loss=0.089020 LR=0.002000 CC=0.750 (4.2s)
[2025-09-15 14:42:19.849] Step 14000: TF=1.000 CF=7.0 CX=6.5 W=0.20 Loss=0.041369 LR=0.002000 CC=0.750 (4.8s)
[2025-09-15 14:42:20.507] Step 15000: TF=1.000 CF=7.0 CX=8.2 W=0.20 Loss=0.043928 LR=0.002000 CC=0.750 (5.5s)
[2025-09-15 14:42:21.125] Step 16000: TF=1.000 CF=11.0 CX=11.3 W=0.38 Loss=1.305321 LR=0.002000 CC=0.750 (6.1s)
[2025-09-15 14:42:21.880] Step 17000: TF=1.000 CF=11.0 CX=10.2 W=0.43 Loss=0.006639 LR=0.002000 CC=0.750 (6.8s)
[2025-09-15 14:42:22.504] Step 18000: TF=1.000 CF=11.0 CX=10.3 W=0.48 Loss=0.004577 LR=0.002000 CC=0.750 (7.5s)
[2025-09-15 14:42:23.226] Step 19000: TF=1.000 CF=11.0 CX=9.9 W=0.52 Loss=0.010262 LR=0.002000 CC=0.750 (8.2s)
[2025-09-15 14:42:23.913] Step 20000: TF=1.000 CF=11.0 CX=11.1 W=0.57 Loss=0.257839 LR=0.002000 CC=0.750 (8.9s)
[2025-09-15 14:42:24.555] Step 21000: TF=1.000 CF=11.0 CX=10.0 W=0.62 Loss=0.004705 LR=0.002000 CC=0.750 (9.5s)
[2025-09-15 14:42:25.277] Step 22000: TF=1.000 CF=11.0 CX=12.0 W=0.67 Loss=0.050555 LR=0.002000 CC=0.750 (10.2s)
[2025-09-15 14:42:26.026] Step 23000: TF=1.000 CF=11.0 CX=9.6 W=0.71 Loss=0.006351 LR=0.002000 CC=0.750 (11.0s)
[2025-09-15 14:42:26.748] Step 24000: TF=1.000 CF=11.0 CX=9.9 W=0.76 Loss=0.003098 LR=0.002000 CC=0.750 (11.7s)
[2025-09-15 14:42:27.398] Step 25000: TF=1.000 CF=11.0 CX=10.4 W=0.81 Loss=0.002979 LR=0.002000 CC=0.750 (12.3s)
[2025-09-15 14:42:28.115] Step 26000: TF=1.000 CF=11.0 CX=10.9 W=0.86 Loss=0.002687 LR=0.002000 CC=0.750 (13.1s)
[2025-09-15 14:42:28.834] Step 27000: TF=1.000 CF=11.0 CX=10.4 W=0.90 Loss=0.002424 LR=0.002000 CC=0.750 (13.8s)
[2025-09-15 14:42:29.591] Step 28000: TF=1.000 CF=11.0 CX=9.4 W=0.95 Loss=0.011045 LR=0.002000 CC=0.750 (14.5s)
[2025-09-15 14:42:30.308] Step 29000: TF=1.000 CF=7.0 CX=7.3 W=0.20 Loss=0.001082 LR=0.002000 CC=0.750 (15.3s)
[2025-09-15 14:42:31.019] Step 30000: TF=1.000 CF=11.0 CX=10.6 W=1.00 Loss=0.002284 LR=0.002000 CC=0.750 (16.0s)
[2025-09-15 14:42:31.673] Step 31000: TF=1.000 CF=11.0 CX=10.3 W=1.00 Loss=0.001379 LR=0.002000 CC=0.750 (16.6s)
[2025-09-15 14:42:32.386] Step 32000: TF=1.000 CF=11.0 CX=9.5 W=1.00 Loss=0.001615 LR=0.002000 CC=0.750 (17.3s)
[2025-09-15 14:42:32.997] Step 33000: TF=1.000 CF=11.0 CX=11.3 W=1.00 Loss=0.348407 LR=0.002000 CC=0.750 (17.9s)
[2025-09-15 14:42:33.611] Step 34000: TF=1.000 CF=11.0 CX=11.1 W=1.00 Loss=0.000380 LR=0.002000 CC=0.750 (18.6s)
[2025-09-15 14:42:34.139] Step 35000: TF=1.000 CF=11.0 CX=10.8 W=1.00 Loss=0.000533 LR=0.002000 CC=0.750 (19.1s)
[2025-09-15 14:42:34.626] Step 36000: TF=1.000 CF=11.0 CX=11.6 W=1.00 Loss=0.000006 LR=0.002000 CC=0.750 (19.6s)
[2025-09-15 14:42:35.037] Step 37000: TF=1.000 CF=11.0 CX=11.8 W=1.00 Loss=0.000004 LR=0.002000 CC=0.750 (20.0s)
[2025-09-15 14:42:35.347] Step 38000: TF=1.000 CF=11.0 CX=9.8 W=1.00 Loss=0.000069 LR=0.002000 CC=0.750 (20.3s)
[2025-09-15 14:42:35.663] Step 39000: TF=1.000 CF=11.0 CX=10.4 W=1.00 Loss=0.000244 LR=0.002000 CC=0.750 (20.6s)
[2025-09-15 14:42:35.974] Step 40000: TF=1.000 CF=11.0 CX=11.8 W=1.00 Loss=0.016783 LR=0.002000 CC=0.750 (20.9s)
[2025-09-15 14:42:36.282] Step 41000: TF=1.000 CF=11.0 CX=10.1 W=1.00 Loss=0.000216 LR=0.002000 CC=0.750 (21.2s)
[2025-09-15 14:42:36.603] Step 42000: TF=1.000 CF=11.0 CX=10.1 W=1.00 Loss=0.000166 LR=0.002000 CC=0.750 (21.6s)
[2025-09-15 14:42:36.925] Step 43000: TF=1.000 CF=11.0 CX=10.3 W=1.00 Loss=0.000162 LR=0.002000 CC=0.750 (21.9s)
[2025-09-15 14:42:37.232] Step 44000: TF=1.000 CF=11.0 CX=11.2 W=1.00 Loss=0.080882 LR=0.002000 CC=0.750 (22.2s)
[2025-09-15 14:42:37.537] Step 45000: TF=1.000 CF=11.0 CX=11.8 W=1.00 Loss=0.016348 LR=0.002000 CC=0.750 (22.5s)
[2025-09-15 14:42:37.850] Step 46000: TF=1.000 CF=11.0 CX=12.0 W=1.00 Loss=0.051555 LR=0.002000 CC=0.750 (22.8s)
[2025-09-15 14:42:38.177] Step 47000: TF=1.000 CF=11.0 CX=11.1 W=1.00 Loss=0.000254 LR=0.002000 CC=0.750 (23.1s)
[2025-09-15 14:42:38.488] Step 48000: TF=1.000 CF=11.0 CX=11.9 W=1.00 Loss=0.000000 LR=0.002000 CC=0.750 (23.4s)
[2025-09-15 14:42:38.796] Step 49000: TF=1.000 CF=7.0 CX=7.2 W=0.20 Loss=0.001073 LR=0.002000 CC=0.750 (23.7s)
[2025-09-15 14:42:39.105] Step 50000: TF=1.000 CF=11.0 CX=11.2 W=1.00 Loss=0.000001 LR=0.002000 CC=0.750 (24.1s)
[2025-09-15 14:42:39.105] === Training complete ===
