[2025-09-14 18:57:10.520] === EFFECTIVE CONFIGURATION ===
[2025-09-14 18:57:10.520] {
[2025-09-14 18:57:10.520]   "_config_path": ".sweep_tmp/cfg_addition_start_step=10000.json",
[2025-09-14 18:57:10.520]   "_overrides": [],
[2025-09-14 18:57:10.520]   "_raw_config": {
[2025-09-14 18:57:10.520]     "addition_cf_max": 11.0,
[2025-09-14 18:57:10.520]     "addition_cf_min": 2.0,
[2025-09-14 18:57:10.520]     "addition_start_step": 10000,
[2025-09-14 18:57:10.520]     "cf_max_complexity": 7.0,
[2025-09-14 18:57:10.520]     "cf_min_complexity": 2.0,
[2025-09-14 18:57:10.520]     "cf_sd": 1.2,
[2025-09-14 18:57:10.520]     "checkpoint_interval": 5000,
[2025-09-14 18:57:10.520]     "confidence_criterion_start": 0.9,
[2025-09-14 18:57:10.520]     "confidence_floor": 0.75,
[2025-09-14 18:57:10.520]     "counting_fade_rate": 0.00015,
[2025-09-14 18:57:10.520]     "counting_focus_steps": 6000,
[2025-09-14 18:57:10.520]     "cx_sd": 0.9,
[2025-09-14 18:57:10.520]     "gate_freeze_until_step": 3000,
[2025-09-14 18:57:10.520]     "hidden_size": 64,
[2025-09-14 18:57:10.520]     "learning_rate": 0.015,
[2025-09-14 18:57:10.520]     "learning_rate_floor": 0.002,
[2025-09-14 18:57:10.520]     "lr_decay": 0.9999,
[2025-09-14 18:57:10.520]     "outdir": "results",
[2025-09-14 18:57:10.520]     "tf_rate_addition": 5e-05,
[2025-09-14 18:57:10.520]     "tf_rate_counting": 0.0002,
[2025-09-14 18:57:10.520]     "total_steps": 15000
[2025-09-14 18:57:10.520]   },
[2025-09-14 18:57:10.520]   "addition_cf_max": 11.0,
[2025-09-14 18:57:10.520]   "addition_cf_min": 2.0,
[2025-09-14 18:57:10.520]   "addition_start_step": 10000,
[2025-09-14 18:57:10.520]   "cf_max_complexity": 7.0,
[2025-09-14 18:57:10.520]   "cf_min_complexity": 2.0,
[2025-09-14 18:57:10.520]   "cf_sd": 1.2,
[2025-09-14 18:57:10.520]   "cf_variance": 1.5,
[2025-09-14 18:57:10.520]   "checkpoint_interval": 5000,
[2025-09-14 18:57:10.520]   "confidence_criterion_start": 0.9,
[2025-09-14 18:57:10.520]   "confidence_floor": 0.75,
[2025-09-14 18:57:10.520]   "counting_fade_rate": 0.00015,
[2025-09-14 18:57:10.520]   "counting_focus_steps": 6000,
[2025-09-14 18:57:10.520]   "cx_sd": 0.9,
[2025-09-14 18:57:10.520]   "cx_variance": 0.8,
[2025-09-14 18:57:10.520]   "gate_freeze_until_step": 3000,
[2025-09-14 18:57:10.520]   "hidden_size": 64,
[2025-09-14 18:57:10.520]   "learning_rate": 0.015,
[2025-09-14 18:57:10.520]   "learning_rate_floor": 0.002,
[2025-09-14 18:57:10.520]   "lr_decay": 0.9999,
[2025-09-14 18:57:10.520]   "outdir": "results/addition_start_step=10000",
[2025-09-14 18:57:10.520]   "tf_rate": 0.0001,
[2025-09-14 18:57:10.520]   "tf_rate_addition": 5e-05,
[2025-09-14 18:57:10.520]   "tf_rate_counting": 0.0002,
[2025-09-14 18:57:10.520]   "total_steps": 15000
[2025-09-14 18:57:10.520] }
[2025-09-14 18:57:10.521] === Small Math Model (Content-Gated) ===
[2025-09-14 18:57:10.521] Network: 24 -> 64 -> 12
[2025-09-14 18:57:10.521] Training steps: 15000   LR: 0.015
[2025-09-14 18:57:10.521] Gate freeze until: 3000
[2025-09-14 18:57:10.521] Confidence start: 0.9 (floor 0.75)
[2025-09-14 18:57:10.521] === Sanity check ===
[2025-09-14 18:57:10.521] 1 -> ? = 10 (expected 2) - conf:0.000 finger:True
[2025-09-14 18:57:10.521] 3 -> ? = 8 (expected 4) - conf:0.000 finger:True
[2025-09-14 18:57:10.521] 5 -> ? = 8 (expected 6) - conf:0.000 finger:True
[2025-09-14 18:57:10.521] 2 -> 3 = 12 (expected 4) - conf:0.000 finger:True
[2025-09-14 18:57:10.521] 4 -> 5 = 8 (expected 6) - conf:0.000 finger:True
[2025-09-14 18:57:10.523] 1 + 2 = 3 (expected 3) + conf:0.000 finger:True
[2025-09-14 18:57:10.524] 2 + 2 = 4 (expected 4) + conf:0.000 finger:True
[2025-09-14 18:57:10.526] 3 + 4 = 7 (expected 7) + conf:0.000 finger:True
[2025-09-14 18:57:10.528] 4 + 5 = 9 (expected 9) + conf:0.000 finger:True
[2025-09-14 18:57:10.530] 5 + 5 = 10 (expected 10) + conf:0.000 finger:True
[2025-09-14 18:57:10.530] 
[2025-09-14 18:57:10.755] Step  1000: TF=0.100 CF=2.5 CX=2.0 W=1.00 Loss=0.234194 LR=0.013619 CC=0.817 (0.2s)
[2025-09-14 18:57:10.995] Step  2000: TF=0.200 CF=3.0 CX=2.1 W=1.00 Loss=0.253455 LR=0.012323 CC=0.750 (0.5s)
[2025-09-14 18:57:11.241] Step  3000: TF=0.300 CF=3.5 CX=2.0 W=1.00 Loss=0.001198 LR=0.011150 CC=0.750 (0.7s)
[2025-09-14 18:57:11.522] Step  4000: TF=0.400 CF=4.0 CX=4.4 W=1.00 Loss=0.166922 LR=0.010089 CC=0.750 (1.0s)
[2025-09-14 18:57:11.749] Step  5000: TF=0.500 CF=4.5 CX=3.3 W=1.00 Loss=0.023686 LR=0.009129 CC=0.750 (1.2s)
[2025-09-14 18:57:11.979] Step  6000: TF=0.600 CF=5.0 CX=6.1 W=1.00 Loss=0.138204 LR=0.008260 CC=0.750 (1.4s)
[2025-09-14 18:57:12.210] Step  7000: TF=0.700 CF=5.5 CX=4.7 W=1.00 Loss=0.005626 LR=0.007474 CC=0.750 (1.7s)
[2025-09-14 18:57:12.447] Step  8000: TF=0.800 CF=6.0 CX=5.0 W=1.00 Loss=0.008010 LR=0.006763 CC=0.750 (1.9s)
[2025-09-14 18:57:12.680] Step  9000: TF=0.900 CF=6.5 CX=7.5 W=1.00 Loss=0.006924 LR=0.006119 CC=0.750 (2.2s)
[2025-09-14 18:57:12.915] Step 10000: TF=1.000 CF=7.0 CX=6.7 W=1.00 Loss=0.013737 LR=0.005537 CC=0.750 (2.4s)
[2025-09-14 18:57:13.208] Step 11000: TF=1.000 CF=11.0 CX=10.6 W=0.40 Loss=0.006258 LR=0.005010 CC=0.750 (2.7s)
[2025-09-14 18:57:13.560] Step 12000: TF=1.000 CF=7.0 CX=8.6 W=0.70 Loss=0.022821 LR=0.004533 CC=0.750 (3.0s)
[2025-09-14 18:57:13.959] Step 13000: TF=1.000 CF=7.0 CX=9.1 W=0.55 Loss=0.025945 LR=0.004102 CC=0.750 (3.4s)
[2025-09-14 18:57:14.341] Step 14000: TF=1.000 CF=7.0 CX=7.1 W=0.40 Loss=0.008822 LR=0.003711 CC=0.750 (3.8s)
[2025-09-14 18:57:14.676] Step 15000: TF=1.000 CF=11.0 CX=10.8 W=1.00 Loss=0.001168 LR=0.003358 CC=0.750 (4.1s)
[2025-09-14 18:57:14.676] === Training complete ===
