[2025-09-11 08:56:28.104] === EFFECTIVE CONFIGURATION ===
[2025-09-11 08:56:28.104] {
[2025-09-11 08:56:28.104]   "_config_path": ".sweep_tmp/cfg_learning_rate=0p011.json",
[2025-09-11 08:56:28.104]   "_overrides": [],
[2025-09-11 08:56:28.104]   "_raw_config": {
[2025-09-11 08:56:28.104]     "addition_cf_max": 11.0,
[2025-09-11 08:56:28.104]     "addition_cf_min": 2.0,
[2025-09-11 08:56:28.104]     "addition_start_step": 8000,
[2025-09-11 08:56:28.104]     "cf_max_complexity": 7.0,
[2025-09-11 08:56:28.104]     "cf_min_complexity": 2.0,
[2025-09-11 08:56:28.104]     "cf_sd": 1.2,
[2025-09-11 08:56:28.104]     "checkpoint_interval": 5000,
[2025-09-11 08:56:28.104]     "confidence_criterion_start": 0.9,
[2025-09-11 08:56:28.104]     "confidence_floor": 0.75,
[2025-09-11 08:56:28.104]     "counting_fade_rate": 0.00015,
[2025-09-11 08:56:28.104]     "counting_focus_steps": 6000,
[2025-09-11 08:56:28.104]     "cx_sd": 0.9,
[2025-09-11 08:56:28.104]     "gate_freeze_until_step": 3000,
[2025-09-11 08:56:28.104]     "hidden_size": 64,
[2025-09-11 08:56:28.104]     "learning_rate": 0.011,
[2025-09-11 08:56:28.104]     "learning_rate_floor": 0.002,
[2025-09-11 08:56:28.104]     "lr_decay": 0.9999,
[2025-09-11 08:56:28.104]     "outdir": "results",
[2025-09-11 08:56:28.104]     "tf_rate_addition": 5e-05,
[2025-09-11 08:56:28.104]     "tf_rate_counting": 0.0002,
[2025-09-11 08:56:28.104]     "total_steps": 15000
[2025-09-11 08:56:28.104]   },
[2025-09-11 08:56:28.104]   "addition_cf_max": 11.0,
[2025-09-11 08:56:28.104]   "addition_cf_min": 2.0,
[2025-09-11 08:56:28.104]   "addition_start_step": 8000,
[2025-09-11 08:56:28.104]   "cf_max_complexity": 7.0,
[2025-09-11 08:56:28.104]   "cf_min_complexity": 2.0,
[2025-09-11 08:56:28.104]   "cf_sd": 1.2,
[2025-09-11 08:56:28.104]   "cf_variance": 1.5,
[2025-09-11 08:56:28.104]   "checkpoint_interval": 5000,
[2025-09-11 08:56:28.104]   "confidence_criterion_start": 0.9,
[2025-09-11 08:56:28.104]   "confidence_floor": 0.75,
[2025-09-11 08:56:28.104]   "counting_fade_rate": 0.00015,
[2025-09-11 08:56:28.104]   "counting_focus_steps": 6000,
[2025-09-11 08:56:28.104]   "cx_sd": 0.9,
[2025-09-11 08:56:28.104]   "cx_variance": 0.8,
[2025-09-11 08:56:28.105]   "gate_freeze_until_step": 3000,
[2025-09-11 08:56:28.105]   "hidden_size": 64,
[2025-09-11 08:56:28.105]   "learning_rate": 0.011,
[2025-09-11 08:56:28.105]   "learning_rate_floor": 0.002,
[2025-09-11 08:56:28.105]   "lr_decay": 0.9999,
[2025-09-11 08:56:28.105]   "outdir": "results/learning_rate=0.011",
[2025-09-11 08:56:28.105]   "tf_rate": 0.0001,
[2025-09-11 08:56:28.105]   "tf_rate_addition": 5e-05,
[2025-09-11 08:56:28.105]   "tf_rate_counting": 0.0002,
[2025-09-11 08:56:28.105]   "total_steps": 15000
[2025-09-11 08:56:28.105] }
[2025-09-11 08:56:28.105] === Small Math Model (Content-Gated) ===
[2025-09-11 08:56:28.105] Network: 24 -> 64 -> 12
[2025-09-11 08:56:28.105] Training steps: 15000   LR: 0.011
[2025-09-11 08:56:28.105] Gate freeze until: 3000
[2025-09-11 08:56:28.105] Confidence start: 0.9 (floor 0.75)
[2025-09-11 08:56:28.105] === Sanity check ===
[2025-09-11 08:56:28.106] 1 -> ? = 10 (expected 2) - conf:0.000 finger:True
[2025-09-11 08:56:28.106] 3 -> ? = 8 (expected 4) - conf:0.000 finger:True
[2025-09-11 08:56:28.106] 5 -> ? = 8 (expected 6) - conf:0.000 finger:True
[2025-09-11 08:56:28.106] 2 -> 3 = 12 (expected 4) - conf:0.000 finger:True
[2025-09-11 08:56:28.106] 4 -> 5 = 8 (expected 6) - conf:0.000 finger:True
[2025-09-11 08:56:28.107] 1 + 2 = 3 (expected 3) + conf:0.000 finger:True
[2025-09-11 08:56:28.109] 2 + 2 = 4 (expected 4) + conf:0.000 finger:True
[2025-09-11 08:56:28.112] 3 + 4 = 7 (expected 7) + conf:0.000 finger:True
[2025-09-11 08:56:28.114] 4 + 5 = 9 (expected 9) + conf:0.000 finger:True
[2025-09-11 08:56:28.116] 5 + 5 = 10 (expected 10) + conf:0.000 finger:True
[2025-09-11 08:56:28.116] 
[2025-09-11 08:56:28.276] Step  1000: TF=0.100 CF=2.5 CX=2.2 W=1.00 Loss=1.230585 LR=0.009987 CC=0.817 (0.2s)
[2025-09-11 08:56:28.456] Step  2000: TF=0.200 CF=3.0 CX=3.5 W=1.00 Loss=0.559314 LR=0.009037 CC=0.750 (0.3s)
[2025-09-11 08:56:28.621] Step  3000: TF=0.300 CF=3.5 CX=4.1 W=1.00 Loss=2.227276 LR=0.008177 CC=0.750 (0.5s)
[2025-09-11 08:56:28.793] Step  4000: TF=0.400 CF=4.0 CX=3.8 W=1.00 Loss=0.046445 LR=0.007398 CC=0.750 (0.7s)
[2025-09-11 08:56:28.963] Step  5000: TF=0.500 CF=4.5 CX=4.6 W=1.00 Loss=0.490751 LR=0.006694 CC=0.750 (0.8s)
[2025-09-11 08:56:29.140] Step  6000: TF=0.600 CF=5.0 CX=4.9 W=1.00 Loss=0.004605 LR=0.006057 CC=0.750 (1.0s)
[2025-09-11 08:56:29.366] Step  7000: TF=0.700 CF=5.5 CX=6.3 W=1.00 Loss=0.039757 LR=0.005481 CC=0.750 (1.3s)
[2025-09-11 08:56:29.566] Step  8000: TF=0.800 CF=6.0 CX=5.9 W=1.00 Loss=0.009567 LR=0.004959 CC=0.750 (1.4s)
[2025-09-11 08:56:29.786] Step  9000: TF=0.900 CF=6.5 CX=6.2 W=0.85 Loss=0.029991 LR=0.004487 CC=0.750 (1.7s)
[2025-09-11 08:56:30.036] Step 10000: TF=1.000 CF=11.0 CX=12.0 W=0.57 Loss=0.033186 LR=0.004060 CC=0.750 (1.9s)
[2025-09-11 08:56:30.317] Step 11000: TF=1.000 CF=11.0 CX=11.0 W=0.86 Loss=0.057996 LR=0.003674 CC=0.750 (2.2s)
[2025-09-11 08:56:30.620] Step 12000: TF=1.000 CF=11.0 CX=10.3 W=1.00 Loss=0.000956 LR=0.003324 CC=0.750 (2.5s)
[2025-09-11 08:56:30.884] Step 13000: TF=1.000 CF=7.0 CX=7.3 W=0.25 Loss=0.006983 LR=0.003008 CC=0.750 (2.8s)
[2025-09-11 08:56:31.290] Step 14000: TF=1.000 CF=11.0 CX=12.0 W=1.00 Loss=0.047714 LR=0.002722 CC=0.750 (3.2s)
[2025-09-11 08:56:31.636] Step 15000: TF=1.000 CF=11.0 CX=10.3 W=1.00 Loss=0.000403 LR=0.002463 CC=0.750 (3.5s)
[2025-09-11 08:56:31.636] === Training complete ===
