[2025-09-15 14:40:05.404] === EFFECTIVE CONFIGURATION ===
[2025-09-15 14:40:05.404] {
[2025-09-15 14:40:05.404]   "_config_path": ".sweep_tmp/cfg_addition_start_step=4000.json",
[2025-09-15 14:40:05.404]   "_overrides": [],
[2025-09-15 14:40:05.404]   "_raw_config": {
[2025-09-15 14:40:05.404]     "addition_cf_max": 11.0,
[2025-09-15 14:40:05.404]     "addition_cf_min": 2.0,
[2025-09-15 14:40:05.404]     "addition_start_step": 4000,
[2025-09-15 14:40:05.404]     "cf_max_complexity": 7.0,
[2025-09-15 14:40:05.404]     "cf_min_complexity": 2.0,
[2025-09-15 14:40:05.404]     "cf_sd": 1.2,
[2025-09-15 14:40:05.404]     "checkpoint_interval": 5000,
[2025-09-15 14:40:05.404]     "confidence_criterion_start": 0.9,
[2025-09-15 14:40:05.404]     "confidence_floor": 0.75,
[2025-09-15 14:40:05.404]     "counting_fade_rate": 0.00015,
[2025-09-15 14:40:05.404]     "counting_focus_steps": 6000,
[2025-09-15 14:40:05.404]     "cx_sd": 0.9,
[2025-09-15 14:40:05.404]     "gate_freeze_until_step": 3000,
[2025-09-15 14:40:05.404]     "hidden_size": 64,
[2025-09-15 14:40:05.404]     "learning_rate": 0.005,
[2025-09-15 14:40:05.404]     "learning_rate_floor": 0.002,
[2025-09-15 14:40:05.404]     "lr_decay": 0.9999,
[2025-09-15 14:40:05.404]     "outdir": "results",
[2025-09-15 14:40:05.404]     "tf_rate_addition": 0.0001,
[2025-09-15 14:40:05.404]     "tf_rate_counting": 0.0001,
[2025-09-15 14:40:05.404]     "total_steps": 50000
[2025-09-15 14:40:05.404]   },
[2025-09-15 14:40:05.404]   "addition_cf_max": 11.0,
[2025-09-15 14:40:05.404]   "addition_cf_min": 2.0,
[2025-09-15 14:40:05.404]   "addition_start_step": 4000,
[2025-09-15 14:40:05.404]   "cf_max_complexity": 7.0,
[2025-09-15 14:40:05.404]   "cf_min_complexity": 2.0,
[2025-09-15 14:40:05.404]   "cf_sd": 1.2,
[2025-09-15 14:40:05.404]   "cf_variance": 1.5,
[2025-09-15 14:40:05.404]   "checkpoint_interval": 5000,
[2025-09-15 14:40:05.404]   "confidence_criterion_start": 0.9,
[2025-09-15 14:40:05.404]   "confidence_floor": 0.75,
[2025-09-15 14:40:05.405]   "counting_fade_rate": 0.00015,
[2025-09-15 14:40:05.405]   "counting_focus_steps": 6000,
[2025-09-15 14:40:05.405]   "cx_sd": 0.9,
[2025-09-15 14:40:05.405]   "cx_variance": 0.8,
[2025-09-15 14:40:05.405]   "gate_freeze_until_step": 3000,
[2025-09-15 14:40:05.405]   "hidden_size": 64,
[2025-09-15 14:40:05.405]   "learning_rate": 0.005,
[2025-09-15 14:40:05.405]   "learning_rate_floor": 0.002,
[2025-09-15 14:40:05.405]   "lr_decay": 0.9999,
[2025-09-15 14:40:05.405]   "outdir": "results/addition_start_step=4000",
[2025-09-15 14:40:05.405]   "tf_rate": 0.0001,
[2025-09-15 14:40:05.405]   "tf_rate_addition": 0.0001,
[2025-09-15 14:40:05.405]   "tf_rate_counting": 0.0001,
[2025-09-15 14:40:05.405]   "total_steps": 50000
[2025-09-15 14:40:05.405] }
[2025-09-15 14:40:05.405] === Small Math Model (Content-Gated) ===
[2025-09-15 14:40:05.405] Network: 24 -> 64 -> 12
[2025-09-15 14:40:05.405] Training steps: 50000   LR: 0.005
[2025-09-15 14:40:05.405] Gate freeze until: 3000
[2025-09-15 14:40:05.406] Confidence start: 0.9 (floor 0.75)
[2025-09-15 14:40:05.406] === Sanity check ===
[2025-09-15 14:40:05.406] 1 -> ? = 10 (expected 2) - conf:0.000 finger:True
[2025-09-15 14:40:05.406] 3 -> ? = 8 (expected 4) - conf:0.000 finger:True
[2025-09-15 14:40:05.406] 5 -> ? = 8 (expected 6) - conf:0.000 finger:True
[2025-09-15 14:40:05.406] 2 -> 3 = 12 (expected 4) - conf:0.000 finger:True
[2025-09-15 14:40:05.406] 4 -> 5 = 8 (expected 6) - conf:0.000 finger:True
[2025-09-15 14:40:05.408] 1 + 2 = 3 (expected 3) + conf:0.000 finger:True
[2025-09-15 14:40:05.409] 2 + 2 = 4 (expected 4) + conf:0.000 finger:True
[2025-09-15 14:40:05.412] 3 + 4 = 7 (expected 7) + conf:0.000 finger:True
[2025-09-15 14:40:05.414] 4 + 5 = 9 (expected 9) + conf:0.000 finger:True
[2025-09-15 14:40:05.416] 5 + 5 = 10 (expected 10) + conf:0.000 finger:True
[2025-09-15 14:40:05.416] 
[2025-09-15 14:40:05.656] Step  1000: TF=0.100 CF=2.5 CX=4.2 W=1.00 Loss=2.901994 LR=0.004540 CC=0.817 (0.2s)
[2025-09-15 14:40:05.896] Step  2000: TF=0.200 CF=3.0 CX=4.3 W=1.00 Loss=1.455613 LR=0.004108 CC=0.750 (0.5s)
[2025-09-15 14:40:06.138] Step  3000: TF=0.300 CF=3.5 CX=2.8 W=1.00 Loss=0.732066 LR=0.003717 CC=0.750 (0.7s)
[2025-09-15 14:40:06.388] Step  4000: TF=0.400 CF=4.0 CX=4.2 W=1.00 Loss=1.572775 LR=0.003363 CC=0.750 (1.0s)
[2025-09-15 14:40:06.713] Step  5000: TF=0.500 CF=4.5 CX=5.7 W=0.85 Loss=2.585247 LR=0.003043 CC=0.750 (1.3s)
[2025-09-15 14:40:07.174] Step  6000: TF=0.600 CF=5.0 CX=5.2 W=0.70 Loss=1.175144 LR=0.002753 CC=0.750 (1.8s)
[2025-09-15 14:40:07.817] Step  7000: TF=0.700 CF=8.3 CX=7.3 W=0.13 Loss=3.852082 LR=0.002491 CC=0.750 (2.4s)
[2025-09-15 14:40:08.794] Step  8000: TF=0.800 CF=9.2 CX=8.3 W=0.17 Loss=3.542998 LR=0.002254 CC=0.750 (3.4s)
[2025-09-15 14:40:10.106] Step  9000: TF=0.900 CF=6.5 CX=7.4 W=0.25 Loss=0.351332 LR=0.002040 CC=0.750 (4.7s)
[2025-09-15 14:40:11.574] Step 10000: TF=1.000 CF=7.0 CX=6.2 W=0.20 Loss=0.149701 LR=0.002000 CC=0.750 (6.2s)
[2025-09-15 14:40:12.699] Step 11000: TF=1.000 CF=11.0 CX=10.3 W=0.30 Loss=0.136849 LR=0.002000 CC=0.750 (7.3s)
[2025-09-15 14:40:13.638] Step 12000: TF=1.000 CF=7.0 CX=8.6 W=0.20 Loss=0.018707 LR=0.002000 CC=0.750 (8.2s)
[2025-09-15 14:40:14.602] Step 13000: TF=1.000 CF=11.0 CX=11.1 W=0.39 Loss=0.094530 LR=0.002000 CC=0.750 (9.2s)
[2025-09-15 14:40:15.493] Step 14000: TF=1.000 CF=7.0 CX=7.7 W=0.20 Loss=0.179768 LR=0.002000 CC=0.750 (10.1s)
[2025-09-15 14:40:16.410] Step 15000: TF=1.000 CF=11.0 CX=10.5 W=0.48 Loss=0.041555 LR=0.002000 CC=0.750 (11.0s)
[2025-09-15 14:40:17.456] Step 16000: TF=1.000 CF=11.0 CX=11.5 W=0.52 Loss=1.173208 LR=0.002000 CC=0.750 (12.0s)
[2025-09-15 14:40:18.498] Step 17000: TF=1.000 CF=11.0 CX=11.1 W=0.57 Loss=0.228120 LR=0.002000 CC=0.750 (13.1s)
[2025-09-15 14:40:19.599] Step 18000: TF=1.000 CF=7.0 CX=6.0 W=0.20 Loss=0.105783 LR=0.002000 CC=0.750 (14.2s)
[2025-09-15 14:40:20.546] Step 19000: TF=1.000 CF=7.0 CX=6.7 W=0.20 Loss=0.023457 LR=0.002000 CC=0.750 (15.1s)
[2025-09-15 14:40:21.331] Step 20000: TF=1.000 CF=11.0 CX=11.6 W=0.70 Loss=0.014110 LR=0.002000 CC=0.750 (15.9s)
[2025-09-15 14:40:22.105] Step 21000: TF=1.000 CF=11.0 CX=11.0 W=0.74 Loss=0.011379 LR=0.002000 CC=0.750 (16.7s)
[2025-09-15 14:40:22.898] Step 22000: TF=1.000 CF=7.0 CX=6.2 W=0.20 Loss=0.024425 LR=0.002000 CC=0.750 (17.5s)
[2025-09-15 14:40:23.739] Step 23000: TF=1.000 CF=11.0 CX=10.0 W=0.83 Loss=0.010585 LR=0.002000 CC=0.750 (18.3s)
[2025-09-15 14:40:24.542] Step 24000: TF=1.000 CF=11.0 CX=11.5 W=0.87 Loss=0.480120 LR=0.002000 CC=0.750 (19.1s)
[2025-09-15 14:40:25.320] Step 25000: TF=1.000 CF=11.0 CX=9.8 W=0.91 Loss=0.049157 LR=0.002000 CC=0.750 (19.9s)
[2025-09-15 14:40:26.054] Step 26000: TF=1.000 CF=11.0 CX=11.2 W=0.96 Loss=0.207377 LR=0.002000 CC=0.750 (20.6s)
[2025-09-15 14:40:26.769] Step 27000: TF=1.000 CF=11.0 CX=10.6 W=1.00 Loss=0.004192 LR=0.002000 CC=0.750 (21.4s)
[2025-09-15 14:40:27.481] Step 28000: TF=1.000 CF=11.0 CX=11.2 W=1.00 Loss=0.068855 LR=0.002000 CC=0.750 (22.1s)
[2025-09-15 14:40:28.147] Step 29000: TF=1.000 CF=11.0 CX=11.6 W=1.00 Loss=0.033149 LR=0.002000 CC=0.750 (22.7s)
[2025-09-15 14:40:28.830] Step 30000: TF=1.000 CF=11.0 CX=9.9 W=1.00 Loss=0.003566 LR=0.002000 CC=0.750 (23.4s)
[2025-09-15 14:40:29.436] Step 31000: TF=1.000 CF=11.0 CX=9.9 W=1.00 Loss=0.003839 LR=0.002000 CC=0.750 (24.0s)
[2025-09-15 14:40:30.022] Step 32000: TF=1.000 CF=11.0 CX=10.9 W=1.00 Loss=0.003799 LR=0.002000 CC=0.750 (24.6s)
[2025-09-15 14:40:30.576] Step 33000: TF=1.000 CF=11.0 CX=11.7 W=1.00 Loss=0.000074 LR=0.002000 CC=0.750 (25.2s)
[2025-09-15 14:40:31.096] Step 34000: TF=1.000 CF=11.0 CX=10.2 W=1.00 Loss=0.002837 LR=0.002000 CC=0.750 (25.7s)
[2025-09-15 14:40:31.549] Step 35000: TF=1.000 CF=7.0 CX=6.8 W=0.20 Loss=0.009770 LR=0.002000 CC=0.750 (26.1s)
[2025-09-15 14:40:31.980] Step 36000: TF=1.000 CF=11.0 CX=11.8 W=1.00 Loss=0.195001 LR=0.002000 CC=0.750 (26.6s)
[2025-09-15 14:40:32.364] Step 37000: TF=1.000 CF=11.0 CX=11.5 W=1.00 Loss=0.114004 LR=0.002000 CC=0.750 (26.9s)
[2025-09-15 14:40:32.723] Step 38000: TF=1.000 CF=11.0 CX=10.3 W=1.00 Loss=0.003294 LR=0.002000 CC=0.750 (27.3s)
[2025-09-15 14:40:33.097] Step 39000: TF=1.000 CF=11.0 CX=11.1 W=1.00 Loss=0.100473 LR=0.002000 CC=0.750 (27.7s)
[2025-09-15 14:40:33.428] Step 40000: TF=1.000 CF=11.0 CX=10.8 W=1.00 Loss=0.001262 LR=0.002000 CC=0.750 (28.0s)
[2025-09-15 14:40:33.743] Step 41000: TF=1.000 CF=11.0 CX=10.7 W=1.00 Loss=0.001322 LR=0.002000 CC=0.750 (28.3s)
[2025-09-15 14:40:34.067] Step 42000: TF=1.000 CF=11.0 CX=10.2 W=1.00 Loss=0.001809 LR=0.002000 CC=0.750 (28.7s)
[2025-09-15 14:40:34.375] Step 43000: TF=1.000 CF=11.0 CX=9.3 W=1.00 Loss=0.001893 LR=0.002000 CC=0.750 (29.0s)
[2025-09-15 14:40:34.689] Step 44000: TF=1.000 CF=11.0 CX=12.0 W=1.00 Loss=0.033851 LR=0.002000 CC=0.750 (29.3s)
[2025-09-15 14:40:35.006] Step 45000: TF=1.000 CF=11.0 CX=11.2 W=1.00 Loss=0.000000 LR=0.002000 CC=0.750 (29.6s)
[2025-09-15 14:40:35.338] Step 46000: TF=1.000 CF=11.0 CX=10.9 W=1.00 Loss=0.001948 LR=0.002000 CC=0.750 (29.9s)
[2025-09-15 14:40:35.730] Step 47000: TF=1.000 CF=11.0 CX=11.5 W=1.00 Loss=0.003528 LR=0.002000 CC=0.750 (30.3s)
[2025-09-15 14:40:36.038] Step 48000: TF=1.000 CF=11.0 CX=11.8 W=1.00 Loss=0.036160 LR=0.002000 CC=0.750 (30.6s)
[2025-09-15 14:40:36.372] Step 49000: TF=1.000 CF=11.0 CX=10.7 W=1.00 Loss=0.001063 LR=0.002000 CC=0.750 (31.0s)
[2025-09-15 14:40:36.677] Step 50000: TF=1.000 CF=11.0 CX=11.5 W=1.00 Loss=0.011252 LR=0.002000 CC=0.750 (31.3s)
[2025-09-15 14:40:36.677] === Training complete ===
