[2025-09-15 14:33:44.844] === EFFECTIVE CONFIGURATION ===
[2025-09-15 14:33:44.844] {
[2025-09-15 14:33:44.845]   "_config_path": ".sweep_tmp/cfg_addition_start_step=4000.json",
[2025-09-15 14:33:44.845]   "_overrides": [],
[2025-09-15 14:33:44.845]   "_raw_config": {
[2025-09-15 14:33:44.845]     "addition_cf_max": 11.0,
[2025-09-15 14:33:44.845]     "addition_cf_min": 2.0,
[2025-09-15 14:33:44.845]     "addition_start_step": 4000,
[2025-09-15 14:33:44.845]     "cf_max_complexity": 7.0,
[2025-09-15 14:33:44.845]     "cf_min_complexity": 2.0,
[2025-09-15 14:33:44.845]     "cf_sd": 1.2,
[2025-09-15 14:33:44.845]     "checkpoint_interval": 5000,
[2025-09-15 14:33:44.845]     "confidence_criterion_start": 0.9,
[2025-09-15 14:33:44.845]     "confidence_floor": 0.75,
[2025-09-15 14:33:44.845]     "counting_fade_rate": 0.00015,
[2025-09-15 14:33:44.845]     "counting_focus_steps": 6000,
[2025-09-15 14:33:44.845]     "cx_sd": 0.9,
[2025-09-15 14:33:44.845]     "gate_freeze_until_step": 3000,
[2025-09-15 14:33:44.845]     "hidden_size": 64,
[2025-09-15 14:33:44.845]     "learning_rate": 0.005,
[2025-09-15 14:33:44.845]     "learning_rate_floor": 0.002,
[2025-09-15 14:33:44.845]     "lr_decay": 0.9999,
[2025-09-15 14:33:44.845]     "outdir": "results",
[2025-09-15 14:33:44.845]     "tf_rate_addition": 0.0001,
[2025-09-15 14:33:44.845]     "tf_rate_counting": 0.0001,
[2025-09-15 14:33:44.845]     "total_steps": 20000
[2025-09-15 14:33:44.845]   },
[2025-09-15 14:33:44.845]   "addition_cf_max": 11.0,
[2025-09-15 14:33:44.845]   "addition_cf_min": 2.0,
[2025-09-15 14:33:44.845]   "addition_start_step": 4000,
[2025-09-15 14:33:44.845]   "cf_max_complexity": 7.0,
[2025-09-15 14:33:44.845]   "cf_min_complexity": 2.0,
[2025-09-15 14:33:44.845]   "cf_sd": 1.2,
[2025-09-15 14:33:44.845]   "cf_variance": 1.5,
[2025-09-15 14:33:44.845]   "checkpoint_interval": 5000,
[2025-09-15 14:33:44.845]   "confidence_criterion_start": 0.9,
[2025-09-15 14:33:44.845]   "confidence_floor": 0.75,
[2025-09-15 14:33:44.845]   "counting_fade_rate": 0.00015,
[2025-09-15 14:33:44.845]   "counting_focus_steps": 6000,
[2025-09-15 14:33:44.845]   "cx_sd": 0.9,
[2025-09-15 14:33:44.845]   "cx_variance": 0.8,
[2025-09-15 14:33:44.845]   "gate_freeze_until_step": 3000,
[2025-09-15 14:33:44.845]   "hidden_size": 64,
[2025-09-15 14:33:44.845]   "learning_rate": 0.005,
[2025-09-15 14:33:44.845]   "learning_rate_floor": 0.002,
[2025-09-15 14:33:44.845]   "lr_decay": 0.9999,
[2025-09-15 14:33:44.845]   "outdir": "results/addition_start_step=4000",
[2025-09-15 14:33:44.845]   "tf_rate": 0.0001,
[2025-09-15 14:33:44.845]   "tf_rate_addition": 0.0001,
[2025-09-15 14:33:44.845]   "tf_rate_counting": 0.0001,
[2025-09-15 14:33:44.845]   "total_steps": 20000
[2025-09-15 14:33:44.845] }
[2025-09-15 14:33:44.846] === Small Math Model (Content-Gated) ===
[2025-09-15 14:33:44.846] Network: 24 -> 64 -> 12
[2025-09-15 14:33:44.846] Training steps: 20000   LR: 0.005
[2025-09-15 14:33:44.846] Gate freeze until: 3000
[2025-09-15 14:33:44.846] Confidence start: 0.9 (floor 0.75)
[2025-09-15 14:33:44.846] === Sanity check ===
[2025-09-15 14:33:44.846] 1 -> ? = 10 (expected 2) - conf:0.000 finger:True
[2025-09-15 14:33:44.847] 3 -> ? = 8 (expected 4) - conf:0.000 finger:True
[2025-09-15 14:33:44.847] 5 -> ? = 8 (expected 6) - conf:0.000 finger:True
[2025-09-15 14:33:44.847] 2 -> 3 = 12 (expected 4) - conf:0.000 finger:True
[2025-09-15 14:33:44.847] 4 -> 5 = 8 (expected 6) - conf:0.000 finger:True
[2025-09-15 14:33:44.849] 1 + 2 = 3 (expected 3) + conf:0.000 finger:True
[2025-09-15 14:33:44.851] 2 + 2 = 4 (expected 4) + conf:0.000 finger:True
[2025-09-15 14:33:44.854] 3 + 4 = 7 (expected 7) + conf:0.000 finger:True
[2025-09-15 14:33:44.857] 4 + 5 = 9 (expected 9) + conf:0.000 finger:True
[2025-09-15 14:33:44.859] 5 + 5 = 10 (expected 10) + conf:0.000 finger:True
[2025-09-15 14:33:44.859] 
[2025-09-15 14:33:45.095] Step  1000: TF=0.100 CF=2.5 CX=2.0 W=1.00 Loss=2.290117 LR=0.004540 CC=0.817 (0.2s)
[2025-09-15 14:33:45.338] Step  2000: TF=0.200 CF=3.0 CX=2.2 W=1.00 Loss=1.663865 LR=0.004108 CC=0.750 (0.5s)
[2025-09-15 14:33:45.596] Step  3000: TF=0.300 CF=3.5 CX=5.9 W=1.00 Loss=2.275198 LR=0.003717 CC=0.750 (0.7s)
[2025-09-15 14:33:45.854] Step  4000: TF=0.400 CF=4.0 CX=2.8 W=1.00 Loss=1.286658 LR=0.003363 CC=0.750 (1.0s)
[2025-09-15 14:33:46.232] Step  5000: TF=0.500 CF=4.5 CX=4.0 W=0.85 Loss=1.125463 LR=0.003043 CC=0.750 (1.4s)
[2025-09-15 14:33:47.069] Step  6000: TF=0.600 CF=5.0 CX=4.6 W=0.70 Loss=0.635858 LR=0.002753 CC=0.750 (2.2s)
[2025-09-15 14:33:48.114] Step  7000: TF=0.700 CF=5.5 CX=5.6 W=0.55 Loss=1.703489 LR=0.002491 CC=0.750 (3.3s)
[2025-09-15 14:33:49.505] Step  8000: TF=0.800 CF=9.2 CX=9.3 W=0.50 Loss=1.677794 LR=0.002254 CC=0.750 (4.6s)
[2025-09-15 14:33:51.298] Step  9000: TF=0.900 CF=10.1 CX=10.2 W=0.62 Loss=0.361853 LR=0.002040 CC=0.750 (6.4s)
[2025-09-15 14:33:53.106] Step 10000: TF=1.000 CF=11.0 CX=9.8 W=0.75 Loss=0.154502 LR=0.002000 CC=0.750 (8.2s)
[2025-09-15 14:33:54.121] Step 11000: TF=1.000 CF=11.0 CX=10.7 W=0.87 Loss=0.091381 LR=0.002000 CC=0.750 (9.3s)
[2025-09-15 14:33:55.210] Step 12000: TF=1.000 CF=11.0 CX=10.8 W=1.00 Loss=0.067901 LR=0.002000 CC=0.750 (10.4s)
[2025-09-15 14:33:56.297] Step 13000: TF=1.000 CF=11.0 CX=10.6 W=1.00 Loss=0.043592 LR=0.002000 CC=0.750 (11.4s)
[2025-09-15 14:33:57.493] Step 14000: TF=1.000 CF=11.0 CX=10.7 W=1.00 Loss=0.043675 LR=0.002000 CC=0.750 (12.6s)
[2025-09-15 14:33:58.543] Step 15000: TF=1.000 CF=11.0 CX=11.3 W=1.00 Loss=0.139905 LR=0.002000 CC=0.750 (13.7s)
[2025-09-15 14:33:59.646] Step 16000: TF=1.000 CF=11.0 CX=10.9 W=1.00 Loss=0.026125 LR=0.002000 CC=0.750 (14.8s)
[2025-09-15 14:34:00.661] Step 17000: TF=1.000 CF=7.0 CX=6.8 W=0.20 Loss=0.071335 LR=0.002000 CC=0.750 (15.8s)
[2025-09-15 14:34:01.761] Step 18000: TF=1.000 CF=11.0 CX=12.0 W=1.00 Loss=0.000010 LR=0.002000 CC=0.750 (16.9s)
[2025-09-15 14:34:02.706] Step 19000: TF=1.000 CF=11.0 CX=12.0 W=1.00 Loss=0.045061 LR=0.002000 CC=0.750 (17.8s)
[2025-09-15 14:34:03.594] Step 20000: TF=1.000 CF=11.0 CX=11.5 W=1.00 Loss=0.456071 LR=0.002000 CC=0.750 (18.7s)
[2025-09-15 14:34:03.594] === Training complete ===
