[2025-09-15 14:36:27.213] === EFFECTIVE CONFIGURATION ===
[2025-09-15 14:36:27.213] {
[2025-09-15 14:36:27.213]   "_config_path": ".sweep_tmp/cfg_addition_start_step=4000.json",
[2025-09-15 14:36:27.214]   "_overrides": [],
[2025-09-15 14:36:27.214]   "_raw_config": {
[2025-09-15 14:36:27.214]     "addition_cf_max": 11.0,
[2025-09-15 14:36:27.214]     "addition_cf_min": 2.0,
[2025-09-15 14:36:27.214]     "addition_start_step": 4000,
[2025-09-15 14:36:27.214]     "cf_max_complexity": 7.0,
[2025-09-15 14:36:27.214]     "cf_min_complexity": 2.0,
[2025-09-15 14:36:27.214]     "cf_sd": 1.2,
[2025-09-15 14:36:27.214]     "checkpoint_interval": 5000,
[2025-09-15 14:36:27.214]     "confidence_criterion_start": 0.9,
[2025-09-15 14:36:27.214]     "confidence_floor": 0.75,
[2025-09-15 14:36:27.214]     "counting_fade_rate": 0.00015,
[2025-09-15 14:36:27.214]     "counting_focus_steps": 6000,
[2025-09-15 14:36:27.214]     "cx_sd": 0.9,
[2025-09-15 14:36:27.214]     "gate_freeze_until_step": 3000,
[2025-09-15 14:36:27.214]     "hidden_size": 64,
[2025-09-15 14:36:27.214]     "learning_rate": 0.005,
[2025-09-15 14:36:27.214]     "learning_rate_floor": 0.002,
[2025-09-15 14:36:27.214]     "lr_decay": 0.9999,
[2025-09-15 14:36:27.214]     "outdir": "results",
[2025-09-15 14:36:27.214]     "tf_rate_addition": 0.0001,
[2025-09-15 14:36:27.214]     "tf_rate_counting": 0.0001,
[2025-09-15 14:36:27.214]     "total_steps": 50000
[2025-09-15 14:36:27.214]   },
[2025-09-15 14:36:27.214]   "addition_cf_max": 11.0,
[2025-09-15 14:36:27.214]   "addition_cf_min": 2.0,
[2025-09-15 14:36:27.214]   "addition_start_step": 4000,
[2025-09-15 14:36:27.214]   "cf_max_complexity": 7.0,
[2025-09-15 14:36:27.214]   "cf_min_complexity": 2.0,
[2025-09-15 14:36:27.214]   "cf_sd": 1.2,
[2025-09-15 14:36:27.214]   "cf_variance": 1.5,
[2025-09-15 14:36:27.214]   "checkpoint_interval": 5000,
[2025-09-15 14:36:27.214]   "confidence_criterion_start": 0.9,
[2025-09-15 14:36:27.214]   "confidence_floor": 0.75,
[2025-09-15 14:36:27.214]   "counting_fade_rate": 0.00015,
[2025-09-15 14:36:27.214]   "counting_focus_steps": 6000,
[2025-09-15 14:36:27.214]   "cx_sd": 0.9,
[2025-09-15 14:36:27.214]   "cx_variance": 0.8,
[2025-09-15 14:36:27.214]   "gate_freeze_until_step": 3000,
[2025-09-15 14:36:27.214]   "hidden_size": 64,
[2025-09-15 14:36:27.214]   "learning_rate": 0.005,
[2025-09-15 14:36:27.214]   "learning_rate_floor": 0.002,
[2025-09-15 14:36:27.214]   "lr_decay": 0.9999,
[2025-09-15 14:36:27.214]   "outdir": "results/addition_start_step=4000",
[2025-09-15 14:36:27.214]   "tf_rate": 0.0001,
[2025-09-15 14:36:27.214]   "tf_rate_addition": 0.0001,
[2025-09-15 14:36:27.214]   "tf_rate_counting": 0.0001,
[2025-09-15 14:36:27.214]   "total_steps": 50000
[2025-09-15 14:36:27.214] }
[2025-09-15 14:36:27.215] === Small Math Model (Content-Gated) ===
[2025-09-15 14:36:27.215] Network: 24 -> 64 -> 12
[2025-09-15 14:36:27.215] Training steps: 50000   LR: 0.005
[2025-09-15 14:36:27.215] Gate freeze until: 3000
[2025-09-15 14:36:27.215] Confidence start: 0.9 (floor 0.75)
[2025-09-15 14:36:27.215] === Sanity check ===
[2025-09-15 14:36:27.216] 1 -> ? = 10 (expected 2) - conf:0.000 finger:True
[2025-09-15 14:36:27.216] 3 -> ? = 8 (expected 4) - conf:0.000 finger:True
[2025-09-15 14:36:27.216] 5 -> ? = 8 (expected 6) - conf:0.000 finger:True
[2025-09-15 14:36:27.216] 2 -> 3 = 12 (expected 4) - conf:0.000 finger:True
[2025-09-15 14:36:27.216] 4 -> 5 = 8 (expected 6) - conf:0.000 finger:True
[2025-09-15 14:36:27.218] 1 + 2 = 3 (expected 3) + conf:0.000 finger:True
[2025-09-15 14:36:27.220] 2 + 2 = 4 (expected 4) + conf:0.000 finger:True
[2025-09-15 14:36:27.223] 3 + 4 = 7 (expected 7) + conf:0.000 finger:True
[2025-09-15 14:36:27.226] 4 + 5 = 9 (expected 9) + conf:0.000 finger:True
[2025-09-15 14:36:27.229] 5 + 5 = 10 (expected 10) + conf:0.000 finger:True
[2025-09-15 14:36:27.229] 
[2025-09-15 14:36:27.467] Step  1000: TF=0.100 CF=2.5 CX=3.3 W=1.00 Loss=2.773140 LR=0.004540 CC=0.817 (0.2s)
[2025-09-15 14:36:27.704] Step  2000: TF=0.200 CF=3.0 CX=2.0 W=1.00 Loss=0.538524 LR=0.004108 CC=0.750 (0.5s)
[2025-09-15 14:36:27.939] Step  3000: TF=0.300 CF=3.5 CX=2.9 W=1.00 Loss=0.719854 LR=0.003717 CC=0.750 (0.7s)
[2025-09-15 14:36:28.179] Step  4000: TF=0.400 CF=4.0 CX=3.9 W=1.00 Loss=0.851166 LR=0.003363 CC=0.750 (0.9s)
[2025-09-15 14:36:28.495] Step  5000: TF=0.500 CF=4.5 CX=6.0 W=0.85 Loss=2.121117 LR=0.003043 CC=0.750 (1.3s)
[2025-09-15 14:36:28.898] Step  6000: TF=0.600 CF=5.0 CX=5.2 W=0.70 Loss=1.781175 LR=0.002753 CC=0.750 (1.7s)
[2025-09-15 14:36:29.571] Step  7000: TF=0.700 CF=8.3 CX=9.1 W=0.13 Loss=3.479612 LR=0.002491 CC=0.750 (2.3s)
[2025-09-15 14:36:30.413] Step  8000: TF=0.800 CF=9.2 CX=9.2 W=0.17 Loss=1.424648 LR=0.002254 CC=0.750 (3.2s)
[2025-09-15 14:36:31.569] Step  9000: TF=0.900 CF=10.1 CX=9.6 W=0.22 Loss=0.526184 LR=0.002040 CC=0.750 (4.3s)
[2025-09-15 14:36:32.944] Step 10000: TF=1.000 CF=7.0 CX=8.1 W=0.20 Loss=0.007276 LR=0.002000 CC=0.750 (5.7s)
[2025-09-15 14:36:34.160] Step 11000: TF=1.000 CF=11.0 CX=11.1 W=0.30 Loss=1.467939 LR=0.002000 CC=0.750 (6.9s)
[2025-09-15 14:36:35.087] Step 12000: TF=1.000 CF=7.0 CX=7.1 W=0.20 Loss=0.019768 LR=0.002000 CC=0.750 (7.9s)
[2025-09-15 14:36:36.040] Step 13000: TF=1.000 CF=11.0 CX=10.8 W=0.39 Loss=0.107307 LR=0.002000 CC=0.750 (8.8s)
[2025-09-15 14:36:36.900] Step 14000: TF=1.000 CF=11.0 CX=11.6 W=0.43 Loss=1.903272 LR=0.002000 CC=0.750 (9.7s)
[2025-09-15 14:36:37.875] Step 15000: TF=1.000 CF=11.0 CX=11.4 W=0.48 Loss=1.283255 LR=0.002000 CC=0.750 (10.6s)
[2025-09-15 14:36:38.822] Step 16000: TF=1.000 CF=7.0 CX=6.9 W=0.20 Loss=0.030624 LR=0.002000 CC=0.750 (11.6s)
[2025-09-15 14:36:39.816] Step 17000: TF=1.000 CF=11.0 CX=10.9 W=0.57 Loss=0.042504 LR=0.002000 CC=0.750 (12.6s)
[2025-09-15 14:36:40.785] Step 18000: TF=1.000 CF=7.0 CX=5.1 W=0.20 Loss=0.009828 LR=0.002000 CC=0.750 (13.6s)
[2025-09-15 14:36:41.721] Step 19000: TF=1.000 CF=7.0 CX=5.7 W=0.20 Loss=0.100052 LR=0.002000 CC=0.750 (14.5s)
[2025-09-15 14:36:42.623] Step 20000: TF=1.000 CF=11.0 CX=10.2 W=0.70 Loss=0.018206 LR=0.002000 CC=0.750 (15.4s)
[2025-09-15 14:36:43.409] Step 21000: TF=1.000 CF=11.0 CX=10.5 W=0.74 Loss=0.007991 LR=0.002000 CC=0.750 (16.2s)
[2025-09-15 14:36:44.228] Step 22000: TF=1.000 CF=11.0 CX=12.0 W=0.78 Loss=0.124549 LR=0.002000 CC=0.750 (17.0s)
[2025-09-15 14:36:44.917] Step 23000: TF=1.000 CF=11.0 CX=10.7 W=0.83 Loss=0.008256 LR=0.002000 CC=0.750 (17.7s)
[2025-09-15 14:36:45.639] Step 24000: TF=1.000 CF=11.0 CX=12.0 W=0.87 Loss=0.503887 LR=0.002000 CC=0.750 (18.4s)
[2025-09-15 14:36:46.355] Step 25000: TF=1.000 CF=7.0 CX=7.0 W=0.20 Loss=0.027706 LR=0.002000 CC=0.750 (19.1s)
[2025-09-15 14:36:47.121] Step 26000: TF=1.000 CF=11.0 CX=11.1 W=0.96 Loss=0.233920 LR=0.002000 CC=0.750 (19.9s)
[2025-09-15 14:36:47.852] Step 27000: TF=1.000 CF=11.0 CX=11.8 W=1.00 Loss=0.572660 LR=0.002000 CC=0.750 (20.6s)
[2025-09-15 14:36:48.586] Step 28000: TF=1.000 CF=11.0 CX=10.3 W=1.00 Loss=0.006120 LR=0.002000 CC=0.750 (21.4s)
[2025-09-15 14:36:49.261] Step 29000: TF=1.000 CF=11.0 CX=10.9 W=1.00 Loss=0.004297 LR=0.002000 CC=0.750 (22.0s)
[2025-09-15 14:36:49.910] Step 30000: TF=1.000 CF=11.0 CX=11.3 W=1.00 Loss=0.000000 LR=0.002000 CC=0.750 (22.7s)
[2025-09-15 14:36:50.526] Step 31000: TF=1.000 CF=7.0 CX=7.9 W=0.20 Loss=0.000439 LR=0.002000 CC=0.750 (23.3s)
[2025-09-15 14:36:51.122] Step 32000: TF=1.000 CF=11.0 CX=11.2 W=1.00 Loss=0.270904 LR=0.002000 CC=0.750 (23.9s)
[2025-09-15 14:36:51.669] Step 33000: TF=1.000 CF=11.0 CX=9.9 W=1.00 Loss=0.031942 LR=0.002000 CC=0.750 (24.4s)
[2025-09-15 14:36:52.152] Step 34000: TF=1.000 CF=11.0 CX=10.8 W=1.00 Loss=0.002315 LR=0.002000 CC=0.750 (24.9s)
[2025-09-15 14:36:52.629] Step 35000: TF=1.000 CF=11.0 CX=11.8 W=1.00 Loss=0.007085 LR=0.002000 CC=0.750 (25.4s)
[2025-09-15 14:36:53.035] Step 36000: TF=1.000 CF=11.0 CX=12.0 W=1.00 Loss=0.090596 LR=0.002000 CC=0.750 (25.8s)
[2025-09-15 14:36:53.420] Step 37000: TF=1.000 CF=11.0 CX=11.9 W=1.00 Loss=0.016311 LR=0.002000 CC=0.750 (26.2s)
[2025-09-15 14:36:53.778] Step 38000: TF=1.000 CF=11.0 CX=9.2 W=1.00 Loss=0.002296 LR=0.002000 CC=0.750 (26.5s)
[2025-09-15 14:36:54.128] Step 39000: TF=1.000 CF=7.0 CX=6.2 W=0.20 Loss=0.005980 LR=0.002000 CC=0.750 (26.9s)
[2025-09-15 14:36:54.466] Step 40000: TF=1.000 CF=11.0 CX=11.6 W=1.00 Loss=0.015837 LR=0.002000 CC=0.750 (27.2s)
[2025-09-15 14:36:54.787] Step 41000: TF=1.000 CF=11.0 CX=10.8 W=1.00 Loss=0.001438 LR=0.002000 CC=0.750 (27.6s)
[2025-09-15 14:36:55.099] Step 42000: TF=1.000 CF=11.0 CX=10.7 W=1.00 Loss=0.002188 LR=0.002000 CC=0.750 (27.9s)
[2025-09-15 14:36:55.404] Step 43000: TF=1.000 CF=11.0 CX=10.6 W=1.00 Loss=0.001949 LR=0.002000 CC=0.750 (28.2s)
[2025-09-15 14:36:55.722] Step 44000: TF=1.000 CF=11.0 CX=11.4 W=1.00 Loss=0.000000 LR=0.002000 CC=0.750 (28.5s)
[2025-09-15 14:36:56.032] Step 45000: TF=1.000 CF=11.0 CX=10.3 W=1.00 Loss=0.001384 LR=0.002000 CC=0.750 (28.8s)
[2025-09-15 14:36:56.332] Step 46000: TF=1.000 CF=11.0 CX=11.8 W=1.00 Loss=0.064262 LR=0.002000 CC=0.750 (29.1s)
[2025-09-15 14:36:56.643] Step 47000: TF=1.000 CF=11.0 CX=10.5 W=1.00 Loss=0.000945 LR=0.002000 CC=0.750 (29.4s)
[2025-09-15 14:36:56.955] Step 48000: TF=1.000 CF=11.0 CX=9.6 W=1.00 Loss=0.014262 LR=0.002000 CC=0.750 (29.7s)
[2025-09-15 14:36:57.261] Step 49000: TF=1.000 CF=11.0 CX=12.0 W=1.00 Loss=0.017893 LR=0.002000 CC=0.750 (30.0s)
[2025-09-15 14:36:57.566] Step 50000: TF=1.000 CF=7.0 CX=8.2 W=0.20 Loss=0.011258 LR=0.002000 CC=0.750 (30.3s)
[2025-09-15 14:36:57.566] === Training complete ===
