[2025-09-10 16:46:28.926] === EFFECTIVE CONFIGURATION ===
[2025-09-10 16:46:28.926] {
[2025-09-10 16:46:28.926]   "_config_path": ".sweep_tmp/cfg_learning_rate=0p013.json",
[2025-09-10 16:46:28.926]   "_overrides": [],
[2025-09-10 16:46:28.926]   "_raw_config": {
[2025-09-10 16:46:28.926]     "addition_cf_max": 11.0,
[2025-09-10 16:46:28.926]     "addition_cf_min": 2.0,
[2025-09-10 16:46:28.926]     "addition_start_step": 8000,
[2025-09-10 16:46:28.926]     "cf_max_complexity": 7.0,
[2025-09-10 16:46:28.926]     "cf_min_complexity": 2.0,
[2025-09-10 16:46:28.926]     "cf_sd": 1.2,
[2025-09-10 16:46:28.926]     "checkpoint_interval": 5000,
[2025-09-10 16:46:28.926]     "confidence_criterion_start": 0.9,
[2025-09-10 16:46:28.926]     "confidence_floor": 0.75,
[2025-09-10 16:46:28.926]     "counting_fade_rate": 0.00015,
[2025-09-10 16:46:28.926]     "counting_focus_steps": 6000,
[2025-09-10 16:46:28.926]     "cx_sd": 0.9,
[2025-09-10 16:46:28.926]     "gate_freeze_until_step": 3000,
[2025-09-10 16:46:28.926]     "hidden_size": 64,
[2025-09-10 16:46:28.927]     "learning_rate": 0.013,
[2025-09-10 16:46:28.927]     "learning_rate_floor": 0.002,
[2025-09-10 16:46:28.927]     "lr_decay": 0.9999,
[2025-09-10 16:46:28.927]     "outdir": "results",
[2025-09-10 16:46:28.927]     "tf_rate_addition": 5e-05,
[2025-09-10 16:46:28.927]     "tf_rate_counting": 0.0002,
[2025-09-10 16:46:28.927]     "total_steps": 15000
[2025-09-10 16:46:28.927]   },
[2025-09-10 16:46:28.927]   "addition_cf_max": 11.0,
[2025-09-10 16:46:28.927]   "addition_cf_min": 2.0,
[2025-09-10 16:46:28.927]   "addition_start_step": 8000,
[2025-09-10 16:46:28.927]   "cf_max_complexity": 7.0,
[2025-09-10 16:46:28.927]   "cf_min_complexity": 2.0,
[2025-09-10 16:46:28.927]   "cf_sd": 1.2,
[2025-09-10 16:46:28.927]   "cf_variance": 1.5,
[2025-09-10 16:46:28.927]   "checkpoint_interval": 5000,
[2025-09-10 16:46:28.927]   "confidence_criterion_start": 0.9,
[2025-09-10 16:46:28.927]   "confidence_floor": 0.75,
[2025-09-10 16:46:28.927]   "counting_fade_rate": 0.00015,
[2025-09-10 16:46:28.927]   "counting_focus_steps": 6000,
[2025-09-10 16:46:28.927]   "cx_sd": 0.9,
[2025-09-10 16:46:28.927]   "cx_variance": 0.8,
[2025-09-10 16:46:28.927]   "gate_freeze_until_step": 3000,
[2025-09-10 16:46:28.927]   "hidden_size": 64,
[2025-09-10 16:46:28.927]   "learning_rate": 0.013,
[2025-09-10 16:46:28.927]   "learning_rate_floor": 0.002,
[2025-09-10 16:46:28.927]   "lr_decay": 0.9999,
[2025-09-10 16:46:28.927]   "outdir": "results/lrsweep/learning_rate=0.013",
[2025-09-10 16:46:28.927]   "tf_rate": 0.0001,
[2025-09-10 16:46:28.927]   "tf_rate_addition": 5e-05,
[2025-09-10 16:46:28.927]   "tf_rate_counting": 0.0002,
[2025-09-10 16:46:28.927]   "total_steps": 15000
[2025-09-10 16:46:28.927] }
[2025-09-10 16:46:28.929] === Small Math Model (Content-Gated) ===
[2025-09-10 16:46:28.929] Network: 24 -> 64 -> 12
[2025-09-10 16:46:28.929] Training steps: 15000   LR: 0.013
[2025-09-10 16:46:28.929] Gate freeze until: 3000
[2025-09-10 16:46:28.929] Confidence start: 0.9 (floor 0.75)
[2025-09-10 16:46:28.929] === Sanity check ===
[2025-09-10 16:46:28.929] 1 -> ? = 10 (expected 2) - conf:0.000 finger:True
[2025-09-10 16:46:28.930] 3 -> ? = 8 (expected 4) - conf:0.000 finger:True
[2025-09-10 16:46:28.930] 5 -> ? = 8 (expected 6) - conf:0.000 finger:True
[2025-09-10 16:46:28.930] 2 -> 3 = 12 (expected 4) - conf:0.000 finger:True
[2025-09-10 16:46:28.930] 4 -> 5 = 8 (expected 6) - conf:0.000 finger:True
[2025-09-10 16:46:28.931] 1 + 2 = 3 (expected 3) + conf:0.000 finger:True
[2025-09-10 16:46:28.933] 2 + 2 = 4 (expected 4) + conf:0.000 finger:True
[2025-09-10 16:46:28.935] 3 + 4 = 7 (expected 7) + conf:0.000 finger:True
[2025-09-10 16:46:28.937] 4 + 5 = 9 (expected 9) + conf:0.000 finger:True
[2025-09-10 16:46:28.939] 5 + 5 = 10 (expected 10) + conf:0.000 finger:True
[2025-09-10 16:46:28.939] 
[2025-09-10 16:46:29.103] Step  1000: TF=0.100 CF=2.5 CX=2.0 W=1.00 Loss=0.415410 LR=0.011803 CC=0.817 (0.2s)
[2025-09-10 16:46:29.266] Step  2000: TF=0.200 CF=3.0 CX=3.6 W=1.00 Loss=0.476819 LR=0.010680 CC=0.750 (0.3s)
[2025-09-10 16:46:29.441] Step  3000: TF=0.300 CF=3.5 CX=4.4 W=1.00 Loss=0.366668 LR=0.009663 CC=0.750 (0.5s)
[2025-09-10 16:46:29.625] Step  4000: TF=0.400 CF=4.0 CX=3.9 W=1.00 Loss=0.440432 LR=0.008744 CC=0.750 (0.7s)
[2025-09-10 16:46:29.796] Step  5000: TF=0.500 CF=4.5 CX=3.4 W=1.00 Loss=0.002603 LR=0.007912 CC=0.750 (0.9s)
[2025-09-10 16:46:29.972] Step  6000: TF=0.600 CF=5.0 CX=2.9 W=1.00 Loss=0.007242 LR=0.007159 CC=0.750 (1.0s)
[2025-09-10 16:46:30.152] Step  7000: TF=0.700 CF=5.5 CX=5.7 W=1.00 Loss=0.029162 LR=0.006477 CC=0.750 (1.2s)
[2025-09-10 16:46:30.321] Step  8000: TF=0.800 CF=6.0 CX=5.0 W=1.00 Loss=0.000715 LR=0.005861 CC=0.750 (1.4s)
[2025-09-10 16:46:30.530] Step  9000: TF=0.900 CF=10.1 CX=10.4 W=0.29 Loss=0.033799 LR=0.005303 CC=0.750 (1.6s)
[2025-09-10 16:46:30.762] Step 10000: TF=1.000 CF=11.0 CX=9.7 W=0.57 Loss=0.006261 LR=0.004798 CC=0.750 (1.8s)
[2025-09-10 16:46:31.001] Step 11000: TF=1.000 CF=11.0 CX=12.0 W=0.86 Loss=3.919216 LR=0.004342 CC=0.750 (2.1s)
[2025-09-10 16:46:31.230] Step 12000: TF=1.000 CF=11.0 CX=12.0 W=1.00 Loss=0.008311 LR=0.003929 CC=0.750 (2.3s)
[2025-09-10 16:46:31.459] Step 13000: TF=1.000 CF=11.0 CX=9.8 W=1.00 Loss=0.008992 LR=0.003555 CC=0.750 (2.5s)
[2025-09-10 16:46:31.709] Step 14000: TF=1.000 CF=11.0 CX=11.1 W=1.00 Loss=0.010016 LR=0.003216 CC=0.750 (2.8s)
[2025-09-10 16:46:32.001] Step 15000: TF=1.000 CF=11.0 CX=11.9 W=1.00 Loss=0.000740 LR=0.002910 CC=0.750 (3.1s)
[2025-09-10 16:46:32.001] === Training complete ===
