[2025-09-14 18:56:53.643] === EFFECTIVE CONFIGURATION ===
[2025-09-14 18:56:53.643] {
[2025-09-14 18:56:53.643]   "_config_path": ".sweep_tmp/cfg_addition_start_step=4000.json",
[2025-09-14 18:56:53.643]   "_overrides": [],
[2025-09-14 18:56:53.643]   "_raw_config": {
[2025-09-14 18:56:53.643]     "addition_cf_max": 11.0,
[2025-09-14 18:56:53.643]     "addition_cf_min": 2.0,
[2025-09-14 18:56:53.643]     "addition_start_step": 4000,
[2025-09-14 18:56:53.643]     "cf_max_complexity": 7.0,
[2025-09-14 18:56:53.643]     "cf_min_complexity": 2.0,
[2025-09-14 18:56:53.643]     "cf_sd": 1.2,
[2025-09-14 18:56:53.643]     "checkpoint_interval": 5000,
[2025-09-14 18:56:53.643]     "confidence_criterion_start": 0.9,
[2025-09-14 18:56:53.643]     "confidence_floor": 0.75,
[2025-09-14 18:56:53.643]     "counting_fade_rate": 0.00015,
[2025-09-14 18:56:53.643]     "counting_focus_steps": 6000,
[2025-09-14 18:56:53.643]     "cx_sd": 0.9,
[2025-09-14 18:56:53.644]     "gate_freeze_until_step": 3000,
[2025-09-14 18:56:53.644]     "hidden_size": 64,
[2025-09-14 18:56:53.644]     "learning_rate": 0.015,
[2025-09-14 18:56:53.644]     "learning_rate_floor": 0.002,
[2025-09-14 18:56:53.644]     "lr_decay": 0.9999,
[2025-09-14 18:56:53.644]     "outdir": "results",
[2025-09-14 18:56:53.644]     "tf_rate_addition": 5e-05,
[2025-09-14 18:56:53.644]     "tf_rate_counting": 0.0002,
[2025-09-14 18:56:53.644]     "total_steps": 15000
[2025-09-14 18:56:53.644]   },
[2025-09-14 18:56:53.644]   "addition_cf_max": 11.0,
[2025-09-14 18:56:53.644]   "addition_cf_min": 2.0,
[2025-09-14 18:56:53.644]   "addition_start_step": 4000,
[2025-09-14 18:56:53.644]   "cf_max_complexity": 7.0,
[2025-09-14 18:56:53.644]   "cf_min_complexity": 2.0,
[2025-09-14 18:56:53.644]   "cf_sd": 1.2,
[2025-09-14 18:56:53.644]   "cf_variance": 1.5,
[2025-09-14 18:56:53.644]   "checkpoint_interval": 5000,
[2025-09-14 18:56:53.644]   "confidence_criterion_start": 0.9,
[2025-09-14 18:56:53.644]   "confidence_floor": 0.75,
[2025-09-14 18:56:53.644]   "counting_fade_rate": 0.00015,
[2025-09-14 18:56:53.644]   "counting_focus_steps": 6000,
[2025-09-14 18:56:53.644]   "cx_sd": 0.9,
[2025-09-14 18:56:53.644]   "cx_variance": 0.8,
[2025-09-14 18:56:53.644]   "gate_freeze_until_step": 3000,
[2025-09-14 18:56:53.644]   "hidden_size": 64,
[2025-09-14 18:56:53.644]   "learning_rate": 0.015,
[2025-09-14 18:56:53.644]   "learning_rate_floor": 0.002,
[2025-09-14 18:56:53.644]   "lr_decay": 0.9999,
[2025-09-14 18:56:53.644]   "outdir": "results/addition_start_step=4000",
[2025-09-14 18:56:53.644]   "tf_rate": 0.0001,
[2025-09-14 18:56:53.644]   "tf_rate_addition": 5e-05,
[2025-09-14 18:56:53.644]   "tf_rate_counting": 0.0002,
[2025-09-14 18:56:53.644]   "total_steps": 15000
[2025-09-14 18:56:53.644] }
[2025-09-14 18:56:53.645] === Small Math Model (Content-Gated) ===
[2025-09-14 18:56:53.645] Network: 24 -> 64 -> 12
[2025-09-14 18:56:53.645] Training steps: 15000   LR: 0.015
[2025-09-14 18:56:53.645] Gate freeze until: 3000
[2025-09-14 18:56:53.645] Confidence start: 0.9 (floor 0.75)
[2025-09-14 18:56:53.645] === Sanity check ===
[2025-09-14 18:56:53.646] 1 -> ? = 10 (expected 2) - conf:0.000 finger:True
[2025-09-14 18:56:53.646] 3 -> ? = 8 (expected 4) - conf:0.000 finger:True
[2025-09-14 18:56:53.646] 5 -> ? = 8 (expected 6) - conf:0.000 finger:True
[2025-09-14 18:56:53.646] 2 -> 3 = 12 (expected 4) - conf:0.000 finger:True
[2025-09-14 18:56:53.646] 4 -> 5 = 8 (expected 6) - conf:0.000 finger:True
[2025-09-14 18:56:53.647] 1 + 2 = 3 (expected 3) + conf:0.000 finger:True
[2025-09-14 18:56:53.649] 2 + 2 = 4 (expected 4) + conf:0.000 finger:True
[2025-09-14 18:56:53.652] 3 + 4 = 7 (expected 7) + conf:0.000 finger:True
[2025-09-14 18:56:53.654] 4 + 5 = 9 (expected 9) + conf:0.000 finger:True
[2025-09-14 18:56:53.657] 5 + 5 = 10 (expected 10) + conf:0.000 finger:True
[2025-09-14 18:56:53.657] 
[2025-09-14 18:56:53.863] Step  1000: TF=0.100 CF=2.5 CX=2.6 W=1.00 Loss=1.731791 LR=0.013619 CC=0.817 (0.2s)
[2025-09-14 18:56:54.078] Step  2000: TF=0.200 CF=3.0 CX=3.4 W=1.00 Loss=0.092326 LR=0.012323 CC=0.750 (0.4s)
[2025-09-14 18:56:54.290] Step  3000: TF=0.300 CF=3.5 CX=4.2 W=1.00 Loss=1.597460 LR=0.011150 CC=0.750 (0.6s)
[2025-09-14 18:56:54.510] Step  4000: TF=0.400 CF=4.0 CX=3.5 W=1.00 Loss=0.002537 LR=0.010089 CC=0.750 (0.9s)
[2025-09-14 18:56:54.815] Step  5000: TF=0.500 CF=4.5 CX=5.5 W=0.85 Loss=0.023839 LR=0.009129 CC=0.750 (1.2s)
[2025-09-14 18:56:55.259] Step  6000: TF=0.600 CF=7.4 CX=6.8 W=0.36 Loss=0.013845 LR=0.008260 CC=0.750 (1.6s)
[2025-09-14 18:56:55.793] Step  7000: TF=0.700 CF=5.5 CX=4.9 W=0.55 Loss=0.013451 LR=0.007474 CC=0.750 (2.1s)
[2025-09-14 18:56:56.589] Step  8000: TF=0.800 CF=6.0 CX=4.2 W=0.40 Loss=0.006338 LR=0.006763 CC=0.750 (2.9s)
[2025-09-14 18:56:57.492] Step  9000: TF=0.900 CF=10.1 CX=9.8 W=0.91 Loss=0.147404 LR=0.006119 CC=0.750 (3.8s)
[2025-09-14 18:56:57.891] Step 10000: TF=1.000 CF=11.0 CX=10.8 W=1.00 Loss=0.017153 LR=0.005537 CC=0.750 (4.2s)
[2025-09-14 18:56:58.264] Step 11000: TF=1.000 CF=7.0 CX=7.2 W=0.20 Loss=0.000089 LR=0.005010 CC=0.750 (4.6s)
[2025-09-14 18:56:58.535] Step 12000: TF=1.000 CF=11.0 CX=10.9 W=1.00 Loss=0.008499 LR=0.004533 CC=0.750 (4.9s)
[2025-09-14 18:56:58.807] Step 13000: TF=1.000 CF=11.0 CX=11.3 W=1.00 Loss=0.023039 LR=0.004102 CC=0.750 (5.2s)
[2025-09-14 18:56:59.088] Step 14000: TF=1.000 CF=7.0 CX=7.8 W=0.20 Loss=0.004150 LR=0.003711 CC=0.750 (5.4s)
[2025-09-14 18:56:59.362] Step 15000: TF=1.000 CF=11.0 CX=11.2 W=1.00 Loss=0.020038 LR=0.003358 CC=0.750 (5.7s)
[2025-09-14 18:56:59.362] === Training complete ===
