[2025-09-15 14:34:03.901] === EFFECTIVE CONFIGURATION ===
[2025-09-15 14:34:03.901] {
[2025-09-15 14:34:03.901]   "_config_path": ".sweep_tmp/cfg_addition_start_step=5000.json",
[2025-09-15 14:34:03.901]   "_overrides": [],
[2025-09-15 14:34:03.901]   "_raw_config": {
[2025-09-15 14:34:03.901]     "addition_cf_max": 11.0,
[2025-09-15 14:34:03.901]     "addition_cf_min": 2.0,
[2025-09-15 14:34:03.901]     "addition_start_step": 5000,
[2025-09-15 14:34:03.901]     "cf_max_complexity": 7.0,
[2025-09-15 14:34:03.901]     "cf_min_complexity": 2.0,
[2025-09-15 14:34:03.901]     "cf_sd": 1.2,
[2025-09-15 14:34:03.901]     "checkpoint_interval": 5000,
[2025-09-15 14:34:03.901]     "confidence_criterion_start": 0.9,
[2025-09-15 14:34:03.901]     "confidence_floor": 0.75,
[2025-09-15 14:34:03.901]     "counting_fade_rate": 0.00015,
[2025-09-15 14:34:03.902]     "counting_focus_steps": 6000,
[2025-09-15 14:34:03.902]     "cx_sd": 0.9,
[2025-09-15 14:34:03.902]     "gate_freeze_until_step": 3000,
[2025-09-15 14:34:03.902]     "hidden_size": 64,
[2025-09-15 14:34:03.902]     "learning_rate": 0.005,
[2025-09-15 14:34:03.902]     "learning_rate_floor": 0.002,
[2025-09-15 14:34:03.902]     "lr_decay": 0.9999,
[2025-09-15 14:34:03.902]     "outdir": "results",
[2025-09-15 14:34:03.902]     "tf_rate_addition": 0.0001,
[2025-09-15 14:34:03.902]     "tf_rate_counting": 0.0001,
[2025-09-15 14:34:03.902]     "total_steps": 20000
[2025-09-15 14:34:03.902]   },
[2025-09-15 14:34:03.902]   "addition_cf_max": 11.0,
[2025-09-15 14:34:03.902]   "addition_cf_min": 2.0,
[2025-09-15 14:34:03.902]   "addition_start_step": 5000,
[2025-09-15 14:34:03.902]   "cf_max_complexity": 7.0,
[2025-09-15 14:34:03.902]   "cf_min_complexity": 2.0,
[2025-09-15 14:34:03.902]   "cf_sd": 1.2,
[2025-09-15 14:34:03.902]   "cf_variance": 1.5,
[2025-09-15 14:34:03.902]   "checkpoint_interval": 5000,
[2025-09-15 14:34:03.902]   "confidence_criterion_start": 0.9,
[2025-09-15 14:34:03.902]   "confidence_floor": 0.75,
[2025-09-15 14:34:03.902]   "counting_fade_rate": 0.00015,
[2025-09-15 14:34:03.902]   "counting_focus_steps": 6000,
[2025-09-15 14:34:03.902]   "cx_sd": 0.9,
[2025-09-15 14:34:03.902]   "cx_variance": 0.8,
[2025-09-15 14:34:03.902]   "gate_freeze_until_step": 3000,
[2025-09-15 14:34:03.902]   "hidden_size": 64,
[2025-09-15 14:34:03.902]   "learning_rate": 0.005,
[2025-09-15 14:34:03.902]   "learning_rate_floor": 0.002,
[2025-09-15 14:34:03.902]   "lr_decay": 0.9999,
[2025-09-15 14:34:03.902]   "outdir": "results/addition_start_step=5000",
[2025-09-15 14:34:03.902]   "tf_rate": 0.0001,
[2025-09-15 14:34:03.902]   "tf_rate_addition": 0.0001,
[2025-09-15 14:34:03.902]   "tf_rate_counting": 0.0001,
[2025-09-15 14:34:03.902]   "total_steps": 20000
[2025-09-15 14:34:03.902] }
[2025-09-15 14:34:03.903] === Small Math Model (Content-Gated) ===
[2025-09-15 14:34:03.903] Network: 24 -> 64 -> 12
[2025-09-15 14:34:03.903] Training steps: 20000   LR: 0.005
[2025-09-15 14:34:03.903] Gate freeze until: 3000
[2025-09-15 14:34:03.903] Confidence start: 0.9 (floor 0.75)
[2025-09-15 14:34:03.903] === Sanity check ===
[2025-09-15 14:34:03.903] 1 -> ? = 10 (expected 2) - conf:0.000 finger:True
[2025-09-15 14:34:03.903] 3 -> ? = 8 (expected 4) - conf:0.000 finger:True
[2025-09-15 14:34:03.904] 5 -> ? = 8 (expected 6) - conf:0.000 finger:True
[2025-09-15 14:34:03.904] 2 -> 3 = 12 (expected 4) - conf:0.000 finger:True
[2025-09-15 14:34:03.904] 4 -> 5 = 8 (expected 6) - conf:0.000 finger:True
[2025-09-15 14:34:03.905] 1 + 2 = 3 (expected 3) + conf:0.000 finger:True
[2025-09-15 14:34:03.907] 2 + 2 = 4 (expected 4) + conf:0.000 finger:True
[2025-09-15 14:34:03.909] 3 + 4 = 7 (expected 7) + conf:0.000 finger:True
[2025-09-15 14:34:03.912] 4 + 5 = 9 (expected 9) + conf:0.000 finger:True
[2025-09-15 14:34:03.914] 5 + 5 = 10 (expected 10) + conf:0.000 finger:True
[2025-09-15 14:34:03.914] 
[2025-09-15 14:34:04.148] Step  1000: TF=0.100 CF=2.5 CX=2.0 W=1.00 Loss=1.385297 LR=0.004540 CC=0.817 (0.2s)
[2025-09-15 14:34:04.386] Step  2000: TF=0.200 CF=3.0 CX=2.8 W=1.00 Loss=0.538784 LR=0.004108 CC=0.750 (0.5s)
[2025-09-15 14:34:04.622] Step  3000: TF=0.300 CF=3.5 CX=3.2 W=1.00 Loss=0.779866 LR=0.003717 CC=0.750 (0.7s)
[2025-09-15 14:34:04.865] Step  4000: TF=0.400 CF=4.0 CX=3.4 W=1.00 Loss=1.207387 LR=0.003363 CC=0.750 (1.0s)
[2025-09-15 14:34:05.106] Step  5000: TF=0.500 CF=4.5 CX=4.8 W=1.00 Loss=1.104367 LR=0.003043 CC=0.750 (1.2s)
[2025-09-15 14:34:05.540] Step  6000: TF=0.600 CF=7.4 CX=6.9 W=0.13 Loss=2.112442 LR=0.002753 CC=0.750 (1.6s)
[2025-09-15 14:34:06.246] Step  7000: TF=0.700 CF=8.3 CX=7.8 W=0.27 Loss=3.131767 LR=0.002491 CC=0.750 (2.3s)
[2025-09-15 14:34:07.320] Step  8000: TF=0.800 CF=9.2 CX=10.3 W=0.40 Loss=1.817238 LR=0.002254 CC=0.750 (3.4s)
[2025-09-15 14:34:08.769] Step  9000: TF=0.900 CF=10.1 CX=10.7 W=0.53 Loss=0.600749 LR=0.002040 CC=0.750 (4.9s)
[2025-09-15 14:34:10.513] Step 10000: TF=1.000 CF=11.0 CX=12.0 W=0.67 Loss=1.467534 LR=0.002000 CC=0.750 (6.6s)
[2025-09-15 14:34:12.009] Step 11000: TF=1.000 CF=7.0 CX=6.5 W=0.20 Loss=0.167793 LR=0.002000 CC=0.750 (8.1s)
[2025-09-15 14:34:13.236] Step 12000: TF=1.000 CF=11.0 CX=11.5 W=0.93 Loss=0.017213 LR=0.002000 CC=0.750 (9.3s)
[2025-09-15 14:34:14.340] Step 13000: TF=1.000 CF=11.0 CX=12.0 W=1.00 Loss=0.434474 LR=0.002000 CC=0.750 (10.4s)
[2025-09-15 14:34:15.400] Step 14000: TF=1.000 CF=11.0 CX=10.7 W=1.00 Loss=0.036314 LR=0.002000 CC=0.750 (11.5s)
[2025-09-15 14:34:16.457] Step 15000: TF=1.000 CF=11.0 CX=10.4 W=1.00 Loss=0.046115 LR=0.002000 CC=0.750 (12.5s)
[2025-09-15 14:34:17.524] Step 16000: TF=1.000 CF=11.0 CX=11.4 W=1.00 Loss=0.149889 LR=0.002000 CC=0.750 (13.6s)
[2025-09-15 14:34:18.506] Step 17000: TF=1.000 CF=11.0 CX=8.9 W=1.00 Loss=0.214215 LR=0.002000 CC=0.750 (14.6s)
[2025-09-15 14:34:19.423] Step 18000: TF=1.000 CF=11.0 CX=12.0 W=1.00 Loss=1.342181 LR=0.002000 CC=0.750 (15.5s)
[2025-09-15 14:34:20.239] Step 19000: TF=1.000 CF=11.0 CX=10.3 W=1.00 Loss=0.010033 LR=0.002000 CC=0.750 (16.3s)
[2025-09-15 14:34:21.049] Step 20000: TF=1.000 CF=7.0 CX=6.8 W=0.20 Loss=0.050111 LR=0.002000 CC=0.750 (17.1s)
[2025-09-15 14:34:21.049] === Training complete ===
