[2025-09-15 14:36:57.887] === EFFECTIVE CONFIGURATION ===
[2025-09-15 14:36:57.887] {
[2025-09-15 14:36:57.887]   "_config_path": ".sweep_tmp/cfg_addition_start_step=5000.json",
[2025-09-15 14:36:57.888]   "_overrides": [],
[2025-09-15 14:36:57.888]   "_raw_config": {
[2025-09-15 14:36:57.888]     "addition_cf_max": 11.0,
[2025-09-15 14:36:57.888]     "addition_cf_min": 2.0,
[2025-09-15 14:36:57.888]     "addition_start_step": 5000,
[2025-09-15 14:36:57.888]     "cf_max_complexity": 7.0,
[2025-09-15 14:36:57.888]     "cf_min_complexity": 2.0,
[2025-09-15 14:36:57.888]     "cf_sd": 1.2,
[2025-09-15 14:36:57.888]     "checkpoint_interval": 5000,
[2025-09-15 14:36:57.888]     "confidence_criterion_start": 0.9,
[2025-09-15 14:36:57.888]     "confidence_floor": 0.75,
[2025-09-15 14:36:57.888]     "counting_fade_rate": 0.00015,
[2025-09-15 14:36:57.888]     "counting_focus_steps": 6000,
[2025-09-15 14:36:57.888]     "cx_sd": 0.9,
[2025-09-15 14:36:57.888]     "gate_freeze_until_step": 3000,
[2025-09-15 14:36:57.888]     "hidden_size": 64,
[2025-09-15 14:36:57.888]     "learning_rate": 0.005,
[2025-09-15 14:36:57.888]     "learning_rate_floor": 0.002,
[2025-09-15 14:36:57.888]     "lr_decay": 0.9999,
[2025-09-15 14:36:57.888]     "outdir": "results",
[2025-09-15 14:36:57.888]     "tf_rate_addition": 0.0001,
[2025-09-15 14:36:57.888]     "tf_rate_counting": 0.0001,
[2025-09-15 14:36:57.888]     "total_steps": 50000
[2025-09-15 14:36:57.888]   },
[2025-09-15 14:36:57.888]   "addition_cf_max": 11.0,
[2025-09-15 14:36:57.888]   "addition_cf_min": 2.0,
[2025-09-15 14:36:57.888]   "addition_start_step": 5000,
[2025-09-15 14:36:57.888]   "cf_max_complexity": 7.0,
[2025-09-15 14:36:57.888]   "cf_min_complexity": 2.0,
[2025-09-15 14:36:57.888]   "cf_sd": 1.2,
[2025-09-15 14:36:57.888]   "cf_variance": 1.5,
[2025-09-15 14:36:57.888]   "checkpoint_interval": 5000,
[2025-09-15 14:36:57.888]   "confidence_criterion_start": 0.9,
[2025-09-15 14:36:57.888]   "confidence_floor": 0.75,
[2025-09-15 14:36:57.888]   "counting_fade_rate": 0.00015,
[2025-09-15 14:36:57.888]   "counting_focus_steps": 6000,
[2025-09-15 14:36:57.888]   "cx_sd": 0.9,
[2025-09-15 14:36:57.888]   "cx_variance": 0.8,
[2025-09-15 14:36:57.888]   "gate_freeze_until_step": 3000,
[2025-09-15 14:36:57.888]   "hidden_size": 64,
[2025-09-15 14:36:57.888]   "learning_rate": 0.005,
[2025-09-15 14:36:57.888]   "learning_rate_floor": 0.002,
[2025-09-15 14:36:57.888]   "lr_decay": 0.9999,
[2025-09-15 14:36:57.888]   "outdir": "results/addition_start_step=5000",
[2025-09-15 14:36:57.888]   "tf_rate": 0.0001,
[2025-09-15 14:36:57.888]   "tf_rate_addition": 0.0001,
[2025-09-15 14:36:57.888]   "tf_rate_counting": 0.0001,
[2025-09-15 14:36:57.888]   "total_steps": 50000
[2025-09-15 14:36:57.888] }
[2025-09-15 14:36:57.889] === Small Math Model (Content-Gated) ===
[2025-09-15 14:36:57.889] Network: 24 -> 64 -> 12
[2025-09-15 14:36:57.889] Training steps: 50000   LR: 0.005
[2025-09-15 14:36:57.889] Gate freeze until: 3000
[2025-09-15 14:36:57.889] Confidence start: 0.9 (floor 0.75)
[2025-09-15 14:36:57.889] === Sanity check ===
[2025-09-15 14:36:57.889] 1 -> ? = 10 (expected 2) - conf:0.000 finger:True
[2025-09-15 14:36:57.890] 3 -> ? = 8 (expected 4) - conf:0.000 finger:True
[2025-09-15 14:36:57.890] 5 -> ? = 8 (expected 6) - conf:0.000 finger:True
[2025-09-15 14:36:57.890] 2 -> 3 = 12 (expected 4) - conf:0.000 finger:True
[2025-09-15 14:36:57.890] 4 -> 5 = 8 (expected 6) - conf:0.000 finger:True
[2025-09-15 14:36:57.891] 1 + 2 = 3 (expected 3) + conf:0.000 finger:True
[2025-09-15 14:36:57.893] 2 + 2 = 4 (expected 4) + conf:0.000 finger:True
[2025-09-15 14:36:57.896] 3 + 4 = 7 (expected 7) + conf:0.000 finger:True
[2025-09-15 14:36:57.898] 4 + 5 = 9 (expected 9) + conf:0.000 finger:True
[2025-09-15 14:36:57.900] 5 + 5 = 10 (expected 10) + conf:0.000 finger:True
[2025-09-15 14:36:57.900] 
[2025-09-15 14:36:58.130] Step  1000: TF=0.100 CF=2.5 CX=3.1 W=1.00 Loss=2.593902 LR=0.004540 CC=0.817 (0.2s)
[2025-09-15 14:36:58.365] Step  2000: TF=0.200 CF=3.0 CX=2.7 W=1.00 Loss=0.537351 LR=0.004108 CC=0.750 (0.5s)
[2025-09-15 14:36:58.601] Step  3000: TF=0.300 CF=3.5 CX=2.3 W=1.00 Loss=0.872458 LR=0.003717 CC=0.750 (0.7s)
[2025-09-15 14:36:58.866] Step  4000: TF=0.400 CF=4.0 CX=5.2 W=1.00 Loss=4.375337 LR=0.003363 CC=0.750 (1.0s)
[2025-09-15 14:36:59.108] Step  5000: TF=0.500 CF=4.5 CX=5.9 W=1.00 Loss=1.047724 LR=0.003043 CC=0.750 (1.2s)
[2025-09-15 14:36:59.424] Step  6000: TF=0.600 CF=5.0 CX=5.7 W=0.85 Loss=1.189725 LR=0.002753 CC=0.750 (1.5s)
[2025-09-15 14:36:59.818] Step  7000: TF=0.700 CF=5.5 CX=5.4 W=0.70 Loss=1.171447 LR=0.002491 CC=0.750 (1.9s)
[2025-09-15 14:37:00.488] Step  8000: TF=0.800 CF=6.0 CX=6.2 W=0.55 Loss=0.895655 LR=0.002254 CC=0.750 (2.6s)
[2025-09-15 14:37:01.576] Step  9000: TF=0.900 CF=10.1 CX=9.5 W=0.18 Loss=1.159522 LR=0.002040 CC=0.750 (3.7s)
[2025-09-15 14:37:02.889] Step 10000: TF=1.000 CF=11.0 CX=10.5 W=0.22 Loss=0.433440 LR=0.002000 CC=0.750 (5.0s)
[2025-09-15 14:37:04.131] Step 11000: TF=1.000 CF=7.0 CX=6.7 W=0.20 Loss=0.175648 LR=0.002000 CC=0.750 (6.2s)
[2025-09-15 14:37:05.389] Step 12000: TF=1.000 CF=11.0 CX=11.4 W=0.31 Loss=0.006953 LR=0.002000 CC=0.750 (7.5s)
[2025-09-15 14:37:06.474] Step 13000: TF=1.000 CF=11.0 CX=11.1 W=0.36 Loss=0.911852 LR=0.002000 CC=0.750 (8.6s)
[2025-09-15 14:37:07.307] Step 14000: TF=1.000 CF=11.0 CX=10.6 W=0.40 Loss=0.101629 LR=0.002000 CC=0.750 (9.4s)
[2025-09-15 14:37:08.226] Step 15000: TF=1.000 CF=11.0 CX=11.3 W=0.44 Loss=0.618869 LR=0.002000 CC=0.750 (10.3s)
[2025-09-15 14:37:09.165] Step 16000: TF=1.000 CF=7.0 CX=8.0 W=0.20 Loss=0.196920 LR=0.002000 CC=0.750 (11.3s)
[2025-09-15 14:37:10.195] Step 17000: TF=1.000 CF=11.0 CX=10.3 W=0.53 Loss=0.050640 LR=0.002000 CC=0.750 (12.3s)
[2025-09-15 14:37:11.154] Step 18000: TF=1.000 CF=7.0 CX=9.6 W=0.20 Loss=0.064696 LR=0.002000 CC=0.750 (13.3s)
[2025-09-15 14:37:12.088] Step 19000: TF=1.000 CF=11.0 CX=9.7 W=0.62 Loss=0.199039 LR=0.002000 CC=0.750 (14.2s)
[2025-09-15 14:37:13.125] Step 20000: TF=1.000 CF=11.0 CX=10.6 W=0.67 Loss=0.021140 LR=0.002000 CC=0.750 (15.2s)
[2025-09-15 14:37:13.969] Step 21000: TF=1.000 CF=11.0 CX=10.7 W=0.71 Loss=0.013430 LR=0.002000 CC=0.750 (16.1s)
[2025-09-15 14:37:14.789] Step 22000: TF=1.000 CF=11.0 CX=10.0 W=0.76 Loss=0.021673 LR=0.002000 CC=0.750 (16.9s)
[2025-09-15 14:37:15.565] Step 23000: TF=1.000 CF=11.0 CX=10.5 W=0.80 Loss=0.010750 LR=0.002000 CC=0.750 (17.7s)
[2025-09-15 14:37:16.282] Step 24000: TF=1.000 CF=11.0 CX=10.5 W=0.84 Loss=0.008700 LR=0.002000 CC=0.750 (18.4s)
[2025-09-15 14:37:17.081] Step 25000: TF=1.000 CF=11.0 CX=11.4 W=0.89 Loss=0.023056 LR=0.002000 CC=0.750 (19.2s)
[2025-09-15 14:37:17.840] Step 26000: TF=1.000 CF=11.0 CX=10.9 W=0.93 Loss=0.006979 LR=0.002000 CC=0.750 (19.9s)
[2025-09-15 14:37:18.573] Step 27000: TF=1.000 CF=7.0 CX=5.9 W=0.20 Loss=0.007956 LR=0.002000 CC=0.750 (20.7s)
[2025-09-15 14:37:19.218] Step 28000: TF=1.000 CF=11.0 CX=10.9 W=1.00 Loss=0.006165 LR=0.002000 CC=0.750 (21.3s)
[2025-09-15 14:37:19.923] Step 29000: TF=1.000 CF=11.0 CX=11.5 W=1.00 Loss=0.006309 LR=0.002000 CC=0.750 (22.0s)
[2025-09-15 14:37:20.561] Step 30000: TF=1.000 CF=11.0 CX=11.4 W=1.00 Loss=0.075844 LR=0.002000 CC=0.750 (22.7s)
[2025-09-15 14:37:21.234] Step 31000: TF=1.000 CF=11.0 CX=10.0 W=1.00 Loss=0.058249 LR=0.002000 CC=0.750 (23.3s)
[2025-09-15 14:37:21.878] Step 32000: TF=1.000 CF=11.0 CX=11.0 W=1.00 Loss=0.003663 LR=0.002000 CC=0.750 (24.0s)
[2025-09-15 14:37:22.506] Step 33000: TF=1.000 CF=7.0 CX=6.8 W=0.20 Loss=0.013550 LR=0.002000 CC=0.750 (24.6s)
[2025-09-15 14:37:23.119] Step 34000: TF=1.000 CF=11.0 CX=10.5 W=1.00 Loss=0.003754 LR=0.002000 CC=0.750 (25.2s)
[2025-09-15 14:37:23.612] Step 35000: TF=1.000 CF=11.0 CX=11.8 W=1.00 Loss=0.000000 LR=0.002000 CC=0.750 (25.7s)
[2025-09-15 14:37:24.139] Step 36000: TF=1.000 CF=11.0 CX=10.3 W=1.00 Loss=0.002555 LR=0.002000 CC=0.750 (26.2s)
[2025-09-15 14:37:24.560] Step 37000: TF=1.000 CF=11.0 CX=10.6 W=1.00 Loss=0.003015 LR=0.002000 CC=0.750 (26.7s)
[2025-09-15 14:37:24.979] Step 38000: TF=1.000 CF=11.0 CX=12.0 W=1.00 Loss=0.059658 LR=0.002000 CC=0.750 (27.1s)
[2025-09-15 14:37:25.418] Step 39000: TF=1.000 CF=11.0 CX=12.0 W=1.00 Loss=0.048368 LR=0.002000 CC=0.750 (27.5s)
[2025-09-15 14:37:25.782] Step 40000: TF=1.000 CF=11.0 CX=10.7 W=1.00 Loss=0.001923 LR=0.002000 CC=0.750 (27.9s)
[2025-09-15 14:37:26.121] Step 41000: TF=1.000 CF=11.0 CX=10.9 W=1.00 Loss=0.002315 LR=0.002000 CC=0.750 (28.2s)
[2025-09-15 14:37:26.453] Step 42000: TF=1.000 CF=11.0 CX=11.3 W=1.00 Loss=0.071624 LR=0.002000 CC=0.750 (28.6s)
[2025-09-15 14:37:26.760] Step 43000: TF=1.000 CF=11.0 CX=11.1 W=1.00 Loss=0.042070 LR=0.002000 CC=0.750 (28.9s)
[2025-09-15 14:37:27.071] Step 44000: TF=1.000 CF=11.0 CX=9.7 W=1.00 Loss=0.001999 LR=0.002000 CC=0.750 (29.2s)
[2025-09-15 14:37:27.387] Step 45000: TF=1.000 CF=11.0 CX=11.5 W=1.00 Loss=0.058991 LR=0.002000 CC=0.750 (29.5s)
[2025-09-15 14:37:27.699] Step 46000: TF=1.000 CF=11.0 CX=11.0 W=1.00 Loss=0.001683 LR=0.002000 CC=0.750 (29.8s)
[2025-09-15 14:37:28.031] Step 47000: TF=1.000 CF=11.0 CX=10.3 W=1.00 Loss=0.001219 LR=0.002000 CC=0.750 (30.1s)
[2025-09-15 14:37:28.346] Step 48000: TF=1.000 CF=11.0 CX=10.8 W=1.00 Loss=0.001019 LR=0.002000 CC=0.750 (30.4s)
[2025-09-15 14:37:28.674] Step 49000: TF=1.000 CF=11.0 CX=12.0 W=1.00 Loss=0.082241 LR=0.002000 CC=0.750 (30.8s)
[2025-09-15 14:37:28.980] Step 50000: TF=1.000 CF=11.0 CX=11.6 W=1.00 Loss=0.000000 LR=0.002000 CC=0.750 (31.1s)
[2025-09-15 14:37:28.980] === Training complete ===
