[2025-09-15 14:40:37.015] === EFFECTIVE CONFIGURATION ===
[2025-09-15 14:40:37.015] {
[2025-09-15 14:40:37.015]   "_config_path": ".sweep_tmp/cfg_addition_start_step=5000.json",
[2025-09-15 14:40:37.015]   "_overrides": [],
[2025-09-15 14:40:37.015]   "_raw_config": {
[2025-09-15 14:40:37.015]     "addition_cf_max": 11.0,
[2025-09-15 14:40:37.015]     "addition_cf_min": 2.0,
[2025-09-15 14:40:37.015]     "addition_start_step": 5000,
[2025-09-15 14:40:37.015]     "cf_max_complexity": 7.0,
[2025-09-15 14:40:37.015]     "cf_min_complexity": 2.0,
[2025-09-15 14:40:37.015]     "cf_sd": 1.2,
[2025-09-15 14:40:37.015]     "checkpoint_interval": 5000,
[2025-09-15 14:40:37.015]     "confidence_criterion_start": 0.9,
[2025-09-15 14:40:37.015]     "confidence_floor": 0.75,
[2025-09-15 14:40:37.015]     "counting_fade_rate": 0.00015,
[2025-09-15 14:40:37.015]     "counting_focus_steps": 6000,
[2025-09-15 14:40:37.015]     "cx_sd": 0.9,
[2025-09-15 14:40:37.015]     "gate_freeze_until_step": 3000,
[2025-09-15 14:40:37.015]     "hidden_size": 64,
[2025-09-15 14:40:37.015]     "learning_rate": 0.005,
[2025-09-15 14:40:37.015]     "learning_rate_floor": 0.002,
[2025-09-15 14:40:37.015]     "lr_decay": 0.9999,
[2025-09-15 14:40:37.016]     "outdir": "results",
[2025-09-15 14:40:37.016]     "tf_rate_addition": 0.0001,
[2025-09-15 14:40:37.016]     "tf_rate_counting": 0.0001,
[2025-09-15 14:40:37.016]     "total_steps": 50000
[2025-09-15 14:40:37.016]   },
[2025-09-15 14:40:37.016]   "addition_cf_max": 11.0,
[2025-09-15 14:40:37.016]   "addition_cf_min": 2.0,
[2025-09-15 14:40:37.016]   "addition_start_step": 5000,
[2025-09-15 14:40:37.016]   "cf_max_complexity": 7.0,
[2025-09-15 14:40:37.016]   "cf_min_complexity": 2.0,
[2025-09-15 14:40:37.016]   "cf_sd": 1.2,
[2025-09-15 14:40:37.016]   "cf_variance": 1.5,
[2025-09-15 14:40:37.016]   "checkpoint_interval": 5000,
[2025-09-15 14:40:37.016]   "confidence_criterion_start": 0.9,
[2025-09-15 14:40:37.016]   "confidence_floor": 0.75,
[2025-09-15 14:40:37.016]   "counting_fade_rate": 0.00015,
[2025-09-15 14:40:37.016]   "counting_focus_steps": 6000,
[2025-09-15 14:40:37.016]   "cx_sd": 0.9,
[2025-09-15 14:40:37.016]   "cx_variance": 0.8,
[2025-09-15 14:40:37.016]   "gate_freeze_until_step": 3000,
[2025-09-15 14:40:37.016]   "hidden_size": 64,
[2025-09-15 14:40:37.016]   "learning_rate": 0.005,
[2025-09-15 14:40:37.016]   "learning_rate_floor": 0.002,
[2025-09-15 14:40:37.016]   "lr_decay": 0.9999,
[2025-09-15 14:40:37.016]   "outdir": "results/addition_start_step=5000",
[2025-09-15 14:40:37.016]   "tf_rate": 0.0001,
[2025-09-15 14:40:37.016]   "tf_rate_addition": 0.0001,
[2025-09-15 14:40:37.016]   "tf_rate_counting": 0.0001,
[2025-09-15 14:40:37.016]   "total_steps": 50000
[2025-09-15 14:40:37.016] }
[2025-09-15 14:40:37.017] === Small Math Model (Content-Gated) ===
[2025-09-15 14:40:37.017] Network: 24 -> 64 -> 12
[2025-09-15 14:40:37.017] Training steps: 50000   LR: 0.005
[2025-09-15 14:40:37.017] Gate freeze until: 3000
[2025-09-15 14:40:37.017] Confidence start: 0.9 (floor 0.75)
[2025-09-15 14:40:37.017] === Sanity check ===
[2025-09-15 14:40:37.017] 1 -> ? = 10 (expected 2) - conf:0.000 finger:True
[2025-09-15 14:40:37.018] 3 -> ? = 8 (expected 4) - conf:0.000 finger:True
[2025-09-15 14:40:37.018] 5 -> ? = 8 (expected 6) - conf:0.000 finger:True
[2025-09-15 14:40:37.018] 2 -> 3 = 12 (expected 4) - conf:0.000 finger:True
[2025-09-15 14:40:37.018] 4 -> 5 = 8 (expected 6) - conf:0.000 finger:True
[2025-09-15 14:40:37.020] 1 + 2 = 3 (expected 3) + conf:0.000 finger:True
[2025-09-15 14:40:37.022] 2 + 2 = 4 (expected 4) + conf:0.000 finger:True
[2025-09-15 14:40:37.025] 3 + 4 = 7 (expected 7) + conf:0.000 finger:True
[2025-09-15 14:40:37.028] 4 + 5 = 9 (expected 9) + conf:0.000 finger:True
[2025-09-15 14:40:37.030] 5 + 5 = 10 (expected 10) + conf:0.000 finger:True
[2025-09-15 14:40:37.030] 
[2025-09-15 14:40:37.261] Step  1000: TF=0.100 CF=2.5 CX=3.4 W=1.00 Loss=1.110136 LR=0.004540 CC=0.817 (0.2s)
[2025-09-15 14:40:37.520] Step  2000: TF=0.200 CF=3.0 CX=4.0 W=1.00 Loss=3.901107 LR=0.004108 CC=0.750 (0.5s)
[2025-09-15 14:40:37.756] Step  3000: TF=0.300 CF=3.5 CX=2.7 W=1.00 Loss=2.254134 LR=0.003717 CC=0.750 (0.7s)
[2025-09-15 14:40:37.998] Step  4000: TF=0.400 CF=4.0 CX=3.5 W=1.00 Loss=1.214508 LR=0.003363 CC=0.750 (1.0s)
[2025-09-15 14:40:38.238] Step  5000: TF=0.500 CF=4.5 CX=4.0 W=1.00 Loss=0.929759 LR=0.003043 CC=0.750 (1.2s)
[2025-09-15 14:40:38.538] Step  6000: TF=0.600 CF=5.0 CX=4.6 W=0.85 Loss=1.150837 LR=0.002753 CC=0.750 (1.5s)
[2025-09-15 14:40:38.967] Step  7000: TF=0.700 CF=5.5 CX=6.1 W=0.70 Loss=1.332431 LR=0.002491 CC=0.750 (1.9s)
[2025-09-15 14:40:39.619] Step  8000: TF=0.800 CF=6.0 CX=5.9 W=0.55 Loss=1.429282 LR=0.002254 CC=0.750 (2.6s)
[2025-09-15 14:40:40.496] Step  9000: TF=0.900 CF=6.5 CX=6.6 W=0.40 Loss=0.928991 LR=0.002040 CC=0.750 (3.5s)
[2025-09-15 14:40:41.639] Step 10000: TF=1.000 CF=7.0 CX=6.0 W=0.25 Loss=0.254383 LR=0.002000 CC=0.750 (4.6s)
[2025-09-15 14:40:42.995] Step 11000: TF=1.000 CF=11.0 CX=12.0 W=0.27 Loss=3.373715 LR=0.002000 CC=0.750 (6.0s)
[2025-09-15 14:40:44.145] Step 12000: TF=1.000 CF=11.0 CX=11.5 W=0.31 Loss=0.004164 LR=0.002000 CC=0.750 (7.1s)
[2025-09-15 14:40:45.222] Step 13000: TF=1.000 CF=11.0 CX=12.0 W=0.36 Loss=1.733307 LR=0.002000 CC=0.750 (8.2s)
[2025-09-15 14:40:46.094] Step 14000: TF=1.000 CF=11.0 CX=12.0 W=0.40 Loss=0.122650 LR=0.002000 CC=0.750 (9.1s)
[2025-09-15 14:40:46.962] Step 15000: TF=1.000 CF=11.0 CX=10.3 W=0.44 Loss=0.168694 LR=0.002000 CC=0.750 (9.9s)
[2025-09-15 14:40:47.914] Step 16000: TF=1.000 CF=11.0 CX=11.0 W=0.49 Loss=0.057010 LR=0.002000 CC=0.750 (10.9s)
[2025-09-15 14:40:48.897] Step 17000: TF=1.000 CF=7.0 CX=6.4 W=0.20 Loss=0.091407 LR=0.002000 CC=0.750 (11.9s)
[2025-09-15 14:40:49.865] Step 18000: TF=1.000 CF=11.0 CX=11.9 W=0.58 Loss=0.357353 LR=0.002000 CC=0.750 (12.8s)
[2025-09-15 14:40:50.824] Step 19000: TF=1.000 CF=11.0 CX=11.4 W=0.62 Loss=1.530588 LR=0.002000 CC=0.750 (13.8s)
[2025-09-15 14:40:51.844] Step 20000: TF=1.000 CF=11.0 CX=11.7 W=0.67 Loss=0.033369 LR=0.002000 CC=0.750 (14.8s)
[2025-09-15 14:40:52.736] Step 21000: TF=1.000 CF=11.0 CX=10.9 W=0.71 Loss=0.013738 LR=0.002000 CC=0.750 (15.7s)
[2025-09-15 14:40:53.590] Step 22000: TF=1.000 CF=11.0 CX=11.1 W=0.76 Loss=0.114871 LR=0.002000 CC=0.750 (16.6s)
[2025-09-15 14:40:54.422] Step 23000: TF=1.000 CF=11.0 CX=10.7 W=0.80 Loss=0.019250 LR=0.002000 CC=0.750 (17.4s)
[2025-09-15 14:40:55.117] Step 24000: TF=1.000 CF=7.0 CX=6.3 W=0.20 Loss=0.012710 LR=0.002000 CC=0.750 (18.1s)
[2025-09-15 14:40:55.857] Step 25000: TF=1.000 CF=11.0 CX=10.6 W=0.89 Loss=0.007437 LR=0.002000 CC=0.750 (18.8s)
[2025-09-15 14:40:56.597] Step 26000: TF=1.000 CF=11.0 CX=12.0 W=0.93 Loss=0.000001 LR=0.002000 CC=0.750 (19.6s)
[2025-09-15 14:40:57.314] Step 27000: TF=1.000 CF=11.0 CX=10.7 W=0.98 Loss=0.007059 LR=0.002000 CC=0.750 (20.3s)
[2025-09-15 14:40:57.964] Step 28000: TF=1.000 CF=11.0 CX=9.9 W=1.00 Loss=0.086799 LR=0.002000 CC=0.750 (20.9s)
[2025-09-15 14:40:58.635] Step 29000: TF=1.000 CF=11.0 CX=11.0 W=1.00 Loss=0.004098 LR=0.002000 CC=0.750 (21.6s)
[2025-09-15 14:40:59.243] Step 30000: TF=1.000 CF=11.0 CX=11.1 W=1.00 Loss=0.082479 LR=0.002000 CC=0.750 (22.2s)
[2025-09-15 14:40:59.930] Step 31000: TF=1.000 CF=11.0 CX=11.9 W=1.00 Loss=0.048935 LR=0.002000 CC=0.750 (22.9s)
[2025-09-15 14:41:00.621] Step 32000: TF=1.000 CF=11.0 CX=11.4 W=1.00 Loss=0.120312 LR=0.002000 CC=0.750 (23.6s)
[2025-09-15 14:41:01.368] Step 33000: TF=1.000 CF=11.0 CX=10.5 W=1.00 Loss=0.002989 LR=0.002000 CC=0.750 (24.3s)
[2025-09-15 14:41:02.036] Step 34000: TF=1.000 CF=7.0 CX=7.4 W=0.20 Loss=0.044649 LR=0.002000 CC=0.750 (25.0s)
[2025-09-15 14:41:02.741] Step 35000: TF=1.000 CF=11.0 CX=10.1 W=1.00 Loss=0.002468 LR=0.002000 CC=0.750 (25.7s)
[2025-09-15 14:41:03.299] Step 36000: TF=1.000 CF=11.0 CX=11.2 W=1.00 Loss=0.053654 LR=0.002000 CC=0.750 (26.3s)
[2025-09-15 14:41:03.732] Step 37000: TF=1.000 CF=11.0 CX=11.3 W=1.00 Loss=0.081643 LR=0.002000 CC=0.750 (26.7s)
[2025-09-15 14:41:04.121] Step 38000: TF=1.000 CF=11.0 CX=11.4 W=1.00 Loss=0.179123 LR=0.002000 CC=0.750 (27.1s)
[2025-09-15 14:41:04.503] Step 39000: TF=1.000 CF=11.0 CX=11.3 W=1.00 Loss=0.145513 LR=0.002000 CC=0.750 (27.5s)
[2025-09-15 14:41:04.838] Step 40000: TF=1.000 CF=11.0 CX=9.6 W=1.00 Loss=0.014812 LR=0.002000 CC=0.750 (27.8s)
[2025-09-15 14:41:05.173] Step 41000: TF=1.000 CF=11.0 CX=10.0 W=1.00 Loss=0.001913 LR=0.002000 CC=0.750 (28.1s)
[2025-09-15 14:41:05.553] Step 42000: TF=1.000 CF=11.0 CX=10.1 W=1.00 Loss=0.001432 LR=0.002000 CC=0.750 (28.5s)
[2025-09-15 14:41:05.864] Step 43000: TF=1.000 CF=7.0 CX=5.1 W=0.20 Loss=0.003753 LR=0.002000 CC=0.750 (28.8s)
[2025-09-15 14:41:06.205] Step 44000: TF=1.000 CF=11.0 CX=11.1 W=1.00 Loss=0.053808 LR=0.002000 CC=0.750 (29.2s)
[2025-09-15 14:41:06.537] Step 45000: TF=1.000 CF=11.0 CX=11.9 W=1.00 Loss=-0.000000 LR=0.002000 CC=0.750 (29.5s)
[2025-09-15 14:41:06.850] Step 46000: TF=1.000 CF=11.0 CX=10.6 W=1.00 Loss=0.001320 LR=0.002000 CC=0.750 (29.8s)
[2025-09-15 14:41:07.173] Step 47000: TF=1.000 CF=7.0 CX=8.2 W=0.20 Loss=0.009930 LR=0.002000 CC=0.750 (30.1s)
[2025-09-15 14:41:07.522] Step 48000: TF=1.000 CF=11.0 CX=10.3 W=1.00 Loss=0.000924 LR=0.002000 CC=0.750 (30.5s)
[2025-09-15 14:41:07.862] Step 49000: TF=1.000 CF=11.0 CX=11.2 W=1.00 Loss=0.011514 LR=0.002000 CC=0.750 (30.8s)
[2025-09-15 14:41:08.253] Step 50000: TF=1.000 CF=11.0 CX=10.9 W=1.00 Loss=0.000806 LR=0.002000 CC=0.750 (31.2s)
[2025-09-15 14:41:08.253] === Training complete ===
