[2025-09-09 21:29:25.401] === EFFECTIVE CONFIGURATION ===
[2025-09-09 21:29:25.401] {
[2025-09-09 21:29:25.401]   "_config_path": ".sweep_tmp/cfg_addition_start_step=14000.json",
[2025-09-09 21:29:25.401]   "_overrides": [],
[2025-09-09 21:29:25.401]   "_raw_config": {
[2025-09-09 21:29:25.401]     "addition_cf_max": 10.0,
[2025-09-09 21:29:25.401]     "addition_cf_min": 2.0,
[2025-09-09 21:29:25.401]     "addition_start_step": 14000,
[2025-09-09 21:29:25.401]     "cf_max_complexity": 6.0,
[2025-09-09 21:29:25.401]     "cf_min_complexity": 2.0,
[2025-09-09 21:29:25.401]     "cf_variance": 1.5,
[2025-09-09 21:29:25.401]     "checkpoint_interval": 10000,
[2025-09-09 21:29:25.401]     "confidence_criterion_start": 0.9,
[2025-09-09 21:29:25.401]     "confidence_floor": 0.75,
[2025-09-09 21:29:25.401]     "counting_fade_rate": 0.0001,
[2025-09-09 21:29:25.401]     "counting_focus_steps": 6000,
[2025-09-09 21:29:25.401]     "cx_variance": 0.8,
[2025-09-09 21:29:25.401]     "gate_freeze_until_step": 3000,
[2025-09-09 21:29:25.401]     "hidden_size": 64,
[2025-09-09 21:29:25.401]     "learning_rate": 0.005,
[2025-09-09 21:29:25.401]     "learning_rate_floor": 0.002,
[2025-09-09 21:29:25.401]     "lr_decay": 0.9999,
[2025-09-09 21:29:25.401]     "outdir": "results_longrun_50k",
[2025-09-09 21:29:25.401]     "tf_rate_addition": 0.0001,
[2025-09-09 21:29:25.401]     "tf_rate_counting": 0.0001,
[2025-09-09 21:29:25.401]     "total_steps": 50000
[2025-09-09 21:29:25.401]   },
[2025-09-09 21:29:25.401]   "addition_cf_max": 10.0,
[2025-09-09 21:29:25.402]   "addition_cf_min": 2.0,
[2025-09-09 21:29:25.402]   "addition_start_step": 14000,
[2025-09-09 21:29:25.402]   "cf_max_complexity": 6.0,
[2025-09-09 21:29:25.402]   "cf_min_complexity": 2.0,
[2025-09-09 21:29:25.402]   "cf_variance": 1.5,
[2025-09-09 21:29:25.402]   "checkpoint_interval": 10000,
[2025-09-09 21:29:25.402]   "confidence_criterion_start": 0.9,
[2025-09-09 21:29:25.402]   "confidence_floor": 0.75,
[2025-09-09 21:29:25.402]   "counting_fade_rate": 0.0001,
[2025-09-09 21:29:25.402]   "counting_focus_steps": 6000,
[2025-09-09 21:29:25.402]   "cx_variance": 0.8,
[2025-09-09 21:29:25.402]   "gate_freeze_until_step": 3000,
[2025-09-09 21:29:25.402]   "hidden_size": 64,
[2025-09-09 21:29:25.402]   "learning_rate": 0.005,
[2025-09-09 21:29:25.402]   "learning_rate_floor": 0.002,
[2025-09-09 21:29:25.402]   "lr_decay": 0.9999,
[2025-09-09 21:29:25.402]   "outdir": "results/addstart_sweep/addition_start_step=14000",
[2025-09-09 21:29:25.402]   "tf_rate": 0.0001,
[2025-09-09 21:29:25.402]   "tf_rate_addition": 0.0001,
[2025-09-09 21:29:25.402]   "tf_rate_counting": 0.0001,
[2025-09-09 21:29:25.402]   "total_steps": 50000
[2025-09-09 21:29:25.402] }
[2025-09-09 21:29:25.402] === Small Math Model (Content-Gated) ===
[2025-09-09 21:29:25.402] Network: 24 -> 64 -> 12
[2025-09-09 21:29:25.403] Training steps: 50000   LR: 0.005
[2025-09-09 21:29:25.403] Gate freeze until: 3000
[2025-09-09 21:29:25.403] Confidence start: 0.9 (floor 0.75)
[2025-09-09 21:29:25.403] === Sanity check ===
[2025-09-09 21:29:25.403] 1 -> ? = 10 (expected 2) - conf:0.000 finger:True
[2025-09-09 21:29:25.403] 3 -> ? = 8 (expected 4) - conf:0.000 finger:True
[2025-09-09 21:29:25.403] 5 -> ? = 8 (expected 6) - conf:0.000 finger:True
[2025-09-09 21:29:25.403] 2 -> 3 = 12 (expected 4) - conf:0.000 finger:True
[2025-09-09 21:29:25.403] 4 -> 5 = 8 (expected 6) - conf:0.000 finger:True
[2025-09-09 21:29:25.404] 1 + 2 = 3 (expected 3) + conf:0.000 finger:True
[2025-09-09 21:29:25.405] 2 + 2 = 4 (expected 4) + conf:0.000 finger:True
[2025-09-09 21:29:25.407] 3 + 4 = 7 (expected 7) + conf:0.000 finger:True
[2025-09-09 21:29:25.409] 4 + 5 = 9 (expected 9) + conf:0.000 finger:True
[2025-09-09 21:29:25.411] 5 + 5 = 10 (expected 10) + conf:0.000 finger:True
[2025-09-09 21:29:25.411] 
[2025-09-09 21:29:25.581] Step  1000: TF=0.100 CF=2.4 CX=2.4 W=1.00 Loss=1.286369 LR=0.004540 CC=0.817 (0.2s)
[2025-09-09 21:29:25.792] Step  2000: TF=0.200 CF=2.8 CX=2.0 W=1.00 Loss=0.625795 LR=0.004108 CC=0.750 (0.4s)
[2025-09-09 21:29:25.964] Step  3000: TF=0.300 CF=3.2 CX=4.0 W=1.00 Loss=0.561820 LR=0.003717 CC=0.750 (0.6s)
[2025-09-09 21:29:26.136] Step  4000: TF=0.400 CF=3.6 CX=3.5 W=1.00 Loss=0.656168 LR=0.003363 CC=0.750 (0.7s)
[2025-09-09 21:29:26.307] Step  5000: TF=0.500 CF=4.0 CX=2.9 W=1.00 Loss=3.079393 LR=0.003043 CC=0.750 (0.9s)
[2025-09-09 21:29:26.482] Step  6000: TF=0.600 CF=4.4 CX=4.1 W=1.00 Loss=0.904577 LR=0.002753 CC=0.750 (1.1s)
[2025-09-09 21:29:26.648] Step  7000: TF=0.700 CF=4.8 CX=4.3 W=1.00 Loss=1.041592 LR=0.002491 CC=0.750 (1.2s)
[2025-09-09 21:29:26.814] Step  8000: TF=0.800 CF=5.2 CX=3.7 W=1.00 Loss=0.979354 LR=0.002254 CC=0.750 (1.4s)
[2025-09-09 21:29:26.983] Step  9000: TF=0.900 CF=5.6 CX=6.6 W=1.00 Loss=0.714370 LR=0.002040 CC=0.750 (1.6s)
[2025-09-09 21:29:27.167] Step 10000: TF=1.000 CF=6.0 CX=8.0 W=1.00 Loss=3.246687 LR=0.002000 CC=0.750 (1.8s)
[2025-09-09 21:29:27.340] Step 11000: TF=1.000 CF=6.0 CX=5.7 W=1.00 Loss=0.164001 LR=0.002000 CC=0.750 (1.9s)
[2025-09-09 21:29:27.511] Step 12000: TF=1.000 CF=6.0 CX=5.2 W=1.00 Loss=0.475131 LR=0.002000 CC=0.750 (2.1s)
[2025-09-09 21:29:27.683] Step 13000: TF=1.000 CF=6.0 CX=6.0 W=1.00 Loss=0.224238 LR=0.002000 CC=0.750 (2.3s)
[2025-09-09 21:29:27.869] Step 14000: TF=1.000 CF=6.0 CX=6.6 W=1.00 Loss=0.015851 LR=0.002000 CC=0.750 (2.5s)
[2025-09-09 21:29:28.108] Step 15000: TF=1.000 CF=6.0 CX=6.5 W=0.90 Loss=0.012611 LR=0.002000 CC=0.750 (2.7s)
[2025-09-09 21:29:28.329] Step 16000: TF=1.000 CF=6.0 CX=3.9 W=0.80 Loss=1.681860 LR=0.002000 CC=0.750 (2.9s)
[2025-09-09 21:29:28.541] Step 17000: TF=1.000 CF=10.0 CX=9.5 W=0.17 Loss=0.015183 LR=0.002000 CC=0.750 (3.1s)
[2025-09-09 21:29:28.769] Step 18000: TF=1.000 CF=10.0 CX=10.8 W=0.22 Loss=0.000559 LR=0.002000 CC=0.750 (3.4s)
[2025-09-09 21:29:29.010] Step 19000: TF=1.000 CF=6.0 CX=5.5 W=0.50 Loss=0.271033 LR=0.002000 CC=0.750 (3.6s)
[2025-09-09 21:29:29.300] Step 20000: TF=1.000 CF=6.0 CX=7.1 W=0.40 Loss=0.305856 LR=0.002000 CC=0.750 (3.9s)
[2025-09-09 21:29:29.608] Step 21000: TF=1.000 CF=10.0 CX=8.0 W=0.39 Loss=4.827593 LR=0.002000 CC=0.750 (4.2s)
[2025-09-09 21:29:29.989] Step 22000: TF=1.000 CF=10.0 CX=9.4 W=0.44 Loss=0.020969 LR=0.002000 CC=0.750 (4.6s)
[2025-09-09 21:29:30.406] Step 23000: TF=1.000 CF=6.0 CX=6.2 W=0.20 Loss=0.061021 LR=0.002000 CC=0.750 (5.0s)
[2025-09-09 21:29:30.760] Step 24000: TF=1.000 CF=10.0 CX=10.4 W=0.56 Loss=0.005191 LR=0.002000 CC=0.750 (5.3s)
[2025-09-09 21:29:31.126] Step 25000: TF=1.000 CF=10.0 CX=9.4 W=0.61 Loss=0.007442 LR=0.002000 CC=0.750 (5.7s)
[2025-09-09 21:29:31.484] Step 26000: TF=1.000 CF=10.0 CX=11.0 W=0.67 Loss=0.005896 LR=0.002000 CC=0.750 (6.1s)
[2025-09-09 21:29:31.823] Step 27000: TF=1.000 CF=10.0 CX=9.5 W=0.72 Loss=0.007702 LR=0.002000 CC=0.750 (6.4s)
[2025-09-09 21:29:32.189] Step 28000: TF=1.000 CF=10.0 CX=8.5 W=0.78 Loss=0.023830 LR=0.002000 CC=0.750 (6.8s)
[2025-09-09 21:29:32.560] Step 29000: TF=1.000 CF=10.0 CX=10.2 W=0.83 Loss=0.001451 LR=0.002000 CC=0.750 (7.1s)
[2025-09-09 21:29:32.934] Step 30000: TF=1.000 CF=6.0 CX=4.5 W=0.20 Loss=0.127920 LR=0.002000 CC=0.750 (7.5s)
[2025-09-09 21:29:33.283] Step 31000: TF=1.000 CF=10.0 CX=10.6 W=0.94 Loss=0.001303 LR=0.002000 CC=0.750 (7.9s)
[2025-09-09 21:29:33.642] Step 32000: TF=1.000 CF=10.0 CX=9.5 W=1.00 Loss=0.001199 LR=0.002000 CC=0.750 (8.2s)
[2025-09-09 21:29:34.003] Step 33000: TF=1.000 CF=10.0 CX=9.9 W=1.00 Loss=0.011296 LR=0.002000 CC=0.750 (8.6s)
[2025-09-09 21:29:34.385] Step 34000: TF=1.000 CF=6.0 CX=6.1 W=0.20 Loss=0.050822 LR=0.002000 CC=0.750 (9.0s)
[2025-09-09 21:29:34.770] Step 35000: TF=1.000 CF=10.0 CX=10.9 W=1.00 Loss=0.000149 LR=0.002000 CC=0.750 (9.4s)
[2025-09-09 21:29:35.168] Step 36000: TF=1.000 CF=10.0 CX=10.5 W=1.00 Loss=0.000142 LR=0.002000 CC=0.750 (9.8s)
[2025-09-09 21:29:35.570] Step 37000: TF=1.000 CF=10.0 CX=11.1 W=1.00 Loss=0.251549 LR=0.002000 CC=0.750 (10.2s)
[2025-09-09 21:29:35.924] Step 38000: TF=1.000 CF=6.0 CX=5.6 W=0.20 Loss=0.020091 LR=0.002000 CC=0.750 (10.5s)
[2025-09-09 21:29:36.275] Step 39000: TF=1.000 CF=10.0 CX=11.0 W=1.00 Loss=1.594220 LR=0.002000 CC=0.750 (10.9s)
[2025-09-09 21:29:36.610] Step 40000: TF=1.000 CF=10.0 CX=11.0 W=1.00 Loss=0.000057 LR=0.002000 CC=0.750 (11.2s)
[2025-09-09 21:29:36.964] Step 41000: TF=1.000 CF=10.0 CX=10.0 W=1.00 Loss=0.000058 LR=0.002000 CC=0.750 (11.6s)
[2025-09-09 21:29:37.289] Step 42000: TF=1.000 CF=10.0 CX=10.0 W=1.00 Loss=0.000096 LR=0.002000 CC=0.750 (11.9s)
[2025-09-09 21:29:37.597] Step 43000: TF=1.000 CF=10.0 CX=10.5 W=1.00 Loss=0.000042 LR=0.002000 CC=0.750 (12.2s)
[2025-09-09 21:29:37.905] Step 44000: TF=1.000 CF=6.0 CX=5.4 W=0.20 Loss=0.031939 LR=0.002000 CC=0.750 (12.5s)
[2025-09-09 21:29:38.206] Step 45000: TF=1.000 CF=10.0 CX=10.0 W=1.00 Loss=0.000871 LR=0.002000 CC=0.750 (12.8s)
[2025-09-09 21:29:38.478] Step 46000: TF=1.000 CF=6.0 CX=6.7 W=0.20 Loss=0.009240 LR=0.002000 CC=0.750 (13.1s)
[2025-09-09 21:29:38.764] Step 47000: TF=1.000 CF=10.0 CX=10.0 W=1.00 Loss=0.000018 LR=0.002000 CC=0.750 (13.4s)
[2025-09-09 21:29:39.050] Step 48000: TF=1.000 CF=10.0 CX=11.5 W=1.00 Loss=1.232986 LR=0.002000 CC=0.750 (13.6s)
[2025-09-09 21:29:39.311] Step 49000: TF=1.000 CF=6.0 CX=7.1 W=0.20 Loss=0.055807 LR=0.002000 CC=0.750 (13.9s)
[2025-09-09 21:29:39.561] Step 50000: TF=1.000 CF=10.0 CX=10.6 W=1.00 Loss=0.000017 LR=0.002000 CC=0.750 (14.2s)
[2025-09-09 21:29:39.561] === Training complete ===
