[2025-09-11 08:56:23.517] === EFFECTIVE CONFIGURATION ===
[2025-09-11 08:56:23.518] {
[2025-09-11 08:56:23.518]   "_config_path": ".sweep_tmp/cfg_learning_rate=0p01.json",
[2025-09-11 08:56:23.518]   "_overrides": [],
[2025-09-11 08:56:23.518]   "_raw_config": {
[2025-09-11 08:56:23.518]     "addition_cf_max": 11.0,
[2025-09-11 08:56:23.518]     "addition_cf_min": 2.0,
[2025-09-11 08:56:23.518]     "addition_start_step": 8000,
[2025-09-11 08:56:23.518]     "cf_max_complexity": 7.0,
[2025-09-11 08:56:23.518]     "cf_min_complexity": 2.0,
[2025-09-11 08:56:23.518]     "cf_sd": 1.2,
[2025-09-11 08:56:23.518]     "checkpoint_interval": 5000,
[2025-09-11 08:56:23.518]     "confidence_criterion_start": 0.9,
[2025-09-11 08:56:23.518]     "confidence_floor": 0.75,
[2025-09-11 08:56:23.518]     "counting_fade_rate": 0.00015,
[2025-09-11 08:56:23.518]     "counting_focus_steps": 6000,
[2025-09-11 08:56:23.518]     "cx_sd": 0.9,
[2025-09-11 08:56:23.518]     "gate_freeze_until_step": 3000,
[2025-09-11 08:56:23.518]     "hidden_size": 64,
[2025-09-11 08:56:23.518]     "learning_rate": 0.01,
[2025-09-11 08:56:23.518]     "learning_rate_floor": 0.002,
[2025-09-11 08:56:23.518]     "lr_decay": 0.9999,
[2025-09-11 08:56:23.518]     "outdir": "results",
[2025-09-11 08:56:23.518]     "tf_rate_addition": 5e-05,
[2025-09-11 08:56:23.518]     "tf_rate_counting": 0.0002,
[2025-09-11 08:56:23.518]     "total_steps": 15000
[2025-09-11 08:56:23.518]   },
[2025-09-11 08:56:23.518]   "addition_cf_max": 11.0,
[2025-09-11 08:56:23.518]   "addition_cf_min": 2.0,
[2025-09-11 08:56:23.518]   "addition_start_step": 8000,
[2025-09-11 08:56:23.518]   "cf_max_complexity": 7.0,
[2025-09-11 08:56:23.518]   "cf_min_complexity": 2.0,
[2025-09-11 08:56:23.518]   "cf_sd": 1.2,
[2025-09-11 08:56:23.518]   "cf_variance": 1.5,
[2025-09-11 08:56:23.518]   "checkpoint_interval": 5000,
[2025-09-11 08:56:23.518]   "confidence_criterion_start": 0.9,
[2025-09-11 08:56:23.518]   "confidence_floor": 0.75,
[2025-09-11 08:56:23.518]   "counting_fade_rate": 0.00015,
[2025-09-11 08:56:23.518]   "counting_focus_steps": 6000,
[2025-09-11 08:56:23.518]   "cx_sd": 0.9,
[2025-09-11 08:56:23.518]   "cx_variance": 0.8,
[2025-09-11 08:56:23.518]   "gate_freeze_until_step": 3000,
[2025-09-11 08:56:23.518]   "hidden_size": 64,
[2025-09-11 08:56:23.518]   "learning_rate": 0.01,
[2025-09-11 08:56:23.518]   "learning_rate_floor": 0.002,
[2025-09-11 08:56:23.518]   "lr_decay": 0.9999,
[2025-09-11 08:56:23.518]   "outdir": "results/learning_rate=0.01",
[2025-09-11 08:56:23.518]   "tf_rate": 0.0001,
[2025-09-11 08:56:23.518]   "tf_rate_addition": 5e-05,
[2025-09-11 08:56:23.518]   "tf_rate_counting": 0.0002,
[2025-09-11 08:56:23.518]   "total_steps": 15000
[2025-09-11 08:56:23.518] }
[2025-09-11 08:56:23.519] === Small Math Model (Content-Gated) ===
[2025-09-11 08:56:23.519] Network: 24 -> 64 -> 12
[2025-09-11 08:56:23.519] Training steps: 15000   LR: 0.01
[2025-09-11 08:56:23.519] Gate freeze until: 3000
[2025-09-11 08:56:23.519] Confidence start: 0.9 (floor 0.75)
[2025-09-11 08:56:23.519] === Sanity check ===
[2025-09-11 08:56:23.519] 1 -> ? = 10 (expected 2) - conf:0.000 finger:True
[2025-09-11 08:56:23.519] 3 -> ? = 8 (expected 4) - conf:0.000 finger:True
[2025-09-11 08:56:23.519] 5 -> ? = 8 (expected 6) - conf:0.000 finger:True
[2025-09-11 08:56:23.519] 2 -> 3 = 12 (expected 4) - conf:0.000 finger:True
[2025-09-11 08:56:23.520] 4 -> 5 = 8 (expected 6) - conf:0.000 finger:True
[2025-09-11 08:56:23.521] 1 + 2 = 3 (expected 3) + conf:0.000 finger:True
[2025-09-11 08:56:23.522] 2 + 2 = 4 (expected 4) + conf:0.000 finger:True
[2025-09-11 08:56:23.524] 3 + 4 = 7 (expected 7) + conf:0.000 finger:True
[2025-09-11 08:56:23.525] 4 + 5 = 9 (expected 9) + conf:0.000 finger:True
[2025-09-11 08:56:23.527] 5 + 5 = 10 (expected 10) + conf:0.000 finger:True
[2025-09-11 08:56:23.527] 
[2025-09-11 08:56:23.688] Step  1000: TF=0.100 CF=2.5 CX=2.0 W=1.00 Loss=0.610138 LR=0.009079 CC=0.817 (0.2s)
[2025-09-11 08:56:23.852] Step  2000: TF=0.200 CF=3.0 CX=2.0 W=1.00 Loss=0.869480 LR=0.008215 CC=0.750 (0.3s)
[2025-09-11 08:56:24.016] Step  3000: TF=0.300 CF=3.5 CX=5.4 W=1.00 Loss=2.310282 LR=0.007433 CC=0.750 (0.5s)
[2025-09-11 08:56:24.183] Step  4000: TF=0.400 CF=4.0 CX=2.8 W=1.00 Loss=0.029317 LR=0.006726 CC=0.750 (0.7s)
[2025-09-11 08:56:24.351] Step  5000: TF=0.500 CF=4.5 CX=4.7 W=1.00 Loss=0.029284 LR=0.006086 CC=0.750 (0.8s)
[2025-09-11 08:56:24.518] Step  6000: TF=0.600 CF=5.0 CX=4.7 W=1.00 Loss=0.309663 LR=0.005507 CC=0.750 (1.0s)
[2025-09-11 08:56:24.687] Step  7000: TF=0.700 CF=5.5 CX=6.2 W=1.00 Loss=0.102930 LR=0.004983 CC=0.750 (1.2s)
[2025-09-11 08:56:24.869] Step  8000: TF=0.800 CF=6.0 CX=4.7 W=1.00 Loss=0.075563 LR=0.004508 CC=0.750 (1.3s)
[2025-09-11 08:56:25.194] Step  9000: TF=0.900 CF=10.1 CX=11.7 W=0.29 Loss=0.978184 LR=0.004079 CC=0.750 (1.7s)
[2025-09-11 08:56:25.722] Step 10000: TF=1.000 CF=7.0 CX=7.2 W=0.70 Loss=0.074104 LR=0.003691 CC=0.750 (2.2s)
[2025-09-11 08:56:26.074] Step 11000: TF=1.000 CF=7.0 CX=7.7 W=0.55 Loss=0.016806 LR=0.003340 CC=0.750 (2.5s)
[2025-09-11 08:56:26.463] Step 12000: TF=1.000 CF=7.0 CX=6.6 W=0.40 Loss=0.088790 LR=0.003022 CC=0.750 (2.9s)
[2025-09-11 08:56:26.945] Step 13000: TF=1.000 CF=11.0 CX=11.5 W=1.00 Loss=0.402030 LR=0.002734 CC=0.750 (3.4s)
[2025-09-11 08:56:27.417] Step 14000: TF=1.000 CF=7.0 CX=7.0 W=0.20 Loss=0.001447 LR=0.002474 CC=0.750 (3.9s)
[2025-09-11 08:56:27.879] Step 15000: TF=1.000 CF=11.0 CX=10.6 W=1.00 Loss=0.036737 LR=0.002239 CC=0.750 (4.4s)
[2025-09-11 08:56:27.879] === Training complete ===
