[2025-09-11 19:19:24.087] === EFFECTIVE CONFIGURATION ===
[2025-09-11 19:19:24.087] {
[2025-09-11 19:19:24.087]   "_config_path": ".sweep_tmp/cfg_addition_start_step=11000.json",
[2025-09-11 19:19:24.088]   "_overrides": [],
[2025-09-11 19:19:24.088]   "_raw_config": {
[2025-09-11 19:19:24.088]     "addition_cf_max": 11.0,
[2025-09-11 19:19:24.088]     "addition_cf_min": 2.0,
[2025-09-11 19:19:24.088]     "addition_start_step": 11000,
[2025-09-11 19:19:24.088]     "cf_max_complexity": 7.0,
[2025-09-11 19:19:24.088]     "cf_min_complexity": 2.0,
[2025-09-11 19:19:24.088]     "cf_sd": 1.2,
[2025-09-11 19:19:24.088]     "checkpoint_interval": 5000,
[2025-09-11 19:19:24.088]     "confidence_criterion_start": 0.9,
[2025-09-11 19:19:24.088]     "confidence_floor": 0.75,
[2025-09-11 19:19:24.088]     "counting_fade_rate": 0.00015,
[2025-09-11 19:19:24.088]     "counting_focus_steps": 6000,
[2025-09-11 19:19:24.088]     "cx_sd": 0.9,
[2025-09-11 19:19:24.088]     "gate_freeze_until_step": 0,
[2025-09-11 19:19:24.088]     "hidden_size": 64,
[2025-09-11 19:19:24.088]     "learning_rate": 0.01,
[2025-09-11 19:19:24.088]     "learning_rate_floor": 0.002,
[2025-09-11 19:19:24.088]     "lr_decay": 0.9999,
[2025-09-11 19:19:24.088]     "outdir": "results",
[2025-09-11 19:19:24.088]     "tf_rate_addition": 5e-05,
[2025-09-11 19:19:24.088]     "tf_rate_counting": 0.0002,
[2025-09-11 19:19:24.088]     "total_steps": 15000
[2025-09-11 19:19:24.088]   },
[2025-09-11 19:19:24.088]   "addition_cf_max": 11.0,
[2025-09-11 19:19:24.088]   "addition_cf_min": 2.0,
[2025-09-11 19:19:24.088]   "addition_start_step": 11000,
[2025-09-11 19:19:24.088]   "cf_max_complexity": 7.0,
[2025-09-11 19:19:24.088]   "cf_min_complexity": 2.0,
[2025-09-11 19:19:24.088]   "cf_sd": 1.2,
[2025-09-11 19:19:24.088]   "cf_variance": 1.5,
[2025-09-11 19:19:24.088]   "checkpoint_interval": 5000,
[2025-09-11 19:19:24.088]   "confidence_criterion_start": 0.9,
[2025-09-11 19:19:24.088]   "confidence_floor": 0.75,
[2025-09-11 19:19:24.088]   "counting_fade_rate": 0.00015,
[2025-09-11 19:19:24.088]   "counting_focus_steps": 6000,
[2025-09-11 19:19:24.088]   "cx_sd": 0.9,
[2025-09-11 19:19:24.088]   "cx_variance": 0.8,
[2025-09-11 19:19:24.088]   "gate_freeze_until_step": 0,
[2025-09-11 19:19:24.088]   "hidden_size": 64,
[2025-09-11 19:19:24.088]   "learning_rate": 0.01,
[2025-09-11 19:19:24.088]   "learning_rate_floor": 0.002,
[2025-09-11 19:19:24.088]   "lr_decay": 0.9999,
[2025-09-11 19:19:24.088]   "outdir": "results/addition_start_step=11000",
[2025-09-11 19:19:24.088]   "tf_rate": 0.0001,
[2025-09-11 19:19:24.088]   "tf_rate_addition": 5e-05,
[2025-09-11 19:19:24.088]   "tf_rate_counting": 0.0002,
[2025-09-11 19:19:24.088]   "total_steps": 15000
[2025-09-11 19:19:24.088] }
[2025-09-11 19:19:24.089] === Small Math Model (Content-Gated) ===
[2025-09-11 19:19:24.089] Network: 24 -> 64 -> 12
[2025-09-11 19:19:24.089] Training steps: 15000   LR: 0.01
[2025-09-11 19:19:24.089] Gate freeze until: 0
[2025-09-11 19:19:24.089] Confidence start: 0.9 (floor 0.75)
[2025-09-11 19:19:24.089] === Sanity check ===
[2025-09-11 19:19:24.089] 1 -> ? = 10 (expected 2) - conf:0.000 finger:True
[2025-09-11 19:19:24.089] 3 -> ? = 8 (expected 4) - conf:0.000 finger:True
[2025-09-11 19:19:24.089] 5 -> ? = 8 (expected 6) - conf:0.000 finger:True
[2025-09-11 19:19:24.089] 2 -> 3 = 12 (expected 4) - conf:0.000 finger:True
[2025-09-11 19:19:24.089] 4 -> 5 = 8 (expected 6) - conf:0.000 finger:True
[2025-09-11 19:19:24.091] 1 + 2 = 3 (expected 3) + conf:0.000 finger:True
[2025-09-11 19:19:24.092] 2 + 2 = 4 (expected 4) + conf:0.000 finger:True
[2025-09-11 19:19:24.094] 3 + 4 = 7 (expected 7) + conf:0.000 finger:True
[2025-09-11 19:19:24.096] 4 + 5 = 9 (expected 9) + conf:0.000 finger:True
[2025-09-11 19:19:24.097] 5 + 5 = 10 (expected 10) + conf:0.000 finger:True
[2025-09-11 19:19:24.097] 
[2025-09-11 19:19:24.265] Step  1000: TF=0.100 CF=2.5 CX=2.4 W=1.00 Loss=0.577269 LR=0.009079 CC=0.817 (0.2s)
[2025-09-11 19:19:24.436] Step  2000: TF=0.200 CF=3.0 CX=3.3 W=1.00 Loss=1.430076 LR=0.008215 CC=0.750 (0.3s)
[2025-09-11 19:19:24.621] Step  3000: TF=0.300 CF=3.5 CX=4.1 W=1.00 Loss=2.141679 LR=0.007433 CC=0.750 (0.5s)
[2025-09-11 19:19:24.791] Step  4000: TF=0.400 CF=4.0 CX=4.9 W=1.00 Loss=0.437386 LR=0.006726 CC=0.750 (0.7s)
[2025-09-11 19:19:24.960] Step  5000: TF=0.500 CF=4.5 CX=3.9 W=1.00 Loss=0.090022 LR=0.006086 CC=0.750 (0.9s)
[2025-09-11 19:19:25.128] Step  6000: TF=0.600 CF=5.0 CX=4.6 W=1.00 Loss=0.899896 LR=0.005507 CC=0.750 (1.0s)
[2025-09-11 19:19:25.296] Step  7000: TF=0.700 CF=5.5 CX=5.6 W=1.00 Loss=0.070598 LR=0.004983 CC=0.750 (1.2s)
[2025-09-11 19:19:25.465] Step  8000: TF=0.800 CF=6.0 CX=5.4 W=1.00 Loss=0.028458 LR=0.004508 CC=0.750 (1.4s)
[2025-09-11 19:19:25.633] Step  9000: TF=0.900 CF=6.5 CX=6.6 W=1.00 Loss=0.002600 LR=0.004079 CC=0.750 (1.5s)
[2025-09-11 19:19:25.798] Step 10000: TF=1.000 CF=7.0 CX=8.4 W=1.00 Loss=0.001778 LR=0.003691 CC=0.750 (1.7s)
[2025-09-11 19:19:25.977] Step 11000: TF=1.000 CF=7.0 CX=7.3 W=1.00 Loss=0.078272 LR=0.003340 CC=0.750 (1.9s)
[2025-09-11 19:19:26.210] Step 12000: TF=1.000 CF=11.0 CX=11.7 W=0.50 Loss=0.017927 LR=0.003022 CC=0.750 (2.1s)
[2025-09-11 19:19:26.490] Step 13000: TF=1.000 CF=11.0 CX=10.5 W=1.00 Loss=0.001409 LR=0.002734 CC=0.750 (2.4s)
[2025-09-11 19:19:26.797] Step 14000: TF=1.000 CF=11.0 CX=10.0 W=1.00 Loss=0.000815 LR=0.002474 CC=0.750 (2.7s)
[2025-09-11 19:19:27.059] Step 15000: TF=1.000 CF=11.0 CX=10.8 W=1.00 Loss=0.000542 LR=0.002239 CC=0.750 (3.0s)
[2025-09-11 19:19:27.059] === Training complete ===
