[2025-09-11 19:30:01.109] === EFFECTIVE CONFIGURATION ===
[2025-09-11 19:30:01.109] {
[2025-09-11 19:30:01.109]   "_config_path": ".sweep_tmp/cfg_addition_start_step=11000.json",
[2025-09-11 19:30:01.109]   "_overrides": [],
[2025-09-11 19:30:01.109]   "_raw_config": {
[2025-09-11 19:30:01.109]     "addition_cf_max": 11.0,
[2025-09-11 19:30:01.109]     "addition_cf_min": 2.0,
[2025-09-11 19:30:01.109]     "addition_start_step": 11000,
[2025-09-11 19:30:01.109]     "cf_max_complexity": 7.0,
[2025-09-11 19:30:01.109]     "cf_min_complexity": 2.0,
[2025-09-11 19:30:01.109]     "cf_sd": 1.2,
[2025-09-11 19:30:01.109]     "checkpoint_interval": 5000,
[2025-09-11 19:30:01.109]     "confidence_criterion_start": 0.9,
[2025-09-11 19:30:01.109]     "confidence_floor": 0.75,
[2025-09-11 19:30:01.109]     "counting_fade_rate": 0.00015,
[2025-09-11 19:30:01.109]     "counting_focus_steps": 6000,
[2025-09-11 19:30:01.109]     "cx_sd": 0.9,
[2025-09-11 19:30:01.109]     "gate_freeze_until_step": 3000,
[2025-09-11 19:30:01.109]     "hidden_size": 64,
[2025-09-11 19:30:01.109]     "learning_rate": 0.01,
[2025-09-11 19:30:01.109]     "learning_rate_floor": 0.002,
[2025-09-11 19:30:01.109]     "lr_decay": 0.9999,
[2025-09-11 19:30:01.109]     "outdir": "results",
[2025-09-11 19:30:01.109]     "tf_rate_addition": 5e-05,
[2025-09-11 19:30:01.109]     "tf_rate_counting": 0.0002,
[2025-09-11 19:30:01.109]     "total_steps": 15000
[2025-09-11 19:30:01.109]   },
[2025-09-11 19:30:01.109]   "addition_cf_max": 11.0,
[2025-09-11 19:30:01.109]   "addition_cf_min": 2.0,
[2025-09-11 19:30:01.109]   "addition_start_step": 11000,
[2025-09-11 19:30:01.109]   "cf_max_complexity": 7.0,
[2025-09-11 19:30:01.109]   "cf_min_complexity": 2.0,
[2025-09-11 19:30:01.109]   "cf_sd": 1.2,
[2025-09-11 19:30:01.109]   "cf_variance": 1.5,
[2025-09-11 19:30:01.109]   "checkpoint_interval": 5000,
[2025-09-11 19:30:01.109]   "confidence_criterion_start": 0.9,
[2025-09-11 19:30:01.109]   "confidence_floor": 0.75,
[2025-09-11 19:30:01.109]   "counting_fade_rate": 0.00015,
[2025-09-11 19:30:01.109]   "counting_focus_steps": 6000,
[2025-09-11 19:30:01.109]   "cx_sd": 0.9,
[2025-09-11 19:30:01.109]   "cx_variance": 0.8,
[2025-09-11 19:30:01.109]   "gate_freeze_until_step": 3000,
[2025-09-11 19:30:01.109]   "hidden_size": 64,
[2025-09-11 19:30:01.109]   "learning_rate": 0.01,
[2025-09-11 19:30:01.109]   "learning_rate_floor": 0.002,
[2025-09-11 19:30:01.109]   "lr_decay": 0.9999,
[2025-09-11 19:30:01.109]   "outdir": "results/addition_start_step=11000",
[2025-09-11 19:30:01.109]   "tf_rate": 0.0001,
[2025-09-11 19:30:01.109]   "tf_rate_addition": 5e-05,
[2025-09-11 19:30:01.109]   "tf_rate_counting": 0.0002,
[2025-09-11 19:30:01.109]   "total_steps": 15000
[2025-09-11 19:30:01.109] }
[2025-09-11 19:30:01.110] === Small Math Model (Content-Gated) ===
[2025-09-11 19:30:01.110] Network: 24 -> 64 -> 12
[2025-09-11 19:30:01.110] Training steps: 15000   LR: 0.01
[2025-09-11 19:30:01.110] Gate freeze until: 3000
[2025-09-11 19:30:01.110] Confidence start: 0.9 (floor 0.75)
[2025-09-11 19:30:01.110] === Sanity check ===
[2025-09-11 19:30:01.110] 1 -> ? = 10 (expected 2) - conf:0.000 finger:True
[2025-09-11 19:30:01.111] 3 -> ? = 8 (expected 4) - conf:0.000 finger:True
[2025-09-11 19:30:01.111] 5 -> ? = 8 (expected 6) - conf:0.000 finger:True
[2025-09-11 19:30:01.111] 2 -> 3 = 12 (expected 4) - conf:0.000 finger:True
[2025-09-11 19:30:01.111] 4 -> 5 = 8 (expected 6) - conf:0.000 finger:True
[2025-09-11 19:30:01.112] 1 + 2 = 3 (expected 3) + conf:0.000 finger:True
[2025-09-11 19:30:01.114] 2 + 2 = 4 (expected 4) + conf:0.000 finger:True
[2025-09-11 19:30:01.116] 3 + 4 = 7 (expected 7) + conf:0.000 finger:True
[2025-09-11 19:30:01.118] 4 + 5 = 9 (expected 9) + conf:0.000 finger:True
[2025-09-11 19:30:01.120] 5 + 5 = 10 (expected 10) + conf:0.000 finger:True
[2025-09-11 19:30:01.120] 
[2025-09-11 19:30:01.326] Step  1000: TF=0.100 CF=2.5 CX=2.8 W=1.00 Loss=0.452737 LR=0.009079 CC=0.817 (0.2s)
[2025-09-11 19:30:01.511] Step  2000: TF=0.200 CF=3.0 CX=2.4 W=1.00 Loss=1.963172 LR=0.008215 CC=0.750 (0.4s)
[2025-09-11 19:30:01.692] Step  3000: TF=0.300 CF=3.5 CX=4.3 W=1.00 Loss=2.031290 LR=0.007433 CC=0.750 (0.6s)
[2025-09-11 19:30:01.878] Step  4000: TF=0.400 CF=4.0 CX=4.3 W=1.00 Loss=1.001176 LR=0.006726 CC=0.750 (0.8s)
[2025-09-11 19:30:02.066] Step  5000: TF=0.500 CF=4.5 CX=4.9 W=1.00 Loss=0.326183 LR=0.006086 CC=0.750 (0.9s)
[2025-09-11 19:30:02.254] Step  6000: TF=0.600 CF=5.0 CX=5.8 W=1.00 Loss=0.480296 LR=0.005507 CC=0.750 (1.1s)
[2025-09-11 19:30:02.437] Step  7000: TF=0.700 CF=5.5 CX=4.3 W=1.00 Loss=0.012870 LR=0.004983 CC=0.750 (1.3s)
[2025-09-11 19:30:02.608] Step  8000: TF=0.800 CF=6.0 CX=6.6 W=1.00 Loss=0.008042 LR=0.004508 CC=0.750 (1.5s)
[2025-09-11 19:30:02.778] Step  9000: TF=0.900 CF=6.5 CX=5.3 W=1.00 Loss=0.101388 LR=0.004079 CC=0.750 (1.7s)
[2025-09-11 19:30:02.951] Step 10000: TF=1.000 CF=7.0 CX=6.7 W=1.00 Loss=0.002992 LR=0.003691 CC=0.750 (1.8s)
[2025-09-11 19:30:03.120] Step 11000: TF=1.000 CF=7.0 CX=7.3 W=1.00 Loss=0.195458 LR=0.003340 CC=0.750 (2.0s)
[2025-09-11 19:30:03.341] Step 12000: TF=1.000 CF=11.0 CX=10.6 W=0.50 Loss=0.000127 LR=0.003022 CC=0.750 (2.2s)
[2025-09-11 19:30:03.634] Step 13000: TF=1.000 CF=11.0 CX=11.6 W=1.00 Loss=0.014894 LR=0.002734 CC=0.750 (2.5s)
[2025-09-11 19:30:03.961] Step 14000: TF=1.000 CF=11.0 CX=10.9 W=1.00 Loss=0.002030 LR=0.002474 CC=0.750 (2.8s)
[2025-09-11 19:30:04.313] Step 15000: TF=1.000 CF=11.0 CX=10.2 W=1.00 Loss=0.002248 LR=0.002239 CC=0.750 (3.2s)
[2025-09-11 19:30:04.313] === Training complete ===
