[2025-09-15 14:39:32.586] === EFFECTIVE CONFIGURATION ===
[2025-09-15 14:39:32.586] {
[2025-09-15 14:39:32.586]   "_config_path": ".sweep_tmp/cfg_addition_start_step=3000.json",
[2025-09-15 14:39:32.586]   "_overrides": [],
[2025-09-15 14:39:32.586]   "_raw_config": {
[2025-09-15 14:39:32.586]     "addition_cf_max": 11.0,
[2025-09-15 14:39:32.586]     "addition_cf_min": 2.0,
[2025-09-15 14:39:32.586]     "addition_start_step": 3000,
[2025-09-15 14:39:32.586]     "cf_max_complexity": 7.0,
[2025-09-15 14:39:32.586]     "cf_min_complexity": 2.0,
[2025-09-15 14:39:32.586]     "cf_sd": 1.2,
[2025-09-15 14:39:32.586]     "checkpoint_interval": 5000,
[2025-09-15 14:39:32.587]     "confidence_criterion_start": 0.9,
[2025-09-15 14:39:32.587]     "confidence_floor": 0.75,
[2025-09-15 14:39:32.587]     "counting_fade_rate": 0.00015,
[2025-09-15 14:39:32.587]     "counting_focus_steps": 6000,
[2025-09-15 14:39:32.587]     "cx_sd": 0.9,
[2025-09-15 14:39:32.587]     "gate_freeze_until_step": 3000,
[2025-09-15 14:39:32.587]     "hidden_size": 64,
[2025-09-15 14:39:32.587]     "learning_rate": 0.005,
[2025-09-15 14:39:32.587]     "learning_rate_floor": 0.002,
[2025-09-15 14:39:32.587]     "lr_decay": 0.9999,
[2025-09-15 14:39:32.587]     "outdir": "results",
[2025-09-15 14:39:32.587]     "tf_rate_addition": 0.0001,
[2025-09-15 14:39:32.587]     "tf_rate_counting": 0.0001,
[2025-09-15 14:39:32.587]     "total_steps": 50000
[2025-09-15 14:39:32.587]   },
[2025-09-15 14:39:32.587]   "addition_cf_max": 11.0,
[2025-09-15 14:39:32.587]   "addition_cf_min": 2.0,
[2025-09-15 14:39:32.587]   "addition_start_step": 3000,
[2025-09-15 14:39:32.587]   "cf_max_complexity": 7.0,
[2025-09-15 14:39:32.587]   "cf_min_complexity": 2.0,
[2025-09-15 14:39:32.587]   "cf_sd": 1.2,
[2025-09-15 14:39:32.587]   "cf_variance": 1.5,
[2025-09-15 14:39:32.587]   "checkpoint_interval": 5000,
[2025-09-15 14:39:32.587]   "confidence_criterion_start": 0.9,
[2025-09-15 14:39:32.587]   "confidence_floor": 0.75,
[2025-09-15 14:39:32.587]   "counting_fade_rate": 0.00015,
[2025-09-15 14:39:32.587]   "counting_focus_steps": 6000,
[2025-09-15 14:39:32.587]   "cx_sd": 0.9,
[2025-09-15 14:39:32.587]   "cx_variance": 0.8,
[2025-09-15 14:39:32.587]   "gate_freeze_until_step": 3000,
[2025-09-15 14:39:32.587]   "hidden_size": 64,
[2025-09-15 14:39:32.587]   "learning_rate": 0.005,
[2025-09-15 14:39:32.587]   "learning_rate_floor": 0.002,
[2025-09-15 14:39:32.587]   "lr_decay": 0.9999,
[2025-09-15 14:39:32.587]   "outdir": "results/addition_start_step=3000",
[2025-09-15 14:39:32.587]   "tf_rate": 0.0001,
[2025-09-15 14:39:32.587]   "tf_rate_addition": 0.0001,
[2025-09-15 14:39:32.587]   "tf_rate_counting": 0.0001,
[2025-09-15 14:39:32.587]   "total_steps": 50000
[2025-09-15 14:39:32.587] }
[2025-09-15 14:39:32.588] === Small Math Model (Content-Gated) ===
[2025-09-15 14:39:32.588] Network: 24 -> 64 -> 12
[2025-09-15 14:39:32.588] Training steps: 50000   LR: 0.005
[2025-09-15 14:39:32.588] Gate freeze until: 3000
[2025-09-15 14:39:32.588] Confidence start: 0.9 (floor 0.75)
[2025-09-15 14:39:32.588] === Sanity check ===
[2025-09-15 14:39:32.588] 1 -> ? = 10 (expected 2) - conf:0.000 finger:True
[2025-09-15 14:39:32.589] 3 -> ? = 8 (expected 4) - conf:0.000 finger:True
[2025-09-15 14:39:32.589] 5 -> ? = 8 (expected 6) - conf:0.000 finger:True
[2025-09-15 14:39:32.589] 2 -> 3 = 12 (expected 4) - conf:0.000 finger:True
[2025-09-15 14:39:32.589] 4 -> 5 = 8 (expected 6) - conf:0.000 finger:True
[2025-09-15 14:39:32.591] 1 + 2 = 3 (expected 3) + conf:0.000 finger:True
[2025-09-15 14:39:32.594] 2 + 2 = 4 (expected 4) + conf:0.000 finger:True
[2025-09-15 14:39:32.598] 3 + 4 = 7 (expected 7) + conf:0.000 finger:True
[2025-09-15 14:39:32.601] 4 + 5 = 9 (expected 9) + conf:0.000 finger:True
[2025-09-15 14:39:32.603] 5 + 5 = 10 (expected 10) + conf:0.000 finger:True
[2025-09-15 14:39:32.603] 
[2025-09-15 14:39:32.871] Step  1000: TF=0.100 CF=2.5 CX=2.3 W=1.00 Loss=2.251882 LR=0.004540 CC=0.817 (0.3s)
[2025-09-15 14:39:33.125] Step  2000: TF=0.200 CF=3.0 CX=2.9 W=1.00 Loss=1.646736 LR=0.004108 CC=0.750 (0.5s)
[2025-09-15 14:39:33.374] Step  3000: TF=0.300 CF=3.5 CX=2.7 W=1.00 Loss=0.730811 LR=0.003717 CC=0.750 (0.8s)
[2025-09-15 14:39:33.689] Step  4000: TF=0.400 CF=4.0 CX=4.3 W=0.85 Loss=1.094462 LR=0.003363 CC=0.750 (1.1s)
[2025-09-15 14:39:34.196] Step  5000: TF=0.500 CF=4.5 CX=5.3 W=0.70 Loss=2.459535 LR=0.003043 CC=0.750 (1.6s)
[2025-09-15 14:39:34.994] Step  6000: TF=0.600 CF=5.0 CX=6.8 W=0.55 Loss=2.028357 LR=0.002753 CC=0.750 (2.4s)
[2025-09-15 14:39:35.886] Step  7000: TF=0.700 CF=5.5 CX=5.4 W=0.40 Loss=0.932020 LR=0.002491 CC=0.750 (3.3s)
[2025-09-15 14:39:37.040] Step  8000: TF=0.800 CF=9.2 CX=9.6 W=0.21 Loss=0.676923 LR=0.002254 CC=0.750 (4.4s)
[2025-09-15 14:39:38.635] Step  9000: TF=0.900 CF=6.5 CX=8.0 W=0.20 Loss=0.017197 LR=0.002040 CC=0.750 (6.0s)
[2025-09-15 14:39:40.176] Step 10000: TF=1.000 CF=11.0 CX=10.0 W=0.30 Loss=0.190645 LR=0.002000 CC=0.750 (7.6s)
[2025-09-15 14:39:41.342] Step 11000: TF=1.000 CF=11.0 CX=11.5 W=0.34 Loss=0.003544 LR=0.002000 CC=0.750 (8.7s)
[2025-09-15 14:39:42.252] Step 12000: TF=1.000 CF=11.0 CX=8.9 W=0.38 Loss=2.003063 LR=0.002000 CC=0.750 (9.6s)
[2025-09-15 14:39:43.156] Step 13000: TF=1.000 CF=11.0 CX=10.4 W=0.43 Loss=0.069313 LR=0.002000 CC=0.750 (10.6s)
[2025-09-15 14:39:44.065] Step 14000: TF=1.000 CF=11.0 CX=12.0 W=0.47 Loss=1.665818 LR=0.002000 CC=0.750 (11.5s)
[2025-09-15 14:39:45.002] Step 15000: TF=1.000 CF=11.0 CX=10.9 W=0.51 Loss=0.050652 LR=0.002000 CC=0.750 (12.4s)
[2025-09-15 14:39:45.826] Step 16000: TF=1.000 CF=11.0 CX=11.2 W=0.55 Loss=0.251347 LR=0.002000 CC=0.750 (13.2s)
[2025-09-15 14:39:46.759] Step 17000: TF=1.000 CF=11.0 CX=9.8 W=0.60 Loss=0.293810 LR=0.002000 CC=0.750 (14.2s)
[2025-09-15 14:39:47.622] Step 18000: TF=1.000 CF=11.0 CX=11.2 W=0.64 Loss=0.544578 LR=0.002000 CC=0.750 (15.0s)
[2025-09-15 14:39:48.491] Step 19000: TF=1.000 CF=7.0 CX=6.4 W=0.20 Loss=0.046982 LR=0.002000 CC=0.750 (15.9s)
[2025-09-15 14:39:49.290] Step 20000: TF=1.000 CF=7.0 CX=6.4 W=0.20 Loss=0.042156 LR=0.002000 CC=0.750 (16.7s)
[2025-09-15 14:39:50.057] Step 21000: TF=1.000 CF=11.0 CX=12.0 W=0.77 Loss=0.098099 LR=0.002000 CC=0.750 (17.5s)
[2025-09-15 14:39:50.721] Step 22000: TF=1.000 CF=11.0 CX=10.7 W=0.81 Loss=0.010772 LR=0.002000 CC=0.750 (18.1s)
[2025-09-15 14:39:51.554] Step 23000: TF=1.000 CF=11.0 CX=11.2 W=0.85 Loss=0.380342 LR=0.002000 CC=0.750 (19.0s)
[2025-09-15 14:39:52.354] Step 24000: TF=1.000 CF=7.0 CX=6.1 W=0.20 Loss=0.024851 LR=0.002000 CC=0.750 (19.8s)
[2025-09-15 14:39:53.116] Step 25000: TF=1.000 CF=11.0 CX=11.9 W=0.94 Loss=0.000001 LR=0.002000 CC=0.750 (20.5s)
[2025-09-15 14:39:53.857] Step 26000: TF=1.000 CF=11.0 CX=11.3 W=0.98 Loss=0.000001 LR=0.002000 CC=0.750 (21.3s)
[2025-09-15 14:39:54.607] Step 27000: TF=1.000 CF=11.0 CX=12.0 W=1.00 Loss=0.006603 LR=0.002000 CC=0.750 (22.0s)
[2025-09-15 14:39:55.287] Step 28000: TF=1.000 CF=11.0 CX=10.5 W=1.00 Loss=0.005551 LR=0.002000 CC=0.750 (22.7s)
[2025-09-15 14:39:55.946] Step 29000: TF=1.000 CF=11.0 CX=11.8 W=1.00 Loss=0.368581 LR=0.002000 CC=0.750 (23.3s)
[2025-09-15 14:39:56.576] Step 30000: TF=1.000 CF=11.0 CX=10.8 W=1.00 Loss=0.003440 LR=0.002000 CC=0.750 (24.0s)
[2025-09-15 14:39:57.129] Step 31000: TF=1.000 CF=11.0 CX=10.2 W=1.00 Loss=0.003850 LR=0.002000 CC=0.750 (24.5s)
[2025-09-15 14:39:57.723] Step 32000: TF=1.000 CF=11.0 CX=10.9 W=1.00 Loss=0.004004 LR=0.002000 CC=0.750 (25.1s)
[2025-09-15 14:39:58.296] Step 33000: TF=1.000 CF=11.0 CX=12.0 W=1.00 Loss=0.129558 LR=0.002000 CC=0.750 (25.7s)
[2025-09-15 14:39:58.828] Step 34000: TF=1.000 CF=11.0 CX=11.8 W=1.00 Loss=0.019482 LR=0.002000 CC=0.750 (26.2s)
[2025-09-15 14:39:59.374] Step 35000: TF=1.000 CF=11.0 CX=10.8 W=1.00 Loss=0.003043 LR=0.002000 CC=0.750 (26.8s)
[2025-09-15 14:39:59.851] Step 36000: TF=1.000 CF=11.0 CX=10.5 W=1.00 Loss=0.002382 LR=0.002000 CC=0.750 (27.2s)
[2025-09-15 14:40:00.314] Step 37000: TF=1.000 CF=11.0 CX=10.5 W=1.00 Loss=0.002342 LR=0.002000 CC=0.750 (27.7s)
[2025-09-15 14:40:00.785] Step 38000: TF=1.000 CF=11.0 CX=11.8 W=1.00 Loss=0.017573 LR=0.002000 CC=0.750 (28.2s)
[2025-09-15 14:40:01.259] Step 39000: TF=1.000 CF=11.0 CX=8.1 W=1.00 Loss=0.047728 LR=0.002000 CC=0.750 (28.7s)
[2025-09-15 14:40:01.725] Step 40000: TF=1.000 CF=11.0 CX=10.4 W=1.00 Loss=0.001507 LR=0.002000 CC=0.750 (29.1s)
[2025-09-15 14:40:02.187] Step 41000: TF=1.000 CF=7.0 CX=7.0 W=0.20 Loss=0.001352 LR=0.002000 CC=0.750 (29.6s)
[2025-09-15 14:40:02.561] Step 42000: TF=1.000 CF=11.0 CX=10.7 W=1.00 Loss=0.001203 LR=0.002000 CC=0.750 (30.0s)
[2025-09-15 14:40:02.882] Step 43000: TF=1.000 CF=11.0 CX=11.7 W=1.00 Loss=-0.000000 LR=0.002000 CC=0.750 (30.3s)
[2025-09-15 14:40:03.195] Step 44000: TF=1.000 CF=11.0 CX=10.7 W=1.00 Loss=0.001317 LR=0.002000 CC=0.750 (30.6s)
[2025-09-15 14:40:03.510] Step 45000: TF=1.000 CF=11.0 CX=11.8 W=1.00 Loss=0.036282 LR=0.002000 CC=0.750 (30.9s)
[2025-09-15 14:40:03.824] Step 46000: TF=1.000 CF=11.0 CX=11.1 W=1.00 Loss=0.012990 LR=0.002000 CC=0.750 (31.2s)
[2025-09-15 14:40:04.135] Step 47000: TF=1.000 CF=11.0 CX=11.2 W=1.00 Loss=0.066535 LR=0.002000 CC=0.750 (31.5s)
[2025-09-15 14:40:04.454] Step 48000: TF=1.000 CF=11.0 CX=10.5 W=1.00 Loss=0.001183 LR=0.002000 CC=0.750 (31.9s)
[2025-09-15 14:40:04.776] Step 49000: TF=1.000 CF=11.0 CX=11.8 W=1.00 Loss=0.030748 LR=0.002000 CC=0.750 (32.2s)
[2025-09-15 14:40:05.088] Step 50000: TF=1.000 CF=7.0 CX=6.6 W=0.20 Loss=0.003198 LR=0.002000 CC=0.750 (32.5s)
[2025-09-15 14:40:05.088] === Training complete ===
