[2025-09-16 20:30:49.302] === EFFECTIVE CONFIGURATION ===
[2025-09-16 20:30:49.302] {
[2025-09-16 20:30:49.302]   "_config_path": ".sweep_tmp/cfg_addition_start_step=4000.json",
[2025-09-16 20:30:49.302]   "_overrides": [],
[2025-09-16 20:30:49.302]   "_raw_config": {
[2025-09-16 20:30:49.302]     "addition_cf_max": 11.0,
[2025-09-16 20:30:49.303]     "addition_cf_min": 2.0,
[2025-09-16 20:30:49.303]     "addition_start_step": 4000,
[2025-09-16 20:30:49.303]     "cf_max_complexity": 7.0,
[2025-09-16 20:30:49.303]     "cf_min_complexity": 2.0,
[2025-09-16 20:30:49.303]     "cf_sd": 1.2,
[2025-09-16 20:30:49.303]     "checkpoint_interval": 5000,
[2025-09-16 20:30:49.303]     "confidence_criterion_start": 0.9,
[2025-09-16 20:30:49.303]     "confidence_floor": 0.75,
[2025-09-16 20:30:49.303]     "counting_fade_rate": 0.00015,
[2025-09-16 20:30:49.303]     "counting_focus_steps": 6000,
[2025-09-16 20:30:49.303]     "cx_sd": 0.9,
[2025-09-16 20:30:49.303]     "gate_freeze_until_step": 3000,
[2025-09-16 20:30:49.303]     "hidden_size": 64,
[2025-09-16 20:30:49.303]     "learning_rate": 0.005,
[2025-09-16 20:30:49.303]     "learning_rate_floor": 0.002,
[2025-09-16 20:30:49.303]     "lr_decay": 0.9999,
[2025-09-16 20:30:49.303]     "outdir": "results",
[2025-09-16 20:30:49.303]     "tf_rate_addition": 0.0001,
[2025-09-16 20:30:49.303]     "tf_rate_counting": 0.0001,
[2025-09-16 20:30:49.303]     "total_steps": 50000
[2025-09-16 20:30:49.303]   },
[2025-09-16 20:30:49.303]   "addition_cf_max": 11.0,
[2025-09-16 20:30:49.303]   "addition_cf_min": 2.0,
[2025-09-16 20:30:49.303]   "addition_start_step": 4000,
[2025-09-16 20:30:49.303]   "cf_max_complexity": 7.0,
[2025-09-16 20:30:49.303]   "cf_min_complexity": 2.0,
[2025-09-16 20:30:49.303]   "cf_sd": 1.2,
[2025-09-16 20:30:49.303]   "cf_variance": 1.5,
[2025-09-16 20:30:49.303]   "checkpoint_interval": 5000,
[2025-09-16 20:30:49.303]   "confidence_criterion_start": 0.9,
[2025-09-16 20:30:49.303]   "confidence_floor": 0.75,
[2025-09-16 20:30:49.303]   "counting_fade_rate": 0.00015,
[2025-09-16 20:30:49.303]   "counting_focus_steps": 6000,
[2025-09-16 20:30:49.303]   "cx_sd": 0.9,
[2025-09-16 20:30:49.303]   "cx_variance": 0.8,
[2025-09-16 20:30:49.303]   "gate_freeze_until_step": 3000,
[2025-09-16 20:30:49.303]   "hidden_size": 64,
[2025-09-16 20:30:49.303]   "learning_rate": 0.005,
[2025-09-16 20:30:49.303]   "learning_rate_floor": 0.002,
[2025-09-16 20:30:49.303]   "lr_decay": 0.9999,
[2025-09-16 20:30:49.303]   "outdir": "results/addition_start_step=4000",
[2025-09-16 20:30:49.303]   "tf_rate": 0.0001,
[2025-09-16 20:30:49.303]   "tf_rate_addition": 0.0001,
[2025-09-16 20:30:49.303]   "tf_rate_counting": 0.0001,
[2025-09-16 20:30:49.303]   "total_steps": 50000
[2025-09-16 20:30:49.303] }
[2025-09-16 20:30:49.304] === Small Math Model (Content-Gated) ===
[2025-09-16 20:30:49.304] Network: 24 -> 64 -> 12
[2025-09-16 20:30:49.304] Training steps: 50000   LR: 0.005
[2025-09-16 20:30:49.304] Gate freeze until: 3000
[2025-09-16 20:30:49.304] Confidence start: 0.9 (floor 0.75)
[2025-09-16 20:30:49.304] === Sanity check ===
[2025-09-16 20:30:49.304] 1 -> ? = 10 (expected 2) - conf:0.000 finger:True
[2025-09-16 20:30:49.304] 3 -> ? = 8 (expected 4) - conf:0.000 finger:True
[2025-09-16 20:30:49.304] 5 -> ? = 8 (expected 6) - conf:0.000 finger:True
[2025-09-16 20:30:49.304] 2 -> 3 = 12 (expected 4) - conf:0.000 finger:True
[2025-09-16 20:30:49.304] 4 -> 5 = 8 (expected 6) - conf:0.000 finger:True
[2025-09-16 20:30:49.305] 1 + 2 = 3 (expected 3) + conf:0.000 finger:True
[2025-09-16 20:30:49.306] 2 + 2 = 4 (expected 4) + conf:0.000 finger:True
[2025-09-16 20:30:49.308] 3 + 4 = 7 (expected 7) + conf:0.000 finger:True
[2025-09-16 20:30:49.309] 4 + 5 = 9 (expected 9) + conf:0.000 finger:True
[2025-09-16 20:30:49.310] 5 + 5 = 10 (expected 10) + conf:0.000 finger:True
[2025-09-16 20:30:49.311] 
[2025-09-16 20:30:49.502] Step  1000: TF=0.100 CF=2.5 CX=2.0 W=1.00 Loss=1.604946 LR=0.004540 CC=0.817 (0.2s)
[2025-09-16 20:30:49.696] Step  2000: TF=0.200 CF=3.0 CX=3.9 W=1.00 Loss=1.639456 LR=0.004108 CC=0.750 (0.4s)
[2025-09-16 20:30:49.891] Step  3000: TF=0.300 CF=3.5 CX=5.0 W=1.00 Loss=2.313342 LR=0.003717 CC=0.750 (0.6s)
[2025-09-16 20:30:50.085] Step  4000: TF=0.400 CF=4.0 CX=4.2 W=1.00 Loss=0.999608 LR=0.003363 CC=0.750 (0.8s)
[2025-09-16 20:30:50.305] Step  5000: TF=0.500 CF=4.5 CX=4.9 W=0.85 Loss=1.074338 LR=0.003043 CC=0.750 (1.0s)
[2025-09-16 20:30:50.637] Step  6000: TF=0.600 CF=5.0 CX=4.2 W=0.70 Loss=1.152090 LR=0.002753 CC=0.750 (1.3s)
[2025-09-16 20:30:51.043] Step  7000: TF=0.700 CF=5.5 CX=5.7 W=0.55 Loss=1.233277 LR=0.002491 CC=0.750 (1.7s)
[2025-09-16 20:30:51.562] Step  8000: TF=0.800 CF=6.0 CX=6.5 W=0.40 Loss=0.935891 LR=0.002254 CC=0.750 (2.3s)
[2025-09-16 20:30:52.229] Step  9000: TF=0.900 CF=6.5 CX=5.7 W=0.25 Loss=0.544408 LR=0.002040 CC=0.750 (2.9s)
[2025-09-16 20:30:53.082] Step 10000: TF=1.000 CF=11.0 CX=10.5 W=0.26 Loss=0.200903 LR=0.002000 CC=0.750 (3.8s)
[2025-09-16 20:30:53.813] Step 11000: TF=1.000 CF=11.0 CX=11.9 W=0.30 Loss=1.651703 LR=0.002000 CC=0.750 (4.5s)
[2025-09-16 20:30:54.671] Step 12000: TF=1.000 CF=11.0 CX=10.0 W=0.35 Loss=0.112966 LR=0.002000 CC=0.750 (5.4s)
[2025-09-16 20:30:55.332] Step 13000: TF=1.000 CF=7.0 CX=7.2 W=0.20 Loss=0.178659 LR=0.002000 CC=0.750 (6.0s)
[2025-09-16 20:30:56.061] Step 14000: TF=1.000 CF=11.0 CX=10.4 W=0.43 Loss=0.071419 LR=0.002000 CC=0.750 (6.8s)
[2025-09-16 20:30:56.787] Step 15000: TF=1.000 CF=7.0 CX=6.2 W=0.20 Loss=0.022415 LR=0.002000 CC=0.750 (7.5s)
[2025-09-16 20:30:57.467] Step 16000: TF=1.000 CF=7.0 CX=5.8 W=0.20 Loss=0.003172 LR=0.002000 CC=0.750 (8.2s)
[2025-09-16 20:30:58.216] Step 17000: TF=1.000 CF=11.0 CX=11.5 W=0.57 Loss=0.630628 LR=0.002000 CC=0.750 (8.9s)
[2025-09-16 20:30:58.947] Step 18000: TF=1.000 CF=11.0 CX=11.6 W=0.61 Loss=1.591249 LR=0.002000 CC=0.750 (9.6s)
[2025-09-16 20:30:59.669] Step 19000: TF=1.000 CF=11.0 CX=11.4 W=0.65 Loss=1.254026 LR=0.002000 CC=0.750 (10.4s)
[2025-09-16 20:31:00.363] Step 20000: TF=1.000 CF=7.0 CX=6.6 W=0.20 Loss=0.010039 LR=0.002000 CC=0.750 (11.1s)
[2025-09-16 20:31:01.096] Step 21000: TF=1.000 CF=11.0 CX=10.8 W=0.74 Loss=0.023988 LR=0.002000 CC=0.750 (11.8s)
[2025-09-16 20:31:01.919] Step 22000: TF=1.000 CF=7.0 CX=5.6 W=0.20 Loss=0.001749 LR=0.002000 CC=0.750 (12.6s)
[2025-09-16 20:31:02.643] Step 23000: TF=1.000 CF=11.0 CX=12.0 W=0.83 Loss=0.187615 LR=0.002000 CC=0.750 (13.3s)
[2025-09-16 20:31:03.266] Step 24000: TF=1.000 CF=7.0 CX=7.3 W=0.20 Loss=0.000405 LR=0.002000 CC=0.750 (14.0s)
[2025-09-16 20:31:03.840] Step 25000: TF=1.000 CF=11.0 CX=12.0 W=0.91 Loss=0.137290 LR=0.002000 CC=0.750 (14.5s)
[2025-09-16 20:31:04.392] Step 26000: TF=1.000 CF=11.0 CX=11.6 W=0.96 Loss=0.935697 LR=0.002000 CC=0.750 (15.1s)
[2025-09-16 20:31:04.941] Step 27000: TF=1.000 CF=11.0 CX=10.4 W=1.00 Loss=0.008991 LR=0.002000 CC=0.750 (15.6s)
[2025-09-16 20:31:05.487] Step 28000: TF=1.000 CF=11.0 CX=10.3 W=1.00 Loss=0.004678 LR=0.002000 CC=0.750 (16.2s)
[2025-09-16 20:31:06.007] Step 29000: TF=1.000 CF=11.0 CX=11.3 W=1.00 Loss=0.750805 LR=0.002000 CC=0.750 (16.7s)
[2025-09-16 20:31:06.528] Step 30000: TF=1.000 CF=11.0 CX=10.4 W=1.00 Loss=0.004058 LR=0.002000 CC=0.750 (17.2s)
[2025-09-16 20:31:07.064] Step 31000: TF=1.000 CF=11.0 CX=9.6 W=1.00 Loss=0.043430 LR=0.002000 CC=0.750 (17.8s)
[2025-09-16 20:31:07.566] Step 32000: TF=1.000 CF=11.0 CX=12.0 W=1.00 Loss=0.076942 LR=0.002000 CC=0.750 (18.3s)
[2025-09-16 20:31:08.081] Step 33000: TF=1.000 CF=11.0 CX=10.7 W=1.00 Loss=0.002592 LR=0.002000 CC=0.750 (18.8s)
[2025-09-16 20:31:08.587] Step 34000: TF=1.000 CF=11.0 CX=11.4 W=1.00 Loss=0.093511 LR=0.002000 CC=0.750 (19.3s)
[2025-09-16 20:31:09.054] Step 35000: TF=1.000 CF=11.0 CX=11.3 W=1.00 Loss=0.032403 LR=0.002000 CC=0.750 (19.7s)
[2025-09-16 20:31:09.486] Step 36000: TF=1.000 CF=11.0 CX=9.8 W=1.00 Loss=0.019097 LR=0.002000 CC=0.750 (20.2s)
[2025-09-16 20:31:09.882] Step 37000: TF=1.000 CF=7.0 CX=7.3 W=0.20 Loss=0.016252 LR=0.002000 CC=0.750 (20.6s)
[2025-09-16 20:31:10.213] Step 38000: TF=1.000 CF=11.0 CX=11.8 W=1.00 Loss=0.090914 LR=0.002000 CC=0.750 (20.9s)
[2025-09-16 20:31:10.508] Step 39000: TF=1.000 CF=11.0 CX=11.8 W=1.00 Loss=0.025304 LR=0.002000 CC=0.750 (21.2s)
[2025-09-16 20:31:10.775] Step 40000: TF=1.000 CF=11.0 CX=10.3 W=1.00 Loss=0.001951 LR=0.002000 CC=0.750 (21.5s)
[2025-09-16 20:31:11.027] Step 41000: TF=1.000 CF=11.0 CX=9.9 W=1.00 Loss=0.012019 LR=0.002000 CC=0.750 (21.7s)
[2025-09-16 20:31:11.276] Step 42000: TF=1.000 CF=11.0 CX=10.7 W=1.00 Loss=0.001421 LR=0.002000 CC=0.750 (22.0s)
[2025-09-16 20:31:11.528] Step 43000: TF=1.000 CF=11.0 CX=11.4 W=1.00 Loss=0.001788 LR=0.002000 CC=0.750 (22.2s)
[2025-09-16 20:31:11.777] Step 44000: TF=1.000 CF=11.0 CX=11.8 W=1.00 Loss=0.077622 LR=0.002000 CC=0.750 (22.5s)
[2025-09-16 20:31:12.023] Step 45000: TF=1.000 CF=11.0 CX=9.6 W=1.00 Loss=0.009622 LR=0.002000 CC=0.750 (22.7s)
[2025-09-16 20:31:12.273] Step 46000: TF=1.000 CF=11.0 CX=10.6 W=1.00 Loss=0.001371 LR=0.002000 CC=0.750 (23.0s)
[2025-09-16 20:31:12.526] Step 47000: TF=1.000 CF=7.0 CX=8.0 W=0.20 Loss=0.007818 LR=0.002000 CC=0.750 (23.2s)
[2025-09-16 20:31:12.774] Step 48000: TF=1.000 CF=7.0 CX=6.4 W=0.20 Loss=0.000049 LR=0.002000 CC=0.750 (23.5s)
[2025-09-16 20:31:13.019] Step 49000: TF=1.000 CF=7.0 CX=6.3 W=0.20 Loss=0.000037 LR=0.002000 CC=0.750 (23.7s)
[2025-09-16 20:31:13.261] Step 50000: TF=1.000 CF=11.0 CX=11.4 W=1.00 Loss=0.019170 LR=0.002000 CC=0.750 (24.0s)
[2025-09-16 20:31:13.261] === Training complete ===
