[2025-09-10 16:46:20.122] === EFFECTIVE CONFIGURATION ===
[2025-09-10 16:46:20.122] {
[2025-09-10 16:46:20.122]   "_config_path": ".sweep_tmp/cfg_learning_rate=0p011.json",
[2025-09-10 16:46:20.122]   "_overrides": [],
[2025-09-10 16:46:20.122]   "_raw_config": {
[2025-09-10 16:46:20.122]     "addition_cf_max": 11.0,
[2025-09-10 16:46:20.122]     "addition_cf_min": 2.0,
[2025-09-10 16:46:20.122]     "addition_start_step": 8000,
[2025-09-10 16:46:20.122]     "cf_max_complexity": 7.0,
[2025-09-10 16:46:20.122]     "cf_min_complexity": 2.0,
[2025-09-10 16:46:20.122]     "cf_sd": 1.2,
[2025-09-10 16:46:20.122]     "checkpoint_interval": 5000,
[2025-09-10 16:46:20.122]     "confidence_criterion_start": 0.9,
[2025-09-10 16:46:20.122]     "confidence_floor": 0.75,
[2025-09-10 16:46:20.122]     "counting_fade_rate": 0.00015,
[2025-09-10 16:46:20.122]     "counting_focus_steps": 6000,
[2025-09-10 16:46:20.122]     "cx_sd": 0.9,
[2025-09-10 16:46:20.122]     "gate_freeze_until_step": 3000,
[2025-09-10 16:46:20.122]     "hidden_size": 64,
[2025-09-10 16:46:20.122]     "learning_rate": 0.011,
[2025-09-10 16:46:20.122]     "learning_rate_floor": 0.002,
[2025-09-10 16:46:20.123]     "lr_decay": 0.9999,
[2025-09-10 16:46:20.123]     "outdir": "results",
[2025-09-10 16:46:20.123]     "tf_rate_addition": 5e-05,
[2025-09-10 16:46:20.123]     "tf_rate_counting": 0.0002,
[2025-09-10 16:46:20.123]     "total_steps": 15000
[2025-09-10 16:46:20.123]   },
[2025-09-10 16:46:20.123]   "addition_cf_max": 11.0,
[2025-09-10 16:46:20.123]   "addition_cf_min": 2.0,
[2025-09-10 16:46:20.123]   "addition_start_step": 8000,
[2025-09-10 16:46:20.123]   "cf_max_complexity": 7.0,
[2025-09-10 16:46:20.123]   "cf_min_complexity": 2.0,
[2025-09-10 16:46:20.123]   "cf_sd": 1.2,
[2025-09-10 16:46:20.123]   "cf_variance": 1.5,
[2025-09-10 16:46:20.123]   "checkpoint_interval": 5000,
[2025-09-10 16:46:20.123]   "confidence_criterion_start": 0.9,
[2025-09-10 16:46:20.123]   "confidence_floor": 0.75,
[2025-09-10 16:46:20.123]   "counting_fade_rate": 0.00015,
[2025-09-10 16:46:20.123]   "counting_focus_steps": 6000,
[2025-09-10 16:46:20.123]   "cx_sd": 0.9,
[2025-09-10 16:46:20.123]   "cx_variance": 0.8,
[2025-09-10 16:46:20.123]   "gate_freeze_until_step": 3000,
[2025-09-10 16:46:20.123]   "hidden_size": 64,
[2025-09-10 16:46:20.123]   "learning_rate": 0.011,
[2025-09-10 16:46:20.123]   "learning_rate_floor": 0.002,
[2025-09-10 16:46:20.123]   "lr_decay": 0.9999,
[2025-09-10 16:46:20.123]   "outdir": "results/lrsweep/learning_rate=0.011",
[2025-09-10 16:46:20.123]   "tf_rate": 0.0001,
[2025-09-10 16:46:20.123]   "tf_rate_addition": 5e-05,
[2025-09-10 16:46:20.123]   "tf_rate_counting": 0.0002,
[2025-09-10 16:46:20.123]   "total_steps": 15000
[2025-09-10 16:46:20.123] }
[2025-09-10 16:46:20.123] === Small Math Model (Content-Gated) ===
[2025-09-10 16:46:20.124] Network: 24 -> 64 -> 12
[2025-09-10 16:46:20.124] Training steps: 15000   LR: 0.011
[2025-09-10 16:46:20.124] Gate freeze until: 3000
[2025-09-10 16:46:20.124] Confidence start: 0.9 (floor 0.75)
[2025-09-10 16:46:20.124] === Sanity check ===
[2025-09-10 16:46:20.124] 1 -> ? = 10 (expected 2) - conf:0.000 finger:True
[2025-09-10 16:46:20.124] 3 -> ? = 8 (expected 4) - conf:0.000 finger:True
[2025-09-10 16:46:20.124] 5 -> ? = 8 (expected 6) - conf:0.000 finger:True
[2025-09-10 16:46:20.124] 2 -> 3 = 12 (expected 4) - conf:0.000 finger:True
[2025-09-10 16:46:20.124] 4 -> 5 = 8 (expected 6) - conf:0.000 finger:True
[2025-09-10 16:46:20.125] 1 + 2 = 3 (expected 3) + conf:0.000 finger:True
[2025-09-10 16:46:20.127] 2 + 2 = 4 (expected 4) + conf:0.000 finger:True
[2025-09-10 16:46:20.131] 3 + 4 = 7 (expected 7) + conf:0.000 finger:True
[2025-09-10 16:46:20.134] 4 + 5 = 9 (expected 9) + conf:0.000 finger:True
[2025-09-10 16:46:20.136] 5 + 5 = 10 (expected 10) + conf:0.000 finger:True
[2025-09-10 16:46:20.136] 
[2025-09-10 16:46:20.295] Step  1000: TF=0.100 CF=2.5 CX=2.7 W=1.00 Loss=0.397809 LR=0.009987 CC=0.817 (0.2s)
[2025-09-10 16:46:20.459] Step  2000: TF=0.200 CF=3.0 CX=3.0 W=1.00 Loss=1.455737 LR=0.009037 CC=0.750 (0.3s)
[2025-09-10 16:46:20.623] Step  3000: TF=0.300 CF=3.5 CX=4.4 W=1.00 Loss=1.000303 LR=0.008177 CC=0.750 (0.5s)
[2025-09-10 16:46:20.789] Step  4000: TF=0.400 CF=4.0 CX=4.0 W=1.00 Loss=0.768960 LR=0.007398 CC=0.750 (0.7s)
[2025-09-10 16:46:20.956] Step  5000: TF=0.500 CF=4.5 CX=5.1 W=1.00 Loss=1.568218 LR=0.006694 CC=0.750 (0.8s)
[2025-09-10 16:46:21.121] Step  6000: TF=0.600 CF=5.0 CX=5.0 W=1.00 Loss=0.935528 LR=0.006057 CC=0.750 (1.0s)
[2025-09-10 16:46:21.285] Step  7000: TF=0.700 CF=5.5 CX=6.1 W=1.00 Loss=0.149073 LR=0.005481 CC=0.750 (1.1s)
[2025-09-10 16:46:21.454] Step  8000: TF=0.800 CF=6.0 CX=5.1 W=1.00 Loss=0.000559 LR=0.004959 CC=0.750 (1.3s)
[2025-09-10 16:46:21.674] Step  9000: TF=0.900 CF=6.5 CX=6.3 W=0.85 Loss=0.034296 LR=0.004487 CC=0.750 (1.5s)
[2025-09-10 16:46:21.913] Step 10000: TF=1.000 CF=7.0 CX=6.9 W=0.70 Loss=0.019013 LR=0.004060 CC=0.750 (1.8s)
[2025-09-10 16:46:22.246] Step 11000: TF=1.000 CF=11.0 CX=11.4 W=0.86 Loss=0.006146 LR=0.003674 CC=0.750 (2.1s)
[2025-09-10 16:46:22.645] Step 12000: TF=1.000 CF=11.0 CX=9.0 W=1.00 Loss=0.005739 LR=0.003324 CC=0.750 (2.5s)
[2025-09-10 16:46:23.113] Step 13000: TF=1.000 CF=11.0 CX=11.1 W=1.00 Loss=0.109963 LR=0.003008 CC=0.750 (3.0s)
[2025-09-10 16:46:23.615] Step 14000: TF=1.000 CF=11.0 CX=10.9 W=1.00 Loss=0.080907 LR=0.002722 CC=0.750 (3.5s)
[2025-09-10 16:46:24.062] Step 15000: TF=1.000 CF=11.0 CX=10.8 W=1.00 Loss=0.100123 LR=0.002463 CC=0.750 (3.9s)
[2025-09-10 16:46:24.063] === Training complete ===
