[2025-09-09 21:28:07.570] === EFFECTIVE CONFIGURATION ===
[2025-09-09 21:28:07.570] {
[2025-09-09 21:28:07.570]   "_config_path": ".sweep_tmp/cfg_addition_start_step=9000.json",
[2025-09-09 21:28:07.570]   "_overrides": [],
[2025-09-09 21:28:07.570]   "_raw_config": {
[2025-09-09 21:28:07.570]     "addition_cf_max": 10.0,
[2025-09-09 21:28:07.570]     "addition_cf_min": 2.0,
[2025-09-09 21:28:07.570]     "addition_start_step": 9000,
[2025-09-09 21:28:07.570]     "cf_max_complexity": 6.0,
[2025-09-09 21:28:07.570]     "cf_min_complexity": 2.0,
[2025-09-09 21:28:07.570]     "cf_variance": 1.5,
[2025-09-09 21:28:07.570]     "checkpoint_interval": 10000,
[2025-09-09 21:28:07.570]     "confidence_criterion_start": 0.9,
[2025-09-09 21:28:07.570]     "confidence_floor": 0.75,
[2025-09-09 21:28:07.570]     "counting_fade_rate": 0.0001,
[2025-09-09 21:28:07.570]     "counting_focus_steps": 6000,
[2025-09-09 21:28:07.570]     "cx_variance": 0.8,
[2025-09-09 21:28:07.570]     "gate_freeze_until_step": 3000,
[2025-09-09 21:28:07.570]     "hidden_size": 64,
[2025-09-09 21:28:07.570]     "learning_rate": 0.005,
[2025-09-09 21:28:07.570]     "learning_rate_floor": 0.002,
[2025-09-09 21:28:07.570]     "lr_decay": 0.9999,
[2025-09-09 21:28:07.570]     "outdir": "results_longrun_50k",
[2025-09-09 21:28:07.570]     "tf_rate_addition": 0.0001,
[2025-09-09 21:28:07.570]     "tf_rate_counting": 0.0001,
[2025-09-09 21:28:07.570]     "total_steps": 50000
[2025-09-09 21:28:07.570]   },
[2025-09-09 21:28:07.570]   "addition_cf_max": 10.0,
[2025-09-09 21:28:07.570]   "addition_cf_min": 2.0,
[2025-09-09 21:28:07.570]   "addition_start_step": 9000,
[2025-09-09 21:28:07.570]   "cf_max_complexity": 6.0,
[2025-09-09 21:28:07.570]   "cf_min_complexity": 2.0,
[2025-09-09 21:28:07.570]   "cf_variance": 1.5,
[2025-09-09 21:28:07.570]   "checkpoint_interval": 10000,
[2025-09-09 21:28:07.570]   "confidence_criterion_start": 0.9,
[2025-09-09 21:28:07.570]   "confidence_floor": 0.75,
[2025-09-09 21:28:07.570]   "counting_fade_rate": 0.0001,
[2025-09-09 21:28:07.570]   "counting_focus_steps": 6000,
[2025-09-09 21:28:07.570]   "cx_variance": 0.8,
[2025-09-09 21:28:07.570]   "gate_freeze_until_step": 3000,
[2025-09-09 21:28:07.571]   "hidden_size": 64,
[2025-09-09 21:28:07.571]   "learning_rate": 0.005,
[2025-09-09 21:28:07.571]   "learning_rate_floor": 0.002,
[2025-09-09 21:28:07.571]   "lr_decay": 0.9999,
[2025-09-09 21:28:07.571]   "outdir": "results/addstart_sweep/addition_start_step=9000",
[2025-09-09 21:28:07.571]   "tf_rate": 0.0001,
[2025-09-09 21:28:07.571]   "tf_rate_addition": 0.0001,
[2025-09-09 21:28:07.571]   "tf_rate_counting": 0.0001,
[2025-09-09 21:28:07.571]   "total_steps": 50000
[2025-09-09 21:28:07.571] }
[2025-09-09 21:28:07.572] === Small Math Model (Content-Gated) ===
[2025-09-09 21:28:07.572] Network: 24 -> 64 -> 12
[2025-09-09 21:28:07.572] Training steps: 50000   LR: 0.005
[2025-09-09 21:28:07.572] Gate freeze until: 3000
[2025-09-09 21:28:07.572] Confidence start: 0.9 (floor 0.75)
[2025-09-09 21:28:07.572] === Sanity check ===
[2025-09-09 21:28:07.572] 1 -> ? = 10 (expected 2) - conf:0.000 finger:True
[2025-09-09 21:28:07.572] 3 -> ? = 8 (expected 4) - conf:0.000 finger:True
[2025-09-09 21:28:07.573] 5 -> ? = 8 (expected 6) - conf:0.000 finger:True
[2025-09-09 21:28:07.573] 2 -> 3 = 12 (expected 4) - conf:0.000 finger:True
[2025-09-09 21:28:07.573] 4 -> 5 = 8 (expected 6) - conf:0.000 finger:True
[2025-09-09 21:28:07.574] 1 + 2 = 3 (expected 3) + conf:0.000 finger:True
[2025-09-09 21:28:07.576] 2 + 2 = 4 (expected 4) + conf:0.000 finger:True
[2025-09-09 21:28:07.577] 3 + 4 = 7 (expected 7) + conf:0.000 finger:True
[2025-09-09 21:28:07.579] 4 + 5 = 9 (expected 9) + conf:0.000 finger:True
[2025-09-09 21:28:07.581] 5 + 5 = 10 (expected 10) + conf:0.000 finger:True
[2025-09-09 21:28:07.581] 
[2025-09-09 21:28:07.755] Step  1000: TF=0.100 CF=2.4 CX=3.4 W=1.00 Loss=2.899910 LR=0.004540 CC=0.817 (0.2s)
[2025-09-09 21:28:07.926] Step  2000: TF=0.200 CF=2.8 CX=2.0 W=1.00 Loss=0.411196 LR=0.004108 CC=0.750 (0.3s)
[2025-09-09 21:28:08.102] Step  3000: TF=0.300 CF=3.2 CX=3.3 W=1.00 Loss=0.638984 LR=0.003717 CC=0.750 (0.5s)
[2025-09-09 21:28:08.290] Step  4000: TF=0.400 CF=3.6 CX=2.8 W=1.00 Loss=0.718408 LR=0.003363 CC=0.750 (0.7s)
[2025-09-09 21:28:08.467] Step  5000: TF=0.500 CF=4.0 CX=2.6 W=1.00 Loss=1.250095 LR=0.003043 CC=0.750 (0.9s)
[2025-09-09 21:28:08.646] Step  6000: TF=0.600 CF=4.4 CX=3.4 W=1.00 Loss=1.773628 LR=0.002753 CC=0.750 (1.1s)
[2025-09-09 21:28:08.819] Step  7000: TF=0.700 CF=4.8 CX=4.2 W=1.00 Loss=0.855939 LR=0.002491 CC=0.750 (1.2s)
[2025-09-09 21:28:09.004] Step  8000: TF=0.800 CF=5.2 CX=5.3 W=1.00 Loss=1.048026 LR=0.002254 CC=0.750 (1.4s)
[2025-09-09 21:28:09.190] Step  9000: TF=0.900 CF=5.6 CX=6.2 W=1.00 Loss=0.522758 LR=0.002040 CC=0.750 (1.6s)
[2025-09-09 21:28:09.427] Step 10000: TF=1.000 CF=6.0 CX=5.3 W=0.90 Loss=0.508023 LR=0.002000 CC=0.750 (1.8s)
[2025-09-09 21:28:09.730] Step 11000: TF=1.000 CF=6.0 CX=5.7 W=0.80 Loss=0.306988 LR=0.002000 CC=0.750 (2.1s)
[2025-09-09 21:28:10.169] Step 12000: TF=1.000 CF=6.0 CX=5.1 W=0.70 Loss=0.946943 LR=0.002000 CC=0.750 (2.6s)
[2025-09-09 21:28:10.748] Step 13000: TF=1.000 CF=6.0 CX=6.0 W=0.60 Loss=0.263765 LR=0.002000 CC=0.750 (3.2s)
[2025-09-09 21:28:11.459] Step 14000: TF=1.000 CF=6.0 CX=5.1 W=0.50 Loss=0.174419 LR=0.002000 CC=0.750 (3.9s)
[2025-09-09 21:28:12.171] Step 15000: TF=1.000 CF=6.0 CX=7.6 W=0.40 Loss=0.076097 LR=0.002000 CC=0.750 (4.6s)
[2025-09-09 21:28:13.037] Step 16000: TF=1.000 CF=6.0 CX=6.9 W=0.30 Loss=0.052177 LR=0.002000 CC=0.750 (5.5s)
[2025-09-09 21:28:13.677] Step 17000: TF=1.000 CF=10.0 CX=10.7 W=0.39 Loss=0.082682 LR=0.002000 CC=0.750 (6.1s)
[2025-09-09 21:28:14.353] Step 18000: TF=1.000 CF=6.0 CX=5.3 W=0.20 Loss=0.064351 LR=0.002000 CC=0.750 (6.8s)
[2025-09-09 21:28:14.943] Step 19000: TF=1.000 CF=6.0 CX=4.9 W=0.20 Loss=0.003136 LR=0.002000 CC=0.750 (7.4s)
[2025-09-09 21:28:15.332] Step 20000: TF=1.000 CF=10.0 CX=9.0 W=0.54 Loss=1.625869 LR=0.002000 CC=0.750 (7.8s)
[2025-09-09 21:28:15.653] Step 21000: TF=1.000 CF=6.0 CX=6.1 W=0.20 Loss=0.037928 LR=0.002000 CC=0.750 (8.1s)
[2025-09-09 21:28:16.050] Step 22000: TF=1.000 CF=6.0 CX=7.4 W=0.20 Loss=0.015101 LR=0.002000 CC=0.750 (8.5s)
[2025-09-09 21:28:16.415] Step 23000: TF=1.000 CF=10.0 CX=9.8 W=0.68 Loss=0.009314 LR=0.002000 CC=0.750 (8.8s)
[2025-09-09 21:28:16.793] Step 24000: TF=1.000 CF=6.0 CX=5.8 W=0.20 Loss=0.030693 LR=0.002000 CC=0.750 (9.2s)
[2025-09-09 21:28:17.169] Step 25000: TF=1.000 CF=10.0 CX=10.2 W=0.78 Loss=0.006593 LR=0.002000 CC=0.750 (9.6s)
[2025-09-09 21:28:17.540] Step 26000: TF=1.000 CF=6.0 CX=7.5 W=0.20 Loss=0.001002 LR=0.002000 CC=0.750 (10.0s)
[2025-09-09 21:28:17.948] Step 27000: TF=1.000 CF=10.0 CX=11.2 W=0.88 Loss=1.997125 LR=0.002000 CC=0.750 (10.4s)
[2025-09-09 21:28:18.327] Step 28000: TF=1.000 CF=10.0 CX=8.5 W=0.93 Loss=0.979169 LR=0.002000 CC=0.750 (10.7s)
[2025-09-09 21:28:18.676] Step 29000: TF=1.000 CF=10.0 CX=8.6 W=0.98 Loss=0.021947 LR=0.002000 CC=0.750 (11.1s)
[2025-09-09 21:28:19.037] Step 30000: TF=1.000 CF=10.0 CX=10.5 W=1.00 Loss=0.003120 LR=0.002000 CC=0.750 (11.5s)
[2025-09-09 21:28:19.396] Step 31000: TF=1.000 CF=6.0 CX=6.6 W=0.20 Loss=0.013963 LR=0.002000 CC=0.750 (11.8s)
[2025-09-09 21:28:19.787] Step 32000: TF=1.000 CF=6.0 CX=6.6 W=0.20 Loss=0.010617 LR=0.002000 CC=0.750 (12.2s)
[2025-09-09 21:28:20.192] Step 33000: TF=1.000 CF=10.0 CX=9.6 W=1.00 Loss=0.001905 LR=0.002000 CC=0.750 (12.6s)
[2025-09-09 21:28:20.558] Step 34000: TF=1.000 CF=10.0 CX=10.1 W=1.00 Loss=0.001829 LR=0.002000 CC=0.750 (13.0s)
[2025-09-09 21:28:20.928] Step 35000: TF=1.000 CF=10.0 CX=9.1 W=1.00 Loss=0.012279 LR=0.002000 CC=0.750 (13.3s)
[2025-09-09 21:28:21.527] Step 36000: TF=1.000 CF=10.0 CX=10.9 W=1.00 Loss=0.002169 LR=0.002000 CC=0.750 (13.9s)
[2025-09-09 21:28:22.100] Step 37000: TF=1.000 CF=6.0 CX=4.5 W=0.20 Loss=0.006885 LR=0.002000 CC=0.750 (14.5s)
[2025-09-09 21:28:22.496] Step 38000: TF=1.000 CF=10.0 CX=9.9 W=1.00 Loss=0.001884 LR=0.002000 CC=0.750 (14.9s)
[2025-09-09 21:28:22.812] Step 39000: TF=1.000 CF=10.0 CX=10.0 W=1.00 Loss=0.014322 LR=0.002000 CC=0.750 (15.2s)
[2025-09-09 21:28:23.139] Step 40000: TF=1.000 CF=10.0 CX=10.7 W=1.00 Loss=0.001388 LR=0.002000 CC=0.750 (15.6s)
[2025-09-09 21:28:23.457] Step 41000: TF=1.000 CF=10.0 CX=10.1 W=1.00 Loss=0.001361 LR=0.002000 CC=0.750 (15.9s)
[2025-09-09 21:28:23.784] Step 42000: TF=1.000 CF=10.0 CX=9.8 W=1.00 Loss=0.001050 LR=0.002000 CC=0.750 (16.2s)
[2025-09-09 21:28:24.048] Step 43000: TF=1.000 CF=6.0 CX=6.9 W=0.20 Loss=0.005395 LR=0.002000 CC=0.750 (16.5s)
[2025-09-09 21:28:24.318] Step 44000: TF=1.000 CF=6.0 CX=6.7 W=0.20 Loss=0.005566 LR=0.002000 CC=0.750 (16.7s)
[2025-09-09 21:28:24.579] Step 45000: TF=1.000 CF=10.0 CX=12.0 W=1.00 Loss=0.980005 LR=0.002000 CC=0.750 (17.0s)
[2025-09-09 21:28:24.821] Step 46000: TF=1.000 CF=10.0 CX=9.4 W=1.00 Loss=0.000966 LR=0.002000 CC=0.750 (17.2s)
[2025-09-09 21:28:25.057] Step 47000: TF=1.000 CF=10.0 CX=10.2 W=1.00 Loss=0.000765 LR=0.002000 CC=0.750 (17.5s)
[2025-09-09 21:28:25.293] Step 48000: TF=1.000 CF=10.0 CX=9.1 W=1.00 Loss=0.006573 LR=0.002000 CC=0.750 (17.7s)
[2025-09-09 21:28:25.533] Step 49000: TF=1.000 CF=10.0 CX=10.3 W=1.00 Loss=0.000797 LR=0.002000 CC=0.750 (18.0s)
[2025-09-09 21:28:25.779] Step 50000: TF=1.000 CF=10.0 CX=8.9 W=1.00 Loss=0.047201 LR=0.002000 CC=0.750 (18.2s)
[2025-09-09 21:28:25.779] === Training complete ===
