[2025-09-09 21:28:55.246] === EFFECTIVE CONFIGURATION ===
[2025-09-09 21:28:55.246] {
[2025-09-09 21:28:55.246]   "_config_path": ".sweep_tmp/cfg_addition_start_step=12000.json",
[2025-09-09 21:28:55.246]   "_overrides": [],
[2025-09-09 21:28:55.246]   "_raw_config": {
[2025-09-09 21:28:55.246]     "addition_cf_max": 10.0,
[2025-09-09 21:28:55.246]     "addition_cf_min": 2.0,
[2025-09-09 21:28:55.246]     "addition_start_step": 12000,
[2025-09-09 21:28:55.246]     "cf_max_complexity": 6.0,
[2025-09-09 21:28:55.246]     "cf_min_complexity": 2.0,
[2025-09-09 21:28:55.246]     "cf_variance": 1.5,
[2025-09-09 21:28:55.246]     "checkpoint_interval": 10000,
[2025-09-09 21:28:55.246]     "confidence_criterion_start": 0.9,
[2025-09-09 21:28:55.246]     "confidence_floor": 0.75,
[2025-09-09 21:28:55.246]     "counting_fade_rate": 0.0001,
[2025-09-09 21:28:55.246]     "counting_focus_steps": 6000,
[2025-09-09 21:28:55.246]     "cx_variance": 0.8,
[2025-09-09 21:28:55.246]     "gate_freeze_until_step": 3000,
[2025-09-09 21:28:55.246]     "hidden_size": 64,
[2025-09-09 21:28:55.246]     "learning_rate": 0.005,
[2025-09-09 21:28:55.246]     "learning_rate_floor": 0.002,
[2025-09-09 21:28:55.246]     "lr_decay": 0.9999,
[2025-09-09 21:28:55.246]     "outdir": "results_longrun_50k",
[2025-09-09 21:28:55.246]     "tf_rate_addition": 0.0001,
[2025-09-09 21:28:55.246]     "tf_rate_counting": 0.0001,
[2025-09-09 21:28:55.246]     "total_steps": 50000
[2025-09-09 21:28:55.246]   },
[2025-09-09 21:28:55.246]   "addition_cf_max": 10.0,
[2025-09-09 21:28:55.246]   "addition_cf_min": 2.0,
[2025-09-09 21:28:55.246]   "addition_start_step": 12000,
[2025-09-09 21:28:55.246]   "cf_max_complexity": 6.0,
[2025-09-09 21:28:55.246]   "cf_min_complexity": 2.0,
[2025-09-09 21:28:55.246]   "cf_variance": 1.5,
[2025-09-09 21:28:55.246]   "checkpoint_interval": 10000,
[2025-09-09 21:28:55.246]   "confidence_criterion_start": 0.9,
[2025-09-09 21:28:55.246]   "confidence_floor": 0.75,
[2025-09-09 21:28:55.246]   "counting_fade_rate": 0.0001,
[2025-09-09 21:28:55.246]   "counting_focus_steps": 6000,
[2025-09-09 21:28:55.246]   "cx_variance": 0.8,
[2025-09-09 21:28:55.246]   "gate_freeze_until_step": 3000,
[2025-09-09 21:28:55.246]   "hidden_size": 64,
[2025-09-09 21:28:55.246]   "learning_rate": 0.005,
[2025-09-09 21:28:55.246]   "learning_rate_floor": 0.002,
[2025-09-09 21:28:55.246]   "lr_decay": 0.9999,
[2025-09-09 21:28:55.246]   "outdir": "results/addstart_sweep/addition_start_step=12000",
[2025-09-09 21:28:55.246]   "tf_rate": 0.0001,
[2025-09-09 21:28:55.246]   "tf_rate_addition": 0.0001,
[2025-09-09 21:28:55.246]   "tf_rate_counting": 0.0001,
[2025-09-09 21:28:55.246]   "total_steps": 50000
[2025-09-09 21:28:55.246] }
[2025-09-09 21:28:55.247] === Small Math Model (Content-Gated) ===
[2025-09-09 21:28:55.247] Network: 24 -> 64 -> 12
[2025-09-09 21:28:55.247] Training steps: 50000   LR: 0.005
[2025-09-09 21:28:55.247] Gate freeze until: 3000
[2025-09-09 21:28:55.247] Confidence start: 0.9 (floor 0.75)
[2025-09-09 21:28:55.247] === Sanity check ===
[2025-09-09 21:28:55.247] 1 -> ? = 10 (expected 2) - conf:0.000 finger:True
[2025-09-09 21:28:55.248] 3 -> ? = 8 (expected 4) - conf:0.000 finger:True
[2025-09-09 21:28:55.248] 5 -> ? = 8 (expected 6) - conf:0.000 finger:True
[2025-09-09 21:28:55.248] 2 -> 3 = 12 (expected 4) - conf:0.000 finger:True
[2025-09-09 21:28:55.248] 4 -> 5 = 8 (expected 6) - conf:0.000 finger:True
[2025-09-09 21:28:55.249] 1 + 2 = 3 (expected 3) + conf:0.000 finger:True
[2025-09-09 21:28:55.251] 2 + 2 = 4 (expected 4) + conf:0.000 finger:True
[2025-09-09 21:28:55.253] 3 + 4 = 7 (expected 7) + conf:0.000 finger:True
[2025-09-09 21:28:55.255] 4 + 5 = 9 (expected 9) + conf:0.000 finger:True
[2025-09-09 21:28:55.257] 5 + 5 = 10 (expected 10) + conf:0.000 finger:True
[2025-09-09 21:28:55.257] 
[2025-09-09 21:28:55.451] Step  1000: TF=0.100 CF=2.4 CX=3.0 W=1.00 Loss=1.282779 LR=0.004540 CC=0.817 (0.2s)
[2025-09-09 21:28:55.632] Step  2000: TF=0.200 CF=2.8 CX=3.3 W=1.00 Loss=0.494162 LR=0.004108 CC=0.750 (0.4s)
[2025-09-09 21:28:55.925] Step  3000: TF=0.300 CF=3.2 CX=3.5 W=1.00 Loss=1.039171 LR=0.003717 CC=0.750 (0.7s)
[2025-09-09 21:28:56.154] Step  4000: TF=0.400 CF=3.6 CX=5.8 W=1.00 Loss=2.212853 LR=0.003363 CC=0.750 (0.9s)
[2025-09-09 21:28:56.347] Step  5000: TF=0.500 CF=4.0 CX=3.1 W=1.00 Loss=0.808870 LR=0.003043 CC=0.750 (1.1s)
[2025-09-09 21:28:56.533] Step  6000: TF=0.600 CF=4.4 CX=4.0 W=1.00 Loss=1.133622 LR=0.002753 CC=0.750 (1.3s)
[2025-09-09 21:28:56.704] Step  7000: TF=0.700 CF=4.8 CX=5.6 W=1.00 Loss=0.830964 LR=0.002491 CC=0.750 (1.4s)
[2025-09-09 21:28:56.910] Step  8000: TF=0.800 CF=5.2 CX=6.2 W=1.00 Loss=0.946549 LR=0.002254 CC=0.750 (1.7s)
[2025-09-09 21:28:57.120] Step  9000: TF=0.900 CF=5.6 CX=4.4 W=1.00 Loss=0.235647 LR=0.002040 CC=0.750 (1.9s)
[2025-09-09 21:28:57.291] Step 10000: TF=1.000 CF=6.0 CX=5.0 W=1.00 Loss=1.330001 LR=0.002000 CC=0.750 (2.0s)
[2025-09-09 21:28:57.457] Step 11000: TF=1.000 CF=6.0 CX=4.7 W=1.00 Loss=0.207388 LR=0.002000 CC=0.750 (2.2s)
[2025-09-09 21:28:57.625] Step 12000: TF=1.000 CF=6.0 CX=4.5 W=1.00 Loss=0.619004 LR=0.002000 CC=0.750 (2.4s)
[2025-09-09 21:28:57.802] Step 13000: TF=1.000 CF=6.0 CX=8.0 W=0.90 Loss=2.700805 LR=0.002000 CC=0.750 (2.5s)
[2025-09-09 21:28:58.019] Step 14000: TF=1.000 CF=6.0 CX=6.4 W=0.80 Loss=0.015596 LR=0.002000 CC=0.750 (2.8s)
[2025-09-09 21:28:58.316] Step 15000: TF=1.000 CF=6.0 CX=6.2 W=0.70 Loss=0.013522 LR=0.002000 CC=0.750 (3.1s)
[2025-09-09 21:28:58.568] Step 16000: TF=1.000 CF=6.0 CX=6.7 W=0.60 Loss=0.014759 LR=0.002000 CC=0.750 (3.3s)
[2025-09-09 21:28:58.828] Step 17000: TF=1.000 CF=6.0 CX=4.4 W=0.50 Loss=0.363032 LR=0.002000 CC=0.750 (3.6s)
[2025-09-09 21:28:59.114] Step 18000: TF=1.000 CF=6.0 CX=6.9 W=0.40 Loss=0.015674 LR=0.002000 CC=0.750 (3.9s)
[2025-09-09 21:28:59.388] Step 19000: TF=1.000 CF=10.0 CX=10.7 W=0.37 Loss=0.003959 LR=0.002000 CC=0.750 (4.1s)
[2025-09-09 21:28:59.703] Step 20000: TF=1.000 CF=10.0 CX=10.7 W=0.42 Loss=0.006134 LR=0.002000 CC=0.750 (4.4s)
[2025-09-09 21:29:00.058] Step 21000: TF=1.000 CF=10.0 CX=8.9 W=0.47 Loss=0.019258 LR=0.002000 CC=0.750 (4.8s)
[2025-09-09 21:29:00.433] Step 22000: TF=1.000 CF=10.0 CX=9.9 W=0.53 Loss=0.021424 LR=0.002000 CC=0.750 (5.2s)
[2025-09-09 21:29:00.826] Step 23000: TF=1.000 CF=10.0 CX=10.2 W=0.58 Loss=0.005154 LR=0.002000 CC=0.750 (5.6s)
[2025-09-09 21:29:01.218] Step 24000: TF=1.000 CF=10.0 CX=10.9 W=0.63 Loss=0.002509 LR=0.002000 CC=0.750 (6.0s)
[2025-09-09 21:29:01.629] Step 25000: TF=1.000 CF=10.0 CX=10.3 W=0.68 Loss=0.003429 LR=0.002000 CC=0.750 (6.4s)
[2025-09-09 21:29:02.006] Step 26000: TF=1.000 CF=10.0 CX=10.3 W=0.74 Loss=0.003863 LR=0.002000 CC=0.750 (6.7s)
[2025-09-09 21:29:02.372] Step 27000: TF=1.000 CF=10.0 CX=10.5 W=0.79 Loss=0.001463 LR=0.002000 CC=0.750 (7.1s)
[2025-09-09 21:29:02.717] Step 28000: TF=1.000 CF=10.0 CX=9.4 W=0.84 Loss=0.030497 LR=0.002000 CC=0.750 (7.5s)
[2025-09-09 21:29:03.071] Step 29000: TF=1.000 CF=6.0 CX=5.1 W=0.20 Loss=0.044889 LR=0.002000 CC=0.750 (7.8s)
[2025-09-09 21:29:03.402] Step 30000: TF=1.000 CF=10.0 CX=9.2 W=0.95 Loss=0.011827 LR=0.002000 CC=0.750 (8.1s)
[2025-09-09 21:29:03.752] Step 31000: TF=1.000 CF=10.0 CX=9.0 W=1.00 Loss=0.000346 LR=0.002000 CC=0.750 (8.5s)
[2025-09-09 21:29:04.098] Step 32000: TF=1.000 CF=6.0 CX=6.4 W=0.20 Loss=0.041843 LR=0.002000 CC=0.750 (8.8s)
[2025-09-09 21:29:04.441] Step 33000: TF=1.000 CF=10.0 CX=10.5 W=1.00 Loss=0.000254 LR=0.002000 CC=0.750 (9.2s)
[2025-09-09 21:29:04.800] Step 34000: TF=1.000 CF=6.0 CX=6.1 W=0.20 Loss=0.027934 LR=0.002000 CC=0.750 (9.5s)
[2025-09-09 21:29:05.187] Step 35000: TF=1.000 CF=10.0 CX=8.6 W=1.00 Loss=0.656813 LR=0.002000 CC=0.750 (9.9s)
[2025-09-09 21:29:05.530] Step 36000: TF=1.000 CF=10.0 CX=10.4 W=1.00 Loss=0.000166 LR=0.002000 CC=0.750 (10.3s)
[2025-09-09 21:29:05.870] Step 37000: TF=1.000 CF=10.0 CX=9.6 W=1.00 Loss=0.001461 LR=0.002000 CC=0.750 (10.6s)
[2025-09-09 21:29:06.246] Step 38000: TF=1.000 CF=10.0 CX=9.3 W=1.00 Loss=0.003246 LR=0.002000 CC=0.750 (11.0s)
[2025-09-09 21:29:06.583] Step 39000: TF=1.000 CF=10.0 CX=10.3 W=1.00 Loss=0.000088 LR=0.002000 CC=0.750 (11.3s)
[2025-09-09 21:29:06.926] Step 40000: TF=1.000 CF=10.0 CX=9.8 W=1.00 Loss=0.000062 LR=0.002000 CC=0.750 (11.7s)
[2025-09-09 21:29:07.231] Step 41000: TF=1.000 CF=10.0 CX=9.0 W=1.00 Loss=0.158229 LR=0.002000 CC=0.750 (12.0s)
[2025-09-09 21:29:07.508] Step 42000: TF=1.000 CF=10.0 CX=10.9 W=1.00 Loss=0.000018 LR=0.002000 CC=0.750 (12.3s)
[2025-09-09 21:29:07.784] Step 43000: TF=1.000 CF=10.0 CX=10.2 W=1.00 Loss=0.000025 LR=0.002000 CC=0.750 (12.5s)
[2025-09-09 21:29:08.203] Step 44000: TF=1.000 CF=6.0 CX=5.8 W=0.20 Loss=0.012664 LR=0.002000 CC=0.750 (12.9s)
[2025-09-09 21:29:08.516] Step 45000: TF=1.000 CF=6.0 CX=5.4 W=0.20 Loss=0.012300 LR=0.002000 CC=0.750 (13.3s)
[2025-09-09 21:29:08.810] Step 46000: TF=1.000 CF=6.0 CX=6.8 W=0.20 Loss=0.003988 LR=0.002000 CC=0.750 (13.6s)
[2025-09-09 21:29:09.115] Step 47000: TF=1.000 CF=10.0 CX=10.6 W=1.00 Loss=0.000027 LR=0.002000 CC=0.750 (13.9s)
[2025-09-09 21:29:09.390] Step 48000: TF=1.000 CF=10.0 CX=11.3 W=1.00 Loss=1.396620 LR=0.002000 CC=0.750 (14.1s)
[2025-09-09 21:29:09.644] Step 49000: TF=1.000 CF=10.0 CX=9.9 W=1.00 Loss=0.000021 LR=0.002000 CC=0.750 (14.4s)
[2025-09-09 21:29:09.896] Step 50000: TF=1.000 CF=10.0 CX=9.6 W=1.00 Loss=0.000870 LR=0.002000 CC=0.750 (14.6s)
[2025-09-09 21:29:09.896] === Training complete ===
