[2025-09-11 08:55:41.979] === EFFECTIVE CONFIGURATION ===
[2025-09-11 08:55:41.979] {
[2025-09-11 08:55:41.979]   "_config_path": ".sweep_tmp/cfg_learning_rate=0p003.json",
[2025-09-11 08:55:41.979]   "_overrides": [],
[2025-09-11 08:55:41.979]   "_raw_config": {
[2025-09-11 08:55:41.979]     "addition_cf_max": 11.0,
[2025-09-11 08:55:41.979]     "addition_cf_min": 2.0,
[2025-09-11 08:55:41.979]     "addition_start_step": 8000,
[2025-09-11 08:55:41.979]     "cf_max_complexity": 7.0,
[2025-09-11 08:55:41.979]     "cf_min_complexity": 2.0,
[2025-09-11 08:55:41.979]     "cf_sd": 1.2,
[2025-09-11 08:55:41.979]     "checkpoint_interval": 5000,
[2025-09-11 08:55:41.979]     "confidence_criterion_start": 0.9,
[2025-09-11 08:55:41.979]     "confidence_floor": 0.75,
[2025-09-11 08:55:41.979]     "counting_fade_rate": 0.00015,
[2025-09-11 08:55:41.979]     "counting_focus_steps": 6000,
[2025-09-11 08:55:41.979]     "cx_sd": 0.9,
[2025-09-11 08:55:41.979]     "gate_freeze_until_step": 3000,
[2025-09-11 08:55:41.979]     "hidden_size": 64,
[2025-09-11 08:55:41.979]     "learning_rate": 0.003,
[2025-09-11 08:55:41.979]     "learning_rate_floor": 0.002,
[2025-09-11 08:55:41.979]     "lr_decay": 0.9999,
[2025-09-11 08:55:41.979]     "outdir": "results",
[2025-09-11 08:55:41.979]     "tf_rate_addition": 5e-05,
[2025-09-11 08:55:41.979]     "tf_rate_counting": 0.0002,
[2025-09-11 08:55:41.979]     "total_steps": 15000
[2025-09-11 08:55:41.979]   },
[2025-09-11 08:55:41.979]   "addition_cf_max": 11.0,
[2025-09-11 08:55:41.979]   "addition_cf_min": 2.0,
[2025-09-11 08:55:41.979]   "addition_start_step": 8000,
[2025-09-11 08:55:41.979]   "cf_max_complexity": 7.0,
[2025-09-11 08:55:41.979]   "cf_min_complexity": 2.0,
[2025-09-11 08:55:41.979]   "cf_sd": 1.2,
[2025-09-11 08:55:41.979]   "cf_variance": 1.5,
[2025-09-11 08:55:41.979]   "checkpoint_interval": 5000,
[2025-09-11 08:55:41.979]   "confidence_criterion_start": 0.9,
[2025-09-11 08:55:41.979]   "confidence_floor": 0.75,
[2025-09-11 08:55:41.979]   "counting_fade_rate": 0.00015,
[2025-09-11 08:55:41.979]   "counting_focus_steps": 6000,
[2025-09-11 08:55:41.979]   "cx_sd": 0.9,
[2025-09-11 08:55:41.979]   "cx_variance": 0.8,
[2025-09-11 08:55:41.979]   "gate_freeze_until_step": 3000,
[2025-09-11 08:55:41.979]   "hidden_size": 64,
[2025-09-11 08:55:41.979]   "learning_rate": 0.003,
[2025-09-11 08:55:41.979]   "learning_rate_floor": 0.002,
[2025-09-11 08:55:41.979]   "lr_decay": 0.9999,
[2025-09-11 08:55:41.979]   "outdir": "results/learning_rate=0.003",
[2025-09-11 08:55:41.979]   "tf_rate": 0.0001,
[2025-09-11 08:55:41.979]   "tf_rate_addition": 5e-05,
[2025-09-11 08:55:41.979]   "tf_rate_counting": 0.0002,
[2025-09-11 08:55:41.979]   "total_steps": 15000
[2025-09-11 08:55:41.979] }
[2025-09-11 08:55:41.980] === Small Math Model (Content-Gated) ===
[2025-09-11 08:55:41.980] Network: 24 -> 64 -> 12
[2025-09-11 08:55:41.980] Training steps: 15000   LR: 0.003
[2025-09-11 08:55:41.980] Gate freeze until: 3000
[2025-09-11 08:55:41.980] Confidence start: 0.9 (floor 0.75)
[2025-09-11 08:55:41.980] === Sanity check ===
[2025-09-11 08:55:41.980] 1 -> ? = 10 (expected 2) - conf:0.000 finger:True
[2025-09-11 08:55:41.980] 3 -> ? = 8 (expected 4) - conf:0.000 finger:True
[2025-09-11 08:55:41.980] 5 -> ? = 8 (expected 6) - conf:0.000 finger:True
[2025-09-11 08:55:41.981] 2 -> 3 = 12 (expected 4) - conf:0.000 finger:True
[2025-09-11 08:55:41.981] 4 -> 5 = 8 (expected 6) - conf:0.000 finger:True
[2025-09-11 08:55:41.982] 1 + 2 = 3 (expected 3) + conf:0.000 finger:True
[2025-09-11 08:55:41.983] 2 + 2 = 4 (expected 4) + conf:0.000 finger:True
[2025-09-11 08:55:41.985] 3 + 4 = 7 (expected 7) + conf:0.000 finger:True
[2025-09-11 08:55:41.986] 4 + 5 = 9 (expected 9) + conf:0.000 finger:True
[2025-09-11 08:55:41.988] 5 + 5 = 10 (expected 10) + conf:0.000 finger:True
[2025-09-11 08:55:41.988] 
[2025-09-11 08:55:42.149] Step  1000: TF=0.100 CF=2.5 CX=2.2 W=1.00 Loss=2.404695 LR=0.002724 CC=0.817 (0.2s)
[2025-09-11 08:55:42.318] Step  2000: TF=0.200 CF=3.0 CX=4.7 W=1.00 Loss=2.844040 LR=0.002465 CC=0.750 (0.3s)
[2025-09-11 08:55:42.481] Step  3000: TF=0.300 CF=3.5 CX=2.9 W=1.00 Loss=0.650048 LR=0.002230 CC=0.750 (0.5s)
[2025-09-11 08:55:42.648] Step  4000: TF=0.400 CF=4.0 CX=6.3 W=1.00 Loss=4.319233 LR=0.002018 CC=0.750 (0.7s)
[2025-09-11 08:55:42.814] Step  5000: TF=0.500 CF=4.5 CX=3.9 W=1.00 Loss=1.725211 LR=0.002000 CC=0.750 (0.8s)
[2025-09-11 08:55:42.985] Step  6000: TF=0.600 CF=5.0 CX=5.7 W=1.00 Loss=1.556783 LR=0.002000 CC=0.750 (1.0s)
[2025-09-11 08:55:43.154] Step  7000: TF=0.700 CF=5.5 CX=6.1 W=1.00 Loss=0.874143 LR=0.002000 CC=0.750 (1.2s)
[2025-09-11 08:55:43.327] Step  8000: TF=0.800 CF=6.0 CX=7.6 W=1.00 Loss=0.494368 LR=0.002000 CC=0.750 (1.3s)
[2025-09-11 08:55:43.708] Step  9000: TF=0.900 CF=6.5 CX=6.4 W=0.85 Loss=1.632331 LR=0.002000 CC=0.750 (1.7s)
[2025-09-11 08:55:44.549] Step 10000: TF=1.000 CF=7.0 CX=7.9 W=0.70 Loss=1.926338 LR=0.002000 CC=0.750 (2.6s)
[2025-09-11 08:55:45.519] Step 11000: TF=1.000 CF=11.0 CX=10.0 W=0.86 Loss=1.373323 LR=0.002000 CC=0.750 (3.5s)
[2025-09-11 08:55:46.719] Step 12000: TF=1.000 CF=7.0 CX=7.6 W=0.40 Loss=0.473886 LR=0.002000 CC=0.750 (4.7s)
[2025-09-11 08:55:47.979] Step 13000: TF=1.000 CF=11.0 CX=11.1 W=1.00 Loss=0.266618 LR=0.002000 CC=0.750 (6.0s)
[2025-09-11 08:55:49.329] Step 14000: TF=1.000 CF=11.0 CX=10.6 W=1.00 Loss=0.144416 LR=0.002000 CC=0.750 (7.3s)
[2025-09-11 08:55:50.239] Step 15000: TF=1.000 CF=7.0 CX=7.3 W=0.20 Loss=0.004819 LR=0.002000 CC=0.750 (8.3s)
[2025-09-11 08:55:50.239] === Training complete ===
