[2025-09-10 16:46:11.622] === EFFECTIVE CONFIGURATION ===
[2025-09-10 16:46:11.622] {
[2025-09-10 16:46:11.622]   "_config_path": ".sweep_tmp/cfg_learning_rate=0p009.json",
[2025-09-10 16:46:11.622]   "_overrides": [],
[2025-09-10 16:46:11.622]   "_raw_config": {
[2025-09-10 16:46:11.622]     "addition_cf_max": 11.0,
[2025-09-10 16:46:11.622]     "addition_cf_min": 2.0,
[2025-09-10 16:46:11.622]     "addition_start_step": 8000,
[2025-09-10 16:46:11.623]     "cf_max_complexity": 7.0,
[2025-09-10 16:46:11.623]     "cf_min_complexity": 2.0,
[2025-09-10 16:46:11.623]     "cf_sd": 1.2,
[2025-09-10 16:46:11.623]     "checkpoint_interval": 5000,
[2025-09-10 16:46:11.623]     "confidence_criterion_start": 0.9,
[2025-09-10 16:46:11.623]     "confidence_floor": 0.75,
[2025-09-10 16:46:11.623]     "counting_fade_rate": 0.00015,
[2025-09-10 16:46:11.623]     "counting_focus_steps": 6000,
[2025-09-10 16:46:11.623]     "cx_sd": 0.9,
[2025-09-10 16:46:11.623]     "gate_freeze_until_step": 3000,
[2025-09-10 16:46:11.623]     "hidden_size": 64,
[2025-09-10 16:46:11.623]     "learning_rate": 0.009,
[2025-09-10 16:46:11.623]     "learning_rate_floor": 0.002,
[2025-09-10 16:46:11.623]     "lr_decay": 0.9999,
[2025-09-10 16:46:11.623]     "outdir": "results",
[2025-09-10 16:46:11.623]     "tf_rate_addition": 5e-05,
[2025-09-10 16:46:11.623]     "tf_rate_counting": 0.0002,
[2025-09-10 16:46:11.623]     "total_steps": 15000
[2025-09-10 16:46:11.623]   },
[2025-09-10 16:46:11.623]   "addition_cf_max": 11.0,
[2025-09-10 16:46:11.623]   "addition_cf_min": 2.0,
[2025-09-10 16:46:11.623]   "addition_start_step": 8000,
[2025-09-10 16:46:11.623]   "cf_max_complexity": 7.0,
[2025-09-10 16:46:11.623]   "cf_min_complexity": 2.0,
[2025-09-10 16:46:11.623]   "cf_sd": 1.2,
[2025-09-10 16:46:11.623]   "cf_variance": 1.5,
[2025-09-10 16:46:11.623]   "checkpoint_interval": 5000,
[2025-09-10 16:46:11.623]   "confidence_criterion_start": 0.9,
[2025-09-10 16:46:11.623]   "confidence_floor": 0.75,
[2025-09-10 16:46:11.623]   "counting_fade_rate": 0.00015,
[2025-09-10 16:46:11.623]   "counting_focus_steps": 6000,
[2025-09-10 16:46:11.623]   "cx_sd": 0.9,
[2025-09-10 16:46:11.623]   "cx_variance": 0.8,
[2025-09-10 16:46:11.623]   "gate_freeze_until_step": 3000,
[2025-09-10 16:46:11.623]   "hidden_size": 64,
[2025-09-10 16:46:11.623]   "learning_rate": 0.009,
[2025-09-10 16:46:11.623]   "learning_rate_floor": 0.002,
[2025-09-10 16:46:11.623]   "lr_decay": 0.9999,
[2025-09-10 16:46:11.623]   "outdir": "results/lrsweep/learning_rate=0.009",
[2025-09-10 16:46:11.623]   "tf_rate": 0.0001,
[2025-09-10 16:46:11.623]   "tf_rate_addition": 5e-05,
[2025-09-10 16:46:11.623]   "tf_rate_counting": 0.0002,
[2025-09-10 16:46:11.623]   "total_steps": 15000
[2025-09-10 16:46:11.623] }
[2025-09-10 16:46:11.624] === Small Math Model (Content-Gated) ===
[2025-09-10 16:46:11.624] Network: 24 -> 64 -> 12
[2025-09-10 16:46:11.624] Training steps: 15000   LR: 0.009
[2025-09-10 16:46:11.624] Gate freeze until: 3000
[2025-09-10 16:46:11.624] Confidence start: 0.9 (floor 0.75)
[2025-09-10 16:46:11.624] === Sanity check ===
[2025-09-10 16:46:11.624] 1 -> ? = 10 (expected 2) - conf:0.000 finger:True
[2025-09-10 16:46:11.624] 3 -> ? = 8 (expected 4) - conf:0.000 finger:True
[2025-09-10 16:46:11.624] 5 -> ? = 8 (expected 6) - conf:0.000 finger:True
[2025-09-10 16:46:11.624] 2 -> 3 = 12 (expected 4) - conf:0.000 finger:True
[2025-09-10 16:46:11.624] 4 -> 5 = 8 (expected 6) - conf:0.000 finger:True
[2025-09-10 16:46:11.626] 1 + 2 = 3 (expected 3) + conf:0.000 finger:True
[2025-09-10 16:46:11.627] 2 + 2 = 4 (expected 4) + conf:0.000 finger:True
[2025-09-10 16:46:11.630] 3 + 4 = 7 (expected 7) + conf:0.000 finger:True
[2025-09-10 16:46:11.634] 4 + 5 = 9 (expected 9) + conf:0.000 finger:True
[2025-09-10 16:46:11.636] 5 + 5 = 10 (expected 10) + conf:0.000 finger:True
[2025-09-10 16:46:11.637] 
[2025-09-10 16:46:11.810] Step  1000: TF=0.100 CF=2.5 CX=2.8 W=1.00 Loss=1.390200 LR=0.008171 CC=0.817 (0.2s)
[2025-09-10 16:46:11.983] Step  2000: TF=0.200 CF=3.0 CX=3.8 W=1.00 Loss=0.660452 LR=0.007394 CC=0.750 (0.3s)
[2025-09-10 16:46:12.151] Step  3000: TF=0.300 CF=3.5 CX=3.2 W=1.00 Loss=0.879781 LR=0.006690 CC=0.750 (0.5s)
[2025-09-10 16:46:12.321] Step  4000: TF=0.400 CF=4.0 CX=5.2 W=1.00 Loss=1.485949 LR=0.006053 CC=0.750 (0.7s)
[2025-09-10 16:46:12.500] Step  5000: TF=0.500 CF=4.5 CX=5.5 W=1.00 Loss=1.887660 LR=0.005477 CC=0.750 (0.9s)
[2025-09-10 16:46:12.672] Step  6000: TF=0.600 CF=5.0 CX=4.6 W=1.00 Loss=0.399547 LR=0.004956 CC=0.750 (1.0s)
[2025-09-10 16:46:12.847] Step  7000: TF=0.700 CF=5.5 CX=5.8 W=1.00 Loss=0.116595 LR=0.004484 CC=0.750 (1.2s)
[2025-09-10 16:46:13.058] Step  8000: TF=0.800 CF=6.0 CX=5.9 W=1.00 Loss=0.122251 LR=0.004058 CC=0.750 (1.4s)
[2025-09-10 16:46:13.277] Step  9000: TF=0.900 CF=6.5 CX=4.9 W=0.85 Loss=0.029215 LR=0.003671 CC=0.750 (1.6s)
[2025-09-10 16:46:13.540] Step 10000: TF=1.000 CF=11.0 CX=11.5 W=0.57 Loss=0.044640 LR=0.003322 CC=0.750 (1.9s)
[2025-09-10 16:46:13.904] Step 11000: TF=1.000 CF=11.0 CX=10.4 W=0.86 Loss=0.005891 LR=0.003006 CC=0.750 (2.3s)
[2025-09-10 16:46:14.378] Step 12000: TF=1.000 CF=11.0 CX=11.2 W=1.00 Loss=0.040243 LR=0.002720 CC=0.750 (2.7s)
[2025-09-10 16:46:14.871] Step 13000: TF=1.000 CF=11.0 CX=11.1 W=1.00 Loss=1.584642 LR=0.002461 CC=0.750 (3.2s)
[2025-09-10 16:46:15.381] Step 14000: TF=1.000 CF=11.0 CX=11.6 W=1.00 Loss=0.138419 LR=0.002227 CC=0.750 (3.7s)
[2025-09-10 16:46:15.876] Step 15000: TF=1.000 CF=11.0 CX=11.4 W=1.00 Loss=0.019498 LR=0.002015 CC=0.750 (4.2s)
[2025-09-10 16:46:15.876] === Training complete ===
