[2025-09-11 08:56:39.380] === EFFECTIVE CONFIGURATION ===
[2025-09-11 08:56:39.381] {
[2025-09-11 08:56:39.381]   "_config_path": ".sweep_tmp/cfg_learning_rate=0p014.json",
[2025-09-11 08:56:39.381]   "_overrides": [],
[2025-09-11 08:56:39.381]   "_raw_config": {
[2025-09-11 08:56:39.381]     "addition_cf_max": 11.0,
[2025-09-11 08:56:39.381]     "addition_cf_min": 2.0,
[2025-09-11 08:56:39.381]     "addition_start_step": 8000,
[2025-09-11 08:56:39.381]     "cf_max_complexity": 7.0,
[2025-09-11 08:56:39.381]     "cf_min_complexity": 2.0,
[2025-09-11 08:56:39.381]     "cf_sd": 1.2,
[2025-09-11 08:56:39.381]     "checkpoint_interval": 5000,
[2025-09-11 08:56:39.381]     "confidence_criterion_start": 0.9,
[2025-09-11 08:56:39.381]     "confidence_floor": 0.75,
[2025-09-11 08:56:39.381]     "counting_fade_rate": 0.00015,
[2025-09-11 08:56:39.381]     "counting_focus_steps": 6000,
[2025-09-11 08:56:39.381]     "cx_sd": 0.9,
[2025-09-11 08:56:39.381]     "gate_freeze_until_step": 3000,
[2025-09-11 08:56:39.381]     "hidden_size": 64,
[2025-09-11 08:56:39.381]     "learning_rate": 0.014,
[2025-09-11 08:56:39.381]     "learning_rate_floor": 0.002,
[2025-09-11 08:56:39.381]     "lr_decay": 0.9999,
[2025-09-11 08:56:39.381]     "outdir": "results",
[2025-09-11 08:56:39.381]     "tf_rate_addition": 5e-05,
[2025-09-11 08:56:39.381]     "tf_rate_counting": 0.0002,
[2025-09-11 08:56:39.381]     "total_steps": 15000
[2025-09-11 08:56:39.381]   },
[2025-09-11 08:56:39.381]   "addition_cf_max": 11.0,
[2025-09-11 08:56:39.381]   "addition_cf_min": 2.0,
[2025-09-11 08:56:39.381]   "addition_start_step": 8000,
[2025-09-11 08:56:39.381]   "cf_max_complexity": 7.0,
[2025-09-11 08:56:39.381]   "cf_min_complexity": 2.0,
[2025-09-11 08:56:39.381]   "cf_sd": 1.2,
[2025-09-11 08:56:39.381]   "cf_variance": 1.5,
[2025-09-11 08:56:39.381]   "checkpoint_interval": 5000,
[2025-09-11 08:56:39.381]   "confidence_criterion_start": 0.9,
[2025-09-11 08:56:39.381]   "confidence_floor": 0.75,
[2025-09-11 08:56:39.381]   "counting_fade_rate": 0.00015,
[2025-09-11 08:56:39.381]   "counting_focus_steps": 6000,
[2025-09-11 08:56:39.381]   "cx_sd": 0.9,
[2025-09-11 08:56:39.381]   "cx_variance": 0.8,
[2025-09-11 08:56:39.381]   "gate_freeze_until_step": 3000,
[2025-09-11 08:56:39.381]   "hidden_size": 64,
[2025-09-11 08:56:39.381]   "learning_rate": 0.014,
[2025-09-11 08:56:39.381]   "learning_rate_floor": 0.002,
[2025-09-11 08:56:39.381]   "lr_decay": 0.9999,
[2025-09-11 08:56:39.381]   "outdir": "results/learning_rate=0.014",
[2025-09-11 08:56:39.381]   "tf_rate": 0.0001,
[2025-09-11 08:56:39.381]   "tf_rate_addition": 5e-05,
[2025-09-11 08:56:39.381]   "tf_rate_counting": 0.0002,
[2025-09-11 08:56:39.381]   "total_steps": 15000
[2025-09-11 08:56:39.381] }
[2025-09-11 08:56:39.382] === Small Math Model (Content-Gated) ===
[2025-09-11 08:56:39.382] Network: 24 -> 64 -> 12
[2025-09-11 08:56:39.382] Training steps: 15000   LR: 0.014
[2025-09-11 08:56:39.382] Gate freeze until: 3000
[2025-09-11 08:56:39.382] Confidence start: 0.9 (floor 0.75)
[2025-09-11 08:56:39.382] === Sanity check ===
[2025-09-11 08:56:39.382] 1 -> ? = 10 (expected 2) - conf:0.000 finger:True
[2025-09-11 08:56:39.382] 3 -> ? = 8 (expected 4) - conf:0.000 finger:True
[2025-09-11 08:56:39.382] 5 -> ? = 8 (expected 6) - conf:0.000 finger:True
[2025-09-11 08:56:39.382] 2 -> 3 = 12 (expected 4) - conf:0.000 finger:True
[2025-09-11 08:56:39.382] 4 -> 5 = 8 (expected 6) - conf:0.000 finger:True
[2025-09-11 08:56:39.383] 1 + 2 = 3 (expected 3) + conf:0.000 finger:True
[2025-09-11 08:56:39.385] 2 + 2 = 4 (expected 4) + conf:0.000 finger:True
[2025-09-11 08:56:39.386] 3 + 4 = 7 (expected 7) + conf:0.000 finger:True
[2025-09-11 08:56:39.388] 4 + 5 = 9 (expected 9) + conf:0.000 finger:True
[2025-09-11 08:56:39.390] 5 + 5 = 10 (expected 10) + conf:0.000 finger:True
[2025-09-11 08:56:39.390] 
[2025-09-11 08:56:39.555] Step  1000: TF=0.100 CF=2.5 CX=2.6 W=1.00 Loss=0.541397 LR=0.012711 CC=0.817 (0.2s)
[2025-09-11 08:56:39.720] Step  2000: TF=0.200 CF=3.0 CX=3.2 W=1.00 Loss=1.383418 LR=0.011501 CC=0.750 (0.3s)
[2025-09-11 08:56:39.884] Step  3000: TF=0.300 CF=3.5 CX=2.1 W=1.00 Loss=0.001788 LR=0.010407 CC=0.750 (0.5s)
[2025-09-11 08:56:40.053] Step  4000: TF=0.400 CF=4.0 CX=4.6 W=1.00 Loss=0.201525 LR=0.009416 CC=0.750 (0.7s)
[2025-09-11 08:56:40.221] Step  5000: TF=0.500 CF=4.5 CX=5.6 W=1.00 Loss=1.902607 LR=0.008520 CC=0.750 (0.8s)
[2025-09-11 08:56:40.392] Step  6000: TF=0.600 CF=5.0 CX=4.7 W=1.00 Loss=0.162779 LR=0.007709 CC=0.750 (1.0s)
[2025-09-11 08:56:40.561] Step  7000: TF=0.700 CF=5.5 CX=5.2 W=1.00 Loss=0.020983 LR=0.006976 CC=0.750 (1.2s)
[2025-09-11 08:56:40.733] Step  8000: TF=0.800 CF=6.0 CX=5.3 W=1.00 Loss=0.008224 LR=0.006312 CC=0.750 (1.3s)
[2025-09-11 08:56:40.923] Step  9000: TF=0.900 CF=10.1 CX=11.4 W=0.29 Loss=0.025029 LR=0.005711 CC=0.750 (1.5s)
[2025-09-11 08:56:41.152] Step 10000: TF=1.000 CF=7.0 CX=6.7 W=0.70 Loss=0.011265 LR=0.005168 CC=0.750 (1.8s)
[2025-09-11 08:56:41.416] Step 11000: TF=1.000 CF=11.0 CX=11.4 W=0.86 Loss=0.003216 LR=0.004676 CC=0.750 (2.0s)
[2025-09-11 08:56:41.662] Step 12000: TF=1.000 CF=11.0 CX=10.9 W=1.00 Loss=0.002355 LR=0.004231 CC=0.750 (2.3s)
[2025-09-11 08:56:41.915] Step 13000: TF=1.000 CF=11.0 CX=10.9 W=1.00 Loss=0.001163 LR=0.003828 CC=0.750 (2.5s)
[2025-09-11 08:56:42.161] Step 14000: TF=1.000 CF=11.0 CX=11.4 W=1.00 Loss=0.000022 LR=0.003464 CC=0.750 (2.8s)
[2025-09-11 08:56:42.431] Step 15000: TF=1.000 CF=11.0 CX=11.4 W=1.00 Loss=0.018127 LR=0.003134 CC=0.750 (3.0s)
[2025-09-11 08:56:42.431] === Training complete ===
