[2025-09-10 16:46:02.457] === EFFECTIVE CONFIGURATION ===
[2025-09-10 16:46:02.457] {
[2025-09-10 16:46:02.457]   "_config_path": ".sweep_tmp/cfg_learning_rate=0p007.json",
[2025-09-10 16:46:02.457]   "_overrides": [],
[2025-09-10 16:46:02.457]   "_raw_config": {
[2025-09-10 16:46:02.457]     "addition_cf_max": 11.0,
[2025-09-10 16:46:02.457]     "addition_cf_min": 2.0,
[2025-09-10 16:46:02.457]     "addition_start_step": 8000,
[2025-09-10 16:46:02.457]     "cf_max_complexity": 7.0,
[2025-09-10 16:46:02.457]     "cf_min_complexity": 2.0,
[2025-09-10 16:46:02.458]     "cf_sd": 1.2,
[2025-09-10 16:46:02.458]     "checkpoint_interval": 5000,
[2025-09-10 16:46:02.458]     "confidence_criterion_start": 0.9,
[2025-09-10 16:46:02.458]     "confidence_floor": 0.75,
[2025-09-10 16:46:02.458]     "counting_fade_rate": 0.00015,
[2025-09-10 16:46:02.458]     "counting_focus_steps": 6000,
[2025-09-10 16:46:02.458]     "cx_sd": 0.9,
[2025-09-10 16:46:02.458]     "gate_freeze_until_step": 3000,
[2025-09-10 16:46:02.458]     "hidden_size": 64,
[2025-09-10 16:46:02.458]     "learning_rate": 0.007,
[2025-09-10 16:46:02.458]     "learning_rate_floor": 0.002,
[2025-09-10 16:46:02.458]     "lr_decay": 0.9999,
[2025-09-10 16:46:02.458]     "outdir": "results",
[2025-09-10 16:46:02.458]     "tf_rate_addition": 5e-05,
[2025-09-10 16:46:02.458]     "tf_rate_counting": 0.0002,
[2025-09-10 16:46:02.458]     "total_steps": 15000
[2025-09-10 16:46:02.458]   },
[2025-09-10 16:46:02.458]   "addition_cf_max": 11.0,
[2025-09-10 16:46:02.458]   "addition_cf_min": 2.0,
[2025-09-10 16:46:02.458]   "addition_start_step": 8000,
[2025-09-10 16:46:02.458]   "cf_max_complexity": 7.0,
[2025-09-10 16:46:02.458]   "cf_min_complexity": 2.0,
[2025-09-10 16:46:02.458]   "cf_sd": 1.2,
[2025-09-10 16:46:02.458]   "cf_variance": 1.5,
[2025-09-10 16:46:02.458]   "checkpoint_interval": 5000,
[2025-09-10 16:46:02.458]   "confidence_criterion_start": 0.9,
[2025-09-10 16:46:02.458]   "confidence_floor": 0.75,
[2025-09-10 16:46:02.458]   "counting_fade_rate": 0.00015,
[2025-09-10 16:46:02.458]   "counting_focus_steps": 6000,
[2025-09-10 16:46:02.458]   "cx_sd": 0.9,
[2025-09-10 16:46:02.458]   "cx_variance": 0.8,
[2025-09-10 16:46:02.458]   "gate_freeze_until_step": 3000,
[2025-09-10 16:46:02.458]   "hidden_size": 64,
[2025-09-10 16:46:02.458]   "learning_rate": 0.007,
[2025-09-10 16:46:02.458]   "learning_rate_floor": 0.002,
[2025-09-10 16:46:02.458]   "lr_decay": 0.9999,
[2025-09-10 16:46:02.458]   "outdir": "results/lrsweep/learning_rate=0.007",
[2025-09-10 16:46:02.458]   "tf_rate": 0.0001,
[2025-09-10 16:46:02.458]   "tf_rate_addition": 5e-05,
[2025-09-10 16:46:02.458]   "tf_rate_counting": 0.0002,
[2025-09-10 16:46:02.458]   "total_steps": 15000
[2025-09-10 16:46:02.458] }
[2025-09-10 16:46:02.459] === Small Math Model (Content-Gated) ===
[2025-09-10 16:46:02.459] Network: 24 -> 64 -> 12
[2025-09-10 16:46:02.459] Training steps: 15000   LR: 0.007
[2025-09-10 16:46:02.459] Gate freeze until: 3000
[2025-09-10 16:46:02.459] Confidence start: 0.9 (floor 0.75)
[2025-09-10 16:46:02.459] === Sanity check ===
[2025-09-10 16:46:02.459] 1 -> ? = 10 (expected 2) - conf:0.000 finger:True
[2025-09-10 16:46:02.459] 3 -> ? = 8 (expected 4) - conf:0.000 finger:True
[2025-09-10 16:46:02.459] 5 -> ? = 8 (expected 6) - conf:0.000 finger:True
[2025-09-10 16:46:02.459] 2 -> 3 = 12 (expected 4) - conf:0.000 finger:True
[2025-09-10 16:46:02.459] 4 -> 5 = 8 (expected 6) - conf:0.000 finger:True
[2025-09-10 16:46:02.461] 1 + 2 = 3 (expected 3) + conf:0.000 finger:True
[2025-09-10 16:46:02.462] 2 + 2 = 4 (expected 4) + conf:0.000 finger:True
[2025-09-10 16:46:02.464] 3 + 4 = 7 (expected 7) + conf:0.000 finger:True
[2025-09-10 16:46:02.465] 4 + 5 = 9 (expected 9) + conf:0.000 finger:True
[2025-09-10 16:46:02.467] 5 + 5 = 10 (expected 10) + conf:0.000 finger:True
[2025-09-10 16:46:02.467] 
[2025-09-10 16:46:02.634] Step  1000: TF=0.100 CF=2.5 CX=2.6 W=1.00 Loss=0.505287 LR=0.006355 CC=0.817 (0.2s)
[2025-09-10 16:46:02.800] Step  2000: TF=0.200 CF=3.0 CX=2.9 W=1.00 Loss=0.613335 LR=0.005751 CC=0.750 (0.3s)
[2025-09-10 16:46:02.969] Step  3000: TF=0.300 CF=3.5 CX=2.9 W=1.00 Loss=0.683211 LR=0.005203 CC=0.750 (0.5s)
[2025-09-10 16:46:03.135] Step  4000: TF=0.400 CF=4.0 CX=4.4 W=1.00 Loss=1.546279 LR=0.004708 CC=0.750 (0.7s)
[2025-09-10 16:46:03.305] Step  5000: TF=0.500 CF=4.5 CX=4.5 W=1.00 Loss=0.399784 LR=0.004260 CC=0.750 (0.8s)
[2025-09-10 16:46:03.478] Step  6000: TF=0.600 CF=5.0 CX=5.3 W=1.00 Loss=0.652779 LR=0.003855 CC=0.750 (1.0s)
[2025-09-10 16:46:03.651] Step  7000: TF=0.700 CF=5.5 CX=6.6 W=1.00 Loss=0.280287 LR=0.003488 CC=0.750 (1.2s)
[2025-09-10 16:46:03.871] Step  8000: TF=0.800 CF=6.0 CX=6.2 W=1.00 Loss=0.036932 LR=0.003156 CC=0.750 (1.4s)
[2025-09-10 16:46:04.108] Step  9000: TF=0.900 CF=6.5 CX=6.3 W=0.85 Loss=0.023849 LR=0.002856 CC=0.750 (1.6s)
[2025-09-10 16:46:04.455] Step 10000: TF=1.000 CF=11.0 CX=10.2 W=0.57 Loss=0.004452 LR=0.002584 CC=0.750 (2.0s)
[2025-09-10 16:46:04.917] Step 11000: TF=1.000 CF=11.0 CX=10.5 W=0.86 Loss=0.020406 LR=0.002338 CC=0.750 (2.5s)
[2025-09-10 16:46:05.379] Step 12000: TF=1.000 CF=11.0 CX=11.4 W=1.00 Loss=0.157679 LR=0.002115 CC=0.750 (2.9s)
[2025-09-10 16:46:05.881] Step 13000: TF=1.000 CF=11.0 CX=9.8 W=1.00 Loss=0.022209 LR=0.002000 CC=0.750 (3.4s)
[2025-09-10 16:46:06.416] Step 14000: TF=1.000 CF=11.0 CX=10.3 W=1.00 Loss=0.021576 LR=0.002000 CC=0.750 (3.9s)
[2025-09-10 16:46:06.956] Step 15000: TF=1.000 CF=11.0 CX=11.5 W=1.00 Loss=1.486540 LR=0.002000 CC=0.750 (4.5s)
[2025-09-10 16:46:06.956] === Training complete ===
