[2025-09-10 16:45:41.669] === EFFECTIVE CONFIGURATION ===
[2025-09-10 16:45:41.669] {
[2025-09-10 16:45:41.669]   "_config_path": ".sweep_tmp/cfg_learning_rate=0p004.json",
[2025-09-10 16:45:41.669]   "_overrides": [],
[2025-09-10 16:45:41.669]   "_raw_config": {
[2025-09-10 16:45:41.669]     "addition_cf_max": 11.0,
[2025-09-10 16:45:41.669]     "addition_cf_min": 2.0,
[2025-09-10 16:45:41.669]     "addition_start_step": 8000,
[2025-09-10 16:45:41.669]     "cf_max_complexity": 7.0,
[2025-09-10 16:45:41.669]     "cf_min_complexity": 2.0,
[2025-09-10 16:45:41.669]     "cf_sd": 1.2,
[2025-09-10 16:45:41.669]     "checkpoint_interval": 5000,
[2025-09-10 16:45:41.669]     "confidence_criterion_start": 0.9,
[2025-09-10 16:45:41.669]     "confidence_floor": 0.75,
[2025-09-10 16:45:41.669]     "counting_fade_rate": 0.00015,
[2025-09-10 16:45:41.669]     "counting_focus_steps": 6000,
[2025-09-10 16:45:41.669]     "cx_sd": 0.9,
[2025-09-10 16:45:41.669]     "gate_freeze_until_step": 3000,
[2025-09-10 16:45:41.669]     "hidden_size": 64,
[2025-09-10 16:45:41.669]     "learning_rate": 0.004,
[2025-09-10 16:45:41.669]     "learning_rate_floor": 0.002,
[2025-09-10 16:45:41.669]     "lr_decay": 0.9999,
[2025-09-10 16:45:41.669]     "outdir": "results",
[2025-09-10 16:45:41.669]     "tf_rate_addition": 5e-05,
[2025-09-10 16:45:41.669]     "tf_rate_counting": 0.0002,
[2025-09-10 16:45:41.669]     "total_steps": 15000
[2025-09-10 16:45:41.669]   },
[2025-09-10 16:45:41.669]   "addition_cf_max": 11.0,
[2025-09-10 16:45:41.669]   "addition_cf_min": 2.0,
[2025-09-10 16:45:41.669]   "addition_start_step": 8000,
[2025-09-10 16:45:41.669]   "cf_max_complexity": 7.0,
[2025-09-10 16:45:41.669]   "cf_min_complexity": 2.0,
[2025-09-10 16:45:41.669]   "cf_sd": 1.2,
[2025-09-10 16:45:41.669]   "cf_variance": 1.5,
[2025-09-10 16:45:41.669]   "checkpoint_interval": 5000,
[2025-09-10 16:45:41.669]   "confidence_criterion_start": 0.9,
[2025-09-10 16:45:41.669]   "confidence_floor": 0.75,
[2025-09-10 16:45:41.669]   "counting_fade_rate": 0.00015,
[2025-09-10 16:45:41.669]   "counting_focus_steps": 6000,
[2025-09-10 16:45:41.669]   "cx_sd": 0.9,
[2025-09-10 16:45:41.669]   "cx_variance": 0.8,
[2025-09-10 16:45:41.669]   "gate_freeze_until_step": 3000,
[2025-09-10 16:45:41.669]   "hidden_size": 64,
[2025-09-10 16:45:41.669]   "learning_rate": 0.004,
[2025-09-10 16:45:41.669]   "learning_rate_floor": 0.002,
[2025-09-10 16:45:41.669]   "lr_decay": 0.9999,
[2025-09-10 16:45:41.669]   "outdir": "results/lrsweep/learning_rate=0.004",
[2025-09-10 16:45:41.669]   "tf_rate": 0.0001,
[2025-09-10 16:45:41.670]   "tf_rate_addition": 5e-05,
[2025-09-10 16:45:41.670]   "tf_rate_counting": 0.0002,
[2025-09-10 16:45:41.670]   "total_steps": 15000
[2025-09-10 16:45:41.670] }
[2025-09-10 16:45:41.670] === Small Math Model (Content-Gated) ===
[2025-09-10 16:45:41.670] Network: 24 -> 64 -> 12
[2025-09-10 16:45:41.670] Training steps: 15000   LR: 0.004
[2025-09-10 16:45:41.670] Gate freeze until: 3000
[2025-09-10 16:45:41.670] Confidence start: 0.9 (floor 0.75)
[2025-09-10 16:45:41.670] === Sanity check ===
[2025-09-10 16:45:41.670] 1 -> ? = 10 (expected 2) - conf:0.000 finger:True
[2025-09-10 16:45:41.670] 3 -> ? = 8 (expected 4) - conf:0.000 finger:True
[2025-09-10 16:45:41.671] 5 -> ? = 8 (expected 6) - conf:0.000 finger:True
[2025-09-10 16:45:41.671] 2 -> 3 = 12 (expected 4) - conf:0.000 finger:True
[2025-09-10 16:45:41.671] 4 -> 5 = 8 (expected 6) - conf:0.000 finger:True
[2025-09-10 16:45:41.672] 1 + 2 = 3 (expected 3) + conf:0.000 finger:True
[2025-09-10 16:45:41.673] 2 + 2 = 4 (expected 4) + conf:0.000 finger:True
[2025-09-10 16:45:41.675] 3 + 4 = 7 (expected 7) + conf:0.000 finger:True
[2025-09-10 16:45:41.677] 4 + 5 = 9 (expected 9) + conf:0.000 finger:True
[2025-09-10 16:45:41.678] 5 + 5 = 10 (expected 10) + conf:0.000 finger:True
[2025-09-10 16:45:41.679] 
[2025-09-10 16:45:41.840] Step  1000: TF=0.100 CF=2.5 CX=3.2 W=1.00 Loss=2.526865 LR=0.003632 CC=0.817 (0.2s)
[2025-09-10 16:45:42.007] Step  2000: TF=0.200 CF=3.0 CX=3.8 W=1.00 Loss=0.584576 LR=0.003286 CC=0.750 (0.3s)
[2025-09-10 16:45:42.172] Step  3000: TF=0.300 CF=3.5 CX=3.9 W=1.00 Loss=0.927282 LR=0.002973 CC=0.750 (0.5s)
[2025-09-10 16:45:42.343] Step  4000: TF=0.400 CF=4.0 CX=3.5 W=1.00 Loss=0.870790 LR=0.002690 CC=0.750 (0.7s)
[2025-09-10 16:45:42.513] Step  5000: TF=0.500 CF=4.5 CX=5.9 W=1.00 Loss=1.253880 LR=0.002434 CC=0.750 (0.8s)
[2025-09-10 16:45:42.681] Step  6000: TF=0.600 CF=5.0 CX=5.3 W=1.00 Loss=1.506888 LR=0.002203 CC=0.750 (1.0s)
[2025-09-10 16:45:42.853] Step  7000: TF=0.700 CF=5.5 CX=5.4 W=1.00 Loss=1.109476 LR=0.002000 CC=0.750 (1.2s)
[2025-09-10 16:45:43.035] Step  8000: TF=0.800 CF=6.0 CX=6.2 W=1.00 Loss=0.591397 LR=0.002000 CC=0.750 (1.4s)
[2025-09-10 16:45:43.491] Step  9000: TF=0.900 CF=6.5 CX=6.3 W=0.85 Loss=1.561194 LR=0.002000 CC=0.750 (1.8s)
[2025-09-10 16:45:44.237] Step 10000: TF=1.000 CF=7.0 CX=7.3 W=0.70 Loss=1.396277 LR=0.002000 CC=0.750 (2.6s)
[2025-09-10 16:45:45.197] Step 11000: TF=1.000 CF=11.0 CX=11.5 W=0.86 Loss=4.667335 LR=0.002000 CC=0.750 (3.5s)
[2025-09-10 16:45:46.345] Step 12000: TF=1.000 CF=7.0 CX=7.4 W=0.40 Loss=0.222825 LR=0.002000 CC=0.750 (4.7s)
[2025-09-10 16:45:47.523] Step 13000: TF=1.000 CF=11.0 CX=11.0 W=1.00 Loss=1.980405 LR=0.002000 CC=0.750 (5.8s)
[2025-09-10 16:45:48.547] Step 14000: TF=1.000 CF=11.0 CX=10.7 W=1.00 Loss=0.172194 LR=0.002000 CC=0.750 (6.9s)
[2025-09-10 16:45:49.329] Step 15000: TF=1.000 CF=11.0 CX=10.5 W=1.00 Loss=0.099035 LR=0.002000 CC=0.750 (7.7s)
[2025-09-10 16:45:49.329] === Training complete ===
