[2025-09-10 16:46:32.217] === EFFECTIVE CONFIGURATION ===
[2025-09-10 16:46:32.217] {
[2025-09-10 16:46:32.217]   "_config_path": ".sweep_tmp/cfg_learning_rate=0p014.json",
[2025-09-10 16:46:32.217]   "_overrides": [],
[2025-09-10 16:46:32.217]   "_raw_config": {
[2025-09-10 16:46:32.217]     "addition_cf_max": 11.0,
[2025-09-10 16:46:32.217]     "addition_cf_min": 2.0,
[2025-09-10 16:46:32.217]     "addition_start_step": 8000,
[2025-09-10 16:46:32.217]     "cf_max_complexity": 7.0,
[2025-09-10 16:46:32.217]     "cf_min_complexity": 2.0,
[2025-09-10 16:46:32.217]     "cf_sd": 1.2,
[2025-09-10 16:46:32.217]     "checkpoint_interval": 5000,
[2025-09-10 16:46:32.217]     "confidence_criterion_start": 0.9,
[2025-09-10 16:46:32.217]     "confidence_floor": 0.75,
[2025-09-10 16:46:32.217]     "counting_fade_rate": 0.00015,
[2025-09-10 16:46:32.217]     "counting_focus_steps": 6000,
[2025-09-10 16:46:32.217]     "cx_sd": 0.9,
[2025-09-10 16:46:32.217]     "gate_freeze_until_step": 3000,
[2025-09-10 16:46:32.217]     "hidden_size": 64,
[2025-09-10 16:46:32.217]     "learning_rate": 0.014,
[2025-09-10 16:46:32.217]     "learning_rate_floor": 0.002,
[2025-09-10 16:46:32.217]     "lr_decay": 0.9999,
[2025-09-10 16:46:32.217]     "outdir": "results",
[2025-09-10 16:46:32.217]     "tf_rate_addition": 5e-05,
[2025-09-10 16:46:32.217]     "tf_rate_counting": 0.0002,
[2025-09-10 16:46:32.217]     "total_steps": 15000
[2025-09-10 16:46:32.217]   },
[2025-09-10 16:46:32.217]   "addition_cf_max": 11.0,
[2025-09-10 16:46:32.217]   "addition_cf_min": 2.0,
[2025-09-10 16:46:32.217]   "addition_start_step": 8000,
[2025-09-10 16:46:32.217]   "cf_max_complexity": 7.0,
[2025-09-10 16:46:32.218]   "cf_min_complexity": 2.0,
[2025-09-10 16:46:32.218]   "cf_sd": 1.2,
[2025-09-10 16:46:32.218]   "cf_variance": 1.5,
[2025-09-10 16:46:32.218]   "checkpoint_interval": 5000,
[2025-09-10 16:46:32.218]   "confidence_criterion_start": 0.9,
[2025-09-10 16:46:32.218]   "confidence_floor": 0.75,
[2025-09-10 16:46:32.218]   "counting_fade_rate": 0.00015,
[2025-09-10 16:46:32.218]   "counting_focus_steps": 6000,
[2025-09-10 16:46:32.218]   "cx_sd": 0.9,
[2025-09-10 16:46:32.218]   "cx_variance": 0.8,
[2025-09-10 16:46:32.218]   "gate_freeze_until_step": 3000,
[2025-09-10 16:46:32.218]   "hidden_size": 64,
[2025-09-10 16:46:32.218]   "learning_rate": 0.014,
[2025-09-10 16:46:32.218]   "learning_rate_floor": 0.002,
[2025-09-10 16:46:32.218]   "lr_decay": 0.9999,
[2025-09-10 16:46:32.218]   "outdir": "results/lrsweep/learning_rate=0.014",
[2025-09-10 16:46:32.218]   "tf_rate": 0.0001,
[2025-09-10 16:46:32.218]   "tf_rate_addition": 5e-05,
[2025-09-10 16:46:32.218]   "tf_rate_counting": 0.0002,
[2025-09-10 16:46:32.218]   "total_steps": 15000
[2025-09-10 16:46:32.218] }
[2025-09-10 16:46:32.218] === Small Math Model (Content-Gated) ===
[2025-09-10 16:46:32.218] Network: 24 -> 64 -> 12
[2025-09-10 16:46:32.218] Training steps: 15000   LR: 0.014
[2025-09-10 16:46:32.219] Gate freeze until: 3000
[2025-09-10 16:46:32.219] Confidence start: 0.9 (floor 0.75)
[2025-09-10 16:46:32.219] === Sanity check ===
[2025-09-10 16:46:32.219] 1 -> ? = 10 (expected 2) - conf:0.000 finger:True
[2025-09-10 16:46:32.219] 3 -> ? = 8 (expected 4) - conf:0.000 finger:True
[2025-09-10 16:46:32.219] 5 -> ? = 8 (expected 6) - conf:0.000 finger:True
[2025-09-10 16:46:32.219] 2 -> 3 = 12 (expected 4) - conf:0.000 finger:True
[2025-09-10 16:46:32.219] 4 -> 5 = 8 (expected 6) - conf:0.000 finger:True
[2025-09-10 16:46:32.221] 1 + 2 = 3 (expected 3) + conf:0.000 finger:True
[2025-09-10 16:46:32.222] 2 + 2 = 4 (expected 4) + conf:0.000 finger:True
[2025-09-10 16:46:32.224] 3 + 4 = 7 (expected 7) + conf:0.000 finger:True
[2025-09-10 16:46:32.226] 4 + 5 = 9 (expected 9) + conf:0.000 finger:True
[2025-09-10 16:46:32.228] 5 + 5 = 10 (expected 10) + conf:0.000 finger:True
[2025-09-10 16:46:32.228] 
[2025-09-10 16:46:32.391] Step  1000: TF=0.100 CF=2.5 CX=2.2 W=1.00 Loss=0.461917 LR=0.012711 CC=0.817 (0.2s)
[2025-09-10 16:46:32.557] Step  2000: TF=0.200 CF=3.0 CX=3.2 W=1.00 Loss=0.362051 LR=0.011501 CC=0.750 (0.3s)
[2025-09-10 16:46:32.725] Step  3000: TF=0.300 CF=3.5 CX=4.5 W=1.00 Loss=0.866160 LR=0.010407 CC=0.750 (0.5s)
[2025-09-10 16:46:32.896] Step  4000: TF=0.400 CF=4.0 CX=4.6 W=1.00 Loss=0.112554 LR=0.009416 CC=0.750 (0.7s)
[2025-09-10 16:46:33.072] Step  5000: TF=0.500 CF=4.5 CX=3.5 W=1.00 Loss=0.025934 LR=0.008520 CC=0.750 (0.8s)
[2025-09-10 16:46:33.242] Step  6000: TF=0.600 CF=5.0 CX=6.0 W=1.00 Loss=0.070729 LR=0.007709 CC=0.750 (1.0s)
[2025-09-10 16:46:33.414] Step  7000: TF=0.700 CF=5.5 CX=4.3 W=1.00 Loss=0.000749 LR=0.006976 CC=0.750 (1.2s)
[2025-09-10 16:46:33.590] Step  8000: TF=0.800 CF=6.0 CX=6.5 W=1.00 Loss=0.031212 LR=0.006312 CC=0.750 (1.4s)
[2025-09-10 16:46:33.798] Step  9000: TF=0.900 CF=6.5 CX=7.2 W=0.85 Loss=0.020479 LR=0.005711 CC=0.750 (1.6s)
[2025-09-10 16:46:34.039] Step 10000: TF=1.000 CF=7.0 CX=6.9 W=0.70 Loss=0.013929 LR=0.005168 CC=0.750 (1.8s)
[2025-09-10 16:46:34.300] Step 11000: TF=1.000 CF=11.0 CX=10.5 W=0.86 Loss=0.001353 LR=0.004676 CC=0.750 (2.1s)
[2025-09-10 16:46:34.578] Step 12000: TF=1.000 CF=7.0 CX=7.3 W=0.40 Loss=0.000001 LR=0.004231 CC=0.750 (2.4s)
[2025-09-10 16:46:34.896] Step 13000: TF=1.000 CF=7.0 CX=6.3 W=0.25 Loss=0.003196 LR=0.003828 CC=0.750 (2.7s)
[2025-09-10 16:46:35.144] Step 14000: TF=1.000 CF=11.0 CX=10.5 W=1.00 Loss=0.000258 LR=0.003464 CC=0.750 (2.9s)
[2025-09-10 16:46:35.398] Step 15000: TF=1.000 CF=11.0 CX=12.0 W=1.00 Loss=0.010443 LR=0.003134 CC=0.750 (3.2s)
[2025-09-10 16:46:35.398] === Training complete ===
