[2025-09-09 21:28:40.817] === EFFECTIVE CONFIGURATION ===
[2025-09-09 21:28:40.817] {
[2025-09-09 21:28:40.817]   "_config_path": ".sweep_tmp/cfg_addition_start_step=11000.json",
[2025-09-09 21:28:40.817]   "_overrides": [],
[2025-09-09 21:28:40.817]   "_raw_config": {
[2025-09-09 21:28:40.817]     "addition_cf_max": 10.0,
[2025-09-09 21:28:40.817]     "addition_cf_min": 2.0,
[2025-09-09 21:28:40.817]     "addition_start_step": 11000,
[2025-09-09 21:28:40.817]     "cf_max_complexity": 6.0,
[2025-09-09 21:28:40.817]     "cf_min_complexity": 2.0,
[2025-09-09 21:28:40.817]     "cf_variance": 1.5,
[2025-09-09 21:28:40.817]     "checkpoint_interval": 10000,
[2025-09-09 21:28:40.817]     "confidence_criterion_start": 0.9,
[2025-09-09 21:28:40.817]     "confidence_floor": 0.75,
[2025-09-09 21:28:40.817]     "counting_fade_rate": 0.0001,
[2025-09-09 21:28:40.817]     "counting_focus_steps": 6000,
[2025-09-09 21:28:40.817]     "cx_variance": 0.8,
[2025-09-09 21:28:40.817]     "gate_freeze_until_step": 3000,
[2025-09-09 21:28:40.817]     "hidden_size": 64,
[2025-09-09 21:28:40.817]     "learning_rate": 0.005,
[2025-09-09 21:28:40.817]     "learning_rate_floor": 0.002,
[2025-09-09 21:28:40.817]     "lr_decay": 0.9999,
[2025-09-09 21:28:40.817]     "outdir": "results_longrun_50k",
[2025-09-09 21:28:40.817]     "tf_rate_addition": 0.0001,
[2025-09-09 21:28:40.817]     "tf_rate_counting": 0.0001,
[2025-09-09 21:28:40.817]     "total_steps": 50000
[2025-09-09 21:28:40.817]   },
[2025-09-09 21:28:40.817]   "addition_cf_max": 10.0,
[2025-09-09 21:28:40.817]   "addition_cf_min": 2.0,
[2025-09-09 21:28:40.817]   "addition_start_step": 11000,
[2025-09-09 21:28:40.817]   "cf_max_complexity": 6.0,
[2025-09-09 21:28:40.817]   "cf_min_complexity": 2.0,
[2025-09-09 21:28:40.817]   "cf_variance": 1.5,
[2025-09-09 21:28:40.817]   "checkpoint_interval": 10000,
[2025-09-09 21:28:40.817]   "confidence_criterion_start": 0.9,
[2025-09-09 21:28:40.817]   "confidence_floor": 0.75,
[2025-09-09 21:28:40.817]   "counting_fade_rate": 0.0001,
[2025-09-09 21:28:40.817]   "counting_focus_steps": 6000,
[2025-09-09 21:28:40.817]   "cx_variance": 0.8,
[2025-09-09 21:28:40.817]   "gate_freeze_until_step": 3000,
[2025-09-09 21:28:40.817]   "hidden_size": 64,
[2025-09-09 21:28:40.817]   "learning_rate": 0.005,
[2025-09-09 21:28:40.817]   "learning_rate_floor": 0.002,
[2025-09-09 21:28:40.817]   "lr_decay": 0.9999,
[2025-09-09 21:28:40.817]   "outdir": "results/addstart_sweep/addition_start_step=11000",
[2025-09-09 21:28:40.817]   "tf_rate": 0.0001,
[2025-09-09 21:28:40.817]   "tf_rate_addition": 0.0001,
[2025-09-09 21:28:40.817]   "tf_rate_counting": 0.0001,
[2025-09-09 21:28:40.817]   "total_steps": 50000
[2025-09-09 21:28:40.817] }
[2025-09-09 21:28:40.818] === Small Math Model (Content-Gated) ===
[2025-09-09 21:28:40.818] Network: 24 -> 64 -> 12
[2025-09-09 21:28:40.818] Training steps: 50000   LR: 0.005
[2025-09-09 21:28:40.818] Gate freeze until: 3000
[2025-09-09 21:28:40.818] Confidence start: 0.9 (floor 0.75)
[2025-09-09 21:28:40.818] === Sanity check ===
[2025-09-09 21:28:40.818] 1 -> ? = 10 (expected 2) - conf:0.000 finger:True
[2025-09-09 21:28:40.818] 3 -> ? = 8 (expected 4) - conf:0.000 finger:True
[2025-09-09 21:28:40.819] 5 -> ? = 8 (expected 6) - conf:0.000 finger:True
[2025-09-09 21:28:40.819] 2 -> 3 = 12 (expected 4) - conf:0.000 finger:True
[2025-09-09 21:28:40.819] 4 -> 5 = 8 (expected 6) - conf:0.000 finger:True
[2025-09-09 21:28:40.820] 1 + 2 = 3 (expected 3) + conf:0.000 finger:True
[2025-09-09 21:28:40.821] 2 + 2 = 4 (expected 4) + conf:0.000 finger:True
[2025-09-09 21:28:40.823] 3 + 4 = 7 (expected 7) + conf:0.000 finger:True
[2025-09-09 21:28:40.825] 4 + 5 = 9 (expected 9) + conf:0.000 finger:True
[2025-09-09 21:28:40.827] 5 + 5 = 10 (expected 10) + conf:0.000 finger:True
[2025-09-09 21:28:40.827] 
[2025-09-09 21:28:41.001] Step  1000: TF=0.100 CF=2.4 CX=2.0 W=1.00 Loss=1.097659 LR=0.004540 CC=0.817 (0.2s)
[2025-09-09 21:28:41.201] Step  2000: TF=0.200 CF=2.8 CX=3.1 W=1.00 Loss=0.587757 LR=0.004108 CC=0.750 (0.4s)
[2025-09-09 21:28:41.501] Step  3000: TF=0.300 CF=3.2 CX=2.0 W=1.00 Loss=1.691761 LR=0.003717 CC=0.750 (0.7s)
[2025-09-09 21:28:41.693] Step  4000: TF=0.400 CF=3.6 CX=4.1 W=1.00 Loss=1.975043 LR=0.003363 CC=0.750 (0.9s)
[2025-09-09 21:28:41.865] Step  5000: TF=0.500 CF=4.0 CX=3.4 W=1.00 Loss=1.156459 LR=0.003043 CC=0.750 (1.0s)
[2025-09-09 21:28:42.031] Step  6000: TF=0.600 CF=4.4 CX=5.4 W=1.00 Loss=2.524647 LR=0.002753 CC=0.750 (1.2s)
[2025-09-09 21:28:42.197] Step  7000: TF=0.700 CF=4.8 CX=4.9 W=1.00 Loss=0.927161 LR=0.002491 CC=0.750 (1.4s)
[2025-09-09 21:28:42.367] Step  8000: TF=0.800 CF=5.2 CX=3.7 W=1.00 Loss=3.057020 LR=0.002254 CC=0.750 (1.5s)
[2025-09-09 21:28:42.536] Step  9000: TF=0.900 CF=5.6 CX=6.9 W=1.00 Loss=0.400796 LR=0.002040 CC=0.750 (1.7s)
[2025-09-09 21:28:42.705] Step 10000: TF=1.000 CF=6.0 CX=6.8 W=1.00 Loss=0.251116 LR=0.002000 CC=0.750 (1.9s)
[2025-09-09 21:28:42.896] Step 11000: TF=1.000 CF=6.0 CX=6.8 W=1.00 Loss=0.157287 LR=0.002000 CC=0.750 (2.1s)
[2025-09-09 21:28:43.083] Step 12000: TF=1.000 CF=6.0 CX=4.6 W=0.90 Loss=0.183214 LR=0.002000 CC=0.750 (2.3s)
[2025-09-09 21:28:43.277] Step 13000: TF=1.000 CF=6.0 CX=7.9 W=0.80 Loss=0.172015 LR=0.002000 CC=0.750 (2.4s)
[2025-09-09 21:28:43.482] Step 14000: TF=1.000 CF=6.0 CX=6.2 W=0.70 Loss=0.018537 LR=0.002000 CC=0.750 (2.7s)
[2025-09-09 21:28:43.690] Step 15000: TF=1.000 CF=6.0 CX=6.5 W=0.60 Loss=0.011679 LR=0.002000 CC=0.750 (2.9s)
[2025-09-09 21:28:43.931] Step 16000: TF=1.000 CF=10.0 CX=9.9 W=0.26 Loss=0.007005 LR=0.002000 CC=0.750 (3.1s)
[2025-09-09 21:28:44.224] Step 17000: TF=1.000 CF=10.0 CX=11.2 W=0.31 Loss=7.654090 LR=0.002000 CC=0.750 (3.4s)
[2025-09-09 21:28:44.510] Step 18000: TF=1.000 CF=6.0 CX=5.6 W=0.30 Loss=0.017245 LR=0.002000 CC=0.750 (3.7s)
[2025-09-09 21:28:44.844] Step 19000: TF=1.000 CF=10.0 CX=9.3 W=0.41 Loss=0.017544 LR=0.002000 CC=0.750 (4.0s)
[2025-09-09 21:28:45.189] Step 20000: TF=1.000 CF=6.0 CX=3.9 W=0.20 Loss=0.085821 LR=0.002000 CC=0.750 (4.4s)
[2025-09-09 21:28:45.550] Step 21000: TF=1.000 CF=10.0 CX=8.3 W=0.51 Loss=0.048374 LR=0.002000 CC=0.750 (4.7s)
[2025-09-09 21:28:45.942] Step 22000: TF=1.000 CF=10.0 CX=10.2 W=0.56 Loss=0.004444 LR=0.002000 CC=0.750 (5.1s)
[2025-09-09 21:28:46.416] Step 23000: TF=1.000 CF=6.0 CX=5.6 W=0.20 Loss=0.038406 LR=0.002000 CC=0.750 (5.6s)
[2025-09-09 21:28:46.760] Step 24000: TF=1.000 CF=6.0 CX=4.9 W=0.20 Loss=0.033273 LR=0.002000 CC=0.750 (5.9s)
[2025-09-09 21:28:47.119] Step 25000: TF=1.000 CF=10.0 CX=9.0 W=0.72 Loss=1.111624 LR=0.002000 CC=0.750 (6.3s)
[2025-09-09 21:28:47.455] Step 26000: TF=1.000 CF=10.0 CX=10.8 W=0.77 Loss=0.002077 LR=0.002000 CC=0.750 (6.6s)
[2025-09-09 21:28:47.812] Step 27000: TF=1.000 CF=6.0 CX=5.3 W=0.20 Loss=0.038768 LR=0.002000 CC=0.750 (7.0s)
[2025-09-09 21:28:48.181] Step 28000: TF=1.000 CF=6.0 CX=4.9 W=0.20 Loss=0.041505 LR=0.002000 CC=0.750 (7.4s)
[2025-09-09 21:28:48.539] Step 29000: TF=1.000 CF=10.0 CX=9.9 W=0.92 Loss=0.000623 LR=0.002000 CC=0.750 (7.7s)
[2025-09-09 21:28:48.895] Step 30000: TF=1.000 CF=6.0 CX=5.5 W=0.20 Loss=0.034884 LR=0.002000 CC=0.750 (8.1s)
[2025-09-09 21:28:49.265] Step 31000: TF=1.000 CF=10.0 CX=10.3 W=1.00 Loss=0.000284 LR=0.002000 CC=0.750 (8.4s)
[2025-09-09 21:28:49.674] Step 32000: TF=1.000 CF=10.0 CX=10.8 W=1.00 Loss=0.000607 LR=0.002000 CC=0.750 (8.8s)
[2025-09-09 21:28:50.047] Step 33000: TF=1.000 CF=10.0 CX=11.6 W=1.00 Loss=3.203438 LR=0.002000 CC=0.750 (9.2s)
[2025-09-09 21:28:50.421] Step 34000: TF=1.000 CF=10.0 CX=11.4 W=1.00 Loss=0.216330 LR=0.002000 CC=0.750 (9.6s)
[2025-09-09 21:28:50.748] Step 35000: TF=1.000 CF=10.0 CX=10.5 W=1.00 Loss=0.000168 LR=0.002000 CC=0.750 (9.9s)
[2025-09-09 21:28:51.066] Step 36000: TF=1.000 CF=10.0 CX=9.2 W=1.00 Loss=0.004169 LR=0.002000 CC=0.750 (10.2s)
[2025-09-09 21:28:51.372] Step 37000: TF=1.000 CF=10.0 CX=10.3 W=1.00 Loss=0.000063 LR=0.002000 CC=0.750 (10.5s)
[2025-09-09 21:28:51.668] Step 38000: TF=1.000 CF=10.0 CX=10.4 W=1.00 Loss=0.000109 LR=0.002000 CC=0.750 (10.8s)
[2025-09-09 21:28:51.924] Step 39000: TF=1.000 CF=10.0 CX=10.0 W=1.00 Loss=0.000064 LR=0.002000 CC=0.750 (11.1s)
[2025-09-09 21:28:52.198] Step 40000: TF=1.000 CF=10.0 CX=9.6 W=1.00 Loss=0.002081 LR=0.002000 CC=0.750 (11.4s)
[2025-09-09 21:28:52.476] Step 41000: TF=1.000 CF=10.0 CX=9.7 W=1.00 Loss=0.000027 LR=0.002000 CC=0.750 (11.6s)
[2025-09-09 21:28:52.752] Step 42000: TF=1.000 CF=6.0 CX=5.0 W=0.20 Loss=0.037030 LR=0.002000 CC=0.750 (11.9s)
[2025-09-09 21:28:53.029] Step 43000: TF=1.000 CF=10.0 CX=10.1 W=1.00 Loss=0.000044 LR=0.002000 CC=0.750 (12.2s)
[2025-09-09 21:28:53.328] Step 44000: TF=1.000 CF=6.0 CX=4.4 W=0.20 Loss=0.017456 LR=0.002000 CC=0.750 (12.5s)
[2025-09-09 21:28:53.592] Step 45000: TF=1.000 CF=10.0 CX=9.4 W=1.00 Loss=0.000023 LR=0.002000 CC=0.750 (12.8s)
[2025-09-09 21:28:53.870] Step 46000: TF=1.000 CF=10.0 CX=9.6 W=1.00 Loss=0.000027 LR=0.002000 CC=0.750 (13.0s)
[2025-09-09 21:28:54.131] Step 47000: TF=1.000 CF=10.0 CX=10.2 W=1.00 Loss=0.000018 LR=0.002000 CC=0.750 (13.3s)
[2025-09-09 21:28:54.399] Step 48000: TF=1.000 CF=10.0 CX=10.4 W=1.00 Loss=0.000025 LR=0.002000 CC=0.750 (13.6s)
[2025-09-09 21:28:54.642] Step 49000: TF=1.000 CF=10.0 CX=9.5 W=1.00 Loss=0.000015 LR=0.002000 CC=0.750 (13.8s)
[2025-09-09 21:28:54.931] Step 50000: TF=1.000 CF=6.0 CX=5.8 W=0.20 Loss=0.012706 LR=0.002000 CC=0.750 (14.1s)
[2025-09-09 21:28:54.931] === Training complete ===
