[2025-09-11 08:55:33.598] === EFFECTIVE CONFIGURATION ===
[2025-09-11 08:55:33.599] {
[2025-09-11 08:55:33.599]   "_config_path": ".sweep_tmp/cfg_learning_rate=0p002.json",
[2025-09-11 08:55:33.599]   "_overrides": [],
[2025-09-11 08:55:33.599]   "_raw_config": {
[2025-09-11 08:55:33.599]     "addition_cf_max": 11.0,
[2025-09-11 08:55:33.599]     "addition_cf_min": 2.0,
[2025-09-11 08:55:33.599]     "addition_start_step": 8000,
[2025-09-11 08:55:33.599]     "cf_max_complexity": 7.0,
[2025-09-11 08:55:33.599]     "cf_min_complexity": 2.0,
[2025-09-11 08:55:33.599]     "cf_sd": 1.2,
[2025-09-11 08:55:33.599]     "checkpoint_interval": 5000,
[2025-09-11 08:55:33.599]     "confidence_criterion_start": 0.9,
[2025-09-11 08:55:33.599]     "confidence_floor": 0.75,
[2025-09-11 08:55:33.599]     "counting_fade_rate": 0.00015,
[2025-09-11 08:55:33.599]     "counting_focus_steps": 6000,
[2025-09-11 08:55:33.599]     "cx_sd": 0.9,
[2025-09-11 08:55:33.599]     "gate_freeze_until_step": 3000,
[2025-09-11 08:55:33.599]     "hidden_size": 64,
[2025-09-11 08:55:33.599]     "learning_rate": 0.002,
[2025-09-11 08:55:33.599]     "learning_rate_floor": 0.002,
[2025-09-11 08:55:33.599]     "lr_decay": 0.9999,
[2025-09-11 08:55:33.599]     "outdir": "results",
[2025-09-11 08:55:33.599]     "tf_rate_addition": 5e-05,
[2025-09-11 08:55:33.599]     "tf_rate_counting": 0.0002,
[2025-09-11 08:55:33.599]     "total_steps": 15000
[2025-09-11 08:55:33.599]   },
[2025-09-11 08:55:33.599]   "addition_cf_max": 11.0,
[2025-09-11 08:55:33.599]   "addition_cf_min": 2.0,
[2025-09-11 08:55:33.599]   "addition_start_step": 8000,
[2025-09-11 08:55:33.599]   "cf_max_complexity": 7.0,
[2025-09-11 08:55:33.599]   "cf_min_complexity": 2.0,
[2025-09-11 08:55:33.599]   "cf_sd": 1.2,
[2025-09-11 08:55:33.599]   "cf_variance": 1.5,
[2025-09-11 08:55:33.599]   "checkpoint_interval": 5000,
[2025-09-11 08:55:33.599]   "confidence_criterion_start": 0.9,
[2025-09-11 08:55:33.599]   "confidence_floor": 0.75,
[2025-09-11 08:55:33.599]   "counting_fade_rate": 0.00015,
[2025-09-11 08:55:33.599]   "counting_focus_steps": 6000,
[2025-09-11 08:55:33.599]   "cx_sd": 0.9,
[2025-09-11 08:55:33.599]   "cx_variance": 0.8,
[2025-09-11 08:55:33.599]   "gate_freeze_until_step": 3000,
[2025-09-11 08:55:33.599]   "hidden_size": 64,
[2025-09-11 08:55:33.599]   "learning_rate": 0.002,
[2025-09-11 08:55:33.599]   "learning_rate_floor": 0.002,
[2025-09-11 08:55:33.599]   "lr_decay": 0.9999,
[2025-09-11 08:55:33.599]   "outdir": "results/learning_rate=0.002",
[2025-09-11 08:55:33.599]   "tf_rate": 0.0001,
[2025-09-11 08:55:33.599]   "tf_rate_addition": 5e-05,
[2025-09-11 08:55:33.599]   "tf_rate_counting": 0.0002,
[2025-09-11 08:55:33.599]   "total_steps": 15000
[2025-09-11 08:55:33.599] }
[2025-09-11 08:55:33.601] === Small Math Model (Content-Gated) ===
[2025-09-11 08:55:33.601] Network: 24 -> 64 -> 12
[2025-09-11 08:55:33.601] Training steps: 15000   LR: 0.002
[2025-09-11 08:55:33.601] Gate freeze until: 3000
[2025-09-11 08:55:33.601] Confidence start: 0.9 (floor 0.75)
[2025-09-11 08:55:33.601] === Sanity check ===
[2025-09-11 08:55:33.602] 1 -> ? = 10 (expected 2) - conf:0.000 finger:True
[2025-09-11 08:55:33.602] 3 -> ? = 8 (expected 4) - conf:0.000 finger:True
[2025-09-11 08:55:33.603] 5 -> ? = 8 (expected 6) - conf:0.000 finger:True
[2025-09-11 08:55:33.603] 2 -> 3 = 12 (expected 4) - conf:0.000 finger:True
[2025-09-11 08:55:33.603] 4 -> 5 = 8 (expected 6) - conf:0.000 finger:True
[2025-09-11 08:55:33.604] 1 + 2 = 3 (expected 3) + conf:0.000 finger:True
[2025-09-11 08:55:33.606] 2 + 2 = 4 (expected 4) + conf:0.000 finger:True
[2025-09-11 08:55:33.608] 3 + 4 = 7 (expected 7) + conf:0.000 finger:True
[2025-09-11 08:55:33.610] 4 + 5 = 9 (expected 9) + conf:0.000 finger:True
[2025-09-11 08:55:33.613] 5 + 5 = 10 (expected 10) + conf:0.000 finger:True
[2025-09-11 08:55:33.613] 
[2025-09-11 08:55:33.771] Step  1000: TF=0.100 CF=2.5 CX=3.0 W=1.00 Loss=2.442855 LR=0.002000 CC=0.817 (0.2s)
[2025-09-11 08:55:33.936] Step  2000: TF=0.200 CF=3.0 CX=2.1 W=1.00 Loss=2.163068 LR=0.002000 CC=0.750 (0.3s)
[2025-09-11 08:55:34.097] Step  3000: TF=0.300 CF=3.5 CX=3.4 W=1.00 Loss=0.910109 LR=0.002000 CC=0.750 (0.5s)
[2025-09-11 08:55:34.257] Step  4000: TF=0.400 CF=4.0 CX=4.7 W=1.00 Loss=2.134857 LR=0.002000 CC=0.750 (0.6s)
[2025-09-11 08:55:34.446] Step  5000: TF=0.500 CF=4.5 CX=3.7 W=1.00 Loss=1.690581 LR=0.002000 CC=0.750 (0.8s)
[2025-09-11 08:55:34.619] Step  6000: TF=0.600 CF=5.0 CX=4.8 W=1.00 Loss=1.294121 LR=0.002000 CC=0.750 (1.0s)
[2025-09-11 08:55:34.785] Step  7000: TF=0.700 CF=5.5 CX=6.6 W=1.00 Loss=0.780014 LR=0.002000 CC=0.750 (1.2s)
[2025-09-11 08:55:34.948] Step  8000: TF=0.800 CF=6.0 CX=6.2 W=1.00 Loss=0.484199 LR=0.002000 CC=0.750 (1.3s)
[2025-09-11 08:55:35.325] Step  9000: TF=0.900 CF=10.1 CX=11.3 W=0.29 Loss=4.707256 LR=0.002000 CC=0.750 (1.7s)
[2025-09-11 08:55:36.085] Step 10000: TF=1.000 CF=11.0 CX=12.0 W=0.57 Loss=1.573219 LR=0.002000 CC=0.750 (2.5s)
[2025-09-11 08:55:37.044] Step 11000: TF=1.000 CF=11.0 CX=10.3 W=0.86 Loss=1.669751 LR=0.002000 CC=0.750 (3.4s)
[2025-09-11 08:55:38.200] Step 12000: TF=1.000 CF=7.0 CX=7.2 W=0.40 Loss=0.019580 LR=0.002000 CC=0.750 (4.6s)
[2025-09-11 08:55:39.481] Step 13000: TF=1.000 CF=11.0 CX=10.9 W=1.00 Loss=0.324031 LR=0.002000 CC=0.750 (5.9s)
[2025-09-11 08:55:40.808] Step 14000: TF=1.000 CF=11.0 CX=11.5 W=1.00 Loss=1.659126 LR=0.002000 CC=0.750 (7.2s)
[2025-09-11 08:55:41.760] Step 15000: TF=1.000 CF=7.0 CX=6.0 W=0.20 Loss=0.254372 LR=0.002000 CC=0.750 (8.1s)
[2025-09-11 08:55:41.760] === Training complete ===
