[2025-09-10 16:46:16.081] === EFFECTIVE CONFIGURATION ===
[2025-09-10 16:46:16.081] {
[2025-09-10 16:46:16.081]   "_config_path": ".sweep_tmp/cfg_learning_rate=0p01.json",
[2025-09-10 16:46:16.081]   "_overrides": [],
[2025-09-10 16:46:16.081]   "_raw_config": {
[2025-09-10 16:46:16.081]     "addition_cf_max": 11.0,
[2025-09-10 16:46:16.081]     "addition_cf_min": 2.0,
[2025-09-10 16:46:16.081]     "addition_start_step": 8000,
[2025-09-10 16:46:16.081]     "cf_max_complexity": 7.0,
[2025-09-10 16:46:16.081]     "cf_min_complexity": 2.0,
[2025-09-10 16:46:16.081]     "cf_sd": 1.2,
[2025-09-10 16:46:16.081]     "checkpoint_interval": 5000,
[2025-09-10 16:46:16.081]     "confidence_criterion_start": 0.9,
[2025-09-10 16:46:16.081]     "confidence_floor": 0.75,
[2025-09-10 16:46:16.081]     "counting_fade_rate": 0.00015,
[2025-09-10 16:46:16.081]     "counting_focus_steps": 6000,
[2025-09-10 16:46:16.081]     "cx_sd": 0.9,
[2025-09-10 16:46:16.081]     "gate_freeze_until_step": 3000,
[2025-09-10 16:46:16.081]     "hidden_size": 64,
[2025-09-10 16:46:16.081]     "learning_rate": 0.01,
[2025-09-10 16:46:16.081]     "learning_rate_floor": 0.002,
[2025-09-10 16:46:16.081]     "lr_decay": 0.9999,
[2025-09-10 16:46:16.081]     "outdir": "results",
[2025-09-10 16:46:16.081]     "tf_rate_addition": 5e-05,
[2025-09-10 16:46:16.081]     "tf_rate_counting": 0.0002,
[2025-09-10 16:46:16.081]     "total_steps": 15000
[2025-09-10 16:46:16.081]   },
[2025-09-10 16:46:16.082]   "addition_cf_max": 11.0,
[2025-09-10 16:46:16.082]   "addition_cf_min": 2.0,
[2025-09-10 16:46:16.082]   "addition_start_step": 8000,
[2025-09-10 16:46:16.082]   "cf_max_complexity": 7.0,
[2025-09-10 16:46:16.082]   "cf_min_complexity": 2.0,
[2025-09-10 16:46:16.082]   "cf_sd": 1.2,
[2025-09-10 16:46:16.082]   "cf_variance": 1.5,
[2025-09-10 16:46:16.082]   "checkpoint_interval": 5000,
[2025-09-10 16:46:16.082]   "confidence_criterion_start": 0.9,
[2025-09-10 16:46:16.082]   "confidence_floor": 0.75,
[2025-09-10 16:46:16.082]   "counting_fade_rate": 0.00015,
[2025-09-10 16:46:16.082]   "counting_focus_steps": 6000,
[2025-09-10 16:46:16.082]   "cx_sd": 0.9,
[2025-09-10 16:46:16.082]   "cx_variance": 0.8,
[2025-09-10 16:46:16.082]   "gate_freeze_until_step": 3000,
[2025-09-10 16:46:16.082]   "hidden_size": 64,
[2025-09-10 16:46:16.082]   "learning_rate": 0.01,
[2025-09-10 16:46:16.082]   "learning_rate_floor": 0.002,
[2025-09-10 16:46:16.082]   "lr_decay": 0.9999,
[2025-09-10 16:46:16.082]   "outdir": "results/lrsweep/learning_rate=0.01",
[2025-09-10 16:46:16.082]   "tf_rate": 0.0001,
[2025-09-10 16:46:16.082]   "tf_rate_addition": 5e-05,
[2025-09-10 16:46:16.082]   "tf_rate_counting": 0.0002,
[2025-09-10 16:46:16.082]   "total_steps": 15000
[2025-09-10 16:46:16.082] }
[2025-09-10 16:46:16.082] === Small Math Model (Content-Gated) ===
[2025-09-10 16:46:16.082] Network: 24 -> 64 -> 12
[2025-09-10 16:46:16.082] Training steps: 15000   LR: 0.01
[2025-09-10 16:46:16.082] Gate freeze until: 3000
[2025-09-10 16:46:16.083] Confidence start: 0.9 (floor 0.75)
[2025-09-10 16:46:16.083] === Sanity check ===
[2025-09-10 16:46:16.083] 1 -> ? = 10 (expected 2) - conf:0.000 finger:True
[2025-09-10 16:46:16.083] 3 -> ? = 8 (expected 4) - conf:0.000 finger:True
[2025-09-10 16:46:16.083] 5 -> ? = 8 (expected 6) - conf:0.000 finger:True
[2025-09-10 16:46:16.083] 2 -> 3 = 12 (expected 4) - conf:0.000 finger:True
[2025-09-10 16:46:16.083] 4 -> 5 = 8 (expected 6) - conf:0.000 finger:True
[2025-09-10 16:46:16.084] 1 + 2 = 3 (expected 3) + conf:0.000 finger:True
[2025-09-10 16:46:16.086] 2 + 2 = 4 (expected 4) + conf:0.000 finger:True
[2025-09-10 16:46:16.088] 3 + 4 = 7 (expected 7) + conf:0.000 finger:True
[2025-09-10 16:46:16.089] 4 + 5 = 9 (expected 9) + conf:0.000 finger:True
[2025-09-10 16:46:16.091] 5 + 5 = 10 (expected 10) + conf:0.000 finger:True
[2025-09-10 16:46:16.091] 
[2025-09-10 16:46:16.262] Step  1000: TF=0.100 CF=2.5 CX=3.6 W=1.00 Loss=0.894037 LR=0.009079 CC=0.817 (0.2s)
[2025-09-10 16:46:16.452] Step  2000: TF=0.200 CF=3.0 CX=4.4 W=1.00 Loss=1.522368 LR=0.008215 CC=0.750 (0.4s)
[2025-09-10 16:46:16.620] Step  3000: TF=0.300 CF=3.5 CX=4.3 W=1.00 Loss=2.179870 LR=0.007433 CC=0.750 (0.5s)
[2025-09-10 16:46:16.790] Step  4000: TF=0.400 CF=4.0 CX=4.1 W=1.00 Loss=1.450246 LR=0.006726 CC=0.750 (0.7s)
[2025-09-10 16:46:16.965] Step  5000: TF=0.500 CF=4.5 CX=5.0 W=1.00 Loss=0.375703 LR=0.006086 CC=0.750 (0.9s)
[2025-09-10 16:46:17.138] Step  6000: TF=0.600 CF=5.0 CX=6.9 W=1.00 Loss=0.864431 LR=0.005507 CC=0.750 (1.0s)
[2025-09-10 16:46:17.317] Step  7000: TF=0.700 CF=5.5 CX=6.5 W=1.00 Loss=0.119459 LR=0.004983 CC=0.750 (1.2s)
[2025-09-10 16:46:17.507] Step  8000: TF=0.800 CF=6.0 CX=4.5 W=1.00 Loss=0.006777 LR=0.004508 CC=0.750 (1.4s)
[2025-09-10 16:46:17.721] Step  9000: TF=0.900 CF=6.5 CX=5.6 W=0.85 Loss=0.102787 LR=0.004079 CC=0.750 (1.6s)
[2025-09-10 16:46:17.962] Step 10000: TF=1.000 CF=7.0 CX=8.3 W=0.70 Loss=0.011092 LR=0.003691 CC=0.750 (1.9s)
[2025-09-10 16:46:18.305] Step 11000: TF=1.000 CF=7.0 CX=6.8 W=0.55 Loss=0.013255 LR=0.003340 CC=0.750 (2.2s)
[2025-09-10 16:46:18.679] Step 12000: TF=1.000 CF=11.0 CX=11.5 W=1.00 Loss=0.055476 LR=0.003022 CC=0.750 (2.6s)
[2025-09-10 16:46:19.078] Step 13000: TF=1.000 CF=7.0 CX=6.3 W=0.25 Loss=0.033816 LR=0.002734 CC=0.750 (3.0s)
[2025-09-10 16:46:19.519] Step 14000: TF=1.000 CF=7.0 CX=6.0 W=0.20 Loss=0.068567 LR=0.002474 CC=0.750 (3.4s)
[2025-09-10 16:46:19.911] Step 15000: TF=1.000 CF=11.0 CX=11.0 W=1.00 Loss=0.004155 LR=0.002239 CC=0.750 (3.8s)
[2025-09-10 16:46:19.911] === Training complete ===
