[2025-09-09 10:14:49.568] === EFFECTIVE CONFIGURATION ===
[2025-09-09 10:14:49.568] {
[2025-09-09 10:14:49.568]   "_config_path": "configs/longrun_50k_add_start_50.json",
[2025-09-09 10:14:49.568]   "_overrides": [],
[2025-09-09 10:14:49.568]   "_raw_config": {
[2025-09-09 10:14:49.568]     "addition_cf_max": 10.0,
[2025-09-09 10:14:49.568]     "addition_cf_min": 2.0,
[2025-09-09 10:14:49.568]     "addition_start_step": 50,
[2025-09-09 10:14:49.568]     "cf_max_complexity": 6.0,
[2025-09-09 10:14:49.568]     "cf_min_complexity": 2.0,
[2025-09-09 10:14:49.568]     "cf_variance": 1.5,
[2025-09-09 10:14:49.568]     "checkpoint_interval": 10000,
[2025-09-09 10:14:49.568]     "confidence_criterion_start": 0.9,
[2025-09-09 10:14:49.568]     "confidence_floor": 0.75,
[2025-09-09 10:14:49.568]     "counting_fade_rate": 0.0001,
[2025-09-09 10:14:49.568]     "counting_focus_steps": 6000,
[2025-09-09 10:14:49.568]     "cx_variance": 0.8,
[2025-09-09 10:14:49.568]     "gate_freeze_until_step": 3000,
[2025-09-09 10:14:49.568]     "hidden_size": 64,
[2025-09-09 10:14:49.568]     "learning_rate": 0.005,
[2025-09-09 10:14:49.568]     "learning_rate_floor": 0.002,
[2025-09-09 10:14:49.569]     "lr_decay": 0.9999,
[2025-09-09 10:14:49.569]     "outdir": "results_longrun_50k",
[2025-09-09 10:14:49.569]     "tf_rate_addition": 0.0001,
[2025-09-09 10:14:49.569]     "tf_rate_counting": 0.0001,
[2025-09-09 10:14:49.569]     "total_steps": 50000
[2025-09-09 10:14:49.569]   },
[2025-09-09 10:14:49.569]   "addition_cf_max": 10.0,
[2025-09-09 10:14:49.569]   "addition_cf_min": 2.0,
[2025-09-09 10:14:49.569]   "addition_start_step": 50,
[2025-09-09 10:14:49.569]   "cf_max_complexity": 6.0,
[2025-09-09 10:14:49.569]   "cf_min_complexity": 2.0,
[2025-09-09 10:14:49.569]   "cf_variance": 1.5,
[2025-09-09 10:14:49.569]   "checkpoint_interval": 10000,
[2025-09-09 10:14:49.569]   "confidence_criterion_start": 0.9,
[2025-09-09 10:14:49.569]   "confidence_floor": 0.75,
[2025-09-09 10:14:49.569]   "counting_fade_rate": 0.0001,
[2025-09-09 10:14:49.569]   "counting_focus_steps": 6000,
[2025-09-09 10:14:49.569]   "cx_variance": 0.8,
[2025-09-09 10:14:49.569]   "gate_freeze_until_step": 3000,
[2025-09-09 10:14:49.569]   "hidden_size": 64,
[2025-09-09 10:14:49.569]   "learning_rate": 0.005,
[2025-09-09 10:14:49.569]   "learning_rate_floor": 0.002,
[2025-09-09 10:14:49.569]   "lr_decay": 0.9999,
[2025-09-09 10:14:49.569]   "outdir": "results",
[2025-09-09 10:14:49.569]   "tf_rate": 0.0001,
[2025-09-09 10:14:49.569]   "tf_rate_addition": 0.0001,
[2025-09-09 10:14:49.569]   "tf_rate_counting": 0.0001,
[2025-09-09 10:14:49.569]   "total_steps": 50000
[2025-09-09 10:14:49.569] }
[2025-09-09 10:14:49.569] === Small Math Model (Content-Gated) ===
[2025-09-09 10:14:49.569] Network: 24 -> 64 -> 12
[2025-09-09 10:14:49.569] Training steps: 50000   LR: 0.005
[2025-09-09 10:14:49.570] Gate freeze until: 3000
[2025-09-09 10:14:49.570] Confidence start: 0.9 (floor 0.75)
[2025-09-09 10:14:49.570] === Sanity check ===
[2025-09-09 10:14:49.570] 1 -> ? = 10 (expected 2) ✗ conf:0.000 finger:True
[2025-09-09 10:14:49.570] 3 -> ? = 8 (expected 4) ✗ conf:0.000 finger:True
[2025-09-09 10:14:49.570] 5 -> ? = 8 (expected 6) ✗ conf:0.000 finger:True
[2025-09-09 10:14:49.570] 2 -> 3 = 12 (expected 4) ✗ conf:0.000 finger:True
[2025-09-09 10:14:49.570] 4 -> 5 = 8 (expected 6) ✗ conf:0.000 finger:True
[2025-09-09 10:14:49.571] 1 + 2 = 3 (expected 3) ✓ conf:0.000 finger:True
[2025-09-09 10:14:49.573] 2 + 2 = 4 (expected 4) ✓ conf:0.000 finger:True
[2025-09-09 10:14:49.574] 3 + 4 = 7 (expected 7) ✓ conf:0.000 finger:True
[2025-09-09 10:14:49.576] 4 + 5 = 9 (expected 9) ✓ conf:0.000 finger:True
[2025-09-09 10:14:49.578] 5 + 5 = 10 (expected 10) ✓ conf:0.000 finger:True
[2025-09-09 10:14:49.578] 
[2025-09-09 10:14:49.756] Step  1000: TF=0.100 CF=2.4 CX=2.0 W=0.91 Loss=0.767908 LR=0.004540 CC=0.817 (0.2s)
[2025-09-09 10:14:50.005] Step  2000: TF=0.200 CF=2.8 CX=2.0 W=0.81 Loss=0.636776 LR=0.004108 CC=0.750 (0.4s)
[2025-09-09 10:14:50.338] Step  3000: TF=0.300 CF=3.2 CX=3.3 W=0.71 Loss=1.493219 LR=0.003717 CC=0.750 (0.8s)
[2025-09-09 10:14:50.797] Step  4000: TF=0.400 CF=3.6 CX=5.2 W=0.61 Loss=3.552059 LR=0.003363 CC=0.750 (1.2s)
[2025-09-09 10:14:51.437] Step  5000: TF=0.500 CF=4.0 CX=3.3 W=0.51 Loss=1.113169 LR=0.003043 CC=0.750 (1.9s)
[2025-09-09 10:14:52.126] Step  6000: TF=0.600 CF=6.8 CX=6.3 W=0.24 Loss=2.262951 LR=0.002753 CC=0.750 (2.5s)
[2025-09-09 10:14:53.050] Step  7000: TF=0.700 CF=7.6 CX=9.1 W=0.28 Loss=2.913758 LR=0.002491 CC=0.750 (3.5s)
[2025-09-09 10:14:54.128] Step  8000: TF=0.800 CF=8.4 CX=9.2 W=0.32 Loss=3.291500 LR=0.002254 CC=0.750 (4.6s)
[2025-09-09 10:14:55.415] Step  9000: TF=0.900 CF=5.6 CX=5.0 W=0.20 Loss=1.058444 LR=0.002040 CC=0.750 (5.8s)
[2025-09-09 10:14:56.724] Step 10000: TF=1.000 CF=6.0 CX=5.8 W=0.20 Loss=0.008062 LR=0.002000 CC=0.750 (7.1s)
[2025-09-09 10:14:57.316] Step 11000: TF=1.000 CF=6.0 CX=7.6 W=0.20 Loss=0.031222 LR=0.002000 CC=0.750 (7.7s)
[2025-09-09 10:14:57.587] Step 12000: TF=1.000 CF=10.0 CX=11.0 W=0.48 Loss=0.023558 LR=0.002000 CC=0.750 (8.0s)
[2025-09-09 10:14:57.830] Step 13000: TF=1.000 CF=10.0 CX=10.4 W=0.52 Loss=0.015241 LR=0.002000 CC=0.750 (8.3s)
[2025-09-09 10:14:58.134] Step 14000: TF=1.000 CF=10.0 CX=10.5 W=0.56 Loss=0.011356 LR=0.002000 CC=0.750 (8.6s)
[2025-09-09 10:14:58.393] Step 15000: TF=1.000 CF=6.0 CX=6.2 W=0.20 Loss=0.007386 LR=0.002000 CC=0.750 (8.8s)
[2025-09-09 10:14:58.661] Step 16000: TF=1.000 CF=10.0 CX=7.9 W=0.64 Loss=0.021360 LR=0.002000 CC=0.750 (9.1s)
[2025-09-09 10:14:58.920] Step 17000: TF=1.000 CF=10.0 CX=9.0 W=0.68 Loss=0.013158 LR=0.002000 CC=0.750 (9.3s)
[2025-09-09 10:14:59.173] Step 18000: TF=1.000 CF=10.0 CX=10.4 W=0.72 Loss=0.005455 LR=0.002000 CC=0.750 (9.6s)
[2025-09-09 10:14:59.436] Step 19000: TF=1.000 CF=10.0 CX=9.9 W=0.76 Loss=0.002074 LR=0.002000 CC=0.750 (9.9s)
[2025-09-09 10:14:59.731] Step 20000: TF=1.000 CF=10.0 CX=11.2 W=0.80 Loss=0.007965 LR=0.002000 CC=0.750 (10.2s)
[2025-09-09 10:15:00.005] Step 21000: TF=1.000 CF=10.0 CX=9.9 W=0.84 Loss=0.004507 LR=0.002000 CC=0.750 (10.4s)
[2025-09-09 10:15:00.271] Step 22000: TF=1.000 CF=10.0 CX=9.8 W=0.88 Loss=0.001409 LR=0.002000 CC=0.750 (10.7s)
[2025-09-09 10:15:00.563] Step 23000: TF=1.000 CF=10.0 CX=10.3 W=0.92 Loss=0.003489 LR=0.002000 CC=0.750 (11.0s)
[2025-09-09 10:15:00.827] Step 24000: TF=1.000 CF=10.0 CX=9.3 W=0.96 Loss=0.004111 LR=0.002000 CC=0.750 (11.2s)
[2025-09-09 10:15:01.106] Step 25000: TF=1.000 CF=10.0 CX=8.8 W=1.00 Loss=0.001052 LR=0.002000 CC=0.750 (11.5s)
[2025-09-09 10:15:01.377] Step 26000: TF=1.000 CF=10.0 CX=10.6 W=1.00 Loss=0.002027 LR=0.002000 CC=0.750 (11.8s)
[2025-09-09 10:15:01.669] Step 27000: TF=1.000 CF=10.0 CX=11.0 W=1.00 Loss=0.008468 LR=0.002000 CC=0.750 (12.1s)
[2025-09-09 10:15:01.933] Step 28000: TF=1.000 CF=10.0 CX=9.5 W=1.00 Loss=0.000830 LR=0.002000 CC=0.750 (12.4s)
[2025-09-09 10:15:02.192] Step 29000: TF=1.000 CF=10.0 CX=8.8 W=1.00 Loss=0.003241 LR=0.002000 CC=0.750 (12.6s)
[2025-09-09 10:15:02.434] Step 30000: TF=1.000 CF=10.0 CX=9.2 W=1.00 Loss=0.002983 LR=0.002000 CC=0.750 (12.9s)
[2025-09-09 10:15:02.679] Step 31000: TF=1.000 CF=10.0 CX=8.9 W=1.00 Loss=0.000741 LR=0.002000 CC=0.750 (13.1s)
[2025-09-09 10:15:02.918] Step 32000: TF=1.000 CF=10.0 CX=10.2 W=1.00 Loss=0.001109 LR=0.002000 CC=0.750 (13.3s)
[2025-09-09 10:15:03.169] Step 33000: TF=1.000 CF=6.0 CX=6.3 W=0.20 Loss=0.004870 LR=0.002000 CC=0.750 (13.6s)
[2025-09-09 10:15:03.421] Step 34000: TF=1.000 CF=10.0 CX=10.3 W=1.00 Loss=0.001187 LR=0.002000 CC=0.750 (13.8s)
[2025-09-09 10:15:03.658] Step 35000: TF=1.000 CF=10.0 CX=9.4 W=1.00 Loss=0.000552 LR=0.002000 CC=0.750 (14.1s)
[2025-09-09 10:15:03.896] Step 36000: TF=1.000 CF=10.0 CX=9.9 W=1.00 Loss=0.000907 LR=0.002000 CC=0.750 (14.3s)
[2025-09-09 10:15:04.128] Step 37000: TF=1.000 CF=10.0 CX=7.8 W=1.00 Loss=1.264720 LR=0.002000 CC=0.750 (14.5s)
[2025-09-09 10:15:04.370] Step 38000: TF=1.000 CF=6.0 CX=5.1 W=0.20 Loss=0.000814 LR=0.002000 CC=0.750 (14.8s)
[2025-09-09 10:15:04.615] Step 39000: TF=1.000 CF=10.0 CX=9.7 W=1.00 Loss=0.000486 LR=0.002000 CC=0.750 (15.0s)
[2025-09-09 10:15:04.847] Step 40000: TF=1.000 CF=10.0 CX=10.3 W=1.00 Loss=0.000548 LR=0.002000 CC=0.750 (15.3s)
[2025-09-09 10:15:05.079] Step 41000: TF=1.000 CF=10.0 CX=11.8 W=1.00 Loss=0.023109 LR=0.002000 CC=0.750 (15.5s)
[2025-09-09 10:15:05.314] Step 42000: TF=1.000 CF=10.0 CX=10.1 W=1.00 Loss=0.000733 LR=0.002000 CC=0.750 (15.7s)
[2025-09-09 10:15:05.560] Step 43000: TF=1.000 CF=10.0 CX=10.6 W=1.00 Loss=0.000523 LR=0.002000 CC=0.750 (16.0s)
[2025-09-09 10:15:05.814] Step 44000: TF=1.000 CF=6.0 CX=6.2 W=0.20 Loss=0.002880 LR=0.002000 CC=0.750 (16.2s)
[2025-09-09 10:15:06.150] Step 45000: TF=1.000 CF=10.0 CX=10.5 W=1.00 Loss=0.000564 LR=0.002000 CC=0.750 (16.6s)
[2025-09-09 10:15:06.386] Step 46000: TF=1.000 CF=10.0 CX=10.4 W=1.00 Loss=0.000354 LR=0.002000 CC=0.750 (16.8s)
[2025-09-09 10:15:06.640] Step 47000: TF=1.000 CF=6.0 CX=5.7 W=0.20 Loss=0.001894 LR=0.002000 CC=0.750 (17.1s)
[2025-09-09 10:15:06.893] Step 48000: TF=1.000 CF=10.0 CX=9.7 W=1.00 Loss=0.000350 LR=0.002000 CC=0.750 (17.3s)
[2025-09-09 10:15:07.142] Step 49000: TF=1.000 CF=10.0 CX=9.2 W=1.00 Loss=0.001078 LR=0.002000 CC=0.750 (17.6s)
[2025-09-09 10:15:07.400] Step 50000: TF=1.000 CF=6.0 CX=5.6 W=0.20 Loss=0.001439 LR=0.002000 CC=0.750 (17.8s)
[2025-09-09 10:15:07.400] === Training complete ===
