[2025-09-09 10:12:25.730] === EFFECTIVE CONFIGURATION ===
[2025-09-09 10:12:25.730] {
[2025-09-09 10:12:25.730]   "_config_path": "configs/longrun_50k_add_start_3000.json",
[2025-09-09 10:12:25.730]   "_overrides": [],
[2025-09-09 10:12:25.730]   "_raw_config": {
[2025-09-09 10:12:25.730]     "addition_cf_max": 10.0,
[2025-09-09 10:12:25.730]     "addition_cf_min": 2.0,
[2025-09-09 10:12:25.730]     "addition_start_step": 3000,
[2025-09-09 10:12:25.730]     "cf_max_complexity": 6.0,
[2025-09-09 10:12:25.730]     "cf_min_complexity": 2.0,
[2025-09-09 10:12:25.730]     "cf_variance": 1.5,
[2025-09-09 10:12:25.730]     "checkpoint_interval": 10000,
[2025-09-09 10:12:25.730]     "confidence_criterion_start": 0.9,
[2025-09-09 10:12:25.730]     "confidence_floor": 0.75,
[2025-09-09 10:12:25.730]     "counting_fade_rate": 0.0001,
[2025-09-09 10:12:25.730]     "counting_focus_steps": 6000,
[2025-09-09 10:12:25.730]     "cx_variance": 0.8,
[2025-09-09 10:12:25.730]     "gate_freeze_until_step": 3000,
[2025-09-09 10:12:25.730]     "hidden_size": 64,
[2025-09-09 10:12:25.730]     "learning_rate": 0.005,
[2025-09-09 10:12:25.730]     "learning_rate_floor": 0.002,
[2025-09-09 10:12:25.730]     "lr_decay": 0.9999,
[2025-09-09 10:12:25.730]     "outdir": "results_longrun_50k",
[2025-09-09 10:12:25.730]     "tf_rate_addition": 0.0001,
[2025-09-09 10:12:25.730]     "tf_rate_counting": 0.0001,
[2025-09-09 10:12:25.730]     "total_steps": 50000
[2025-09-09 10:12:25.730]   },
[2025-09-09 10:12:25.731]   "addition_cf_max": 10.0,
[2025-09-09 10:12:25.731]   "addition_cf_min": 2.0,
[2025-09-09 10:12:25.731]   "addition_start_step": 3000,
[2025-09-09 10:12:25.731]   "cf_max_complexity": 6.0,
[2025-09-09 10:12:25.731]   "cf_min_complexity": 2.0,
[2025-09-09 10:12:25.731]   "cf_variance": 1.5,
[2025-09-09 10:12:25.731]   "checkpoint_interval": 10000,
[2025-09-09 10:12:25.731]   "confidence_criterion_start": 0.9,
[2025-09-09 10:12:25.731]   "confidence_floor": 0.75,
[2025-09-09 10:12:25.731]   "counting_fade_rate": 0.0001,
[2025-09-09 10:12:25.731]   "counting_focus_steps": 6000,
[2025-09-09 10:12:25.731]   "cx_variance": 0.8,
[2025-09-09 10:12:25.731]   "gate_freeze_until_step": 3000,
[2025-09-09 10:12:25.731]   "hidden_size": 64,
[2025-09-09 10:12:25.731]   "learning_rate": 0.005,
[2025-09-09 10:12:25.731]   "learning_rate_floor": 0.002,
[2025-09-09 10:12:25.731]   "lr_decay": 0.9999,
[2025-09-09 10:12:25.731]   "outdir": "results",
[2025-09-09 10:12:25.731]   "tf_rate": 0.0001,
[2025-09-09 10:12:25.731]   "tf_rate_addition": 0.0001,
[2025-09-09 10:12:25.731]   "tf_rate_counting": 0.0001,
[2025-09-09 10:12:25.731]   "total_steps": 50000
[2025-09-09 10:12:25.731] }
[2025-09-09 10:12:25.731] === Small Math Model (Content-Gated) ===
[2025-09-09 10:12:25.731] Network: 24 -> 64 -> 12
[2025-09-09 10:12:25.731] Training steps: 50000   LR: 0.005
[2025-09-09 10:12:25.731] Gate freeze until: 3000
[2025-09-09 10:12:25.731] Confidence start: 0.9 (floor 0.75)
[2025-09-09 10:12:25.731] === Sanity check ===
[2025-09-09 10:12:25.732] 1 -> ? = 10 (expected 2) ✗ conf:0.000 finger:True
[2025-09-09 10:12:25.732] 3 -> ? = 8 (expected 4) ✗ conf:0.000 finger:True
[2025-09-09 10:12:25.732] 5 -> ? = 8 (expected 6) ✗ conf:0.000 finger:True
[2025-09-09 10:12:25.732] 2 -> 3 = 12 (expected 4) ✗ conf:0.000 finger:True
[2025-09-09 10:12:25.732] 4 -> 5 = 8 (expected 6) ✗ conf:0.000 finger:True
[2025-09-09 10:12:25.733] 1 + 2 = 3 (expected 3) ✓ conf:0.000 finger:True
[2025-09-09 10:12:25.734] 2 + 2 = 4 (expected 4) ✓ conf:0.000 finger:True
[2025-09-09 10:12:25.736] 3 + 4 = 7 (expected 7) ✓ conf:0.000 finger:True
[2025-09-09 10:12:25.738] 4 + 5 = 9 (expected 9) ✓ conf:0.000 finger:True
[2025-09-09 10:12:25.740] 5 + 5 = 10 (expected 10) ✓ conf:0.000 finger:True
[2025-09-09 10:12:25.740] 
[2025-09-09 10:12:25.907] Step  1000: TF=0.100 CF=2.4 CX=2.2 W=1.00 Loss=2.275034 LR=0.004540 CC=0.817 (0.2s)
[2025-09-09 10:12:26.084] Step  2000: TF=0.200 CF=2.8 CX=3.6 W=1.00 Loss=1.986605 LR=0.004108 CC=0.750 (0.3s)
[2025-09-09 10:12:26.253] Step  3000: TF=0.300 CF=3.2 CX=2.6 W=1.00 Loss=0.733646 LR=0.003717 CC=0.750 (0.5s)
[2025-09-09 10:12:26.455] Step  4000: TF=0.400 CF=3.6 CX=2.4 W=0.90 Loss=2.467223 LR=0.003363 CC=0.750 (0.7s)
[2025-09-09 10:12:26.744] Step  5000: TF=0.500 CF=4.0 CX=4.6 W=0.80 Loss=1.080636 LR=0.003043 CC=0.750 (1.0s)
[2025-09-09 10:12:27.157] Step  6000: TF=0.600 CF=4.4 CX=5.4 W=0.70 Loss=1.397349 LR=0.002753 CC=0.750 (1.4s)
[2025-09-09 10:12:27.733] Step  7000: TF=0.700 CF=7.6 CX=6.4 W=0.17 Loss=2.033100 LR=0.002491 CC=0.750 (2.0s)
[2025-09-09 10:12:28.396] Step  8000: TF=0.800 CF=8.4 CX=9.1 W=0.21 Loss=2.668170 LR=0.002254 CC=0.750 (2.7s)
[2025-09-09 10:12:29.160] Step  9000: TF=0.900 CF=5.6 CX=5.7 W=0.40 Loss=0.752524 LR=0.002040 CC=0.750 (3.4s)
[2025-09-09 10:12:30.066] Step 10000: TF=1.000 CF=6.0 CX=4.6 W=0.30 Loss=0.002903 LR=0.002000 CC=0.750 (4.3s)
[2025-09-09 10:12:31.234] Step 11000: TF=1.000 CF=10.0 CX=11.2 W=0.34 Loss=1.887505 LR=0.002000 CC=0.750 (5.5s)
[2025-09-09 10:12:32.008] Step 12000: TF=1.000 CF=10.0 CX=10.8 W=0.38 Loss=0.101664 LR=0.002000 CC=0.750 (6.3s)
[2025-09-09 10:12:32.487] Step 13000: TF=1.000 CF=10.0 CX=8.3 W=0.43 Loss=4.135496 LR=0.002000 CC=0.750 (6.7s)
[2025-09-09 10:12:32.807] Step 14000: TF=1.000 CF=10.0 CX=11.0 W=0.47 Loss=0.047533 LR=0.002000 CC=0.750 (7.1s)
[2025-09-09 10:12:33.118] Step 15000: TF=1.000 CF=6.0 CX=5.5 W=0.20 Loss=0.012632 LR=0.002000 CC=0.750 (7.4s)
[2025-09-09 10:12:33.409] Step 16000: TF=1.000 CF=10.0 CX=10.3 W=0.55 Loss=0.013172 LR=0.002000 CC=0.750 (7.7s)
[2025-09-09 10:12:33.760] Step 17000: TF=1.000 CF=10.0 CX=10.1 W=0.60 Loss=0.009837 LR=0.002000 CC=0.750 (8.0s)
[2025-09-09 10:12:34.051] Step 18000: TF=1.000 CF=6.0 CX=5.1 W=0.20 Loss=0.027414 LR=0.002000 CC=0.750 (8.3s)
[2025-09-09 10:12:34.341] Step 19000: TF=1.000 CF=6.0 CX=7.6 W=0.20 Loss=0.003676 LR=0.002000 CC=0.750 (8.6s)
[2025-09-09 10:12:34.635] Step 20000: TF=1.000 CF=6.0 CX=5.4 W=0.20 Loss=0.016593 LR=0.002000 CC=0.750 (8.9s)
[2025-09-09 10:12:34.929] Step 21000: TF=1.000 CF=10.0 CX=8.7 W=0.77 Loss=0.012428 LR=0.002000 CC=0.750 (9.2s)
[2025-09-09 10:12:35.213] Step 22000: TF=1.000 CF=10.0 CX=9.9 W=0.81 Loss=0.016295 LR=0.002000 CC=0.750 (9.5s)
[2025-09-09 10:12:35.565] Step 23000: TF=1.000 CF=10.0 CX=9.7 W=0.85 Loss=0.021859 LR=0.002000 CC=0.750 (9.8s)
[2025-09-09 10:12:35.869] Step 24000: TF=1.000 CF=6.0 CX=5.7 W=0.20 Loss=0.002842 LR=0.002000 CC=0.750 (10.1s)
[2025-09-09 10:12:36.155] Step 25000: TF=1.000 CF=10.0 CX=10.0 W=0.94 Loss=0.008619 LR=0.002000 CC=0.750 (10.4s)
[2025-09-09 10:12:36.438] Step 26000: TF=1.000 CF=6.0 CX=7.0 W=0.20 Loss=0.029317 LR=0.002000 CC=0.750 (10.7s)
[2025-09-09 10:12:36.742] Step 27000: TF=1.000 CF=10.0 CX=9.2 W=1.00 Loss=0.001621 LR=0.002000 CC=0.750 (11.0s)
[2025-09-09 10:12:37.041] Step 28000: TF=1.000 CF=10.0 CX=11.5 W=1.00 Loss=0.005312 LR=0.002000 CC=0.750 (11.3s)
[2025-09-09 10:12:37.334] Step 29000: TF=1.000 CF=10.0 CX=9.7 W=1.00 Loss=0.005736 LR=0.002000 CC=0.750 (11.6s)
[2025-09-09 10:12:37.616] Step 30000: TF=1.000 CF=10.0 CX=10.8 W=1.00 Loss=0.001020 LR=0.002000 CC=0.750 (11.9s)
[2025-09-09 10:12:37.909] Step 31000: TF=1.000 CF=10.0 CX=10.0 W=1.00 Loss=0.000924 LR=0.002000 CC=0.750 (12.2s)
[2025-09-09 10:12:38.193] Step 32000: TF=1.000 CF=6.0 CX=6.4 W=0.20 Loss=0.027587 LR=0.002000 CC=0.750 (12.5s)
[2025-09-09 10:12:38.458] Step 33000: TF=1.000 CF=10.0 CX=10.5 W=1.00 Loss=0.000608 LR=0.002000 CC=0.750 (12.7s)
[2025-09-09 10:12:38.745] Step 34000: TF=1.000 CF=10.0 CX=9.2 W=1.00 Loss=0.004425 LR=0.002000 CC=0.750 (13.0s)
[2025-09-09 10:12:38.998] Step 35000: TF=1.000 CF=10.0 CX=10.5 W=1.00 Loss=0.000554 LR=0.002000 CC=0.750 (13.3s)
[2025-09-09 10:12:39.260] Step 36000: TF=1.000 CF=10.0 CX=11.0 W=1.00 Loss=0.000580 LR=0.002000 CC=0.750 (13.5s)
[2025-09-09 10:12:39.525] Step 37000: TF=1.000 CF=6.0 CX=6.1 W=0.20 Loss=0.003564 LR=0.002000 CC=0.750 (13.8s)
[2025-09-09 10:12:39.799] Step 38000: TF=1.000 CF=6.0 CX=6.1 W=0.20 Loss=0.016431 LR=0.002000 CC=0.750 (14.1s)
[2025-09-09 10:12:40.092] Step 39000: TF=1.000 CF=10.0 CX=11.1 W=1.00 Loss=0.008509 LR=0.002000 CC=0.750 (14.4s)
[2025-09-09 10:12:40.377] Step 40000: TF=1.000 CF=10.0 CX=11.9 W=1.00 Loss=1.047274 LR=0.002000 CC=0.750 (14.6s)
[2025-09-09 10:12:40.640] Step 41000: TF=1.000 CF=10.0 CX=9.2 W=1.00 Loss=0.004869 LR=0.002000 CC=0.750 (14.9s)
[2025-09-09 10:12:40.899] Step 42000: TF=1.000 CF=10.0 CX=10.4 W=1.00 Loss=0.000372 LR=0.002000 CC=0.750 (15.2s)
[2025-09-09 10:12:41.155] Step 43000: TF=1.000 CF=10.0 CX=9.6 W=1.00 Loss=0.000341 LR=0.002000 CC=0.750 (15.4s)
[2025-09-09 10:12:41.413] Step 44000: TF=1.000 CF=10.0 CX=10.7 W=1.00 Loss=0.000302 LR=0.002000 CC=0.750 (15.7s)
[2025-09-09 10:12:41.680] Step 45000: TF=1.000 CF=10.0 CX=11.1 W=1.00 Loss=0.127113 LR=0.002000 CC=0.750 (15.9s)
[2025-09-09 10:12:41.953] Step 46000: TF=1.000 CF=10.0 CX=9.9 W=1.00 Loss=0.001987 LR=0.002000 CC=0.750 (16.2s)
[2025-09-09 10:12:42.210] Step 47000: TF=1.000 CF=10.0 CX=11.2 W=1.00 Loss=0.002124 LR=0.002000 CC=0.750 (16.5s)
[2025-09-09 10:12:42.475] Step 48000: TF=1.000 CF=10.0 CX=10.5 W=1.00 Loss=0.000193 LR=0.002000 CC=0.750 (16.7s)
[2025-09-09 10:12:42.737] Step 49000: TF=1.000 CF=6.0 CX=5.6 W=0.20 Loss=0.020907 LR=0.002000 CC=0.750 (17.0s)
[2025-09-09 10:12:42.997] Step 50000: TF=1.000 CF=6.0 CX=5.8 W=0.20 Loss=0.000682 LR=0.002000 CC=0.750 (17.3s)
[2025-09-09 10:12:42.997] === Training complete ===
