[2025-09-09 10:04:49.817] === EFFECTIVE CONFIGURATION ===
[2025-09-09 10:04:49.817] {
[2025-09-09 10:04:49.817]   "_config_path": "configs/longrun_50k_add_start_12000.json",
[2025-09-09 10:04:49.817]   "_overrides": [],
[2025-09-09 10:04:49.817]   "_raw_config": {
[2025-09-09 10:04:49.817]     "addition_cf_max": 10.0,
[2025-09-09 10:04:49.817]     "addition_cf_min": 2.0,
[2025-09-09 10:04:49.817]     "addition_start_step": 12000,
[2025-09-09 10:04:49.817]     "cf_max_complexity": 6.0,
[2025-09-09 10:04:49.817]     "cf_min_complexity": 2.0,
[2025-09-09 10:04:49.817]     "cf_variance": 1.5,
[2025-09-09 10:04:49.817]     "checkpoint_interval": 10000,
[2025-09-09 10:04:49.817]     "confidence_criterion_start": 0.9,
[2025-09-09 10:04:49.817]     "confidence_floor": 0.75,
[2025-09-09 10:04:49.817]     "counting_fade_rate": 0.0001,
[2025-09-09 10:04:49.817]     "counting_focus_steps": 6000,
[2025-09-09 10:04:49.817]     "cx_variance": 0.8,
[2025-09-09 10:04:49.817]     "gate_freeze_until_step": 3000,
[2025-09-09 10:04:49.817]     "hidden_size": 64,
[2025-09-09 10:04:49.818]     "learning_rate": 0.005,
[2025-09-09 10:04:49.818]     "learning_rate_floor": 0.002,
[2025-09-09 10:04:49.818]     "lr_decay": 0.9999,
[2025-09-09 10:04:49.818]     "outdir": "results_longrun_50k",
[2025-09-09 10:04:49.818]     "tf_rate_addition": 0.0001,
[2025-09-09 10:04:49.818]     "tf_rate_counting": 0.0001,
[2025-09-09 10:04:49.818]     "total_steps": 50000
[2025-09-09 10:04:49.818]   },
[2025-09-09 10:04:49.818]   "addition_cf_max": 10.0,
[2025-09-09 10:04:49.818]   "addition_cf_min": 2.0,
[2025-09-09 10:04:49.818]   "addition_start_step": 12000,
[2025-09-09 10:04:49.818]   "cf_max_complexity": 6.0,
[2025-09-09 10:04:49.818]   "cf_min_complexity": 2.0,
[2025-09-09 10:04:49.818]   "cf_variance": 1.5,
[2025-09-09 10:04:49.818]   "checkpoint_interval": 10000,
[2025-09-09 10:04:49.818]   "confidence_criterion_start": 0.9,
[2025-09-09 10:04:49.818]   "confidence_floor": 0.75,
[2025-09-09 10:04:49.818]   "counting_fade_rate": 0.0001,
[2025-09-09 10:04:49.818]   "counting_focus_steps": 6000,
[2025-09-09 10:04:49.818]   "cx_variance": 0.8,
[2025-09-09 10:04:49.818]   "gate_freeze_until_step": 3000,
[2025-09-09 10:04:49.818]   "hidden_size": 64,
[2025-09-09 10:04:49.818]   "learning_rate": 0.005,
[2025-09-09 10:04:49.818]   "learning_rate_floor": 0.002,
[2025-09-09 10:04:49.818]   "lr_decay": 0.9999,
[2025-09-09 10:04:49.818]   "outdir": "results",
[2025-09-09 10:04:49.818]   "tf_rate": 0.0001,
[2025-09-09 10:04:49.818]   "tf_rate_addition": 0.0001,
[2025-09-09 10:04:49.818]   "tf_rate_counting": 0.0001,
[2025-09-09 10:04:49.818]   "total_steps": 50000
[2025-09-09 10:04:49.818] }
[2025-09-09 10:04:49.819] === Small Math Model (Content-Gated) ===
[2025-09-09 10:04:49.819] Network: 24 -> 64 -> 12
[2025-09-09 10:04:49.819] Training steps: 50000   LR: 0.005
[2025-09-09 10:04:49.819] Gate freeze until: 3000
[2025-09-09 10:04:49.819] Confidence start: 0.9 (floor 0.75)
[2025-09-09 10:04:49.819] === Sanity check ===
[2025-09-09 10:04:49.819] 1 -> ? = 10 (expected 2) ✗ conf:0.000 finger:True
[2025-09-09 10:04:49.819] 3 -> ? = 8 (expected 4) ✗ conf:0.000 finger:True
[2025-09-09 10:04:49.819] 5 -> ? = 8 (expected 6) ✗ conf:0.000 finger:True
[2025-09-09 10:04:49.819] 2 -> 3 = 12 (expected 4) ✗ conf:0.000 finger:True
[2025-09-09 10:04:49.819] 4 -> 5 = 8 (expected 6) ✗ conf:0.000 finger:True
