[2025-09-09 10:10:07.516] === EFFECTIVE CONFIGURATION ===
[2025-09-09 10:10:07.516] {
[2025-09-09 10:10:07.516]   "_config_path": "configs/longrun_50k_add_start_12000.json",
[2025-09-09 10:10:07.516]   "_overrides": [],
[2025-09-09 10:10:07.516]   "_raw_config": {
[2025-09-09 10:10:07.516]     "addition_cf_max": 10.0,
[2025-09-09 10:10:07.516]     "addition_cf_min": 2.0,
[2025-09-09 10:10:07.516]     "addition_start_step": 12000,
[2025-09-09 10:10:07.516]     "cf_max_complexity": 6.0,
[2025-09-09 10:10:07.516]     "cf_min_complexity": 2.0,
[2025-09-09 10:10:07.516]     "cf_variance": 1.5,
[2025-09-09 10:10:07.516]     "checkpoint_interval": 10000,
[2025-09-09 10:10:07.516]     "confidence_criterion_start": 0.9,
[2025-09-09 10:10:07.516]     "confidence_floor": 0.75,
[2025-09-09 10:10:07.516]     "counting_fade_rate": 0.0001,
[2025-09-09 10:10:07.516]     "counting_focus_steps": 6000,
[2025-09-09 10:10:07.516]     "cx_variance": 0.8,
[2025-09-09 10:10:07.516]     "gate_freeze_until_step": 3000,
[2025-09-09 10:10:07.516]     "hidden_size": 64,
[2025-09-09 10:10:07.516]     "learning_rate": 0.005,
[2025-09-09 10:10:07.516]     "learning_rate_floor": 0.002,
[2025-09-09 10:10:07.516]     "lr_decay": 0.9999,
[2025-09-09 10:10:07.516]     "outdir": "results_longrun_50k",
[2025-09-09 10:10:07.516]     "tf_rate_addition": 0.0001,
[2025-09-09 10:10:07.516]     "tf_rate_counting": 0.0001,
[2025-09-09 10:10:07.516]     "total_steps": 50000
[2025-09-09 10:10:07.516]   },
[2025-09-09 10:10:07.516]   "addition_cf_max": 10.0,
[2025-09-09 10:10:07.516]   "addition_cf_min": 2.0,
[2025-09-09 10:10:07.516]   "addition_start_step": 12000,
[2025-09-09 10:10:07.516]   "cf_max_complexity": 6.0,
[2025-09-09 10:10:07.516]   "cf_min_complexity": 2.0,
[2025-09-09 10:10:07.516]   "cf_variance": 1.5,
[2025-09-09 10:10:07.516]   "checkpoint_interval": 10000,
[2025-09-09 10:10:07.516]   "confidence_criterion_start": 0.9,
[2025-09-09 10:10:07.516]   "confidence_floor": 0.75,
[2025-09-09 10:10:07.516]   "counting_fade_rate": 0.0001,
[2025-09-09 10:10:07.516]   "counting_focus_steps": 6000,
[2025-09-09 10:10:07.516]   "cx_variance": 0.8,
[2025-09-09 10:10:07.516]   "gate_freeze_until_step": 3000,
[2025-09-09 10:10:07.516]   "hidden_size": 64,
[2025-09-09 10:10:07.516]   "learning_rate": 0.005,
[2025-09-09 10:10:07.516]   "learning_rate_floor": 0.002,
[2025-09-09 10:10:07.516]   "lr_decay": 0.9999,
[2025-09-09 10:10:07.516]   "outdir": "results",
[2025-09-09 10:10:07.516]   "tf_rate": 0.0001,
[2025-09-09 10:10:07.516]   "tf_rate_addition": 0.0001,
[2025-09-09 10:10:07.516]   "tf_rate_counting": 0.0001,
[2025-09-09 10:10:07.516]   "total_steps": 50000
[2025-09-09 10:10:07.516] }
[2025-09-09 10:10:07.517] === Small Math Model (Content-Gated) ===
[2025-09-09 10:10:07.517] Network: 24 -> 64 -> 12
[2025-09-09 10:10:07.517] Training steps: 50000   LR: 0.005
[2025-09-09 10:10:07.517] Gate freeze until: 3000
[2025-09-09 10:10:07.517] Confidence start: 0.9 (floor 0.75)
[2025-09-09 10:10:07.517] === Sanity check ===
[2025-09-09 10:10:07.517] 1 -> ? = 10 (expected 2) ✗ conf:0.000 finger:True
[2025-09-09 10:10:07.517] 3 -> ? = 8 (expected 4) ✗ conf:0.000 finger:True
[2025-09-09 10:10:07.517] 5 -> ? = 8 (expected 6) ✗ conf:0.000 finger:True
[2025-09-09 10:10:07.517] 2 -> 3 = 12 (expected 4) ✗ conf:0.000 finger:True
[2025-09-09 10:10:07.518] 4 -> 5 = 8 (expected 6) ✗ conf:0.000 finger:True
[2025-09-09 10:10:07.519] 1 + 2 = 3 (expected 3) ✓ conf:0.000 finger:True
[2025-09-09 10:10:07.520] 2 + 2 = 4 (expected 4) ✓ conf:0.000 finger:True
[2025-09-09 10:10:07.522] 3 + 4 = 7 (expected 7) ✓ conf:0.000 finger:True
[2025-09-09 10:10:07.524] 4 + 5 = 9 (expected 9) ✓ conf:0.000 finger:True
[2025-09-09 10:10:07.525] 5 + 5 = 10 (expected 10) ✓ conf:0.000 finger:True
[2025-09-09 10:10:07.525] 
[2025-09-09 10:10:07.697] Step  1000: TF=0.100 CF=2.4 CX=2.0 W=1.00 Loss=2.235093 LR=0.004540 CC=0.817 (0.2s)
[2025-09-09 10:10:07.874] Step  2000: TF=0.200 CF=2.8 CX=2.0 W=1.00 Loss=0.548963 LR=0.004108 CC=0.750 (0.3s)
[2025-09-09 10:10:08.045] Step  3000: TF=0.300 CF=3.2 CX=3.9 W=1.00 Loss=1.272317 LR=0.003717 CC=0.750 (0.5s)
[2025-09-09 10:10:08.216] Step  4000: TF=0.400 CF=3.6 CX=3.0 W=1.00 Loss=0.868136 LR=0.003363 CC=0.750 (0.7s)
[2025-09-09 10:10:08.391] Step  5000: TF=0.500 CF=4.0 CX=3.7 W=1.00 Loss=0.842569 LR=0.003043 CC=0.750 (0.9s)
[2025-09-09 10:10:08.565] Step  6000: TF=0.600 CF=4.4 CX=3.0 W=1.00 Loss=0.998621 LR=0.002753 CC=0.750 (1.0s)
[2025-09-09 10:10:08.750] Step  7000: TF=0.700 CF=4.8 CX=5.3 W=1.00 Loss=1.772739 LR=0.002491 CC=0.750 (1.2s)
[2025-09-09 10:10:08.919] Step  8000: TF=0.800 CF=5.2 CX=5.6 W=1.00 Loss=0.855021 LR=0.002254 CC=0.750 (1.4s)
[2025-09-09 10:10:09.087] Step  9000: TF=0.900 CF=5.6 CX=5.2 W=1.00 Loss=0.468665 LR=0.002040 CC=0.750 (1.6s)
[2025-09-09 10:10:09.259] Step 10000: TF=1.000 CF=6.0 CX=5.3 W=1.00 Loss=0.301392 LR=0.002000 CC=0.750 (1.7s)
[2025-09-09 10:10:09.431] Step 11000: TF=1.000 CF=6.0 CX=5.9 W=1.00 Loss=0.306476 LR=0.002000 CC=0.750 (1.9s)
[2025-09-09 10:10:09.611] Step 12000: TF=1.000 CF=6.0 CX=6.8 W=1.00 Loss=0.073158 LR=0.002000 CC=0.750 (2.1s)
[2025-09-09 10:10:09.786] Step 13000: TF=1.000 CF=6.0 CX=7.3 W=0.90 Loss=2.140650 LR=0.002000 CC=0.750 (2.3s)
[2025-09-09 10:10:09.983] Step 14000: TF=1.000 CF=6.0 CX=6.7 W=0.80 Loss=0.023879 LR=0.002000 CC=0.750 (2.5s)
[2025-09-09 10:10:10.183] Step 15000: TF=1.000 CF=6.0 CX=5.5 W=0.70 Loss=0.296138 LR=0.002000 CC=0.750 (2.7s)
[2025-09-09 10:10:10.426] Step 16000: TF=1.000 CF=6.0 CX=6.7 W=0.60 Loss=0.013583 LR=0.002000 CC=0.750 (2.9s)
[2025-09-09 10:10:10.672] Step 17000: TF=1.000 CF=10.0 CX=10.1 W=0.26 Loss=0.001059 LR=0.002000 CC=0.750 (3.1s)
[2025-09-09 10:10:10.946] Step 18000: TF=1.000 CF=10.0 CX=10.9 W=0.32 Loss=0.001728 LR=0.002000 CC=0.750 (3.4s)
[2025-09-09 10:10:11.301] Step 19000: TF=1.000 CF=6.0 CX=5.5 W=0.30 Loss=0.042210 LR=0.002000 CC=0.750 (3.8s)
[2025-09-09 10:10:11.622] Step 20000: TF=1.000 CF=10.0 CX=9.5 W=0.42 Loss=0.016396 LR=0.002000 CC=0.750 (4.1s)
[2025-09-09 10:10:11.956] Step 21000: TF=1.000 CF=10.0 CX=8.9 W=0.47 Loss=1.708438 LR=0.002000 CC=0.750 (4.4s)
[2025-09-09 10:10:12.320] Step 22000: TF=1.000 CF=6.0 CX=6.3 W=0.20 Loss=0.048228 LR=0.002000 CC=0.750 (4.8s)
[2025-09-09 10:10:12.702] Step 23000: TF=1.000 CF=10.0 CX=10.5 W=0.58 Loss=0.004998 LR=0.002000 CC=0.750 (5.2s)
[2025-09-09 10:10:13.093] Step 24000: TF=1.000 CF=10.0 CX=9.7 W=0.63 Loss=0.020622 LR=0.002000 CC=0.750 (5.6s)
[2025-09-09 10:10:13.462] Step 25000: TF=1.000 CF=10.0 CX=11.1 W=0.68 Loss=0.388260 LR=0.002000 CC=0.750 (5.9s)
[2025-09-09 10:10:13.828] Step 26000: TF=1.000 CF=10.0 CX=10.2 W=0.74 Loss=0.002229 LR=0.002000 CC=0.750 (6.3s)
[2025-09-09 10:10:14.195] Step 27000: TF=1.000 CF=6.0 CX=5.8 W=0.20 Loss=0.051776 LR=0.002000 CC=0.750 (6.7s)
[2025-09-09 10:10:14.533] Step 28000: TF=1.000 CF=10.0 CX=9.4 W=0.84 Loss=0.007595 LR=0.002000 CC=0.750 (7.0s)
[2025-09-09 10:10:14.893] Step 29000: TF=1.000 CF=10.0 CX=8.6 W=0.89 Loss=0.698172 LR=0.002000 CC=0.750 (7.4s)
[2025-09-09 10:10:15.239] Step 30000: TF=1.000 CF=10.0 CX=10.5 W=0.95 Loss=0.000960 LR=0.002000 CC=0.750 (7.7s)
[2025-09-09 10:10:15.622] Step 31000: TF=1.000 CF=10.0 CX=10.1 W=1.00 Loss=0.000702 LR=0.002000 CC=0.750 (8.1s)
[2025-09-09 10:10:15.986] Step 32000: TF=1.000 CF=10.0 CX=9.8 W=1.00 Loss=0.000379 LR=0.002000 CC=0.750 (8.5s)
[2025-09-09 10:10:16.341] Step 33000: TF=1.000 CF=10.0 CX=10.6 W=1.00 Loss=0.000371 LR=0.002000 CC=0.750 (8.8s)
[2025-09-09 10:10:16.705] Step 34000: TF=1.000 CF=10.0 CX=11.9 W=1.00 Loss=1.848409 LR=0.002000 CC=0.750 (9.2s)
[2025-09-09 10:10:17.093] Step 35000: TF=1.000 CF=10.0 CX=10.7 W=1.00 Loss=0.000212 LR=0.002000 CC=0.750 (9.6s)
[2025-09-09 10:10:17.466] Step 36000: TF=1.000 CF=10.0 CX=9.7 W=1.00 Loss=0.000117 LR=0.002000 CC=0.750 (9.9s)
[2025-09-09 10:10:17.808] Step 37000: TF=1.000 CF=6.0 CX=6.7 W=0.20 Loss=0.006499 LR=0.002000 CC=0.750 (10.3s)
[2025-09-09 10:10:18.146] Step 38000: TF=1.000 CF=10.0 CX=10.0 W=1.00 Loss=0.000104 LR=0.002000 CC=0.750 (10.6s)
[2025-09-09 10:10:18.485] Step 39000: TF=1.000 CF=10.0 CX=10.4 W=1.00 Loss=0.000084 LR=0.002000 CC=0.750 (11.0s)
[2025-09-09 10:10:18.833] Step 40000: TF=1.000 CF=6.0 CX=6.8 W=0.20 Loss=0.030661 LR=0.002000 CC=0.750 (11.3s)
[2025-09-09 10:10:19.122] Step 41000: TF=1.000 CF=10.0 CX=9.4 W=1.00 Loss=0.000026 LR=0.002000 CC=0.750 (11.6s)
[2025-09-09 10:10:19.445] Step 42000: TF=1.000 CF=10.0 CX=9.5 W=1.00 Loss=0.000044 LR=0.002000 CC=0.750 (11.9s)
[2025-09-09 10:10:19.743] Step 43000: TF=1.000 CF=10.0 CX=8.8 W=1.00 Loss=0.165839 LR=0.002000 CC=0.750 (12.2s)
[2025-09-09 10:10:20.032] Step 44000: TF=1.000 CF=10.0 CX=8.9 W=1.00 Loss=0.090914 LR=0.002000 CC=0.750 (12.5s)
[2025-09-09 10:10:20.319] Step 45000: TF=1.000 CF=10.0 CX=10.3 W=1.00 Loss=0.000018 LR=0.002000 CC=0.750 (12.8s)
[2025-09-09 10:10:20.612] Step 46000: TF=1.000 CF=10.0 CX=9.2 W=1.00 Loss=0.000673 LR=0.002000 CC=0.750 (13.1s)
[2025-09-09 10:10:20.897] Step 47000: TF=1.000 CF=6.0 CX=6.6 W=0.20 Loss=0.012873 LR=0.002000 CC=0.750 (13.4s)
[2025-09-09 10:10:21.195] Step 48000: TF=1.000 CF=10.0 CX=9.1 W=1.00 Loss=0.001371 LR=0.002000 CC=0.750 (13.7s)
[2025-09-09 10:10:21.531] Step 49000: TF=1.000 CF=10.0 CX=10.4 W=1.00 Loss=0.000014 LR=0.002000 CC=0.750 (14.0s)
[2025-09-09 10:10:21.788] Step 50000: TF=1.000 CF=10.0 CX=10.1 W=1.00 Loss=0.000013 LR=0.002000 CC=0.750 (14.3s)
[2025-09-09 10:10:21.788] === Training complete ===
