[2025-09-15 14:41:43.281] === EFFECTIVE CONFIGURATION ===
[2025-09-15 14:41:43.281] {
[2025-09-15 14:41:43.281]   "_config_path": ".sweep_tmp/cfg_addition_start_step=7000.json",
[2025-09-15 14:41:43.281]   "_overrides": [],
[2025-09-15 14:41:43.281]   "_raw_config": {
[2025-09-15 14:41:43.281]     "addition_cf_max": 11.0,
[2025-09-15 14:41:43.281]     "addition_cf_min": 2.0,
[2025-09-15 14:41:43.282]     "addition_start_step": 7000,
[2025-09-15 14:41:43.282]     "cf_max_complexity": 7.0,
[2025-09-15 14:41:43.282]     "cf_min_complexity": 2.0,
[2025-09-15 14:41:43.282]     "cf_sd": 1.2,
[2025-09-15 14:41:43.282]     "checkpoint_interval": 5000,
[2025-09-15 14:41:43.282]     "confidence_criterion_start": 0.9,
[2025-09-15 14:41:43.282]     "confidence_floor": 0.75,
[2025-09-15 14:41:43.282]     "counting_fade_rate": 0.00015,
[2025-09-15 14:41:43.282]     "counting_focus_steps": 6000,
[2025-09-15 14:41:43.282]     "cx_sd": 0.9,
[2025-09-15 14:41:43.282]     "gate_freeze_until_step": 3000,
[2025-09-15 14:41:43.282]     "hidden_size": 64,
[2025-09-15 14:41:43.282]     "learning_rate": 0.005,
[2025-09-15 14:41:43.282]     "learning_rate_floor": 0.002,
[2025-09-15 14:41:43.282]     "lr_decay": 0.9999,
[2025-09-15 14:41:43.282]     "outdir": "results",
[2025-09-15 14:41:43.282]     "tf_rate_addition": 0.0001,
[2025-09-15 14:41:43.282]     "tf_rate_counting": 0.0001,
[2025-09-15 14:41:43.282]     "total_steps": 50000
[2025-09-15 14:41:43.282]   },
[2025-09-15 14:41:43.282]   "addition_cf_max": 11.0,
[2025-09-15 14:41:43.282]   "addition_cf_min": 2.0,
[2025-09-15 14:41:43.282]   "addition_start_step": 7000,
[2025-09-15 14:41:43.282]   "cf_max_complexity": 7.0,
[2025-09-15 14:41:43.282]   "cf_min_complexity": 2.0,
[2025-09-15 14:41:43.282]   "cf_sd": 1.2,
[2025-09-15 14:41:43.282]   "cf_variance": 1.5,
[2025-09-15 14:41:43.282]   "checkpoint_interval": 5000,
[2025-09-15 14:41:43.282]   "confidence_criterion_start": 0.9,
[2025-09-15 14:41:43.282]   "confidence_floor": 0.75,
[2025-09-15 14:41:43.282]   "counting_fade_rate": 0.00015,
[2025-09-15 14:41:43.282]   "counting_focus_steps": 6000,
[2025-09-15 14:41:43.282]   "cx_sd": 0.9,
[2025-09-15 14:41:43.282]   "cx_variance": 0.8,
[2025-09-15 14:41:43.282]   "gate_freeze_until_step": 3000,
[2025-09-15 14:41:43.282]   "hidden_size": 64,
[2025-09-15 14:41:43.282]   "learning_rate": 0.005,
[2025-09-15 14:41:43.282]   "learning_rate_floor": 0.002,
[2025-09-15 14:41:43.282]   "lr_decay": 0.9999,
[2025-09-15 14:41:43.282]   "outdir": "results/addition_start_step=7000",
[2025-09-15 14:41:43.282]   "tf_rate": 0.0001,
[2025-09-15 14:41:43.282]   "tf_rate_addition": 0.0001,
[2025-09-15 14:41:43.282]   "tf_rate_counting": 0.0001,
[2025-09-15 14:41:43.282]   "total_steps": 50000
[2025-09-15 14:41:43.282] }
[2025-09-15 14:41:43.283] === Small Math Model (Content-Gated) ===
[2025-09-15 14:41:43.283] Network: 24 -> 64 -> 12
[2025-09-15 14:41:43.283] Training steps: 50000   LR: 0.005
[2025-09-15 14:41:43.283] Gate freeze until: 3000
[2025-09-15 14:41:43.283] Confidence start: 0.9 (floor 0.75)
[2025-09-15 14:41:43.283] === Sanity check ===
[2025-09-15 14:41:43.284] 1 -> ? = 10 (expected 2) - conf:0.000 finger:True
[2025-09-15 14:41:43.284] 3 -> ? = 8 (expected 4) - conf:0.000 finger:True
[2025-09-15 14:41:43.284] 5 -> ? = 8 (expected 6) - conf:0.000 finger:True
[2025-09-15 14:41:43.284] 2 -> 3 = 12 (expected 4) - conf:0.000 finger:True
[2025-09-15 14:41:43.284] 4 -> 5 = 8 (expected 6) - conf:0.000 finger:True
[2025-09-15 14:41:43.286] 1 + 2 = 3 (expected 3) + conf:0.000 finger:True
[2025-09-15 14:41:43.288] 2 + 2 = 4 (expected 4) + conf:0.000 finger:True
[2025-09-15 14:41:43.291] 3 + 4 = 7 (expected 7) + conf:0.000 finger:True
[2025-09-15 14:41:43.295] 4 + 5 = 9 (expected 9) + conf:0.000 finger:True
[2025-09-15 14:41:43.298] 5 + 5 = 10 (expected 10) + conf:0.000 finger:True
[2025-09-15 14:41:43.298] 
[2025-09-15 14:41:43.533] Step  1000: TF=0.100 CF=2.5 CX=2.5 W=1.00 Loss=2.303853 LR=0.004540 CC=0.817 (0.2s)
[2025-09-15 14:41:43.793] Step  2000: TF=0.200 CF=3.0 CX=2.8 W=1.00 Loss=1.683693 LR=0.004108 CC=0.750 (0.5s)
[2025-09-15 14:41:44.035] Step  3000: TF=0.300 CF=3.5 CX=3.3 W=1.00 Loss=1.201138 LR=0.003717 CC=0.750 (0.7s)
[2025-09-15 14:41:44.278] Step  4000: TF=0.400 CF=4.0 CX=2.3 W=1.00 Loss=1.039903 LR=0.003363 CC=0.750 (1.0s)
[2025-09-15 14:41:44.520] Step  5000: TF=0.500 CF=4.5 CX=3.5 W=1.00 Loss=1.012854 LR=0.003043 CC=0.750 (1.2s)
[2025-09-15 14:41:44.797] Step  6000: TF=0.600 CF=5.0 CX=5.5 W=1.00 Loss=1.028193 LR=0.002753 CC=0.750 (1.5s)
[2025-09-15 14:41:45.047] Step  7000: TF=0.700 CF=5.5 CX=4.8 W=1.00 Loss=1.072176 LR=0.002491 CC=0.750 (1.7s)
[2025-09-15 14:41:45.356] Step  8000: TF=0.800 CF=6.0 CX=7.2 W=0.85 Loss=2.718257 LR=0.002254 CC=0.750 (2.1s)
[2025-09-15 14:41:45.793] Step  9000: TF=0.900 CF=6.5 CX=4.2 W=0.70 Loss=0.638057 LR=0.002040 CC=0.750 (2.5s)
[2025-09-15 14:41:46.415] Step 10000: TF=1.000 CF=7.0 CX=7.9 W=0.55 Loss=0.368076 LR=0.002000 CC=0.750 (3.1s)
[2025-09-15 14:41:47.241] Step 11000: TF=1.000 CF=7.0 CX=7.0 W=0.40 Loss=1.823842 LR=0.002000 CC=0.750 (3.9s)
[2025-09-15 14:41:48.324] Step 12000: TF=1.000 CF=7.0 CX=6.7 W=0.25 Loss=0.289059 LR=0.002000 CC=0.750 (5.0s)
[2025-09-15 14:41:49.658] Step 13000: TF=1.000 CF=11.0 CX=11.5 W=0.28 Loss=0.000337 LR=0.002000 CC=0.750 (6.4s)
[2025-09-15 14:41:50.766] Step 14000: TF=1.000 CF=7.0 CX=6.5 W=0.20 Loss=0.079284 LR=0.002000 CC=0.750 (7.5s)
[2025-09-15 14:41:51.917] Step 15000: TF=1.000 CF=11.0 CX=9.6 W=0.37 Loss=1.579915 LR=0.002000 CC=0.750 (8.6s)
[2025-09-15 14:41:52.815] Step 16000: TF=1.000 CF=11.0 CX=10.2 W=0.42 Loss=0.077077 LR=0.002000 CC=0.750 (9.5s)
[2025-09-15 14:41:53.777] Step 17000: TF=1.000 CF=11.0 CX=10.3 W=0.47 Loss=0.069434 LR=0.002000 CC=0.750 (10.5s)
[2025-09-15 14:41:54.804] Step 18000: TF=1.000 CF=11.0 CX=10.7 W=0.51 Loss=0.056323 LR=0.002000 CC=0.750 (11.5s)
[2025-09-15 14:41:55.756] Step 19000: TF=1.000 CF=11.0 CX=12.0 W=0.56 Loss=0.044600 LR=0.002000 CC=0.750 (12.5s)
[2025-09-15 14:41:56.762] Step 20000: TF=1.000 CF=11.0 CX=12.0 W=0.60 Loss=1.162211 LR=0.002000 CC=0.750 (13.5s)
[2025-09-15 14:41:57.738] Step 21000: TF=1.000 CF=7.0 CX=7.2 W=0.20 Loss=0.037076 LR=0.002000 CC=0.750 (14.4s)
[2025-09-15 14:41:58.707] Step 22000: TF=1.000 CF=11.0 CX=11.0 W=0.70 Loss=0.031237 LR=0.002000 CC=0.750 (15.4s)
[2025-09-15 14:41:59.602] Step 23000: TF=1.000 CF=7.0 CX=6.5 W=0.20 Loss=0.026543 LR=0.002000 CC=0.750 (16.3s)
[2025-09-15 14:42:00.578] Step 24000: TF=1.000 CF=11.0 CX=10.7 W=0.79 Loss=0.011594 LR=0.002000 CC=0.750 (17.3s)
[2025-09-15 14:42:01.698] Step 25000: TF=1.000 CF=11.0 CX=11.2 W=0.84 Loss=1.105401 LR=0.002000 CC=0.750 (18.4s)
[2025-09-15 14:42:02.624] Step 26000: TF=1.000 CF=11.0 CX=12.0 W=0.88 Loss=0.130928 LR=0.002000 CC=0.750 (19.3s)
[2025-09-15 14:42:03.466] Step 27000: TF=1.000 CF=11.0 CX=11.1 W=0.93 Loss=0.347285 LR=0.002000 CC=0.750 (20.2s)
[2025-09-15 14:42:04.190] Step 28000: TF=1.000 CF=11.0 CX=10.1 W=0.98 Loss=0.004845 LR=0.002000 CC=0.750 (20.9s)
[2025-09-15 14:42:04.880] Step 29000: TF=1.000 CF=11.0 CX=10.2 W=1.00 Loss=0.008242 LR=0.002000 CC=0.750 (21.6s)
[2025-09-15 14:42:05.526] Step 30000: TF=1.000 CF=11.0 CX=10.1 W=1.00 Loss=0.004781 LR=0.002000 CC=0.750 (22.2s)
[2025-09-15 14:42:06.155] Step 31000: TF=1.000 CF=7.0 CX=7.4 W=0.20 Loss=0.035581 LR=0.002000 CC=0.750 (22.9s)
[2025-09-15 14:42:06.800] Step 32000: TF=1.000 CF=7.0 CX=7.2 W=0.20 Loss=0.002944 LR=0.002000 CC=0.750 (23.5s)
[2025-09-15 14:42:07.323] Step 33000: TF=1.000 CF=11.0 CX=10.8 W=1.00 Loss=0.004734 LR=0.002000 CC=0.750 (24.0s)
[2025-09-15 14:42:07.923] Step 34000: TF=1.000 CF=11.0 CX=11.6 W=1.00 Loss=0.061559 LR=0.002000 CC=0.750 (24.6s)
[2025-09-15 14:42:08.483] Step 35000: TF=1.000 CF=11.0 CX=11.2 W=1.00 Loss=0.062689 LR=0.002000 CC=0.750 (25.2s)
[2025-09-15 14:42:09.066] Step 36000: TF=1.000 CF=11.0 CX=10.7 W=1.00 Loss=0.005217 LR=0.002000 CC=0.750 (25.8s)
[2025-09-15 14:42:09.681] Step 37000: TF=1.000 CF=11.0 CX=10.1 W=1.00 Loss=0.003459 LR=0.002000 CC=0.750 (26.4s)
[2025-09-15 14:42:10.252] Step 38000: TF=1.000 CF=11.0 CX=10.6 W=1.00 Loss=0.001665 LR=0.002000 CC=0.750 (27.0s)
[2025-09-15 14:42:10.772] Step 39000: TF=1.000 CF=11.0 CX=10.5 W=1.00 Loss=0.004136 LR=0.002000 CC=0.750 (27.5s)
[2025-09-15 14:42:11.257] Step 40000: TF=1.000 CF=11.0 CX=12.0 W=1.00 Loss=0.095321 LR=0.002000 CC=0.750 (28.0s)
[2025-09-15 14:42:11.668] Step 41000: TF=1.000 CF=11.0 CX=11.5 W=1.00 Loss=0.032713 LR=0.002000 CC=0.750 (28.4s)
[2025-09-15 14:42:12.049] Step 42000: TF=1.000 CF=11.0 CX=10.1 W=1.00 Loss=0.001592 LR=0.002000 CC=0.750 (28.8s)
[2025-09-15 14:42:12.411] Step 43000: TF=1.000 CF=11.0 CX=10.2 W=1.00 Loss=0.002254 LR=0.002000 CC=0.750 (29.1s)
[2025-09-15 14:42:12.755] Step 44000: TF=1.000 CF=11.0 CX=11.2 W=1.00 Loss=0.090253 LR=0.002000 CC=0.750 (29.5s)
[2025-09-15 14:42:13.084] Step 45000: TF=1.000 CF=7.0 CX=7.1 W=0.20 Loss=0.015413 LR=0.002000 CC=0.750 (29.8s)
[2025-09-15 14:42:13.395] Step 46000: TF=1.000 CF=7.0 CX=6.3 W=0.20 Loss=0.000626 LR=0.002000 CC=0.750 (30.1s)
[2025-09-15 14:42:13.706] Step 47000: TF=1.000 CF=11.0 CX=10.8 W=1.00 Loss=0.001878 LR=0.002000 CC=0.750 (30.4s)
[2025-09-15 14:42:14.007] Step 48000: TF=1.000 CF=11.0 CX=11.6 W=1.00 Loss=0.000101 LR=0.002000 CC=0.750 (30.7s)
[2025-09-15 14:42:14.312] Step 49000: TF=1.000 CF=7.0 CX=7.4 W=0.20 Loss=0.005497 LR=0.002000 CC=0.750 (31.0s)
[2025-09-15 14:42:14.626] Step 50000: TF=1.000 CF=11.0 CX=12.0 W=1.00 Loss=0.047396 LR=0.002000 CC=0.750 (31.3s)
[2025-09-15 14:42:14.626] === Training complete ===
