[2025-09-10 16:45:57.408] === EFFECTIVE CONFIGURATION ===
[2025-09-10 16:45:57.408] {
[2025-09-10 16:45:57.408]   "_config_path": ".sweep_tmp/cfg_learning_rate=0p006.json",
[2025-09-10 16:45:57.408]   "_overrides": [],
[2025-09-10 16:45:57.408]   "_raw_config": {
[2025-09-10 16:45:57.408]     "addition_cf_max": 11.0,
[2025-09-10 16:45:57.408]     "addition_cf_min": 2.0,
[2025-09-10 16:45:57.408]     "addition_start_step": 8000,
[2025-09-10 16:45:57.408]     "cf_max_complexity": 7.0,
[2025-09-10 16:45:57.408]     "cf_min_complexity": 2.0,
[2025-09-10 16:45:57.408]     "cf_sd": 1.2,
[2025-09-10 16:45:57.408]     "checkpoint_interval": 5000,
[2025-09-10 16:45:57.408]     "confidence_criterion_start": 0.9,
[2025-09-10 16:45:57.408]     "confidence_floor": 0.75,
[2025-09-10 16:45:57.408]     "counting_fade_rate": 0.00015,
[2025-09-10 16:45:57.408]     "counting_focus_steps": 6000,
[2025-09-10 16:45:57.408]     "cx_sd": 0.9,
[2025-09-10 16:45:57.408]     "gate_freeze_until_step": 3000,
[2025-09-10 16:45:57.408]     "hidden_size": 64,
[2025-09-10 16:45:57.408]     "learning_rate": 0.006,
[2025-09-10 16:45:57.408]     "learning_rate_floor": 0.002,
[2025-09-10 16:45:57.408]     "lr_decay": 0.9999,
[2025-09-10 16:45:57.408]     "outdir": "results",
[2025-09-10 16:45:57.408]     "tf_rate_addition": 5e-05,
[2025-09-10 16:45:57.408]     "tf_rate_counting": 0.0002,
[2025-09-10 16:45:57.408]     "total_steps": 15000
[2025-09-10 16:45:57.408]   },
[2025-09-10 16:45:57.408]   "addition_cf_max": 11.0,
[2025-09-10 16:45:57.408]   "addition_cf_min": 2.0,
[2025-09-10 16:45:57.408]   "addition_start_step": 8000,
[2025-09-10 16:45:57.408]   "cf_max_complexity": 7.0,
[2025-09-10 16:45:57.408]   "cf_min_complexity": 2.0,
[2025-09-10 16:45:57.408]   "cf_sd": 1.2,
[2025-09-10 16:45:57.408]   "cf_variance": 1.5,
[2025-09-10 16:45:57.408]   "checkpoint_interval": 5000,
[2025-09-10 16:45:57.408]   "confidence_criterion_start": 0.9,
[2025-09-10 16:45:57.408]   "confidence_floor": 0.75,
[2025-09-10 16:45:57.408]   "counting_fade_rate": 0.00015,
[2025-09-10 16:45:57.408]   "counting_focus_steps": 6000,
[2025-09-10 16:45:57.408]   "cx_sd": 0.9,
[2025-09-10 16:45:57.408]   "cx_variance": 0.8,
[2025-09-10 16:45:57.408]   "gate_freeze_until_step": 3000,
[2025-09-10 16:45:57.408]   "hidden_size": 64,
[2025-09-10 16:45:57.408]   "learning_rate": 0.006,
[2025-09-10 16:45:57.408]   "learning_rate_floor": 0.002,
[2025-09-10 16:45:57.408]   "lr_decay": 0.9999,
[2025-09-10 16:45:57.408]   "outdir": "results/lrsweep/learning_rate=0.006",
[2025-09-10 16:45:57.408]   "tf_rate": 0.0001,
[2025-09-10 16:45:57.408]   "tf_rate_addition": 5e-05,
[2025-09-10 16:45:57.409]   "tf_rate_counting": 0.0002,
[2025-09-10 16:45:57.409]   "total_steps": 15000
[2025-09-10 16:45:57.409] }
[2025-09-10 16:45:57.409] === Small Math Model (Content-Gated) ===
[2025-09-10 16:45:57.409] Network: 24 -> 64 -> 12
[2025-09-10 16:45:57.409] Training steps: 15000   LR: 0.006
[2025-09-10 16:45:57.409] Gate freeze until: 3000
[2025-09-10 16:45:57.409] Confidence start: 0.9 (floor 0.75)
[2025-09-10 16:45:57.409] === Sanity check ===
[2025-09-10 16:45:57.409] 1 -> ? = 10 (expected 2) - conf:0.000 finger:True
[2025-09-10 16:45:57.409] 3 -> ? = 8 (expected 4) - conf:0.000 finger:True
[2025-09-10 16:45:57.410] 5 -> ? = 8 (expected 6) - conf:0.000 finger:True
[2025-09-10 16:45:57.410] 2 -> 3 = 12 (expected 4) - conf:0.000 finger:True
[2025-09-10 16:45:57.410] 4 -> 5 = 8 (expected 6) - conf:0.000 finger:True
[2025-09-10 16:45:57.411] 1 + 2 = 3 (expected 3) + conf:0.000 finger:True
[2025-09-10 16:45:57.413] 2 + 2 = 4 (expected 4) + conf:0.000 finger:True
[2025-09-10 16:45:57.415] 3 + 4 = 7 (expected 7) + conf:0.000 finger:True
[2025-09-10 16:45:57.416] 4 + 5 = 9 (expected 9) + conf:0.000 finger:True
[2025-09-10 16:45:57.418] 5 + 5 = 10 (expected 10) + conf:0.000 finger:True
[2025-09-10 16:45:57.418] 
[2025-09-10 16:45:57.584] Step  1000: TF=0.100 CF=2.5 CX=2.8 W=1.00 Loss=2.105956 LR=0.005447 CC=0.817 (0.2s)
[2025-09-10 16:45:57.749] Step  2000: TF=0.200 CF=3.0 CX=4.2 W=1.00 Loss=1.556802 LR=0.004929 CC=0.750 (0.3s)
[2025-09-10 16:45:57.921] Step  3000: TF=0.300 CF=3.5 CX=4.1 W=1.00 Loss=1.213283 LR=0.004460 CC=0.750 (0.5s)
[2025-09-10 16:45:58.095] Step  4000: TF=0.400 CF=4.0 CX=4.5 W=1.00 Loss=0.820683 LR=0.004036 CC=0.750 (0.7s)
[2025-09-10 16:45:58.269] Step  5000: TF=0.500 CF=4.5 CX=5.7 W=1.00 Loss=2.423066 LR=0.003651 CC=0.750 (0.9s)
[2025-09-10 16:45:58.438] Step  6000: TF=0.600 CF=5.0 CX=4.7 W=1.00 Loss=1.115024 LR=0.003304 CC=0.750 (1.0s)
[2025-09-10 16:45:58.622] Step  7000: TF=0.700 CF=5.5 CX=4.7 W=1.00 Loss=0.922223 LR=0.002990 CC=0.750 (1.2s)
[2025-09-10 16:45:58.802] Step  8000: TF=0.800 CF=6.0 CX=5.1 W=1.00 Loss=0.139347 LR=0.002705 CC=0.750 (1.4s)
[2025-09-10 16:45:59.061] Step  9000: TF=0.900 CF=10.1 CX=10.0 W=0.29 Loss=0.091976 LR=0.002448 CC=0.750 (1.6s)
[2025-09-10 16:45:59.445] Step 10000: TF=1.000 CF=11.0 CX=10.4 W=0.57 Loss=0.013387 LR=0.002215 CC=0.750 (2.0s)
[2025-09-10 16:45:59.949] Step 11000: TF=1.000 CF=7.0 CX=6.0 W=0.55 Loss=0.115525 LR=0.002004 CC=0.750 (2.5s)
[2025-09-10 16:46:00.457] Step 12000: TF=1.000 CF=7.0 CX=8.4 W=0.40 Loss=0.206672 LR=0.002000 CC=0.750 (3.0s)
[2025-09-10 16:46:01.025] Step 13000: TF=1.000 CF=11.0 CX=11.3 W=1.00 Loss=0.148269 LR=0.002000 CC=0.750 (3.6s)
[2025-09-10 16:46:01.632] Step 14000: TF=1.000 CF=11.0 CX=11.5 W=1.00 Loss=1.524664 LR=0.002000 CC=0.750 (4.2s)
[2025-09-10 16:46:02.249] Step 15000: TF=1.000 CF=11.0 CX=11.4 W=1.00 Loss=0.007519 LR=0.002000 CC=0.750 (4.8s)
[2025-09-10 16:46:02.249] === Training complete ===
