[2025-09-09 21:27:29.746] === EFFECTIVE CONFIGURATION ===
[2025-09-09 21:27:29.746] {
[2025-09-09 21:27:29.746]   "_config_path": ".sweep_tmp/cfg_addition_start_step=7000.json",
[2025-09-09 21:27:29.746]   "_overrides": [],
[2025-09-09 21:27:29.746]   "_raw_config": {
[2025-09-09 21:27:29.746]     "addition_cf_max": 10.0,
[2025-09-09 21:27:29.746]     "addition_cf_min": 2.0,
[2025-09-09 21:27:29.747]     "addition_start_step": 7000,
[2025-09-09 21:27:29.747]     "cf_max_complexity": 6.0,
[2025-09-09 21:27:29.747]     "cf_min_complexity": 2.0,
[2025-09-09 21:27:29.747]     "cf_variance": 1.5,
[2025-09-09 21:27:29.747]     "checkpoint_interval": 10000,
[2025-09-09 21:27:29.747]     "confidence_criterion_start": 0.9,
[2025-09-09 21:27:29.747]     "confidence_floor": 0.75,
[2025-09-09 21:27:29.747]     "counting_fade_rate": 0.0001,
[2025-09-09 21:27:29.747]     "counting_focus_steps": 6000,
[2025-09-09 21:27:29.747]     "cx_variance": 0.8,
[2025-09-09 21:27:29.747]     "gate_freeze_until_step": 3000,
[2025-09-09 21:27:29.747]     "hidden_size": 64,
[2025-09-09 21:27:29.747]     "learning_rate": 0.005,
[2025-09-09 21:27:29.747]     "learning_rate_floor": 0.002,
[2025-09-09 21:27:29.747]     "lr_decay": 0.9999,
[2025-09-09 21:27:29.747]     "outdir": "results_longrun_50k",
[2025-09-09 21:27:29.747]     "tf_rate_addition": 0.0001,
[2025-09-09 21:27:29.747]     "tf_rate_counting": 0.0001,
[2025-09-09 21:27:29.747]     "total_steps": 50000
[2025-09-09 21:27:29.747]   },
[2025-09-09 21:27:29.747]   "addition_cf_max": 10.0,
[2025-09-09 21:27:29.747]   "addition_cf_min": 2.0,
[2025-09-09 21:27:29.747]   "addition_start_step": 7000,
[2025-09-09 21:27:29.747]   "cf_max_complexity": 6.0,
[2025-09-09 21:27:29.747]   "cf_min_complexity": 2.0,
[2025-09-09 21:27:29.747]   "cf_variance": 1.5,
[2025-09-09 21:27:29.747]   "checkpoint_interval": 10000,
[2025-09-09 21:27:29.747]   "confidence_criterion_start": 0.9,
[2025-09-09 21:27:29.747]   "confidence_floor": 0.75,
[2025-09-09 21:27:29.747]   "counting_fade_rate": 0.0001,
[2025-09-09 21:27:29.747]   "counting_focus_steps": 6000,
[2025-09-09 21:27:29.747]   "cx_variance": 0.8,
[2025-09-09 21:27:29.747]   "gate_freeze_until_step": 3000,
[2025-09-09 21:27:29.747]   "hidden_size": 64,
[2025-09-09 21:27:29.747]   "learning_rate": 0.005,
[2025-09-09 21:27:29.747]   "learning_rate_floor": 0.002,
[2025-09-09 21:27:29.747]   "lr_decay": 0.9999,
[2025-09-09 21:27:29.747]   "outdir": "results/addstart_sweep/addition_start_step=7000",
[2025-09-09 21:27:29.747]   "tf_rate": 0.0001,
[2025-09-09 21:27:29.747]   "tf_rate_addition": 0.0001,
[2025-09-09 21:27:29.747]   "tf_rate_counting": 0.0001,
[2025-09-09 21:27:29.747]   "total_steps": 50000
[2025-09-09 21:27:29.747] }
[2025-09-09 21:27:29.748] === Small Math Model (Content-Gated) ===
[2025-09-09 21:27:29.748] Network: 24 -> 64 -> 12
[2025-09-09 21:27:29.748] Training steps: 50000   LR: 0.005
[2025-09-09 21:27:29.748] Gate freeze until: 3000
[2025-09-09 21:27:29.748] Confidence start: 0.9 (floor 0.75)
[2025-09-09 21:27:29.748] === Sanity check ===
[2025-09-09 21:27:29.748] 1 -> ? = 10 (expected 2) - conf:0.000 finger:True
[2025-09-09 21:27:29.748] 3 -> ? = 8 (expected 4) - conf:0.000 finger:True
[2025-09-09 21:27:29.748] 5 -> ? = 8 (expected 6) - conf:0.000 finger:True
[2025-09-09 21:27:29.749] 2 -> 3 = 12 (expected 4) - conf:0.000 finger:True
[2025-09-09 21:27:29.749] 4 -> 5 = 8 (expected 6) - conf:0.000 finger:True
[2025-09-09 21:27:29.750] 1 + 2 = 3 (expected 3) + conf:0.000 finger:True
[2025-09-09 21:27:29.752] 2 + 2 = 4 (expected 4) + conf:0.000 finger:True
[2025-09-09 21:27:29.754] 3 + 4 = 7 (expected 7) + conf:0.000 finger:True
[2025-09-09 21:27:29.756] 4 + 5 = 9 (expected 9) + conf:0.000 finger:True
[2025-09-09 21:27:29.758] 5 + 5 = 10 (expected 10) + conf:0.000 finger:True
[2025-09-09 21:27:29.758] 
[2025-09-09 21:27:29.955] Step  1000: TF=0.100 CF=2.4 CX=2.0 W=1.00 Loss=1.116562 LR=0.004540 CC=0.817 (0.2s)
[2025-09-09 21:27:30.132] Step  2000: TF=0.200 CF=2.8 CX=2.0 W=1.00 Loss=0.547255 LR=0.004108 CC=0.750 (0.4s)
[2025-09-09 21:27:30.302] Step  3000: TF=0.300 CF=3.2 CX=2.0 W=1.00 Loss=1.824989 LR=0.003717 CC=0.750 (0.5s)
[2025-09-09 21:27:30.475] Step  4000: TF=0.400 CF=3.6 CX=2.7 W=1.00 Loss=2.347746 LR=0.003363 CC=0.750 (0.7s)
[2025-09-09 21:27:30.651] Step  5000: TF=0.500 CF=4.0 CX=5.7 W=1.00 Loss=3.583153 LR=0.003043 CC=0.750 (0.9s)
[2025-09-09 21:27:30.825] Step  6000: TF=0.600 CF=4.4 CX=4.7 W=1.00 Loss=1.351749 LR=0.002753 CC=0.750 (1.1s)
[2025-09-09 21:27:30.996] Step  7000: TF=0.700 CF=4.8 CX=5.5 W=1.00 Loss=0.981493 LR=0.002491 CC=0.750 (1.2s)
[2025-09-09 21:27:31.217] Step  8000: TF=0.800 CF=5.2 CX=4.5 W=0.90 Loss=0.780033 LR=0.002254 CC=0.750 (1.5s)
[2025-09-09 21:27:31.536] Step  9000: TF=0.900 CF=5.6 CX=6.6 W=0.80 Loss=0.778534 LR=0.002040 CC=0.750 (1.8s)
[2025-09-09 21:27:31.924] Step 10000: TF=1.000 CF=10.0 CX=10.0 W=0.14 Loss=2.579899 LR=0.002000 CC=0.750 (2.2s)
[2025-09-09 21:27:32.448] Step 11000: TF=1.000 CF=6.0 CX=5.2 W=0.60 Loss=0.222962 LR=0.002000 CC=0.750 (2.7s)
[2025-09-09 21:27:33.281] Step 12000: TF=1.000 CF=6.0 CX=4.6 W=0.50 Loss=0.077429 LR=0.002000 CC=0.750 (3.5s)
[2025-09-09 21:27:34.068] Step 13000: TF=1.000 CF=6.0 CX=5.7 W=0.40 Loss=0.020275 LR=0.002000 CC=0.750 (4.3s)
[2025-09-09 21:27:34.946] Step 14000: TF=1.000 CF=10.0 CX=11.6 W=0.33 Loss=7.168328 LR=0.002000 CC=0.750 (5.2s)
[2025-09-09 21:27:35.722] Step 15000: TF=1.000 CF=10.0 CX=9.7 W=0.37 Loss=0.366540 LR=0.002000 CC=0.750 (6.0s)
[2025-09-09 21:27:36.511] Step 16000: TF=1.000 CF=10.0 CX=10.1 W=0.42 Loss=0.068045 LR=0.002000 CC=0.750 (6.8s)
[2025-09-09 21:27:37.158] Step 17000: TF=1.000 CF=6.0 CX=6.8 W=0.20 Loss=0.045134 LR=0.002000 CC=0.750 (7.4s)
[2025-09-09 21:27:37.669] Step 18000: TF=1.000 CF=10.0 CX=10.1 W=0.51 Loss=0.030326 LR=0.002000 CC=0.750 (7.9s)
[2025-09-09 21:27:38.055] Step 19000: TF=1.000 CF=6.0 CX=5.5 W=0.20 Loss=0.050767 LR=0.002000 CC=0.750 (8.3s)
[2025-09-09 21:27:38.423] Step 20000: TF=1.000 CF=10.0 CX=10.4 W=0.60 Loss=0.016640 LR=0.002000 CC=0.750 (8.7s)
[2025-09-09 21:27:38.773] Step 21000: TF=1.000 CF=10.0 CX=9.6 W=0.65 Loss=0.091546 LR=0.002000 CC=0.750 (9.0s)
[2025-09-09 21:27:39.148] Step 22000: TF=1.000 CF=10.0 CX=9.7 W=0.70 Loss=0.055833 LR=0.002000 CC=0.750 (9.4s)
[2025-09-09 21:27:39.534] Step 23000: TF=1.000 CF=10.0 CX=10.0 W=0.74 Loss=0.009832 LR=0.002000 CC=0.750 (9.8s)
[2025-09-09 21:27:39.903] Step 24000: TF=1.000 CF=10.0 CX=10.1 W=0.79 Loss=0.007587 LR=0.002000 CC=0.750 (10.1s)
[2025-09-09 21:27:40.284] Step 25000: TF=1.000 CF=10.0 CX=10.0 W=0.84 Loss=0.023364 LR=0.002000 CC=0.750 (10.5s)
[2025-09-09 21:27:40.669] Step 26000: TF=1.000 CF=10.0 CX=9.7 W=0.88 Loss=0.030816 LR=0.002000 CC=0.750 (10.9s)
[2025-09-09 21:27:41.062] Step 27000: TF=1.000 CF=6.0 CX=6.9 W=0.20 Loss=0.006209 LR=0.002000 CC=0.750 (11.3s)
[2025-09-09 21:27:41.485] Step 28000: TF=1.000 CF=10.0 CX=10.0 W=0.98 Loss=0.003441 LR=0.002000 CC=0.750 (11.7s)
[2025-09-09 21:27:41.885] Step 29000: TF=1.000 CF=10.0 CX=8.9 W=1.00 Loss=0.028176 LR=0.002000 CC=0.750 (12.1s)
[2025-09-09 21:27:42.252] Step 30000: TF=1.000 CF=10.0 CX=10.6 W=1.00 Loss=0.003517 LR=0.002000 CC=0.750 (12.5s)
[2025-09-09 21:27:42.628] Step 31000: TF=1.000 CF=10.0 CX=9.6 W=1.00 Loss=0.017149 LR=0.002000 CC=0.750 (12.9s)
[2025-09-09 21:27:43.045] Step 32000: TF=1.000 CF=10.0 CX=10.1 W=1.00 Loss=0.002433 LR=0.002000 CC=0.750 (13.3s)
[2025-09-09 21:27:43.444] Step 33000: TF=1.000 CF=6.0 CX=5.9 W=0.20 Loss=0.010386 LR=0.002000 CC=0.750 (13.7s)
[2025-09-09 21:27:43.824] Step 34000: TF=1.000 CF=10.0 CX=10.6 W=1.00 Loss=0.002060 LR=0.002000 CC=0.750 (14.1s)
[2025-09-09 21:27:44.220] Step 35000: TF=1.000 CF=10.0 CX=10.8 W=1.00 Loss=0.002102 LR=0.002000 CC=0.750 (14.5s)
[2025-09-09 21:27:44.546] Step 36000: TF=1.000 CF=10.0 CX=10.2 W=1.00 Loss=0.001481 LR=0.002000 CC=0.750 (14.8s)
[2025-09-09 21:27:44.895] Step 37000: TF=1.000 CF=10.0 CX=10.3 W=1.00 Loss=0.001660 LR=0.002000 CC=0.750 (15.1s)
[2025-09-09 21:27:45.234] Step 38000: TF=1.000 CF=10.0 CX=10.4 W=1.00 Loss=0.001442 LR=0.002000 CC=0.750 (15.5s)
[2025-09-09 21:27:45.520] Step 39000: TF=1.000 CF=10.0 CX=10.5 W=1.00 Loss=0.001135 LR=0.002000 CC=0.750 (15.8s)
[2025-09-09 21:27:45.823] Step 40000: TF=1.000 CF=10.0 CX=8.8 W=1.00 Loss=0.009053 LR=0.002000 CC=0.750 (16.1s)
[2025-09-09 21:27:46.096] Step 41000: TF=1.000 CF=10.0 CX=9.0 W=1.00 Loss=0.057151 LR=0.002000 CC=0.750 (16.3s)
[2025-09-09 21:27:46.387] Step 42000: TF=1.000 CF=10.0 CX=9.7 W=1.00 Loss=0.001023 LR=0.002000 CC=0.750 (16.6s)
[2025-09-09 21:27:46.712] Step 43000: TF=1.000 CF=10.0 CX=8.4 W=1.00 Loss=0.049319 LR=0.002000 CC=0.750 (17.0s)
[2025-09-09 21:27:47.033] Step 44000: TF=1.000 CF=10.0 CX=10.5 W=1.00 Loss=0.001099 LR=0.002000 CC=0.750 (17.3s)
[2025-09-09 21:27:47.310] Step 45000: TF=1.000 CF=10.0 CX=9.9 W=1.00 Loss=0.005725 LR=0.002000 CC=0.750 (17.6s)
[2025-09-09 21:27:47.618] Step 46000: TF=1.000 CF=6.0 CX=5.3 W=0.20 Loss=0.008323 LR=0.002000 CC=0.750 (17.9s)
[2025-09-09 21:27:47.897] Step 47000: TF=1.000 CF=10.0 CX=11.4 W=1.00 Loss=0.088509 LR=0.002000 CC=0.750 (18.1s)
[2025-09-09 21:27:48.167] Step 48000: TF=1.000 CF=10.0 CX=9.9 W=1.00 Loss=0.000680 LR=0.002000 CC=0.750 (18.4s)
[2025-09-09 21:27:48.441] Step 49000: TF=1.000 CF=10.0 CX=9.3 W=1.00 Loss=0.005474 LR=0.002000 CC=0.750 (18.7s)
[2025-09-09 21:27:48.723] Step 50000: TF=1.000 CF=10.0 CX=9.4 W=1.00 Loss=0.003142 LR=0.002000 CC=0.750 (19.0s)
[2025-09-09 21:27:48.723] === Training complete ===
