[2025-09-10 16:45:33.391] === EFFECTIVE CONFIGURATION ===
[2025-09-10 16:45:33.391] {
[2025-09-10 16:45:33.391]   "_config_path": ".sweep_tmp/cfg_learning_rate=0p003.json",
[2025-09-10 16:45:33.391]   "_overrides": [],
[2025-09-10 16:45:33.391]   "_raw_config": {
[2025-09-10 16:45:33.391]     "addition_cf_max": 11.0,
[2025-09-10 16:45:33.391]     "addition_cf_min": 2.0,
[2025-09-10 16:45:33.391]     "addition_start_step": 8000,
[2025-09-10 16:45:33.391]     "cf_max_complexity": 7.0,
[2025-09-10 16:45:33.391]     "cf_min_complexity": 2.0,
[2025-09-10 16:45:33.391]     "cf_sd": 1.2,
[2025-09-10 16:45:33.391]     "checkpoint_interval": 5000,
[2025-09-10 16:45:33.391]     "confidence_criterion_start": 0.9,
[2025-09-10 16:45:33.391]     "confidence_floor": 0.75,
[2025-09-10 16:45:33.391]     "counting_fade_rate": 0.00015,
[2025-09-10 16:45:33.391]     "counting_focus_steps": 6000,
[2025-09-10 16:45:33.391]     "cx_sd": 0.9,
[2025-09-10 16:45:33.391]     "gate_freeze_until_step": 3000,
[2025-09-10 16:45:33.391]     "hidden_size": 64,
[2025-09-10 16:45:33.391]     "learning_rate": 0.003,
[2025-09-10 16:45:33.391]     "learning_rate_floor": 0.002,
[2025-09-10 16:45:33.391]     "lr_decay": 0.9999,
[2025-09-10 16:45:33.391]     "outdir": "results",
[2025-09-10 16:45:33.391]     "tf_rate_addition": 5e-05,
[2025-09-10 16:45:33.391]     "tf_rate_counting": 0.0002,
[2025-09-10 16:45:33.391]     "total_steps": 15000
[2025-09-10 16:45:33.391]   },
[2025-09-10 16:45:33.391]   "addition_cf_max": 11.0,
[2025-09-10 16:45:33.391]   "addition_cf_min": 2.0,
[2025-09-10 16:45:33.391]   "addition_start_step": 8000,
[2025-09-10 16:45:33.391]   "cf_max_complexity": 7.0,
[2025-09-10 16:45:33.391]   "cf_min_complexity": 2.0,
[2025-09-10 16:45:33.391]   "cf_sd": 1.2,
[2025-09-10 16:45:33.392]   "cf_variance": 1.5,
[2025-09-10 16:45:33.392]   "checkpoint_interval": 5000,
[2025-09-10 16:45:33.392]   "confidence_criterion_start": 0.9,
[2025-09-10 16:45:33.392]   "confidence_floor": 0.75,
[2025-09-10 16:45:33.392]   "counting_fade_rate": 0.00015,
[2025-09-10 16:45:33.392]   "counting_focus_steps": 6000,
[2025-09-10 16:45:33.392]   "cx_sd": 0.9,
[2025-09-10 16:45:33.392]   "cx_variance": 0.8,
[2025-09-10 16:45:33.392]   "gate_freeze_until_step": 3000,
[2025-09-10 16:45:33.392]   "hidden_size": 64,
[2025-09-10 16:45:33.392]   "learning_rate": 0.003,
[2025-09-10 16:45:33.392]   "learning_rate_floor": 0.002,
[2025-09-10 16:45:33.392]   "lr_decay": 0.9999,
[2025-09-10 16:45:33.392]   "outdir": "results/lrsweep/learning_rate=0.003",
[2025-09-10 16:45:33.392]   "tf_rate": 0.0001,
[2025-09-10 16:45:33.392]   "tf_rate_addition": 5e-05,
[2025-09-10 16:45:33.392]   "tf_rate_counting": 0.0002,
[2025-09-10 16:45:33.392]   "total_steps": 15000
[2025-09-10 16:45:33.392] }
[2025-09-10 16:45:33.392] === Small Math Model (Content-Gated) ===
[2025-09-10 16:45:33.392] Network: 24 -> 64 -> 12
[2025-09-10 16:45:33.392] Training steps: 15000   LR: 0.003
[2025-09-10 16:45:33.392] Gate freeze until: 3000
[2025-09-10 16:45:33.392] Confidence start: 0.9 (floor 0.75)
[2025-09-10 16:45:33.392] === Sanity check ===
[2025-09-10 16:45:33.393] 1 -> ? = 10 (expected 2) - conf:0.000 finger:True
[2025-09-10 16:45:33.393] 3 -> ? = 8 (expected 4) - conf:0.000 finger:True
[2025-09-10 16:45:33.393] 5 -> ? = 8 (expected 6) - conf:0.000 finger:True
[2025-09-10 16:45:33.393] 2 -> 3 = 12 (expected 4) - conf:0.000 finger:True
[2025-09-10 16:45:33.393] 4 -> 5 = 8 (expected 6) - conf:0.000 finger:True
[2025-09-10 16:45:33.394] 1 + 2 = 3 (expected 3) + conf:0.000 finger:True
[2025-09-10 16:45:33.395] 2 + 2 = 4 (expected 4) + conf:0.000 finger:True
[2025-09-10 16:45:33.397] 3 + 4 = 7 (expected 7) + conf:0.000 finger:True
[2025-09-10 16:45:33.399] 4 + 5 = 9 (expected 9) + conf:0.000 finger:True
[2025-09-10 16:45:33.401] 5 + 5 = 10 (expected 10) + conf:0.000 finger:True
[2025-09-10 16:45:33.401] 
[2025-09-10 16:45:33.567] Step  1000: TF=0.100 CF=2.5 CX=2.0 W=1.00 Loss=2.382338 LR=0.002724 CC=0.817 (0.2s)
[2025-09-10 16:45:33.734] Step  2000: TF=0.200 CF=3.0 CX=2.0 W=1.00 Loss=0.726191 LR=0.002465 CC=0.750 (0.3s)
[2025-09-10 16:45:33.901] Step  3000: TF=0.300 CF=3.5 CX=3.1 W=1.00 Loss=1.196159 LR=0.002230 CC=0.750 (0.5s)
[2025-09-10 16:45:34.073] Step  4000: TF=0.400 CF=4.0 CX=3.7 W=1.00 Loss=1.086912 LR=0.002018 CC=0.750 (0.7s)
[2025-09-10 16:45:34.242] Step  5000: TF=0.500 CF=4.5 CX=3.9 W=1.00 Loss=0.893671 LR=0.002000 CC=0.750 (0.8s)
[2025-09-10 16:45:34.412] Step  6000: TF=0.600 CF=5.0 CX=4.2 W=1.00 Loss=0.975130 LR=0.002000 CC=0.750 (1.0s)
[2025-09-10 16:45:34.587] Step  7000: TF=0.700 CF=5.5 CX=4.9 W=1.00 Loss=1.868454 LR=0.002000 CC=0.750 (1.2s)
[2025-09-10 16:45:34.757] Step  8000: TF=0.800 CF=6.0 CX=6.2 W=1.00 Loss=0.653654 LR=0.002000 CC=0.750 (1.4s)
[2025-09-10 16:45:35.153] Step  9000: TF=0.900 CF=6.5 CX=5.3 W=0.85 Loss=1.815810 LR=0.002000 CC=0.750 (1.8s)
[2025-09-10 16:45:35.917] Step 10000: TF=1.000 CF=7.0 CX=5.6 W=0.70 Loss=2.008189 LR=0.002000 CC=0.750 (2.5s)
[2025-09-10 16:45:36.954] Step 11000: TF=1.000 CF=11.0 CX=9.6 W=0.86 Loss=1.149775 LR=0.002000 CC=0.750 (3.6s)
[2025-09-10 16:45:38.099] Step 12000: TF=1.000 CF=11.0 CX=10.3 W=1.00 Loss=0.430810 LR=0.002000 CC=0.750 (4.7s)
[2025-09-10 16:45:39.398] Step 13000: TF=1.000 CF=11.0 CX=11.9 W=1.00 Loss=2.208133 LR=0.002000 CC=0.750 (6.0s)
[2025-09-10 16:45:40.696] Step 14000: TF=1.000 CF=11.0 CX=12.0 W=1.00 Loss=1.175167 LR=0.002000 CC=0.750 (7.3s)
[2025-09-10 16:45:41.448] Step 15000: TF=1.000 CF=11.0 CX=12.0 W=1.00 Loss=0.728743 LR=0.002000 CC=0.750 (8.0s)
[2025-09-10 16:45:41.448] === Training complete ===
