[2025-09-09 21:28:25.995] === EFFECTIVE CONFIGURATION ===
[2025-09-09 21:28:25.995] {
[2025-09-09 21:28:25.995]   "_config_path": ".sweep_tmp/cfg_addition_start_step=10000.json",
[2025-09-09 21:28:25.995]   "_overrides": [],
[2025-09-09 21:28:25.995]   "_raw_config": {
[2025-09-09 21:28:25.995]     "addition_cf_max": 10.0,
[2025-09-09 21:28:25.995]     "addition_cf_min": 2.0,
[2025-09-09 21:28:25.995]     "addition_start_step": 10000,
[2025-09-09 21:28:25.995]     "cf_max_complexity": 6.0,
[2025-09-09 21:28:25.995]     "cf_min_complexity": 2.0,
[2025-09-09 21:28:25.995]     "cf_variance": 1.5,
[2025-09-09 21:28:25.995]     "checkpoint_interval": 10000,
[2025-09-09 21:28:25.995]     "confidence_criterion_start": 0.9,
[2025-09-09 21:28:25.995]     "confidence_floor": 0.75,
[2025-09-09 21:28:25.995]     "counting_fade_rate": 0.0001,
[2025-09-09 21:28:25.995]     "counting_focus_steps": 6000,
[2025-09-09 21:28:25.995]     "cx_variance": 0.8,
[2025-09-09 21:28:25.995]     "gate_freeze_until_step": 3000,
[2025-09-09 21:28:25.995]     "hidden_size": 64,
[2025-09-09 21:28:25.995]     "learning_rate": 0.005,
[2025-09-09 21:28:25.995]     "learning_rate_floor": 0.002,
[2025-09-09 21:28:25.995]     "lr_decay": 0.9999,
[2025-09-09 21:28:25.995]     "outdir": "results_longrun_50k",
[2025-09-09 21:28:25.995]     "tf_rate_addition": 0.0001,
[2025-09-09 21:28:25.995]     "tf_rate_counting": 0.0001,
[2025-09-09 21:28:25.995]     "total_steps": 50000
[2025-09-09 21:28:25.995]   },
[2025-09-09 21:28:25.995]   "addition_cf_max": 10.0,
[2025-09-09 21:28:25.995]   "addition_cf_min": 2.0,
[2025-09-09 21:28:25.995]   "addition_start_step": 10000,
[2025-09-09 21:28:25.995]   "cf_max_complexity": 6.0,
[2025-09-09 21:28:25.995]   "cf_min_complexity": 2.0,
[2025-09-09 21:28:25.995]   "cf_variance": 1.5,
[2025-09-09 21:28:25.995]   "checkpoint_interval": 10000,
[2025-09-09 21:28:25.995]   "confidence_criterion_start": 0.9,
[2025-09-09 21:28:25.995]   "confidence_floor": 0.75,
[2025-09-09 21:28:25.995]   "counting_fade_rate": 0.0001,
[2025-09-09 21:28:25.995]   "counting_focus_steps": 6000,
[2025-09-09 21:28:25.995]   "cx_variance": 0.8,
[2025-09-09 21:28:25.995]   "gate_freeze_until_step": 3000,
[2025-09-09 21:28:25.995]   "hidden_size": 64,
[2025-09-09 21:28:25.995]   "learning_rate": 0.005,
[2025-09-09 21:28:25.995]   "learning_rate_floor": 0.002,
[2025-09-09 21:28:25.995]   "lr_decay": 0.9999,
[2025-09-09 21:28:25.995]   "outdir": "results/addstart_sweep/addition_start_step=10000",
[2025-09-09 21:28:25.995]   "tf_rate": 0.0001,
[2025-09-09 21:28:25.995]   "tf_rate_addition": 0.0001,
[2025-09-09 21:28:25.995]   "tf_rate_counting": 0.0001,
[2025-09-09 21:28:25.995]   "total_steps": 50000
[2025-09-09 21:28:25.995] }
[2025-09-09 21:28:25.996] === Small Math Model (Content-Gated) ===
[2025-09-09 21:28:25.996] Network: 24 -> 64 -> 12
[2025-09-09 21:28:25.996] Training steps: 50000   LR: 0.005
[2025-09-09 21:28:25.996] Gate freeze until: 3000
[2025-09-09 21:28:25.996] Confidence start: 0.9 (floor 0.75)
[2025-09-09 21:28:25.996] === Sanity check ===
[2025-09-09 21:28:25.996] 1 -> ? = 10 (expected 2) - conf:0.000 finger:True
[2025-09-09 21:28:25.996] 3 -> ? = 8 (expected 4) - conf:0.000 finger:True
[2025-09-09 21:28:25.996] 5 -> ? = 8 (expected 6) - conf:0.000 finger:True
[2025-09-09 21:28:25.997] 2 -> 3 = 12 (expected 4) - conf:0.000 finger:True
[2025-09-09 21:28:25.997] 4 -> 5 = 8 (expected 6) - conf:0.000 finger:True
[2025-09-09 21:28:25.998] 1 + 2 = 3 (expected 3) + conf:0.000 finger:True
[2025-09-09 21:28:25.999] 2 + 2 = 4 (expected 4) + conf:0.000 finger:True
[2025-09-09 21:28:26.001] 3 + 4 = 7 (expected 7) + conf:0.000 finger:True
[2025-09-09 21:28:26.003] 4 + 5 = 9 (expected 9) + conf:0.000 finger:True
[2025-09-09 21:28:26.005] 5 + 5 = 10 (expected 10) + conf:0.000 finger:True
[2025-09-09 21:28:26.005] 
[2025-09-09 21:28:26.170] Step  1000: TF=0.100 CF=2.4 CX=2.0 W=1.00 Loss=0.887837 LR=0.004540 CC=0.817 (0.2s)
[2025-09-09 21:28:26.334] Step  2000: TF=0.200 CF=2.8 CX=3.2 W=1.00 Loss=0.513707 LR=0.004108 CC=0.750 (0.3s)
[2025-09-09 21:28:26.496] Step  3000: TF=0.300 CF=3.2 CX=3.6 W=1.00 Loss=0.737117 LR=0.003717 CC=0.750 (0.5s)
[2025-09-09 21:28:26.662] Step  4000: TF=0.400 CF=3.6 CX=2.0 W=1.00 Loss=2.581380 LR=0.003363 CC=0.750 (0.7s)
[2025-09-09 21:28:26.830] Step  5000: TF=0.500 CF=4.0 CX=3.7 W=1.00 Loss=1.073835 LR=0.003043 CC=0.750 (0.8s)
[2025-09-09 21:28:26.999] Step  6000: TF=0.600 CF=4.4 CX=3.5 W=1.00 Loss=1.811709 LR=0.002753 CC=0.750 (1.0s)
[2025-09-09 21:28:27.271] Step  7000: TF=0.700 CF=4.8 CX=5.5 W=1.00 Loss=1.006911 LR=0.002491 CC=0.750 (1.3s)
[2025-09-09 21:28:27.483] Step  8000: TF=0.800 CF=5.2 CX=6.6 W=1.00 Loss=0.932600 LR=0.002254 CC=0.750 (1.5s)
[2025-09-09 21:28:27.669] Step  9000: TF=0.900 CF=5.6 CX=5.3 W=1.00 Loss=1.024412 LR=0.002040 CC=0.750 (1.7s)
[2025-09-09 21:28:27.843] Step 10000: TF=1.000 CF=6.0 CX=6.7 W=1.00 Loss=0.491693 LR=0.002000 CC=0.750 (1.8s)
[2025-09-09 21:28:28.021] Step 11000: TF=1.000 CF=6.0 CX=5.3 W=0.90 Loss=1.104818 LR=0.002000 CC=0.750 (2.0s)
[2025-09-09 21:28:28.208] Step 12000: TF=1.000 CF=6.0 CX=6.2 W=0.80 Loss=0.067585 LR=0.002000 CC=0.750 (2.2s)
[2025-09-09 21:28:28.432] Step 13000: TF=1.000 CF=10.0 CX=10.7 W=0.15 Loss=0.006460 LR=0.002000 CC=0.750 (2.4s)
[2025-09-09 21:28:28.664] Step 14000: TF=1.000 CF=10.0 CX=10.9 W=0.20 Loss=0.002269 LR=0.002000 CC=0.750 (2.7s)
[2025-09-09 21:28:28.915] Step 15000: TF=1.000 CF=10.0 CX=10.1 W=0.25 Loss=0.001609 LR=0.002000 CC=0.750 (2.9s)
[2025-09-09 21:28:29.184] Step 16000: TF=1.000 CF=10.0 CX=9.8 W=0.30 Loss=0.023226 LR=0.002000 CC=0.750 (3.2s)
[2025-09-09 21:28:29.483] Step 17000: TF=1.000 CF=6.0 CX=6.5 W=0.30 Loss=0.036515 LR=0.002000 CC=0.750 (3.5s)
[2025-09-09 21:28:29.792] Step 18000: TF=1.000 CF=10.0 CX=10.0 W=0.40 Loss=0.005533 LR=0.002000 CC=0.750 (3.8s)
[2025-09-09 21:28:30.157] Step 19000: TF=1.000 CF=6.0 CX=6.0 W=0.20 Loss=0.033520 LR=0.002000 CC=0.750 (4.2s)
[2025-09-09 21:28:30.504] Step 20000: TF=1.000 CF=10.0 CX=8.9 W=0.50 Loss=1.504170 LR=0.002000 CC=0.750 (4.5s)
[2025-09-09 21:28:30.903] Step 21000: TF=1.000 CF=6.0 CX=7.2 W=0.20 Loss=0.198464 LR=0.002000 CC=0.750 (4.9s)
[2025-09-09 21:28:31.243] Step 22000: TF=1.000 CF=10.0 CX=10.4 W=0.60 Loss=0.005183 LR=0.002000 CC=0.750 (5.2s)
[2025-09-09 21:28:31.581] Step 23000: TF=1.000 CF=10.0 CX=9.1 W=0.65 Loss=0.002055 LR=0.002000 CC=0.750 (5.6s)
[2025-09-09 21:28:31.955] Step 24000: TF=1.000 CF=10.0 CX=10.2 W=0.70 Loss=0.005222 LR=0.002000 CC=0.750 (5.9s)
[2025-09-09 21:28:32.310] Step 25000: TF=1.000 CF=10.0 CX=9.8 W=0.75 Loss=0.011671 LR=0.002000 CC=0.750 (6.3s)
[2025-09-09 21:28:32.689] Step 26000: TF=1.000 CF=10.0 CX=8.8 W=0.80 Loss=1.277971 LR=0.002000 CC=0.750 (6.7s)
[2025-09-09 21:28:33.032] Step 27000: TF=1.000 CF=10.0 CX=9.5 W=0.85 Loss=0.009137 LR=0.002000 CC=0.750 (7.0s)
[2025-09-09 21:28:33.397] Step 28000: TF=1.000 CF=10.0 CX=9.6 W=0.90 Loss=0.000904 LR=0.002000 CC=0.750 (7.4s)
[2025-09-09 21:28:33.755] Step 29000: TF=1.000 CF=10.0 CX=9.8 W=0.95 Loss=0.000722 LR=0.002000 CC=0.750 (7.8s)
[2025-09-09 21:28:34.114] Step 30000: TF=1.000 CF=10.0 CX=9.8 W=1.00 Loss=0.006138 LR=0.002000 CC=0.750 (8.1s)
[2025-09-09 21:28:34.489] Step 31000: TF=1.000 CF=10.0 CX=9.7 W=1.00 Loss=0.004960 LR=0.002000 CC=0.750 (8.5s)
[2025-09-09 21:28:34.844] Step 32000: TF=1.000 CF=10.0 CX=12.0 W=1.00 Loss=0.603078 LR=0.002000 CC=0.750 (8.8s)
[2025-09-09 21:28:35.200] Step 33000: TF=1.000 CF=10.0 CX=9.3 W=1.00 Loss=0.000160 LR=0.002000 CC=0.750 (9.2s)
[2025-09-09 21:28:35.595] Step 34000: TF=1.000 CF=10.0 CX=8.9 W=1.00 Loss=0.290350 LR=0.002000 CC=0.750 (9.6s)
[2025-09-09 21:28:35.942] Step 35000: TF=1.000 CF=10.0 CX=9.5 W=1.00 Loss=0.000082 LR=0.002000 CC=0.750 (9.9s)
[2025-09-09 21:28:36.286] Step 36000: TF=1.000 CF=10.0 CX=10.1 W=1.00 Loss=0.000102 LR=0.002000 CC=0.750 (10.3s)
[2025-09-09 21:28:36.648] Step 37000: TF=1.000 CF=10.0 CX=8.7 W=1.00 Loss=0.178379 LR=0.002000 CC=0.750 (10.6s)
[2025-09-09 21:28:36.979] Step 38000: TF=1.000 CF=10.0 CX=8.7 W=1.00 Loss=0.355855 LR=0.002000 CC=0.750 (11.0s)
[2025-09-09 21:28:37.316] Step 39000: TF=1.000 CF=10.0 CX=10.0 W=1.00 Loss=0.000045 LR=0.002000 CC=0.750 (11.3s)
[2025-09-09 21:28:37.635] Step 40000: TF=1.000 CF=10.0 CX=10.6 W=1.00 Loss=0.000067 LR=0.002000 CC=0.750 (11.6s)
[2025-09-09 21:28:37.930] Step 41000: TF=1.000 CF=10.0 CX=10.3 W=1.00 Loss=0.000024 LR=0.002000 CC=0.750 (11.9s)
[2025-09-09 21:28:38.246] Step 42000: TF=1.000 CF=6.0 CX=6.9 W=0.20 Loss=0.009702 LR=0.002000 CC=0.750 (12.2s)
[2025-09-09 21:28:38.532] Step 43000: TF=1.000 CF=10.0 CX=12.0 W=1.00 Loss=0.609769 LR=0.002000 CC=0.750 (12.5s)
[2025-09-09 21:28:38.834] Step 44000: TF=1.000 CF=10.0 CX=9.3 W=1.00 Loss=0.001237 LR=0.002000 CC=0.750 (12.8s)
[2025-09-09 21:28:39.132] Step 45000: TF=1.000 CF=10.0 CX=9.7 W=1.00 Loss=0.000024 LR=0.002000 CC=0.750 (13.1s)
[2025-09-09 21:28:39.404] Step 46000: TF=1.000 CF=10.0 CX=9.9 W=1.00 Loss=0.000018 LR=0.002000 CC=0.750 (13.4s)
[2025-09-09 21:28:39.712] Step 47000: TF=1.000 CF=10.0 CX=8.6 W=1.00 Loss=0.087016 LR=0.002000 CC=0.750 (13.7s)
[2025-09-09 21:28:39.997] Step 48000: TF=1.000 CF=10.0 CX=7.8 W=1.00 Loss=0.085656 LR=0.002000 CC=0.750 (14.0s)
[2025-09-09 21:28:40.329] Step 49000: TF=1.000 CF=10.0 CX=11.3 W=1.00 Loss=0.078557 LR=0.002000 CC=0.750 (14.3s)
[2025-09-09 21:28:40.601] Step 50000: TF=1.000 CF=10.0 CX=10.1 W=1.00 Loss=0.000011 LR=0.002000 CC=0.750 (14.6s)
[2025-09-09 21:28:40.601] === Training complete ===
