[2025-09-15 14:39:04.123] === EFFECTIVE CONFIGURATION ===
[2025-09-15 14:39:04.123] {
[2025-09-15 14:39:04.123]   "_config_path": ".sweep_tmp/cfg_addition_start_step=2000.json",
[2025-09-15 14:39:04.123]   "_overrides": [],
[2025-09-15 14:39:04.123]   "_raw_config": {
[2025-09-15 14:39:04.123]     "addition_cf_max": 11.0,
[2025-09-15 14:39:04.123]     "addition_cf_min": 2.0,
[2025-09-15 14:39:04.123]     "addition_start_step": 2000,
[2025-09-15 14:39:04.123]     "cf_max_complexity": 7.0,
[2025-09-15 14:39:04.123]     "cf_min_complexity": 2.0,
[2025-09-15 14:39:04.123]     "cf_sd": 1.2,
[2025-09-15 14:39:04.123]     "checkpoint_interval": 5000,
[2025-09-15 14:39:04.123]     "confidence_criterion_start": 0.9,
[2025-09-15 14:39:04.123]     "confidence_floor": 0.75,
[2025-09-15 14:39:04.123]     "counting_fade_rate": 0.00015,
[2025-09-15 14:39:04.123]     "counting_focus_steps": 6000,
[2025-09-15 14:39:04.123]     "cx_sd": 0.9,
[2025-09-15 14:39:04.123]     "gate_freeze_until_step": 3000,
[2025-09-15 14:39:04.123]     "hidden_size": 64,
[2025-09-15 14:39:04.123]     "learning_rate": 0.005,
[2025-09-15 14:39:04.123]     "learning_rate_floor": 0.002,
[2025-09-15 14:39:04.123]     "lr_decay": 0.9999,
[2025-09-15 14:39:04.123]     "outdir": "results",
[2025-09-15 14:39:04.123]     "tf_rate_addition": 0.0001,
[2025-09-15 14:39:04.123]     "tf_rate_counting": 0.0001,
[2025-09-15 14:39:04.123]     "total_steps": 50000
[2025-09-15 14:39:04.123]   },
[2025-09-15 14:39:04.123]   "addition_cf_max": 11.0,
[2025-09-15 14:39:04.123]   "addition_cf_min": 2.0,
[2025-09-15 14:39:04.123]   "addition_start_step": 2000,
[2025-09-15 14:39:04.123]   "cf_max_complexity": 7.0,
[2025-09-15 14:39:04.123]   "cf_min_complexity": 2.0,
[2025-09-15 14:39:04.123]   "cf_sd": 1.2,
[2025-09-15 14:39:04.123]   "cf_variance": 1.5,
[2025-09-15 14:39:04.123]   "checkpoint_interval": 5000,
[2025-09-15 14:39:04.123]   "confidence_criterion_start": 0.9,
[2025-09-15 14:39:04.123]   "confidence_floor": 0.75,
[2025-09-15 14:39:04.123]   "counting_fade_rate": 0.00015,
[2025-09-15 14:39:04.123]   "counting_focus_steps": 6000,
[2025-09-15 14:39:04.123]   "cx_sd": 0.9,
[2025-09-15 14:39:04.123]   "cx_variance": 0.8,
[2025-09-15 14:39:04.123]   "gate_freeze_until_step": 3000,
[2025-09-15 14:39:04.124]   "hidden_size": 64,
[2025-09-15 14:39:04.124]   "learning_rate": 0.005,
[2025-09-15 14:39:04.124]   "learning_rate_floor": 0.002,
[2025-09-15 14:39:04.124]   "lr_decay": 0.9999,
[2025-09-15 14:39:04.124]   "outdir": "results/addition_start_step=2000",
[2025-09-15 14:39:04.124]   "tf_rate": 0.0001,
[2025-09-15 14:39:04.124]   "tf_rate_addition": 0.0001,
[2025-09-15 14:39:04.124]   "tf_rate_counting": 0.0001,
[2025-09-15 14:39:04.124]   "total_steps": 50000
[2025-09-15 14:39:04.124] }
[2025-09-15 14:39:04.125] === Small Math Model (Content-Gated) ===
[2025-09-15 14:39:04.125] Network: 24 -> 64 -> 12
[2025-09-15 14:39:04.125] Training steps: 50000   LR: 0.005
[2025-09-15 14:39:04.125] Gate freeze until: 3000
[2025-09-15 14:39:04.125] Confidence start: 0.9 (floor 0.75)
[2025-09-15 14:39:04.125] === Sanity check ===
[2025-09-15 14:39:04.125] 1 -> ? = 10 (expected 2) - conf:0.000 finger:True
[2025-09-15 14:39:04.125] 3 -> ? = 8 (expected 4) - conf:0.000 finger:True
[2025-09-15 14:39:04.125] 5 -> ? = 8 (expected 6) - conf:0.000 finger:True
[2025-09-15 14:39:04.125] 2 -> 3 = 12 (expected 4) - conf:0.000 finger:True
[2025-09-15 14:39:04.126] 4 -> 5 = 8 (expected 6) - conf:0.000 finger:True
[2025-09-15 14:39:04.127] 1 + 2 = 3 (expected 3) + conf:0.000 finger:True
[2025-09-15 14:39:04.129] 2 + 2 = 4 (expected 4) + conf:0.000 finger:True
[2025-09-15 14:39:04.132] 3 + 4 = 7 (expected 7) + conf:0.000 finger:True
[2025-09-15 14:39:04.136] 4 + 5 = 9 (expected 9) + conf:0.000 finger:True
[2025-09-15 14:39:04.139] 5 + 5 = 10 (expected 10) + conf:0.000 finger:True
[2025-09-15 14:39:04.139] 
[2025-09-15 14:39:04.393] Step  1000: TF=0.100 CF=2.5 CX=2.6 W=1.00 Loss=2.336815 LR=0.004540 CC=0.817 (0.3s)
[2025-09-15 14:39:04.627] Step  2000: TF=0.200 CF=3.0 CX=2.1 W=1.00 Loss=1.659124 LR=0.004108 CC=0.750 (0.5s)
[2025-09-15 14:39:04.940] Step  3000: TF=0.300 CF=3.5 CX=3.8 W=0.85 Loss=0.916782 LR=0.003717 CC=0.750 (0.8s)
[2025-09-15 14:39:05.361] Step  4000: TF=0.400 CF=4.0 CX=4.2 W=0.70 Loss=0.968376 LR=0.003363 CC=0.750 (1.2s)
[2025-09-15 14:39:05.928] Step  5000: TF=0.500 CF=4.5 CX=5.4 W=0.55 Loss=2.270329 LR=0.003043 CC=0.750 (1.8s)
[2025-09-15 14:39:06.740] Step  6000: TF=0.600 CF=5.0 CX=4.9 W=0.40 Loss=0.357236 LR=0.002753 CC=0.750 (2.6s)
[2025-09-15 14:39:07.923] Step  7000: TF=0.700 CF=8.3 CX=7.9 W=0.21 Loss=2.264025 LR=0.002491 CC=0.750 (3.8s)
[2025-09-15 14:39:09.430] Step  8000: TF=0.800 CF=6.0 CX=5.0 W=0.20 Loss=0.602682 LR=0.002254 CC=0.750 (5.3s)
[2025-09-15 14:39:11.032] Step  9000: TF=0.900 CF=6.5 CX=6.7 W=0.20 Loss=0.175906 LR=0.002040 CC=0.750 (6.9s)
[2025-09-15 14:39:12.198] Step 10000: TF=1.000 CF=11.0 CX=10.9 W=0.33 Loss=0.145467 LR=0.002000 CC=0.750 (8.1s)
[2025-09-15 14:39:13.002] Step 11000: TF=1.000 CF=7.0 CX=6.6 W=0.20 Loss=0.041244 LR=0.002000 CC=0.750 (8.9s)
[2025-09-15 14:39:13.830] Step 12000: TF=1.000 CF=7.0 CX=7.3 W=0.20 Loss=0.038463 LR=0.002000 CC=0.750 (9.7s)
[2025-09-15 14:39:14.616] Step 13000: TF=1.000 CF=7.0 CX=5.1 W=0.20 Loss=0.022321 LR=0.002000 CC=0.750 (10.5s)
[2025-09-15 14:39:15.429] Step 14000: TF=1.000 CF=7.0 CX=6.0 W=0.20 Loss=0.020326 LR=0.002000 CC=0.750 (11.3s)
[2025-09-15 14:39:16.261] Step 15000: TF=1.000 CF=11.0 CX=11.8 W=0.54 Loss=1.427484 LR=0.002000 CC=0.750 (12.1s)
[2025-09-15 14:39:17.063] Step 16000: TF=1.000 CF=11.0 CX=11.2 W=0.58 Loss=0.000003 LR=0.002000 CC=0.750 (12.9s)
[2025-09-15 14:39:17.826] Step 17000: TF=1.000 CF=11.0 CX=11.5 W=0.62 Loss=0.206967 LR=0.002000 CC=0.750 (13.7s)
[2025-09-15 14:39:18.549] Step 18000: TF=1.000 CF=11.0 CX=9.7 W=0.67 Loss=0.022967 LR=0.002000 CC=0.750 (14.4s)
[2025-09-15 14:39:19.173] Step 19000: TF=1.000 CF=11.0 CX=9.7 W=0.71 Loss=0.390306 LR=0.002000 CC=0.750 (15.0s)
[2025-09-15 14:39:19.779] Step 20000: TF=1.000 CF=11.0 CX=10.7 W=0.75 Loss=0.010759 LR=0.002000 CC=0.750 (15.6s)
[2025-09-15 14:39:20.397] Step 21000: TF=1.000 CF=11.0 CX=10.2 W=0.79 Loss=0.008605 LR=0.002000 CC=0.750 (16.3s)
[2025-09-15 14:39:21.011] Step 22000: TF=1.000 CF=11.0 CX=11.4 W=0.83 Loss=0.528669 LR=0.002000 CC=0.750 (16.9s)
[2025-09-15 14:39:21.775] Step 23000: TF=1.000 CF=11.0 CX=11.1 W=0.87 Loss=0.080581 LR=0.002000 CC=0.750 (17.6s)
[2025-09-15 14:39:22.400] Step 24000: TF=1.000 CF=11.0 CX=11.0 W=0.92 Loss=0.543807 LR=0.002000 CC=0.750 (18.3s)
[2025-09-15 14:39:23.019] Step 25000: TF=1.000 CF=11.0 CX=12.0 W=0.96 Loss=0.000000 LR=0.002000 CC=0.750 (18.9s)
[2025-09-15 14:39:23.596] Step 26000: TF=1.000 CF=11.0 CX=11.1 W=1.00 Loss=0.048813 LR=0.002000 CC=0.750 (19.5s)
[2025-09-15 14:39:24.204] Step 27000: TF=1.000 CF=11.0 CX=11.6 W=1.00 Loss=0.245366 LR=0.002000 CC=0.750 (20.1s)
[2025-09-15 14:39:24.746] Step 28000: TF=1.000 CF=11.0 CX=10.7 W=1.00 Loss=0.003946 LR=0.002000 CC=0.750 (20.6s)
[2025-09-15 14:39:25.333] Step 29000: TF=1.000 CF=11.0 CX=11.4 W=1.00 Loss=0.003698 LR=0.002000 CC=0.750 (21.2s)
[2025-09-15 14:39:25.819] Step 30000: TF=1.000 CF=11.0 CX=10.4 W=1.00 Loss=0.002530 LR=0.002000 CC=0.750 (21.7s)
[2025-09-15 14:39:26.259] Step 31000: TF=1.000 CF=11.0 CX=10.5 W=1.00 Loss=0.002953 LR=0.002000 CC=0.750 (22.1s)
[2025-09-15 14:39:26.649] Step 32000: TF=1.000 CF=11.0 CX=10.4 W=1.00 Loss=0.002256 LR=0.002000 CC=0.750 (22.5s)
[2025-09-15 14:39:26.967] Step 33000: TF=1.000 CF=7.0 CX=6.7 W=0.20 Loss=0.012035 LR=0.002000 CC=0.750 (22.8s)
[2025-09-15 14:39:27.301] Step 34000: TF=1.000 CF=11.0 CX=10.9 W=1.00 Loss=0.001752 LR=0.002000 CC=0.750 (23.2s)
[2025-09-15 14:39:27.611] Step 35000: TF=1.000 CF=11.0 CX=11.0 W=1.00 Loss=0.001711 LR=0.002000 CC=0.750 (23.5s)
[2025-09-15 14:39:27.923] Step 36000: TF=1.000 CF=11.0 CX=11.4 W=1.00 Loss=0.003228 LR=0.002000 CC=0.750 (23.8s)
[2025-09-15 14:39:28.241] Step 37000: TF=1.000 CF=11.0 CX=11.2 W=1.00 Loss=0.001512 LR=0.002000 CC=0.750 (24.1s)
[2025-09-15 14:39:28.551] Step 38000: TF=1.000 CF=7.0 CX=6.4 W=0.20 Loss=0.000076 LR=0.002000 CC=0.750 (24.4s)
[2025-09-15 14:39:28.857] Step 39000: TF=1.000 CF=11.0 CX=10.7 W=1.00 Loss=0.001173 LR=0.002000 CC=0.750 (24.7s)
[2025-09-15 14:39:29.166] Step 40000: TF=1.000 CF=7.0 CX=7.7 W=0.20 Loss=0.000065 LR=0.002000 CC=0.750 (25.0s)
[2025-09-15 14:39:29.470] Step 41000: TF=1.000 CF=11.0 CX=12.0 W=1.00 Loss=0.002567 LR=0.002000 CC=0.750 (25.3s)
[2025-09-15 14:39:29.774] Step 42000: TF=1.000 CF=11.0 CX=10.2 W=1.00 Loss=0.001056 LR=0.002000 CC=0.750 (25.6s)
[2025-09-15 14:39:30.080] Step 43000: TF=1.000 CF=11.0 CX=11.4 W=1.00 Loss=0.002440 LR=0.002000 CC=0.750 (25.9s)
[2025-09-15 14:39:30.393] Step 44000: TF=1.000 CF=11.0 CX=11.0 W=1.00 Loss=0.000000 LR=0.002000 CC=0.750 (26.3s)
[2025-09-15 14:39:30.707] Step 45000: TF=1.000 CF=11.0 CX=11.5 W=1.00 Loss=0.012682 LR=0.002000 CC=0.750 (26.6s)
[2025-09-15 14:39:31.015] Step 46000: TF=1.000 CF=7.0 CX=7.2 W=0.20 Loss=0.000067 LR=0.002000 CC=0.750 (26.9s)
[2025-09-15 14:39:31.319] Step 47000: TF=1.000 CF=11.0 CX=9.2 W=1.00 Loss=0.008607 LR=0.002000 CC=0.750 (27.2s)
[2025-09-15 14:39:31.626] Step 48000: TF=1.000 CF=7.0 CX=5.9 W=0.20 Loss=0.000022 LR=0.002000 CC=0.750 (27.5s)
[2025-09-15 14:39:31.947] Step 49000: TF=1.000 CF=11.0 CX=11.5 W=1.00 Loss=0.037200 LR=0.002000 CC=0.750 (27.8s)
[2025-09-15 14:39:32.255] Step 50000: TF=1.000 CF=7.0 CX=5.8 W=0.20 Loss=0.004840 LR=0.002000 CC=0.750 (28.1s)
[2025-09-15 14:39:32.256] === Training complete ===
