[2025-09-11 08:56:10.585] === EFFECTIVE CONFIGURATION ===
[2025-09-11 08:56:10.585] {
[2025-09-11 08:56:10.585]   "_config_path": ".sweep_tmp/cfg_learning_rate=0p007.json",
[2025-09-11 08:56:10.585]   "_overrides": [],
[2025-09-11 08:56:10.585]   "_raw_config": {
[2025-09-11 08:56:10.585]     "addition_cf_max": 11.0,
[2025-09-11 08:56:10.585]     "addition_cf_min": 2.0,
[2025-09-11 08:56:10.585]     "addition_start_step": 8000,
[2025-09-11 08:56:10.585]     "cf_max_complexity": 7.0,
[2025-09-11 08:56:10.585]     "cf_min_complexity": 2.0,
[2025-09-11 08:56:10.585]     "cf_sd": 1.2,
[2025-09-11 08:56:10.585]     "checkpoint_interval": 5000,
[2025-09-11 08:56:10.585]     "confidence_criterion_start": 0.9,
[2025-09-11 08:56:10.585]     "confidence_floor": 0.75,
[2025-09-11 08:56:10.585]     "counting_fade_rate": 0.00015,
[2025-09-11 08:56:10.585]     "counting_focus_steps": 6000,
[2025-09-11 08:56:10.585]     "cx_sd": 0.9,
[2025-09-11 08:56:10.585]     "gate_freeze_until_step": 3000,
[2025-09-11 08:56:10.585]     "hidden_size": 64,
[2025-09-11 08:56:10.585]     "learning_rate": 0.007,
[2025-09-11 08:56:10.585]     "learning_rate_floor": 0.002,
[2025-09-11 08:56:10.585]     "lr_decay": 0.9999,
[2025-09-11 08:56:10.585]     "outdir": "results",
[2025-09-11 08:56:10.585]     "tf_rate_addition": 5e-05,
[2025-09-11 08:56:10.585]     "tf_rate_counting": 0.0002,
[2025-09-11 08:56:10.585]     "total_steps": 15000
[2025-09-11 08:56:10.585]   },
[2025-09-11 08:56:10.585]   "addition_cf_max": 11.0,
[2025-09-11 08:56:10.585]   "addition_cf_min": 2.0,
[2025-09-11 08:56:10.585]   "addition_start_step": 8000,
[2025-09-11 08:56:10.585]   "cf_max_complexity": 7.0,
[2025-09-11 08:56:10.585]   "cf_min_complexity": 2.0,
[2025-09-11 08:56:10.585]   "cf_sd": 1.2,
[2025-09-11 08:56:10.585]   "cf_variance": 1.5,
[2025-09-11 08:56:10.585]   "checkpoint_interval": 5000,
[2025-09-11 08:56:10.585]   "confidence_criterion_start": 0.9,
[2025-09-11 08:56:10.585]   "confidence_floor": 0.75,
[2025-09-11 08:56:10.585]   "counting_fade_rate": 0.00015,
[2025-09-11 08:56:10.585]   "counting_focus_steps": 6000,
[2025-09-11 08:56:10.585]   "cx_sd": 0.9,
[2025-09-11 08:56:10.585]   "cx_variance": 0.8,
[2025-09-11 08:56:10.586]   "gate_freeze_until_step": 3000,
[2025-09-11 08:56:10.586]   "hidden_size": 64,
[2025-09-11 08:56:10.586]   "learning_rate": 0.007,
[2025-09-11 08:56:10.586]   "learning_rate_floor": 0.002,
[2025-09-11 08:56:10.586]   "lr_decay": 0.9999,
[2025-09-11 08:56:10.586]   "outdir": "results/learning_rate=0.007",
[2025-09-11 08:56:10.586]   "tf_rate": 0.0001,
[2025-09-11 08:56:10.586]   "tf_rate_addition": 5e-05,
[2025-09-11 08:56:10.586]   "tf_rate_counting": 0.0002,
[2025-09-11 08:56:10.586]   "total_steps": 15000
[2025-09-11 08:56:10.586] }
[2025-09-11 08:56:10.586] === Small Math Model (Content-Gated) ===
[2025-09-11 08:56:10.586] Network: 24 -> 64 -> 12
[2025-09-11 08:56:10.586] Training steps: 15000   LR: 0.007
[2025-09-11 08:56:10.586] Gate freeze until: 3000
[2025-09-11 08:56:10.586] Confidence start: 0.9 (floor 0.75)
[2025-09-11 08:56:10.586] === Sanity check ===
[2025-09-11 08:56:10.586] 1 -> ? = 10 (expected 2) - conf:0.000 finger:True
[2025-09-11 08:56:10.587] 3 -> ? = 8 (expected 4) - conf:0.000 finger:True
[2025-09-11 08:56:10.587] 5 -> ? = 8 (expected 6) - conf:0.000 finger:True
[2025-09-11 08:56:10.587] 2 -> 3 = 12 (expected 4) - conf:0.000 finger:True
[2025-09-11 08:56:10.587] 4 -> 5 = 8 (expected 6) - conf:0.000 finger:True
[2025-09-11 08:56:10.588] 1 + 2 = 3 (expected 3) + conf:0.000 finger:True
[2025-09-11 08:56:10.589] 2 + 2 = 4 (expected 4) + conf:0.000 finger:True
[2025-09-11 08:56:10.591] 3 + 4 = 7 (expected 7) + conf:0.000 finger:True
[2025-09-11 08:56:10.593] 4 + 5 = 9 (expected 9) + conf:0.000 finger:True
[2025-09-11 08:56:10.595] 5 + 5 = 10 (expected 10) + conf:0.000 finger:True
[2025-09-11 08:56:10.595] 
[2025-09-11 08:56:10.761] Step  1000: TF=0.100 CF=2.5 CX=3.5 W=1.00 Loss=0.508585 LR=0.006355 CC=0.817 (0.2s)
[2025-09-11 08:56:10.925] Step  2000: TF=0.200 CF=3.0 CX=2.5 W=1.00 Loss=1.679789 LR=0.005751 CC=0.750 (0.3s)
[2025-09-11 08:56:11.106] Step  3000: TF=0.300 CF=3.5 CX=3.7 W=1.00 Loss=1.176513 LR=0.005203 CC=0.750 (0.5s)
[2025-09-11 08:56:11.275] Step  4000: TF=0.400 CF=4.0 CX=3.3 W=1.00 Loss=1.154443 LR=0.004708 CC=0.750 (0.7s)
[2025-09-11 08:56:11.443] Step  5000: TF=0.500 CF=4.5 CX=3.5 W=1.00 Loss=0.395342 LR=0.004260 CC=0.750 (0.8s)
[2025-09-11 08:56:11.612] Step  6000: TF=0.600 CF=5.0 CX=5.3 W=1.00 Loss=0.563911 LR=0.003855 CC=0.750 (1.0s)
[2025-09-11 08:56:11.782] Step  7000: TF=0.700 CF=5.5 CX=4.6 W=1.00 Loss=0.051735 LR=0.003488 CC=0.750 (1.2s)
[2025-09-11 08:56:11.961] Step  8000: TF=0.800 CF=6.0 CX=6.2 W=1.00 Loss=0.034255 LR=0.003156 CC=0.750 (1.4s)
[2025-09-11 08:56:12.172] Step  9000: TF=0.900 CF=10.1 CX=10.5 W=0.29 Loss=0.003365 LR=0.002856 CC=0.750 (1.6s)
[2025-09-11 08:56:12.494] Step 10000: TF=1.000 CF=7.0 CX=5.8 W=0.70 Loss=0.487192 LR=0.002584 CC=0.750 (1.9s)
[2025-09-11 08:56:12.999] Step 11000: TF=1.000 CF=11.0 CX=11.4 W=0.86 Loss=2.935993 LR=0.002338 CC=0.750 (2.4s)
[2025-09-11 08:56:13.465] Step 12000: TF=1.000 CF=7.0 CX=6.7 W=0.40 Loss=0.051241 LR=0.002115 CC=0.750 (2.9s)
[2025-09-11 08:56:13.984] Step 13000: TF=1.000 CF=11.0 CX=10.1 W=1.00 Loss=0.026932 LR=0.002000 CC=0.750 (3.4s)
[2025-09-11 08:56:14.527] Step 14000: TF=1.000 CF=7.0 CX=7.0 W=0.20 Loss=0.075032 LR=0.002000 CC=0.750 (3.9s)
[2025-09-11 08:56:15.051] Step 15000: TF=1.000 CF=11.0 CX=10.8 W=1.00 Loss=0.008585 LR=0.002000 CC=0.750 (4.5s)
[2025-09-11 08:56:15.051] === Training complete ===
