[2025-09-11 19:29:57.328] === EFFECTIVE CONFIGURATION ===
[2025-09-11 19:29:57.328] {
[2025-09-11 19:29:57.328]   "_config_path": ".sweep_tmp/cfg_addition_start_step=9000.json",
[2025-09-11 19:29:57.328]   "_overrides": [],
[2025-09-11 19:29:57.328]   "_raw_config": {
[2025-09-11 19:29:57.328]     "addition_cf_max": 11.0,
[2025-09-11 19:29:57.328]     "addition_cf_min": 2.0,
[2025-09-11 19:29:57.328]     "addition_start_step": 9000,
[2025-09-11 19:29:57.328]     "cf_max_complexity": 7.0,
[2025-09-11 19:29:57.328]     "cf_min_complexity": 2.0,
[2025-09-11 19:29:57.328]     "cf_sd": 1.2,
[2025-09-11 19:29:57.328]     "checkpoint_interval": 5000,
[2025-09-11 19:29:57.328]     "confidence_criterion_start": 0.9,
[2025-09-11 19:29:57.328]     "confidence_floor": 0.75,
[2025-09-11 19:29:57.328]     "counting_fade_rate": 0.00015,
[2025-09-11 19:29:57.328]     "counting_focus_steps": 6000,
[2025-09-11 19:29:57.328]     "cx_sd": 0.9,
[2025-09-11 19:29:57.328]     "gate_freeze_until_step": 3000,
[2025-09-11 19:29:57.328]     "hidden_size": 64,
[2025-09-11 19:29:57.328]     "learning_rate": 0.01,
[2025-09-11 19:29:57.328]     "learning_rate_floor": 0.002,
[2025-09-11 19:29:57.328]     "lr_decay": 0.9999,
[2025-09-11 19:29:57.328]     "outdir": "results",
[2025-09-11 19:29:57.328]     "tf_rate_addition": 5e-05,
[2025-09-11 19:29:57.328]     "tf_rate_counting": 0.0002,
[2025-09-11 19:29:57.328]     "total_steps": 15000
[2025-09-11 19:29:57.328]   },
[2025-09-11 19:29:57.329]   "addition_cf_max": 11.0,
[2025-09-11 19:29:57.329]   "addition_cf_min": 2.0,
[2025-09-11 19:29:57.329]   "addition_start_step": 9000,
[2025-09-11 19:29:57.329]   "cf_max_complexity": 7.0,
[2025-09-11 19:29:57.329]   "cf_min_complexity": 2.0,
[2025-09-11 19:29:57.329]   "cf_sd": 1.2,
[2025-09-11 19:29:57.329]   "cf_variance": 1.5,
[2025-09-11 19:29:57.329]   "checkpoint_interval": 5000,
[2025-09-11 19:29:57.329]   "confidence_criterion_start": 0.9,
[2025-09-11 19:29:57.329]   "confidence_floor": 0.75,
[2025-09-11 19:29:57.329]   "counting_fade_rate": 0.00015,
[2025-09-11 19:29:57.329]   "counting_focus_steps": 6000,
[2025-09-11 19:29:57.329]   "cx_sd": 0.9,
[2025-09-11 19:29:57.329]   "cx_variance": 0.8,
[2025-09-11 19:29:57.329]   "gate_freeze_until_step": 3000,
[2025-09-11 19:29:57.329]   "hidden_size": 64,
[2025-09-11 19:29:57.329]   "learning_rate": 0.01,
[2025-09-11 19:29:57.329]   "learning_rate_floor": 0.002,
[2025-09-11 19:29:57.329]   "lr_decay": 0.9999,
[2025-09-11 19:29:57.329]   "outdir": "results/addition_start_step=9000",
[2025-09-11 19:29:57.329]   "tf_rate": 0.0001,
[2025-09-11 19:29:57.329]   "tf_rate_addition": 5e-05,
[2025-09-11 19:29:57.329]   "tf_rate_counting": 0.0002,
[2025-09-11 19:29:57.329]   "total_steps": 15000
[2025-09-11 19:29:57.329] }
[2025-09-11 19:29:57.329] === Small Math Model (Content-Gated) ===
[2025-09-11 19:29:57.329] Network: 24 -> 64 -> 12
[2025-09-11 19:29:57.329] Training steps: 15000   LR: 0.01
[2025-09-11 19:29:57.330] Gate freeze until: 3000
[2025-09-11 19:29:57.330] Confidence start: 0.9 (floor 0.75)
[2025-09-11 19:29:57.330] === Sanity check ===
[2025-09-11 19:29:57.330] 1 -> ? = 10 (expected 2) - conf:0.000 finger:True
[2025-09-11 19:29:57.330] 3 -> ? = 8 (expected 4) - conf:0.000 finger:True
[2025-09-11 19:29:57.330] 5 -> ? = 8 (expected 6) - conf:0.000 finger:True
[2025-09-11 19:29:57.330] 2 -> 3 = 12 (expected 4) - conf:0.000 finger:True
[2025-09-11 19:29:57.330] 4 -> 5 = 8 (expected 6) - conf:0.000 finger:True
[2025-09-11 19:29:57.331] 1 + 2 = 3 (expected 3) + conf:0.000 finger:True
[2025-09-11 19:29:57.333] 2 + 2 = 4 (expected 4) + conf:0.000 finger:True
[2025-09-11 19:29:57.335] 3 + 4 = 7 (expected 7) + conf:0.000 finger:True
[2025-09-11 19:29:57.336] 4 + 5 = 9 (expected 9) + conf:0.000 finger:True
[2025-09-11 19:29:57.338] 5 + 5 = 10 (expected 10) + conf:0.000 finger:True
[2025-09-11 19:29:57.338] 
[2025-09-11 19:29:57.501] Step  1000: TF=0.100 CF=2.5 CX=2.5 W=1.00 Loss=0.304649 LR=0.009079 CC=0.817 (0.2s)
[2025-09-11 19:29:57.685] Step  2000: TF=0.200 CF=3.0 CX=2.6 W=1.00 Loss=0.455987 LR=0.008215 CC=0.750 (0.3s)
[2025-09-11 19:29:57.863] Step  3000: TF=0.300 CF=3.5 CX=4.2 W=1.00 Loss=1.063261 LR=0.007433 CC=0.750 (0.5s)
[2025-09-11 19:29:58.029] Step  4000: TF=0.400 CF=4.0 CX=3.6 W=1.00 Loss=0.011245 LR=0.006726 CC=0.750 (0.7s)
[2025-09-11 19:29:58.198] Step  5000: TF=0.500 CF=4.5 CX=5.7 W=1.00 Loss=1.110727 LR=0.006086 CC=0.750 (0.9s)
[2025-09-11 19:29:58.367] Step  6000: TF=0.600 CF=5.0 CX=3.9 W=1.00 Loss=0.047162 LR=0.005507 CC=0.750 (1.0s)
[2025-09-11 19:29:58.537] Step  7000: TF=0.700 CF=5.5 CX=5.1 W=1.00 Loss=0.122264 LR=0.004983 CC=0.750 (1.2s)
[2025-09-11 19:29:58.706] Step  8000: TF=0.800 CF=6.0 CX=4.6 W=1.00 Loss=0.088848 LR=0.004508 CC=0.750 (1.4s)
[2025-09-11 19:29:58.873] Step  9000: TF=0.900 CF=6.5 CX=5.8 W=1.00 Loss=0.005996 LR=0.004079 CC=0.750 (1.5s)
[2025-09-11 19:29:59.083] Step 10000: TF=1.000 CF=7.0 CX=6.6 W=0.85 Loss=0.002544 LR=0.003691 CC=0.750 (1.7s)
[2025-09-11 19:29:59.356] Step 11000: TF=1.000 CF=11.0 CX=10.6 W=0.67 Loss=0.000361 LR=0.003340 CC=0.750 (2.0s)
[2025-09-11 19:29:59.670] Step 12000: TF=1.000 CF=7.0 CX=5.9 W=0.55 Loss=0.003873 LR=0.003022 CC=0.750 (2.3s)
[2025-09-11 19:30:00.037] Step 13000: TF=1.000 CF=7.0 CX=6.7 W=0.40 Loss=0.001881 LR=0.002734 CC=0.750 (2.7s)
[2025-09-11 19:30:00.412] Step 14000: TF=1.000 CF=11.0 CX=11.5 W=1.00 Loss=2.700148 LR=0.002474 CC=0.750 (3.1s)
[2025-09-11 19:30:00.827] Step 15000: TF=1.000 CF=11.0 CX=10.8 W=1.00 Loss=0.000492 LR=0.002239 CC=0.750 (3.5s)
[2025-09-11 19:30:00.827] === Training complete ===
