[2025-09-11 19:19:20.236] === EFFECTIVE CONFIGURATION ===
[2025-09-11 19:19:20.236] {
[2025-09-11 19:19:20.236]   "_config_path": ".sweep_tmp/cfg_addition_start_step=9000.json",
[2025-09-11 19:19:20.236]   "_overrides": [],
[2025-09-11 19:19:20.236]   "_raw_config": {
[2025-09-11 19:19:20.236]     "addition_cf_max": 11.0,
[2025-09-11 19:19:20.236]     "addition_cf_min": 2.0,
[2025-09-11 19:19:20.236]     "addition_start_step": 9000,
[2025-09-11 19:19:20.236]     "cf_max_complexity": 7.0,
[2025-09-11 19:19:20.236]     "cf_min_complexity": 2.0,
[2025-09-11 19:19:20.236]     "cf_sd": 1.2,
[2025-09-11 19:19:20.236]     "checkpoint_interval": 5000,
[2025-09-11 19:19:20.236]     "confidence_criterion_start": 0.9,
[2025-09-11 19:19:20.236]     "confidence_floor": 0.75,
[2025-09-11 19:19:20.236]     "counting_fade_rate": 0.00015,
[2025-09-11 19:19:20.236]     "counting_focus_steps": 6000,
[2025-09-11 19:19:20.236]     "cx_sd": 0.9,
[2025-09-11 19:19:20.236]     "gate_freeze_until_step": 0,
[2025-09-11 19:19:20.236]     "hidden_size": 64,
[2025-09-11 19:19:20.236]     "learning_rate": 0.01,
[2025-09-11 19:19:20.236]     "learning_rate_floor": 0.002,
[2025-09-11 19:19:20.236]     "lr_decay": 0.9999,
[2025-09-11 19:19:20.236]     "outdir": "results",
[2025-09-11 19:19:20.236]     "tf_rate_addition": 5e-05,
[2025-09-11 19:19:20.236]     "tf_rate_counting": 0.0002,
[2025-09-11 19:19:20.236]     "total_steps": 15000
[2025-09-11 19:19:20.236]   },
[2025-09-11 19:19:20.236]   "addition_cf_max": 11.0,
[2025-09-11 19:19:20.236]   "addition_cf_min": 2.0,
[2025-09-11 19:19:20.236]   "addition_start_step": 9000,
[2025-09-11 19:19:20.236]   "cf_max_complexity": 7.0,
[2025-09-11 19:19:20.236]   "cf_min_complexity": 2.0,
[2025-09-11 19:19:20.236]   "cf_sd": 1.2,
[2025-09-11 19:19:20.236]   "cf_variance": 1.5,
[2025-09-11 19:19:20.236]   "checkpoint_interval": 5000,
[2025-09-11 19:19:20.236]   "confidence_criterion_start": 0.9,
[2025-09-11 19:19:20.236]   "confidence_floor": 0.75,
[2025-09-11 19:19:20.236]   "counting_fade_rate": 0.00015,
[2025-09-11 19:19:20.236]   "counting_focus_steps": 6000,
[2025-09-11 19:19:20.236]   "cx_sd": 0.9,
[2025-09-11 19:19:20.237]   "cx_variance": 0.8,
[2025-09-11 19:19:20.237]   "gate_freeze_until_step": 0,
[2025-09-11 19:19:20.237]   "hidden_size": 64,
[2025-09-11 19:19:20.237]   "learning_rate": 0.01,
[2025-09-11 19:19:20.237]   "learning_rate_floor": 0.002,
[2025-09-11 19:19:20.237]   "lr_decay": 0.9999,
[2025-09-11 19:19:20.237]   "outdir": "results/addition_start_step=9000",
[2025-09-11 19:19:20.237]   "tf_rate": 0.0001,
[2025-09-11 19:19:20.237]   "tf_rate_addition": 5e-05,
[2025-09-11 19:19:20.237]   "tf_rate_counting": 0.0002,
[2025-09-11 19:19:20.237]   "total_steps": 15000
[2025-09-11 19:19:20.237] }
[2025-09-11 19:19:20.237] === Small Math Model (Content-Gated) ===
[2025-09-11 19:19:20.237] Network: 24 -> 64 -> 12
[2025-09-11 19:19:20.237] Training steps: 15000   LR: 0.01
[2025-09-11 19:19:20.237] Gate freeze until: 0
[2025-09-11 19:19:20.237] Confidence start: 0.9 (floor 0.75)
[2025-09-11 19:19:20.237] === Sanity check ===
[2025-09-11 19:19:20.238] 1 -> ? = 10 (expected 2) - conf:0.000 finger:True
[2025-09-11 19:19:20.238] 3 -> ? = 8 (expected 4) - conf:0.000 finger:True
[2025-09-11 19:19:20.238] 5 -> ? = 8 (expected 6) - conf:0.000 finger:True
[2025-09-11 19:19:20.238] 2 -> 3 = 12 (expected 4) - conf:0.000 finger:True
[2025-09-11 19:19:20.238] 4 -> 5 = 8 (expected 6) - conf:0.000 finger:True
[2025-09-11 19:19:20.239] 1 + 2 = 3 (expected 3) + conf:0.000 finger:True
[2025-09-11 19:19:20.240] 2 + 2 = 4 (expected 4) + conf:0.000 finger:True
[2025-09-11 19:19:20.242] 3 + 4 = 7 (expected 7) + conf:0.000 finger:True
[2025-09-11 19:19:20.244] 4 + 5 = 9 (expected 9) + conf:0.000 finger:True
[2025-09-11 19:19:20.245] 5 + 5 = 10 (expected 10) + conf:0.000 finger:True
[2025-09-11 19:19:20.245] 
[2025-09-11 19:19:20.406] Step  1000: TF=0.100 CF=2.5 CX=3.5 W=1.00 Loss=2.520341 LR=0.009079 CC=0.817 (0.2s)
[2025-09-11 19:19:20.568] Step  2000: TF=0.200 CF=3.0 CX=2.5 W=1.00 Loss=0.621792 LR=0.008215 CC=0.750 (0.3s)
[2025-09-11 19:19:20.733] Step  3000: TF=0.300 CF=3.5 CX=3.6 W=1.00 Loss=0.964417 LR=0.007433 CC=0.750 (0.5s)
[2025-09-11 19:19:20.906] Step  4000: TF=0.400 CF=4.0 CX=4.9 W=1.00 Loss=1.028220 LR=0.006726 CC=0.750 (0.7s)
[2025-09-11 19:19:21.117] Step  5000: TF=0.500 CF=4.5 CX=4.8 W=1.00 Loss=0.288053 LR=0.006086 CC=0.750 (0.9s)
[2025-09-11 19:19:21.287] Step  6000: TF=0.600 CF=5.0 CX=4.6 W=1.00 Loss=0.007303 LR=0.005507 CC=0.750 (1.0s)
[2025-09-11 19:19:21.457] Step  7000: TF=0.700 CF=5.5 CX=5.2 W=1.00 Loss=0.078935 LR=0.004983 CC=0.750 (1.2s)
[2025-09-11 19:19:21.624] Step  8000: TF=0.800 CF=6.0 CX=6.4 W=1.00 Loss=0.008817 LR=0.004508 CC=0.750 (1.4s)
[2025-09-11 19:19:21.790] Step  9000: TF=0.900 CF=6.5 CX=7.2 W=1.00 Loss=0.002731 LR=0.004079 CC=0.750 (1.5s)
[2025-09-11 19:19:22.015] Step 10000: TF=1.000 CF=11.0 CX=11.8 W=0.33 Loss=0.088081 LR=0.003691 CC=0.750 (1.8s)
[2025-09-11 19:19:22.324] Step 11000: TF=1.000 CF=7.0 CX=7.3 W=0.70 Loss=0.015553 LR=0.003340 CC=0.750 (2.1s)
[2025-09-11 19:19:22.699] Step 12000: TF=1.000 CF=7.0 CX=6.4 W=0.55 Loss=0.025880 LR=0.003022 CC=0.750 (2.5s)
[2025-09-11 19:19:23.072] Step 13000: TF=1.000 CF=11.0 CX=9.9 W=1.00 Loss=0.009881 LR=0.002734 CC=0.750 (2.8s)
[2025-09-11 19:19:23.447] Step 14000: TF=1.000 CF=11.0 CX=9.3 W=1.00 Loss=0.004470 LR=0.002474 CC=0.750 (3.2s)
[2025-09-11 19:19:23.868] Step 15000: TF=1.000 CF=7.0 CX=6.5 W=0.20 Loss=0.039127 LR=0.002239 CC=0.750 (3.6s)
[2025-09-11 19:19:23.868] === Training complete ===
