[2025-09-09 21:29:39.774] === EFFECTIVE CONFIGURATION ===
[2025-09-09 21:29:39.774] {
[2025-09-09 21:29:39.774]   "_config_path": ".sweep_tmp/cfg_addition_start_step=15000.json",
[2025-09-09 21:29:39.774]   "_overrides": [],
[2025-09-09 21:29:39.774]   "_raw_config": {
[2025-09-09 21:29:39.774]     "addition_cf_max": 10.0,
[2025-09-09 21:29:39.774]     "addition_cf_min": 2.0,
[2025-09-09 21:29:39.774]     "addition_start_step": 15000,
[2025-09-09 21:29:39.774]     "cf_max_complexity": 6.0,
[2025-09-09 21:29:39.774]     "cf_min_complexity": 2.0,
[2025-09-09 21:29:39.774]     "cf_variance": 1.5,
[2025-09-09 21:29:39.774]     "checkpoint_interval": 10000,
[2025-09-09 21:29:39.774]     "confidence_criterion_start": 0.9,
[2025-09-09 21:29:39.774]     "confidence_floor": 0.75,
[2025-09-09 21:29:39.774]     "counting_fade_rate": 0.0001,
[2025-09-09 21:29:39.774]     "counting_focus_steps": 6000,
[2025-09-09 21:29:39.774]     "cx_variance": 0.8,
[2025-09-09 21:29:39.774]     "gate_freeze_until_step": 3000,
[2025-09-09 21:29:39.774]     "hidden_size": 64,
[2025-09-09 21:29:39.774]     "learning_rate": 0.005,
[2025-09-09 21:29:39.774]     "learning_rate_floor": 0.002,
[2025-09-09 21:29:39.774]     "lr_decay": 0.9999,
[2025-09-09 21:29:39.774]     "outdir": "results_longrun_50k",
[2025-09-09 21:29:39.774]     "tf_rate_addition": 0.0001,
[2025-09-09 21:29:39.774]     "tf_rate_counting": 0.0001,
[2025-09-09 21:29:39.774]     "total_steps": 50000
[2025-09-09 21:29:39.774]   },
[2025-09-09 21:29:39.774]   "addition_cf_max": 10.0,
[2025-09-09 21:29:39.774]   "addition_cf_min": 2.0,
[2025-09-09 21:29:39.774]   "addition_start_step": 15000,
[2025-09-09 21:29:39.774]   "cf_max_complexity": 6.0,
[2025-09-09 21:29:39.774]   "cf_min_complexity": 2.0,
[2025-09-09 21:29:39.774]   "cf_variance": 1.5,
[2025-09-09 21:29:39.774]   "checkpoint_interval": 10000,
[2025-09-09 21:29:39.774]   "confidence_criterion_start": 0.9,
[2025-09-09 21:29:39.774]   "confidence_floor": 0.75,
[2025-09-09 21:29:39.774]   "counting_fade_rate": 0.0001,
[2025-09-09 21:29:39.774]   "counting_focus_steps": 6000,
[2025-09-09 21:29:39.774]   "cx_variance": 0.8,
[2025-09-09 21:29:39.774]   "gate_freeze_until_step": 3000,
[2025-09-09 21:29:39.774]   "hidden_size": 64,
[2025-09-09 21:29:39.774]   "learning_rate": 0.005,
[2025-09-09 21:29:39.774]   "learning_rate_floor": 0.002,
[2025-09-09 21:29:39.774]   "lr_decay": 0.9999,
[2025-09-09 21:29:39.774]   "outdir": "results/addstart_sweep/addition_start_step=15000",
[2025-09-09 21:29:39.774]   "tf_rate": 0.0001,
[2025-09-09 21:29:39.774]   "tf_rate_addition": 0.0001,
[2025-09-09 21:29:39.774]   "tf_rate_counting": 0.0001,
[2025-09-09 21:29:39.774]   "total_steps": 50000
[2025-09-09 21:29:39.774] }
[2025-09-09 21:29:39.775] === Small Math Model (Content-Gated) ===
[2025-09-09 21:29:39.775] Network: 24 -> 64 -> 12
[2025-09-09 21:29:39.775] Training steps: 50000   LR: 0.005
[2025-09-09 21:29:39.775] Gate freeze until: 3000
[2025-09-09 21:29:39.775] Confidence start: 0.9 (floor 0.75)
[2025-09-09 21:29:39.775] === Sanity check ===
[2025-09-09 21:29:39.775] 1 -> ? = 10 (expected 2) - conf:0.000 finger:True
[2025-09-09 21:29:39.776] 3 -> ? = 8 (expected 4) - conf:0.000 finger:True
[2025-09-09 21:29:39.776] 5 -> ? = 8 (expected 6) - conf:0.000 finger:True
[2025-09-09 21:29:39.776] 2 -> 3 = 12 (expected 4) - conf:0.000 finger:True
[2025-09-09 21:29:39.776] 4 -> 5 = 8 (expected 6) - conf:0.000 finger:True
[2025-09-09 21:29:39.777] 1 + 2 = 3 (expected 3) + conf:0.000 finger:True
[2025-09-09 21:29:39.779] 2 + 2 = 4 (expected 4) + conf:0.000 finger:True
[2025-09-09 21:29:39.780] 3 + 4 = 7 (expected 7) + conf:0.000 finger:True
[2025-09-09 21:29:39.782] 4 + 5 = 9 (expected 9) + conf:0.000 finger:True
[2025-09-09 21:29:39.784] 5 + 5 = 10 (expected 10) + conf:0.000 finger:True
[2025-09-09 21:29:39.784] 
[2025-09-09 21:29:39.942] Step  1000: TF=0.100 CF=2.4 CX=2.0 W=1.00 Loss=1.285946 LR=0.004540 CC=0.817 (0.2s)
[2025-09-09 21:29:40.103] Step  2000: TF=0.200 CF=2.8 CX=2.0 W=1.00 Loss=1.414647 LR=0.004108 CC=0.750 (0.3s)
[2025-09-09 21:29:40.266] Step  3000: TF=0.300 CF=3.2 CX=3.0 W=1.00 Loss=2.193567 LR=0.003717 CC=0.750 (0.5s)
[2025-09-09 21:29:40.435] Step  4000: TF=0.400 CF=3.6 CX=4.9 W=1.00 Loss=1.981882 LR=0.003363 CC=0.750 (0.7s)
[2025-09-09 21:29:40.605] Step  5000: TF=0.500 CF=4.0 CX=6.3 W=1.00 Loss=3.658345 LR=0.003043 CC=0.750 (0.8s)
[2025-09-09 21:29:40.787] Step  6000: TF=0.600 CF=4.4 CX=5.7 W=1.00 Loss=2.562358 LR=0.002753 CC=0.750 (1.0s)
[2025-09-09 21:29:40.950] Step  7000: TF=0.700 CF=4.8 CX=3.6 W=1.00 Loss=0.930103 LR=0.002491 CC=0.750 (1.2s)
[2025-09-09 21:29:41.114] Step  8000: TF=0.800 CF=5.2 CX=6.4 W=1.00 Loss=1.088750 LR=0.002254 CC=0.750 (1.3s)
[2025-09-09 21:29:41.280] Step  9000: TF=0.900 CF=5.6 CX=4.8 W=1.00 Loss=0.853381 LR=0.002040 CC=0.750 (1.5s)
[2025-09-09 21:29:41.476] Step 10000: TF=1.000 CF=6.0 CX=6.6 W=1.00 Loss=0.269749 LR=0.002000 CC=0.750 (1.7s)
[2025-09-09 21:29:41.640] Step 11000: TF=1.000 CF=6.0 CX=5.1 W=1.00 Loss=0.178105 LR=0.002000 CC=0.750 (1.9s)
[2025-09-09 21:29:41.807] Step 12000: TF=1.000 CF=6.0 CX=6.1 W=1.00 Loss=0.068868 LR=0.002000 CC=0.750 (2.0s)
[2025-09-09 21:29:41.978] Step 13000: TF=1.000 CF=6.0 CX=6.1 W=1.00 Loss=0.031361 LR=0.002000 CC=0.750 (2.2s)
[2025-09-09 21:29:42.146] Step 14000: TF=1.000 CF=6.0 CX=5.3 W=1.00 Loss=0.149503 LR=0.002000 CC=0.750 (2.4s)
[2025-09-09 21:29:42.322] Step 15000: TF=1.000 CF=6.0 CX=5.7 W=1.00 Loss=0.155879 LR=0.002000 CC=0.750 (2.5s)
[2025-09-09 21:29:42.507] Step 16000: TF=1.000 CF=6.0 CX=5.5 W=0.90 Loss=0.008199 LR=0.002000 CC=0.750 (2.7s)
[2025-09-09 21:29:42.703] Step 17000: TF=1.000 CF=6.0 CX=5.1 W=0.80 Loss=0.264227 LR=0.002000 CC=0.750 (2.9s)
[2025-09-09 21:29:42.902] Step 18000: TF=1.000 CF=10.0 CX=11.8 W=0.17 Loss=0.343737 LR=0.002000 CC=0.750 (3.1s)
[2025-09-09 21:29:43.132] Step 19000: TF=1.000 CF=10.0 CX=8.3 W=0.23 Loss=5.463839 LR=0.002000 CC=0.750 (3.3s)
[2025-09-09 21:29:43.388] Step 20000: TF=1.000 CF=6.0 CX=6.0 W=0.50 Loss=0.010316 LR=0.002000 CC=0.750 (3.6s)
[2025-09-09 21:29:43.664] Step 21000: TF=1.000 CF=6.0 CX=6.9 W=0.40 Loss=0.012576 LR=0.002000 CC=0.750 (3.9s)
[2025-09-09 21:29:44.011] Step 22000: TF=1.000 CF=6.0 CX=5.9 W=0.30 Loss=0.193043 LR=0.002000 CC=0.750 (4.2s)
[2025-09-09 21:29:44.360] Step 23000: TF=1.000 CF=10.0 CX=10.3 W=0.46 Loss=0.008944 LR=0.002000 CC=0.750 (4.6s)
[2025-09-09 21:29:44.736] Step 24000: TF=1.000 CF=10.0 CX=10.0 W=0.51 Loss=0.052551 LR=0.002000 CC=0.750 (5.0s)
[2025-09-09 21:29:45.132] Step 25000: TF=1.000 CF=10.0 CX=10.8 W=0.57 Loss=0.005149 LR=0.002000 CC=0.750 (5.3s)
[2025-09-09 21:29:45.588] Step 26000: TF=1.000 CF=10.0 CX=10.0 W=0.63 Loss=0.013897 LR=0.002000 CC=0.750 (5.8s)
[2025-09-09 21:29:45.996] Step 27000: TF=1.000 CF=10.0 CX=8.9 W=0.69 Loss=0.018083 LR=0.002000 CC=0.750 (6.2s)
[2025-09-09 21:29:46.446] Step 28000: TF=1.000 CF=10.0 CX=8.4 W=0.74 Loss=2.435005 LR=0.002000 CC=0.750 (6.7s)
[2025-09-09 21:29:46.881] Step 29000: TF=1.000 CF=10.0 CX=9.9 W=0.80 Loss=0.008015 LR=0.002000 CC=0.750 (7.1s)
[2025-09-09 21:29:47.318] Step 30000: TF=1.000 CF=10.0 CX=10.5 W=0.86 Loss=0.001422 LR=0.002000 CC=0.750 (7.5s)
[2025-09-09 21:29:47.720] Step 31000: TF=1.000 CF=10.0 CX=9.0 W=0.91 Loss=0.006573 LR=0.002000 CC=0.750 (7.9s)
[2025-09-09 21:29:48.128] Step 32000: TF=1.000 CF=10.0 CX=10.1 W=0.97 Loss=0.001168 LR=0.002000 CC=0.750 (8.3s)
[2025-09-09 21:29:48.475] Step 33000: TF=1.000 CF=10.0 CX=9.9 W=1.00 Loss=0.008677 LR=0.002000 CC=0.750 (8.7s)
[2025-09-09 21:29:48.834] Step 34000: TF=1.000 CF=10.0 CX=10.8 W=1.00 Loss=0.000546 LR=0.002000 CC=0.750 (9.1s)
[2025-09-09 21:29:49.198] Step 35000: TF=1.000 CF=10.0 CX=9.3 W=1.00 Loss=0.000317 LR=0.002000 CC=0.750 (9.4s)
[2025-09-09 21:29:49.570] Step 36000: TF=1.000 CF=10.0 CX=11.4 W=1.00 Loss=3.023557 LR=0.002000 CC=0.750 (9.8s)
[2025-09-09 21:29:49.934] Step 37000: TF=1.000 CF=10.0 CX=11.0 W=1.00 Loss=0.299715 LR=0.002000 CC=0.750 (10.2s)
[2025-09-09 21:29:50.297] Step 38000: TF=1.000 CF=10.0 CX=10.6 W=1.00 Loss=0.000156 LR=0.002000 CC=0.750 (10.5s)
[2025-09-09 21:29:50.659] Step 39000: TF=1.000 CF=10.0 CX=10.8 W=1.00 Loss=0.000174 LR=0.002000 CC=0.750 (10.9s)
[2025-09-09 21:29:51.008] Step 40000: TF=1.000 CF=10.0 CX=9.7 W=1.00 Loss=0.003629 LR=0.002000 CC=0.750 (11.2s)
[2025-09-09 21:29:51.295] Step 41000: TF=1.000 CF=10.0 CX=8.9 W=1.00 Loss=0.001796 LR=0.002000 CC=0.750 (11.5s)
[2025-09-09 21:29:51.574] Step 42000: TF=1.000 CF=10.0 CX=10.6 W=1.00 Loss=0.000096 LR=0.002000 CC=0.750 (11.8s)
[2025-09-09 21:29:51.856] Step 43000: TF=1.000 CF=10.0 CX=11.2 W=1.00 Loss=0.034789 LR=0.002000 CC=0.750 (12.1s)
[2025-09-09 21:29:52.138] Step 44000: TF=1.000 CF=10.0 CX=10.3 W=1.00 Loss=0.000058 LR=0.002000 CC=0.750 (12.4s)
[2025-09-09 21:29:52.436] Step 45000: TF=1.000 CF=10.0 CX=11.0 W=1.00 Loss=0.416841 LR=0.002000 CC=0.750 (12.7s)
[2025-09-09 21:29:52.801] Step 46000: TF=1.000 CF=10.0 CX=10.4 W=1.00 Loss=0.000048 LR=0.002000 CC=0.750 (13.0s)
[2025-09-09 21:29:53.099] Step 47000: TF=1.000 CF=10.0 CX=10.7 W=1.00 Loss=0.000048 LR=0.002000 CC=0.750 (13.3s)
[2025-09-09 21:29:53.385] Step 48000: TF=1.000 CF=10.0 CX=9.7 W=1.00 Loss=0.002282 LR=0.002000 CC=0.750 (13.6s)
[2025-09-09 21:29:53.672] Step 49000: TF=1.000 CF=10.0 CX=11.1 W=1.00 Loss=0.004451 LR=0.002000 CC=0.750 (13.9s)
[2025-09-09 21:29:53.952] Step 50000: TF=1.000 CF=10.0 CX=8.8 W=1.00 Loss=0.099253 LR=0.002000 CC=0.750 (14.2s)
[2025-09-09 21:29:53.952] === Training complete ===
