[2025-09-11 19:30:04.562] === EFFECTIVE CONFIGURATION ===
[2025-09-11 19:30:04.562] {
[2025-09-11 19:30:04.562]   "_config_path": ".sweep_tmp/cfg_addition_start_step=13000.json",
[2025-09-11 19:30:04.563]   "_overrides": [],
[2025-09-11 19:30:04.563]   "_raw_config": {
[2025-09-11 19:30:04.563]     "addition_cf_max": 11.0,
[2025-09-11 19:30:04.563]     "addition_cf_min": 2.0,
[2025-09-11 19:30:04.563]     "addition_start_step": 13000,
[2025-09-11 19:30:04.563]     "cf_max_complexity": 7.0,
[2025-09-11 19:30:04.563]     "cf_min_complexity": 2.0,
[2025-09-11 19:30:04.563]     "cf_sd": 1.2,
[2025-09-11 19:30:04.563]     "checkpoint_interval": 5000,
[2025-09-11 19:30:04.563]     "confidence_criterion_start": 0.9,
[2025-09-11 19:30:04.563]     "confidence_floor": 0.75,
[2025-09-11 19:30:04.563]     "counting_fade_rate": 0.00015,
[2025-09-11 19:30:04.563]     "counting_focus_steps": 6000,
[2025-09-11 19:30:04.563]     "cx_sd": 0.9,
[2025-09-11 19:30:04.563]     "gate_freeze_until_step": 3000,
[2025-09-11 19:30:04.563]     "hidden_size": 64,
[2025-09-11 19:30:04.563]     "learning_rate": 0.01,
[2025-09-11 19:30:04.563]     "learning_rate_floor": 0.002,
[2025-09-11 19:30:04.563]     "lr_decay": 0.9999,
[2025-09-11 19:30:04.563]     "outdir": "results",
[2025-09-11 19:30:04.563]     "tf_rate_addition": 5e-05,
[2025-09-11 19:30:04.563]     "tf_rate_counting": 0.0002,
[2025-09-11 19:30:04.563]     "total_steps": 15000
[2025-09-11 19:30:04.563]   },
[2025-09-11 19:30:04.563]   "addition_cf_max": 11.0,
[2025-09-11 19:30:04.563]   "addition_cf_min": 2.0,
[2025-09-11 19:30:04.563]   "addition_start_step": 13000,
[2025-09-11 19:30:04.563]   "cf_max_complexity": 7.0,
[2025-09-11 19:30:04.563]   "cf_min_complexity": 2.0,
[2025-09-11 19:30:04.563]   "cf_sd": 1.2,
[2025-09-11 19:30:04.563]   "cf_variance": 1.5,
[2025-09-11 19:30:04.563]   "checkpoint_interval": 5000,
[2025-09-11 19:30:04.563]   "confidence_criterion_start": 0.9,
[2025-09-11 19:30:04.563]   "confidence_floor": 0.75,
[2025-09-11 19:30:04.563]   "counting_fade_rate": 0.00015,
[2025-09-11 19:30:04.563]   "counting_focus_steps": 6000,
[2025-09-11 19:30:04.563]   "cx_sd": 0.9,
[2025-09-11 19:30:04.563]   "cx_variance": 0.8,
[2025-09-11 19:30:04.563]   "gate_freeze_until_step": 3000,
[2025-09-11 19:30:04.563]   "hidden_size": 64,
[2025-09-11 19:30:04.563]   "learning_rate": 0.01,
[2025-09-11 19:30:04.563]   "learning_rate_floor": 0.002,
[2025-09-11 19:30:04.563]   "lr_decay": 0.9999,
[2025-09-11 19:30:04.563]   "outdir": "results/addition_start_step=13000",
[2025-09-11 19:30:04.563]   "tf_rate": 0.0001,
[2025-09-11 19:30:04.563]   "tf_rate_addition": 5e-05,
[2025-09-11 19:30:04.563]   "tf_rate_counting": 0.0002,
[2025-09-11 19:30:04.563]   "total_steps": 15000
[2025-09-11 19:30:04.563] }
[2025-09-11 19:30:04.564] === Small Math Model (Content-Gated) ===
[2025-09-11 19:30:04.564] Network: 24 -> 64 -> 12
[2025-09-11 19:30:04.564] Training steps: 15000   LR: 0.01
[2025-09-11 19:30:04.564] Gate freeze until: 3000
[2025-09-11 19:30:04.564] Confidence start: 0.9 (floor 0.75)
[2025-09-11 19:30:04.564] === Sanity check ===
[2025-09-11 19:30:04.564] 1 -> ? = 10 (expected 2) - conf:0.000 finger:True
[2025-09-11 19:30:04.564] 3 -> ? = 8 (expected 4) - conf:0.000 finger:True
[2025-09-11 19:30:04.564] 5 -> ? = 8 (expected 6) - conf:0.000 finger:True
[2025-09-11 19:30:04.564] 2 -> 3 = 12 (expected 4) - conf:0.000 finger:True
[2025-09-11 19:30:04.564] 4 -> 5 = 8 (expected 6) - conf:0.000 finger:True
[2025-09-11 19:30:04.565] 1 + 2 = 3 (expected 3) + conf:0.000 finger:True
[2025-09-11 19:30:04.567] 2 + 2 = 4 (expected 4) + conf:0.000 finger:True
[2025-09-11 19:30:04.568] 3 + 4 = 7 (expected 7) + conf:0.000 finger:True
[2025-09-11 19:30:04.570] 4 + 5 = 9 (expected 9) + conf:0.000 finger:True
[2025-09-11 19:30:04.572] 5 + 5 = 10 (expected 10) + conf:0.000 finger:True
[2025-09-11 19:30:04.572] 
[2025-09-11 19:30:04.736] Step  1000: TF=0.100 CF=2.5 CX=2.0 W=1.00 Loss=0.472660 LR=0.009079 CC=0.817 (0.2s)
[2025-09-11 19:30:04.905] Step  2000: TF=0.200 CF=3.0 CX=3.4 W=1.00 Loss=0.602539 LR=0.008215 CC=0.750 (0.3s)
[2025-09-11 19:30:05.080] Step  3000: TF=0.300 CF=3.5 CX=2.3 W=1.00 Loss=0.468573 LR=0.007433 CC=0.750 (0.5s)
[2025-09-11 19:30:05.251] Step  4000: TF=0.400 CF=4.0 CX=3.3 W=1.00 Loss=0.013687 LR=0.006726 CC=0.750 (0.7s)
[2025-09-11 19:30:05.510] Step  5000: TF=0.500 CF=4.5 CX=5.4 W=1.00 Loss=0.353931 LR=0.006086 CC=0.750 (0.9s)
[2025-09-11 19:30:05.681] Step  6000: TF=0.600 CF=5.0 CX=4.4 W=1.00 Loss=0.199243 LR=0.005507 CC=0.750 (1.1s)
[2025-09-11 19:30:05.850] Step  7000: TF=0.700 CF=5.5 CX=5.4 W=1.00 Loss=0.031643 LR=0.004983 CC=0.750 (1.3s)
[2025-09-11 19:30:06.018] Step  8000: TF=0.800 CF=6.0 CX=6.5 W=1.00 Loss=0.007407 LR=0.004508 CC=0.750 (1.4s)
[2025-09-11 19:30:06.188] Step  9000: TF=0.900 CF=6.5 CX=4.8 W=1.00 Loss=0.069523 LR=0.004079 CC=0.750 (1.6s)
[2025-09-11 19:30:06.357] Step 10000: TF=1.000 CF=7.0 CX=7.4 W=1.00 Loss=0.127520 LR=0.003691 CC=0.750 (1.8s)
[2025-09-11 19:30:06.522] Step 11000: TF=1.000 CF=7.0 CX=7.7 W=1.00 Loss=0.066357 LR=0.003340 CC=0.750 (2.0s)
[2025-09-11 19:30:06.687] Step 12000: TF=1.000 CF=7.0 CX=7.4 W=1.00 Loss=0.172732 LR=0.003022 CC=0.750 (2.1s)
[2025-09-11 19:30:06.878] Step 13000: TF=1.000 CF=7.0 CX=8.0 W=1.00 Loss=0.131293 LR=0.002734 CC=0.750 (2.3s)
[2025-09-11 19:30:07.127] Step 14000: TF=1.000 CF=7.0 CX=6.3 W=0.85 Loss=0.002971 LR=0.002474 CC=0.750 (2.6s)
[2025-09-11 19:30:07.481] Step 15000: TF=1.000 CF=11.0 CX=11.2 W=1.00 Loss=0.050970 LR=0.002239 CC=0.750 (2.9s)
[2025-09-11 19:30:07.481] === Training complete ===
