[2025-09-16 20:32:31.881] === EFFECTIVE CONFIGURATION ===
[2025-09-16 20:32:31.881] {
[2025-09-16 20:32:31.881]   "_config_path": ".sweep_tmp/cfg_addition_start_step=12000.json",
[2025-09-16 20:32:31.881]   "_overrides": [],
[2025-09-16 20:32:31.881]   "_raw_config": {
[2025-09-16 20:32:31.881]     "addition_cf_max": 11.0,
[2025-09-16 20:32:31.881]     "addition_cf_min": 2.0,
[2025-09-16 20:32:31.881]     "addition_start_step": 12000,
[2025-09-16 20:32:31.881]     "cf_max_complexity": 7.0,
[2025-09-16 20:32:31.881]     "cf_min_complexity": 2.0,
[2025-09-16 20:32:31.881]     "cf_sd": 1.2,
[2025-09-16 20:32:31.881]     "checkpoint_interval": 5000,
[2025-09-16 20:32:31.881]     "confidence_criterion_start": 0.9,
[2025-09-16 20:32:31.881]     "confidence_floor": 0.75,
[2025-09-16 20:32:31.881]     "counting_fade_rate": 0.00015,
[2025-09-16 20:32:31.881]     "counting_focus_steps": 6000,
[2025-09-16 20:32:31.881]     "cx_sd": 0.9,
[2025-09-16 20:32:31.881]     "gate_freeze_until_step": 3000,
[2025-09-16 20:32:31.881]     "hidden_size": 64,
[2025-09-16 20:32:31.881]     "learning_rate": 0.005,
[2025-09-16 20:32:31.881]     "learning_rate_floor": 0.002,
[2025-09-16 20:32:31.881]     "lr_decay": 0.9999,
[2025-09-16 20:32:31.881]     "outdir": "results",
[2025-09-16 20:32:31.881]     "tf_rate_addition": 0.0001,
[2025-09-16 20:32:31.881]     "tf_rate_counting": 0.0001,
[2025-09-16 20:32:31.881]     "total_steps": 50000
[2025-09-16 20:32:31.881]   },
[2025-09-16 20:32:31.881]   "addition_cf_max": 11.0,
[2025-09-16 20:32:31.881]   "addition_cf_min": 2.0,
[2025-09-16 20:32:31.881]   "addition_start_step": 12000,
[2025-09-16 20:32:31.881]   "cf_max_complexity": 7.0,
[2025-09-16 20:32:31.881]   "cf_min_complexity": 2.0,
[2025-09-16 20:32:31.881]   "cf_sd": 1.2,
[2025-09-16 20:32:31.881]   "cf_variance": 1.5,
[2025-09-16 20:32:31.881]   "checkpoint_interval": 5000,
[2025-09-16 20:32:31.882]   "confidence_criterion_start": 0.9,
[2025-09-16 20:32:31.882]   "confidence_floor": 0.75,
[2025-09-16 20:32:31.882]   "counting_fade_rate": 0.00015,
[2025-09-16 20:32:31.882]   "counting_focus_steps": 6000,
[2025-09-16 20:32:31.882]   "cx_sd": 0.9,
[2025-09-16 20:32:31.882]   "cx_variance": 0.8,
[2025-09-16 20:32:31.882]   "gate_freeze_until_step": 3000,
[2025-09-16 20:32:31.882]   "hidden_size": 64,
[2025-09-16 20:32:31.882]   "learning_rate": 0.005,
[2025-09-16 20:32:31.882]   "learning_rate_floor": 0.002,
[2025-09-16 20:32:31.882]   "lr_decay": 0.9999,
[2025-09-16 20:32:31.882]   "outdir": "results/addition_start_step=12000",
[2025-09-16 20:32:31.882]   "tf_rate": 0.0001,
[2025-09-16 20:32:31.882]   "tf_rate_addition": 0.0001,
[2025-09-16 20:32:31.882]   "tf_rate_counting": 0.0001,
[2025-09-16 20:32:31.882]   "total_steps": 50000
[2025-09-16 20:32:31.882] }
[2025-09-16 20:32:31.882] === Small Math Model (Content-Gated) ===
[2025-09-16 20:32:31.882] Network: 24 -> 64 -> 12
[2025-09-16 20:32:31.882] Training steps: 50000   LR: 0.005
[2025-09-16 20:32:31.882] Gate freeze until: 3000
[2025-09-16 20:32:31.882] Confidence start: 0.9 (floor 0.75)
[2025-09-16 20:32:31.882] === Sanity check ===
[2025-09-16 20:32:31.883] 1 -> ? = 10 (expected 2) - conf:0.000 finger:True
[2025-09-16 20:32:31.883] 3 -> ? = 8 (expected 4) - conf:0.000 finger:True
[2025-09-16 20:32:31.883] 5 -> ? = 8 (expected 6) - conf:0.000 finger:True
[2025-09-16 20:32:31.883] 2 -> 3 = 12 (expected 4) - conf:0.000 finger:True
[2025-09-16 20:32:31.883] 4 -> 5 = 8 (expected 6) - conf:0.000 finger:True
[2025-09-16 20:32:31.884] 1 + 2 = 3 (expected 3) + conf:0.000 finger:True
[2025-09-16 20:32:31.885] 2 + 2 = 4 (expected 4) + conf:0.000 finger:True
[2025-09-16 20:32:31.886] 3 + 4 = 7 (expected 7) + conf:0.000 finger:True
[2025-09-16 20:32:31.887] 4 + 5 = 9 (expected 9) + conf:0.000 finger:True
[2025-09-16 20:32:31.889] 5 + 5 = 10 (expected 10) + conf:0.000 finger:True
[2025-09-16 20:32:31.889] 
[2025-09-16 20:32:32.110] Step  1000: TF=0.100 CF=2.5 CX=2.6 W=1.00 Loss=1.359927 LR=0.004540 CC=0.817 (0.2s)
[2025-09-16 20:32:32.343] Step  2000: TF=0.200 CF=3.0 CX=3.9 W=1.00 Loss=1.588263 LR=0.004108 CC=0.750 (0.5s)
[2025-09-16 20:32:32.584] Step  3000: TF=0.300 CF=3.5 CX=4.6 W=1.00 Loss=1.389807 LR=0.003717 CC=0.750 (0.7s)
[2025-09-16 20:32:32.867] Step  4000: TF=0.400 CF=4.0 CX=4.0 W=1.00 Loss=0.854272 LR=0.003363 CC=0.750 (1.0s)
[2025-09-16 20:32:33.073] Step  5000: TF=0.500 CF=4.5 CX=3.1 W=1.00 Loss=1.712955 LR=0.003043 CC=0.750 (1.2s)
[2025-09-16 20:32:33.281] Step  6000: TF=0.600 CF=5.0 CX=4.3 W=1.00 Loss=0.742192 LR=0.002753 CC=0.750 (1.4s)
[2025-09-16 20:32:33.504] Step  7000: TF=0.700 CF=5.5 CX=4.7 W=1.00 Loss=1.014506 LR=0.002491 CC=0.750 (1.6s)
[2025-09-16 20:32:33.727] Step  8000: TF=0.800 CF=6.0 CX=7.3 W=1.00 Loss=5.923626 LR=0.002254 CC=0.750 (1.8s)
[2025-09-16 20:32:33.939] Step  9000: TF=0.900 CF=6.5 CX=7.1 W=1.00 Loss=1.475776 LR=0.002040 CC=0.750 (2.1s)
[2025-09-16 20:32:34.148] Step 10000: TF=1.000 CF=7.0 CX=5.5 W=1.00 Loss=0.159681 LR=0.002000 CC=0.750 (2.3s)
[2025-09-16 20:32:34.370] Step 11000: TF=1.000 CF=7.0 CX=7.3 W=1.00 Loss=0.084122 LR=0.002000 CC=0.750 (2.5s)
[2025-09-16 20:32:34.582] Step 12000: TF=1.000 CF=7.0 CX=6.9 W=1.00 Loss=0.034098 LR=0.002000 CC=0.750 (2.7s)
[2025-09-16 20:32:34.857] Step 13000: TF=1.000 CF=7.0 CX=7.5 W=0.85 Loss=0.072507 LR=0.002000 CC=0.750 (3.0s)
[2025-09-16 20:32:35.241] Step 14000: TF=1.000 CF=7.0 CX=6.1 W=0.70 Loss=0.147687 LR=0.002000 CC=0.750 (3.4s)
[2025-09-16 20:32:35.700] Step 15000: TF=1.000 CF=11.0 CX=10.9 W=0.16 Loss=1.582970 LR=0.002000 CC=0.750 (3.8s)
[2025-09-16 20:32:36.365] Step 16000: TF=1.000 CF=7.0 CX=5.2 W=0.40 Loss=0.242574 LR=0.002000 CC=0.750 (4.5s)
[2025-09-16 20:32:37.222] Step 17000: TF=1.000 CF=11.0 CX=10.8 W=0.26 Loss=0.285661 LR=0.002000 CC=0.750 (5.3s)
[2025-09-16 20:32:38.284] Step 18000: TF=1.000 CF=11.0 CX=12.0 W=0.32 Loss=4.559073 LR=0.002000 CC=0.750 (6.4s)
[2025-09-16 20:32:39.177] Step 19000: TF=1.000 CF=11.0 CX=9.5 W=0.37 Loss=0.129413 LR=0.002000 CC=0.750 (7.3s)
[2025-09-16 20:32:39.989] Step 20000: TF=1.000 CF=11.0 CX=12.0 W=0.42 Loss=2.124541 LR=0.002000 CC=0.750 (8.1s)
[2025-09-16 20:32:40.835] Step 21000: TF=1.000 CF=11.0 CX=10.7 W=0.47 Loss=0.078148 LR=0.002000 CC=0.750 (8.9s)
[2025-09-16 20:32:41.577] Step 22000: TF=1.000 CF=11.0 CX=11.9 W=0.53 Loss=1.615303 LR=0.002000 CC=0.750 (9.7s)
[2025-09-16 20:32:42.393] Step 23000: TF=1.000 CF=11.0 CX=11.7 W=0.58 Loss=1.352582 LR=0.002000 CC=0.750 (10.5s)
[2025-09-16 20:32:43.239] Step 24000: TF=1.000 CF=11.0 CX=10.7 W=0.63 Loss=0.031546 LR=0.002000 CC=0.750 (11.4s)
[2025-09-16 20:32:44.230] Step 25000: TF=1.000 CF=11.0 CX=11.9 W=0.68 Loss=0.029633 LR=0.002000 CC=0.750 (12.3s)
[2025-09-16 20:32:45.025] Step 26000: TF=1.000 CF=11.0 CX=11.4 W=0.74 Loss=0.636188 LR=0.002000 CC=0.750 (13.1s)
[2025-09-16 20:32:45.855] Step 27000: TF=1.000 CF=11.0 CX=11.3 W=0.79 Loss=0.502722 LR=0.002000 CC=0.750 (14.0s)
[2025-09-16 20:32:46.741] Step 28000: TF=1.000 CF=7.0 CX=8.0 W=0.20 Loss=0.025336 LR=0.002000 CC=0.750 (14.9s)
[2025-09-16 20:32:47.475] Step 29000: TF=1.000 CF=7.0 CX=8.3 W=0.20 Loss=0.004160 LR=0.002000 CC=0.750 (15.6s)
[2025-09-16 20:32:48.273] Step 30000: TF=1.000 CF=7.0 CX=6.5 W=0.20 Loss=0.006922 LR=0.002000 CC=0.750 (16.4s)
[2025-09-16 20:32:48.903] Step 31000: TF=1.000 CF=11.0 CX=11.1 W=1.00 Loss=0.080427 LR=0.002000 CC=0.750 (17.0s)
[2025-09-16 20:32:49.584] Step 32000: TF=1.000 CF=11.0 CX=10.7 W=1.00 Loss=0.009956 LR=0.002000 CC=0.750 (17.7s)
[2025-09-16 20:32:50.280] Step 33000: TF=1.000 CF=7.0 CX=6.2 W=0.20 Loss=0.004799 LR=0.002000 CC=0.750 (18.4s)
[2025-09-16 20:32:50.880] Step 34000: TF=1.000 CF=11.0 CX=11.4 W=1.00 Loss=0.358002 LR=0.002000 CC=0.750 (19.0s)
[2025-09-16 20:32:51.527] Step 35000: TF=1.000 CF=11.0 CX=10.8 W=1.00 Loss=0.005005 LR=0.002000 CC=0.750 (19.6s)
[2025-09-16 20:32:52.161] Step 36000: TF=1.000 CF=11.0 CX=11.3 W=1.00 Loss=0.193649 LR=0.002000 CC=0.750 (20.3s)
[2025-09-16 20:32:52.643] Step 37000: TF=1.000 CF=7.0 CX=6.8 W=0.20 Loss=0.009263 LR=0.002000 CC=0.750 (20.8s)
[2025-09-16 20:32:53.230] Step 38000: TF=1.000 CF=11.0 CX=10.7 W=1.00 Loss=0.004434 LR=0.002000 CC=0.750 (21.3s)
[2025-09-16 20:32:53.869] Step 39000: TF=1.000 CF=7.0 CX=7.2 W=0.20 Loss=0.000647 LR=0.002000 CC=0.750 (22.0s)
[2025-09-16 20:32:54.430] Step 40000: TF=1.000 CF=7.0 CX=6.4 W=0.20 Loss=0.005579 LR=0.002000 CC=0.750 (22.5s)
[2025-09-16 20:32:54.889] Step 41000: TF=1.000 CF=11.0 CX=10.1 W=1.00 Loss=0.002235 LR=0.002000 CC=0.750 (23.0s)
[2025-09-16 20:32:55.371] Step 42000: TF=1.000 CF=11.0 CX=11.4 W=1.00 Loss=0.066162 LR=0.002000 CC=0.750 (23.5s)
[2025-09-16 20:32:55.858] Step 43000: TF=1.000 CF=11.0 CX=11.1 W=1.00 Loss=0.537263 LR=0.002000 CC=0.750 (24.0s)
[2025-09-16 20:32:56.352] Step 44000: TF=1.000 CF=11.0 CX=11.0 W=1.00 Loss=0.002379 LR=0.002000 CC=0.750 (24.5s)
[2025-09-16 20:32:56.810] Step 45000: TF=1.000 CF=11.0 CX=10.1 W=1.00 Loss=0.002029 LR=0.002000 CC=0.750 (24.9s)
[2025-09-16 20:32:57.199] Step 46000: TF=1.000 CF=11.0 CX=11.4 W=1.00 Loss=0.207779 LR=0.002000 CC=0.750 (25.3s)
[2025-09-16 20:32:57.573] Step 47000: TF=1.000 CF=11.0 CX=11.7 W=1.00 Loss=0.046870 LR=0.002000 CC=0.750 (25.7s)
[2025-09-16 20:32:57.925] Step 48000: TF=1.000 CF=11.0 CX=11.3 W=1.00 Loss=0.037796 LR=0.002000 CC=0.750 (26.0s)
[2025-09-16 20:32:58.271] Step 49000: TF=1.000 CF=11.0 CX=12.0 W=1.00 Loss=0.093159 LR=0.002000 CC=0.750 (26.4s)
[2025-09-16 20:32:58.607] Step 50000: TF=1.000 CF=11.0 CX=9.7 W=1.00 Loss=0.048279 LR=0.002000 CC=0.750 (26.7s)
[2025-09-16 20:32:58.607] === Training complete ===
