[2025-09-11 19:29:38.712] === EFFECTIVE CONFIGURATION ===
[2025-09-11 19:29:38.712] {
[2025-09-11 19:29:38.712]   "_config_path": ".sweep_tmp/cfg_addition_start_step=3000.json",
[2025-09-11 19:29:38.712]   "_overrides": [],
[2025-09-11 19:29:38.712]   "_raw_config": {
[2025-09-11 19:29:38.712]     "addition_cf_max": 11.0,
[2025-09-11 19:29:38.712]     "addition_cf_min": 2.0,
[2025-09-11 19:29:38.712]     "addition_start_step": 3000,
[2025-09-11 19:29:38.712]     "cf_max_complexity": 7.0,
[2025-09-11 19:29:38.712]     "cf_min_complexity": 2.0,
[2025-09-11 19:29:38.712]     "cf_sd": 1.2,
[2025-09-11 19:29:38.712]     "checkpoint_interval": 5000,
[2025-09-11 19:29:38.712]     "confidence_criterion_start": 0.9,
[2025-09-11 19:29:38.712]     "confidence_floor": 0.75,
[2025-09-11 19:29:38.712]     "counting_fade_rate": 0.00015,
[2025-09-11 19:29:38.712]     "counting_focus_steps": 6000,
[2025-09-11 19:29:38.712]     "cx_sd": 0.9,
[2025-09-11 19:29:38.712]     "gate_freeze_until_step": 3000,
[2025-09-11 19:29:38.712]     "hidden_size": 64,
[2025-09-11 19:29:38.712]     "learning_rate": 0.01,
[2025-09-11 19:29:38.712]     "learning_rate_floor": 0.002,
[2025-09-11 19:29:38.712]     "lr_decay": 0.9999,
[2025-09-11 19:29:38.712]     "outdir": "results",
[2025-09-11 19:29:38.712]     "tf_rate_addition": 5e-05,
[2025-09-11 19:29:38.712]     "tf_rate_counting": 0.0002,
[2025-09-11 19:29:38.712]     "total_steps": 15000
[2025-09-11 19:29:38.712]   },
[2025-09-11 19:29:38.712]   "addition_cf_max": 11.0,
[2025-09-11 19:29:38.712]   "addition_cf_min": 2.0,
[2025-09-11 19:29:38.712]   "addition_start_step": 3000,
[2025-09-11 19:29:38.712]   "cf_max_complexity": 7.0,
[2025-09-11 19:29:38.712]   "cf_min_complexity": 2.0,
[2025-09-11 19:29:38.712]   "cf_sd": 1.2,
[2025-09-11 19:29:38.712]   "cf_variance": 1.5,
[2025-09-11 19:29:38.712]   "checkpoint_interval": 5000,
[2025-09-11 19:29:38.712]   "confidence_criterion_start": 0.9,
[2025-09-11 19:29:38.712]   "confidence_floor": 0.75,
[2025-09-11 19:29:38.712]   "counting_fade_rate": 0.00015,
[2025-09-11 19:29:38.712]   "counting_focus_steps": 6000,
[2025-09-11 19:29:38.712]   "cx_sd": 0.9,
[2025-09-11 19:29:38.712]   "cx_variance": 0.8,
[2025-09-11 19:29:38.712]   "gate_freeze_until_step": 3000,
[2025-09-11 19:29:38.712]   "hidden_size": 64,
[2025-09-11 19:29:38.712]   "learning_rate": 0.01,
[2025-09-11 19:29:38.712]   "learning_rate_floor": 0.002,
[2025-09-11 19:29:38.712]   "lr_decay": 0.9999,
[2025-09-11 19:29:38.713]   "outdir": "results/addition_start_step=3000",
[2025-09-11 19:29:38.713]   "tf_rate": 0.0001,
[2025-09-11 19:29:38.713]   "tf_rate_addition": 5e-05,
[2025-09-11 19:29:38.713]   "tf_rate_counting": 0.0002,
[2025-09-11 19:29:38.713]   "total_steps": 15000
[2025-09-11 19:29:38.713] }
[2025-09-11 19:29:38.713] === Small Math Model (Content-Gated) ===
[2025-09-11 19:29:38.713] Network: 24 -> 64 -> 12
[2025-09-11 19:29:38.713] Training steps: 15000   LR: 0.01
[2025-09-11 19:29:38.713] Gate freeze until: 3000
[2025-09-11 19:29:38.713] Confidence start: 0.9 (floor 0.75)
[2025-09-11 19:29:38.713] === Sanity check ===
[2025-09-11 19:29:38.713] 1 -> ? = 10 (expected 2) - conf:0.000 finger:True
[2025-09-11 19:29:38.714] 3 -> ? = 8 (expected 4) - conf:0.000 finger:True
[2025-09-11 19:29:38.714] 5 -> ? = 8 (expected 6) - conf:0.000 finger:True
[2025-09-11 19:29:38.714] 2 -> 3 = 12 (expected 4) - conf:0.000 finger:True
[2025-09-11 19:29:38.714] 4 -> 5 = 8 (expected 6) - conf:0.000 finger:True
[2025-09-11 19:29:38.715] 1 + 2 = 3 (expected 3) + conf:0.000 finger:True
[2025-09-11 19:29:38.716] 2 + 2 = 4 (expected 4) + conf:0.000 finger:True
[2025-09-11 19:29:38.719] 3 + 4 = 7 (expected 7) + conf:0.000 finger:True
[2025-09-11 19:29:38.722] 4 + 5 = 9 (expected 9) + conf:0.000 finger:True
[2025-09-11 19:29:38.724] 5 + 5 = 10 (expected 10) + conf:0.000 finger:True
[2025-09-11 19:29:38.724] 
[2025-09-11 19:29:38.884] Step  1000: TF=0.100 CF=2.5 CX=2.6 W=1.00 Loss=0.406266 LR=0.009079 CC=0.817 (0.2s)
[2025-09-11 19:29:39.050] Step  2000: TF=0.200 CF=3.0 CX=4.6 W=1.00 Loss=3.564643 LR=0.008215 CC=0.750 (0.3s)
[2025-09-11 19:29:39.219] Step  3000: TF=0.300 CF=3.5 CX=3.6 W=1.00 Loss=0.502550 LR=0.007433 CC=0.750 (0.5s)
[2025-09-11 19:29:39.525] Step  4000: TF=0.400 CF=4.0 CX=3.4 W=0.85 Loss=0.369269 LR=0.006726 CC=0.750 (0.8s)
[2025-09-11 19:29:40.015] Step  5000: TF=0.500 CF=4.5 CX=6.7 W=0.70 Loss=0.669536 LR=0.006086 CC=0.750 (1.3s)
[2025-09-11 19:29:40.817] Step  6000: TF=0.600 CF=7.4 CX=8.0 W=0.50 Loss=2.784884 LR=0.005507 CC=0.750 (2.1s)
[2025-09-11 19:29:41.891] Step  7000: TF=0.700 CF=8.3 CX=9.0 W=0.67 Loss=1.225378 LR=0.004983 CC=0.750 (3.2s)
[2025-09-11 19:29:43.246] Step  8000: TF=0.800 CF=6.0 CX=5.8 W=0.25 Loss=0.047390 LR=0.004508 CC=0.750 (4.5s)
[2025-09-11 19:29:43.924] Step  9000: TF=0.900 CF=10.1 CX=11.2 W=1.00 Loss=0.689745 LR=0.004079 CC=0.750 (5.2s)
[2025-09-11 19:29:44.247] Step 10000: TF=1.000 CF=11.0 CX=10.2 W=1.00 Loss=0.022676 LR=0.003691 CC=0.750 (5.5s)
[2025-09-11 19:29:44.601] Step 11000: TF=1.000 CF=7.0 CX=6.3 W=0.20 Loss=0.009976 LR=0.003340 CC=0.750 (5.9s)
[2025-09-11 19:29:44.997] Step 12000: TF=1.000 CF=7.0 CX=6.6 W=0.20 Loss=0.007240 LR=0.003022 CC=0.750 (6.3s)
[2025-09-11 19:29:45.314] Step 13000: TF=1.000 CF=11.0 CX=10.6 W=1.00 Loss=0.009477 LR=0.002734 CC=0.750 (6.6s)
[2025-09-11 19:29:45.619] Step 14000: TF=1.000 CF=11.0 CX=11.9 W=1.00 Loss=0.010750 LR=0.002474 CC=0.750 (6.9s)
[2025-09-11 19:29:45.874] Step 15000: TF=1.000 CF=11.0 CX=12.0 W=1.00 Loss=0.017131 LR=0.002239 CC=0.750 (7.2s)
[2025-09-11 19:29:45.875] === Training complete ===
