[2025-09-11 19:19:01.155] === EFFECTIVE CONFIGURATION ===
[2025-09-11 19:19:01.155] {
[2025-09-11 19:19:01.155]   "_config_path": ".sweep_tmp/cfg_addition_start_step=3000.json",
[2025-09-11 19:19:01.155]   "_overrides": [],
[2025-09-11 19:19:01.155]   "_raw_config": {
[2025-09-11 19:19:01.155]     "addition_cf_max": 11.0,
[2025-09-11 19:19:01.155]     "addition_cf_min": 2.0,
[2025-09-11 19:19:01.155]     "addition_start_step": 3000,
[2025-09-11 19:19:01.155]     "cf_max_complexity": 7.0,
[2025-09-11 19:19:01.155]     "cf_min_complexity": 2.0,
[2025-09-11 19:19:01.155]     "cf_sd": 1.2,
[2025-09-11 19:19:01.155]     "checkpoint_interval": 5000,
[2025-09-11 19:19:01.155]     "confidence_criterion_start": 0.9,
[2025-09-11 19:19:01.155]     "confidence_floor": 0.75,
[2025-09-11 19:19:01.155]     "counting_fade_rate": 0.00015,
[2025-09-11 19:19:01.155]     "counting_focus_steps": 6000,
[2025-09-11 19:19:01.155]     "cx_sd": 0.9,
[2025-09-11 19:19:01.155]     "gate_freeze_until_step": 0,
[2025-09-11 19:19:01.155]     "hidden_size": 64,
[2025-09-11 19:19:01.155]     "learning_rate": 0.01,
[2025-09-11 19:19:01.155]     "learning_rate_floor": 0.002,
[2025-09-11 19:19:01.155]     "lr_decay": 0.9999,
[2025-09-11 19:19:01.155]     "outdir": "results",
[2025-09-11 19:19:01.155]     "tf_rate_addition": 5e-05,
[2025-09-11 19:19:01.155]     "tf_rate_counting": 0.0002,
[2025-09-11 19:19:01.155]     "total_steps": 15000
[2025-09-11 19:19:01.155]   },
[2025-09-11 19:19:01.155]   "addition_cf_max": 11.0,
[2025-09-11 19:19:01.155]   "addition_cf_min": 2.0,
[2025-09-11 19:19:01.155]   "addition_start_step": 3000,
[2025-09-11 19:19:01.155]   "cf_max_complexity": 7.0,
[2025-09-11 19:19:01.155]   "cf_min_complexity": 2.0,
[2025-09-11 19:19:01.155]   "cf_sd": 1.2,
[2025-09-11 19:19:01.155]   "cf_variance": 1.5,
[2025-09-11 19:19:01.155]   "checkpoint_interval": 5000,
[2025-09-11 19:19:01.155]   "confidence_criterion_start": 0.9,
[2025-09-11 19:19:01.155]   "confidence_floor": 0.75,
[2025-09-11 19:19:01.155]   "counting_fade_rate": 0.00015,
[2025-09-11 19:19:01.155]   "counting_focus_steps": 6000,
[2025-09-11 19:19:01.155]   "cx_sd": 0.9,
[2025-09-11 19:19:01.155]   "cx_variance": 0.8,
[2025-09-11 19:19:01.155]   "gate_freeze_until_step": 0,
[2025-09-11 19:19:01.155]   "hidden_size": 64,
[2025-09-11 19:19:01.155]   "learning_rate": 0.01,
[2025-09-11 19:19:01.156]   "learning_rate_floor": 0.002,
[2025-09-11 19:19:01.156]   "lr_decay": 0.9999,
[2025-09-11 19:19:01.156]   "outdir": "results/addition_start_step=3000",
[2025-09-11 19:19:01.156]   "tf_rate": 0.0001,
[2025-09-11 19:19:01.156]   "tf_rate_addition": 5e-05,
[2025-09-11 19:19:01.156]   "tf_rate_counting": 0.0002,
[2025-09-11 19:19:01.156]   "total_steps": 15000
[2025-09-11 19:19:01.156] }
[2025-09-11 19:19:01.157] === Small Math Model (Content-Gated) ===
[2025-09-11 19:19:01.157] Network: 24 -> 64 -> 12
[2025-09-11 19:19:01.157] Training steps: 15000   LR: 0.01
[2025-09-11 19:19:01.157] Gate freeze until: 0
[2025-09-11 19:19:01.157] Confidence start: 0.9 (floor 0.75)
[2025-09-11 19:19:01.157] === Sanity check ===
[2025-09-11 19:19:01.157] 1 -> ? = 10 (expected 2) - conf:0.000 finger:True
[2025-09-11 19:19:01.157] 3 -> ? = 8 (expected 4) - conf:0.000 finger:True
[2025-09-11 19:19:01.157] 5 -> ? = 8 (expected 6) - conf:0.000 finger:True
[2025-09-11 19:19:01.157] 2 -> 3 = 12 (expected 4) - conf:0.000 finger:True
[2025-09-11 19:19:01.158] 4 -> 5 = 8 (expected 6) - conf:0.000 finger:True
[2025-09-11 19:19:01.159] 1 + 2 = 3 (expected 3) + conf:0.000 finger:True
[2025-09-11 19:19:01.161] 2 + 2 = 4 (expected 4) + conf:0.000 finger:True
[2025-09-11 19:19:01.163] 3 + 4 = 7 (expected 7) + conf:0.000 finger:True
[2025-09-11 19:19:01.165] 4 + 5 = 9 (expected 9) + conf:0.000 finger:True
[2025-09-11 19:19:01.168] 5 + 5 = 10 (expected 10) + conf:0.000 finger:True
[2025-09-11 19:19:01.168] 
[2025-09-11 19:19:01.350] Step  1000: TF=0.100 CF=2.5 CX=2.0 W=1.00 Loss=0.655530 LR=0.009079 CC=0.817 (0.2s)
[2025-09-11 19:19:01.532] Step  2000: TF=0.200 CF=3.0 CX=3.0 W=1.00 Loss=1.717987 LR=0.008215 CC=0.750 (0.4s)
[2025-09-11 19:19:01.709] Step  3000: TF=0.300 CF=3.5 CX=2.0 W=1.00 Loss=0.416049 LR=0.007433 CC=0.750 (0.5s)
[2025-09-11 19:19:02.010] Step  4000: TF=0.400 CF=4.0 CX=4.6 W=0.85 Loss=0.282454 LR=0.006726 CC=0.750 (0.8s)
[2025-09-11 19:19:02.555] Step  5000: TF=0.500 CF=4.5 CX=4.3 W=0.70 Loss=0.466229 LR=0.006086 CC=0.750 (1.4s)
[2025-09-11 19:19:03.383] Step  6000: TF=0.600 CF=5.0 CX=5.8 W=0.55 Loss=0.556029 LR=0.005507 CC=0.750 (2.2s)
[2025-09-11 19:19:04.487] Step  7000: TF=0.700 CF=8.3 CX=10.4 W=0.67 Loss=2.810514 LR=0.004983 CC=0.750 (3.3s)
[2025-09-11 19:19:05.803] Step  8000: TF=0.800 CF=9.2 CX=9.3 W=0.83 Loss=0.393995 LR=0.004508 CC=0.750 (4.6s)
[2025-09-11 19:19:06.337] Step  9000: TF=0.900 CF=10.1 CX=11.3 W=1.00 Loss=0.459134 LR=0.004079 CC=0.750 (5.2s)
[2025-09-11 19:19:06.641] Step 10000: TF=1.000 CF=11.0 CX=11.3 W=1.00 Loss=0.061504 LR=0.003691 CC=0.750 (5.5s)
[2025-09-11 19:19:06.971] Step 11000: TF=1.000 CF=11.0 CX=11.4 W=1.00 Loss=0.049900 LR=0.003340 CC=0.750 (5.8s)
[2025-09-11 19:19:07.294] Step 12000: TF=1.000 CF=7.0 CX=8.0 W=0.20 Loss=0.016497 LR=0.003022 CC=0.750 (6.1s)
[2025-09-11 19:19:07.624] Step 13000: TF=1.000 CF=7.0 CX=7.1 W=0.20 Loss=0.000395 LR=0.002734 CC=0.750 (6.5s)
[2025-09-11 19:19:07.953] Step 14000: TF=1.000 CF=11.0 CX=10.6 W=1.00 Loss=0.003845 LR=0.002474 CC=0.750 (6.8s)
[2025-09-11 19:19:08.271] Step 15000: TF=1.000 CF=11.0 CX=11.2 W=1.00 Loss=0.040169 LR=0.002239 CC=0.750 (7.1s)
[2025-09-11 19:19:08.271] === Training complete ===
