[2025-09-14 18:56:59.625] === EFFECTIVE CONFIGURATION ===
[2025-09-14 18:56:59.625] {
[2025-09-14 18:56:59.625]   "_config_path": ".sweep_tmp/cfg_addition_start_step=6000.json",
[2025-09-14 18:56:59.625]   "_overrides": [],
[2025-09-14 18:56:59.625]   "_raw_config": {
[2025-09-14 18:56:59.625]     "addition_cf_max": 11.0,
[2025-09-14 18:56:59.625]     "addition_cf_min": 2.0,
[2025-09-14 18:56:59.625]     "addition_start_step": 6000,
[2025-09-14 18:56:59.625]     "cf_max_complexity": 7.0,
[2025-09-14 18:56:59.625]     "cf_min_complexity": 2.0,
[2025-09-14 18:56:59.625]     "cf_sd": 1.2,
[2025-09-14 18:56:59.625]     "checkpoint_interval": 5000,
[2025-09-14 18:56:59.625]     "confidence_criterion_start": 0.9,
[2025-09-14 18:56:59.625]     "confidence_floor": 0.75,
[2025-09-14 18:56:59.625]     "counting_fade_rate": 0.00015,
[2025-09-14 18:56:59.625]     "counting_focus_steps": 6000,
[2025-09-14 18:56:59.625]     "cx_sd": 0.9,
[2025-09-14 18:56:59.625]     "gate_freeze_until_step": 3000,
[2025-09-14 18:56:59.625]     "hidden_size": 64,
[2025-09-14 18:56:59.625]     "learning_rate": 0.015,
[2025-09-14 18:56:59.625]     "learning_rate_floor": 0.002,
[2025-09-14 18:56:59.625]     "lr_decay": 0.9999,
[2025-09-14 18:56:59.625]     "outdir": "results",
[2025-09-14 18:56:59.625]     "tf_rate_addition": 5e-05,
[2025-09-14 18:56:59.625]     "tf_rate_counting": 0.0002,
[2025-09-14 18:56:59.625]     "total_steps": 15000
[2025-09-14 18:56:59.626]   },
[2025-09-14 18:56:59.626]   "addition_cf_max": 11.0,
[2025-09-14 18:56:59.626]   "addition_cf_min": 2.0,
[2025-09-14 18:56:59.626]   "addition_start_step": 6000,
[2025-09-14 18:56:59.626]   "cf_max_complexity": 7.0,
[2025-09-14 18:56:59.626]   "cf_min_complexity": 2.0,
[2025-09-14 18:56:59.626]   "cf_sd": 1.2,
[2025-09-14 18:56:59.626]   "cf_variance": 1.5,
[2025-09-14 18:56:59.626]   "checkpoint_interval": 5000,
[2025-09-14 18:56:59.626]   "confidence_criterion_start": 0.9,
[2025-09-14 18:56:59.626]   "confidence_floor": 0.75,
[2025-09-14 18:56:59.626]   "counting_fade_rate": 0.00015,
[2025-09-14 18:56:59.626]   "counting_focus_steps": 6000,
[2025-09-14 18:56:59.626]   "cx_sd": 0.9,
[2025-09-14 18:56:59.626]   "cx_variance": 0.8,
[2025-09-14 18:56:59.626]   "gate_freeze_until_step": 3000,
[2025-09-14 18:56:59.626]   "hidden_size": 64,
[2025-09-14 18:56:59.626]   "learning_rate": 0.015,
[2025-09-14 18:56:59.626]   "learning_rate_floor": 0.002,
[2025-09-14 18:56:59.626]   "lr_decay": 0.9999,
[2025-09-14 18:56:59.626]   "outdir": "results/addition_start_step=6000",
[2025-09-14 18:56:59.626]   "tf_rate": 0.0001,
[2025-09-14 18:56:59.626]   "tf_rate_addition": 5e-05,
[2025-09-14 18:56:59.626]   "tf_rate_counting": 0.0002,
[2025-09-14 18:56:59.626]   "total_steps": 15000
[2025-09-14 18:56:59.626] }
[2025-09-14 18:56:59.626] === Small Math Model (Content-Gated) ===
[2025-09-14 18:56:59.626] Network: 24 -> 64 -> 12
[2025-09-14 18:56:59.626] Training steps: 15000   LR: 0.015
[2025-09-14 18:56:59.626] Gate freeze until: 3000
[2025-09-14 18:56:59.626] Confidence start: 0.9 (floor 0.75)
[2025-09-14 18:56:59.626] === Sanity check ===
[2025-09-14 18:56:59.627] 1 -> ? = 10 (expected 2) - conf:0.000 finger:True
[2025-09-14 18:56:59.627] 3 -> ? = 8 (expected 4) - conf:0.000 finger:True
[2025-09-14 18:56:59.627] 5 -> ? = 8 (expected 6) - conf:0.000 finger:True
[2025-09-14 18:56:59.627] 2 -> 3 = 12 (expected 4) - conf:0.000 finger:True
[2025-09-14 18:56:59.627] 4 -> 5 = 8 (expected 6) - conf:0.000 finger:True
[2025-09-14 18:56:59.628] 1 + 2 = 3 (expected 3) + conf:0.000 finger:True
[2025-09-14 18:56:59.630] 2 + 2 = 4 (expected 4) + conf:0.000 finger:True
[2025-09-14 18:56:59.632] 3 + 4 = 7 (expected 7) + conf:0.000 finger:True
[2025-09-14 18:56:59.634] 4 + 5 = 9 (expected 9) + conf:0.000 finger:True
[2025-09-14 18:56:59.636] 5 + 5 = 10 (expected 10) + conf:0.000 finger:True
[2025-09-14 18:56:59.636] 
[2025-09-14 18:56:59.841] Step  1000: TF=0.100 CF=2.5 CX=2.9 W=1.00 Loss=0.369731 LR=0.013619 CC=0.817 (0.2s)
[2025-09-14 18:57:00.070] Step  2000: TF=0.200 CF=3.0 CX=3.6 W=1.00 Loss=1.331234 LR=0.012323 CC=0.750 (0.4s)
[2025-09-14 18:57:00.324] Step  3000: TF=0.300 CF=3.5 CX=2.0 W=1.00 Loss=0.001111 LR=0.011150 CC=0.750 (0.7s)
[2025-09-14 18:57:00.570] Step  4000: TF=0.400 CF=4.0 CX=4.4 W=1.00 Loss=0.216236 LR=0.010089 CC=0.750 (0.9s)
[2025-09-14 18:57:00.824] Step  5000: TF=0.500 CF=4.5 CX=3.9 W=1.00 Loss=0.005519 LR=0.009129 CC=0.750 (1.2s)
[2025-09-14 18:57:01.104] Step  6000: TF=0.600 CF=5.0 CX=5.7 W=1.00 Loss=0.050215 LR=0.008260 CC=0.750 (1.5s)
[2025-09-14 18:57:01.419] Step  7000: TF=0.700 CF=8.3 CX=8.0 W=0.22 Loss=0.218202 LR=0.007474 CC=0.750 (1.8s)
[2025-09-14 18:57:02.047] Step  8000: TF=0.800 CF=9.2 CX=7.9 W=0.44 Loss=0.121583 LR=0.006763 CC=0.750 (2.4s)
[2025-09-14 18:57:02.648] Step  9000: TF=0.900 CF=6.5 CX=6.4 W=0.55 Loss=0.004184 LR=0.006119 CC=0.750 (3.0s)
[2025-09-14 18:57:02.993] Step 10000: TF=1.000 CF=11.0 CX=11.1 W=0.89 Loss=0.218210 LR=0.005537 CC=0.750 (3.4s)
[2025-09-14 18:57:03.371] Step 11000: TF=1.000 CF=11.0 CX=10.8 W=1.00 Loss=0.006520 LR=0.005010 CC=0.750 (3.7s)
[2025-09-14 18:57:03.739] Step 12000: TF=1.000 CF=7.0 CX=6.5 W=0.20 Loss=0.002192 LR=0.004533 CC=0.750 (4.1s)
[2025-09-14 18:57:04.059] Step 13000: TF=1.000 CF=11.0 CX=10.6 W=1.00 Loss=0.002185 LR=0.004102 CC=0.750 (4.4s)
[2025-09-14 18:57:04.387] Step 14000: TF=1.000 CF=11.0 CX=10.9 W=1.00 Loss=0.001798 LR=0.003711 CC=0.750 (4.8s)
[2025-09-14 18:57:04.702] Step 15000: TF=1.000 CF=11.0 CX=12.0 W=1.00 Loss=0.047819 LR=0.003358 CC=0.750 (5.1s)
[2025-09-14 18:57:04.702] === Training complete ===
