[2025-09-09 21:26:53.659] === EFFECTIVE CONFIGURATION ===
[2025-09-09 21:26:53.660] {
[2025-09-09 21:26:53.660]   "_config_path": ".sweep_tmp/cfg_addition_start_step=5000.json",
[2025-09-09 21:26:53.660]   "_overrides": [],
[2025-09-09 21:26:53.660]   "_raw_config": {
[2025-09-09 21:26:53.660]     "addition_cf_max": 10.0,
[2025-09-09 21:26:53.660]     "addition_cf_min": 2.0,
[2025-09-09 21:26:53.660]     "addition_start_step": 5000,
[2025-09-09 21:26:53.660]     "cf_max_complexity": 6.0,
[2025-09-09 21:26:53.660]     "cf_min_complexity": 2.0,
[2025-09-09 21:26:53.660]     "cf_variance": 1.5,
[2025-09-09 21:26:53.660]     "checkpoint_interval": 10000,
[2025-09-09 21:26:53.660]     "confidence_criterion_start": 0.9,
[2025-09-09 21:26:53.660]     "confidence_floor": 0.75,
[2025-09-09 21:26:53.660]     "counting_fade_rate": 0.0001,
[2025-09-09 21:26:53.660]     "counting_focus_steps": 6000,
[2025-09-09 21:26:53.660]     "cx_variance": 0.8,
[2025-09-09 21:26:53.660]     "gate_freeze_until_step": 3000,
[2025-09-09 21:26:53.660]     "hidden_size": 64,
[2025-09-09 21:26:53.660]     "learning_rate": 0.005,
[2025-09-09 21:26:53.660]     "learning_rate_floor": 0.002,
[2025-09-09 21:26:53.660]     "lr_decay": 0.9999,
[2025-09-09 21:26:53.660]     "outdir": "results_longrun_50k",
[2025-09-09 21:26:53.660]     "tf_rate_addition": 0.0001,
[2025-09-09 21:26:53.660]     "tf_rate_counting": 0.0001,
[2025-09-09 21:26:53.660]     "total_steps": 50000
[2025-09-09 21:26:53.660]   },
[2025-09-09 21:26:53.660]   "addition_cf_max": 10.0,
[2025-09-09 21:26:53.660]   "addition_cf_min": 2.0,
[2025-09-09 21:26:53.660]   "addition_start_step": 5000,
[2025-09-09 21:26:53.660]   "cf_max_complexity": 6.0,
[2025-09-09 21:26:53.660]   "cf_min_complexity": 2.0,
[2025-09-09 21:26:53.660]   "cf_variance": 1.5,
[2025-09-09 21:26:53.660]   "checkpoint_interval": 10000,
[2025-09-09 21:26:53.660]   "confidence_criterion_start": 0.9,
[2025-09-09 21:26:53.660]   "confidence_floor": 0.75,
[2025-09-09 21:26:53.660]   "counting_fade_rate": 0.0001,
[2025-09-09 21:26:53.660]   "counting_focus_steps": 6000,
[2025-09-09 21:26:53.660]   "cx_variance": 0.8,
[2025-09-09 21:26:53.660]   "gate_freeze_until_step": 3000,
[2025-09-09 21:26:53.660]   "hidden_size": 64,
[2025-09-09 21:26:53.660]   "learning_rate": 0.005,
[2025-09-09 21:26:53.661]   "learning_rate_floor": 0.002,
[2025-09-09 21:26:53.661]   "lr_decay": 0.9999,
[2025-09-09 21:26:53.661]   "outdir": "results/addstart_sweep/addition_start_step=5000",
[2025-09-09 21:26:53.661]   "tf_rate": 0.0001,
[2025-09-09 21:26:53.661]   "tf_rate_addition": 0.0001,
[2025-09-09 21:26:53.661]   "tf_rate_counting": 0.0001,
[2025-09-09 21:26:53.661]   "total_steps": 50000
[2025-09-09 21:26:53.661] }
[2025-09-09 21:26:53.661] === Small Math Model (Content-Gated) ===
[2025-09-09 21:26:53.661] Network: 24 -> 64 -> 12
[2025-09-09 21:26:53.661] Training steps: 50000   LR: 0.005
[2025-09-09 21:26:53.662] Gate freeze until: 3000
[2025-09-09 21:26:53.662] Confidence start: 0.9 (floor 0.75)
[2025-09-09 21:26:53.662] === Sanity check ===
[2025-09-09 21:26:53.662] 1 -> ? = 10 (expected 2) - conf:0.000 finger:True
[2025-09-09 21:26:53.662] 3 -> ? = 8 (expected 4) - conf:0.000 finger:True
[2025-09-09 21:26:53.662] 5 -> ? = 8 (expected 6) - conf:0.000 finger:True
[2025-09-09 21:26:53.662] 2 -> 3 = 12 (expected 4) - conf:0.000 finger:True
[2025-09-09 21:26:53.662] 4 -> 5 = 8 (expected 6) - conf:0.000 finger:True
[2025-09-09 21:26:53.663] 1 + 2 = 3 (expected 3) + conf:0.000 finger:True
[2025-09-09 21:26:53.665] 2 + 2 = 4 (expected 4) + conf:0.000 finger:True
[2025-09-09 21:26:53.667] 3 + 4 = 7 (expected 7) + conf:0.000 finger:True
[2025-09-09 21:26:53.669] 4 + 5 = 9 (expected 9) + conf:0.000 finger:True
[2025-09-09 21:26:53.670] 5 + 5 = 10 (expected 10) + conf:0.000 finger:True
[2025-09-09 21:26:53.670] 
[2025-09-09 21:26:53.841] Step  1000: TF=0.100 CF=2.4 CX=2.0 W=1.00 Loss=0.907914 LR=0.004540 CC=0.817 (0.2s)
[2025-09-09 21:26:54.007] Step  2000: TF=0.200 CF=2.8 CX=4.0 W=1.00 Loss=1.602176 LR=0.004108 CC=0.750 (0.3s)
[2025-09-09 21:26:54.172] Step  3000: TF=0.300 CF=3.2 CX=2.7 W=1.00 Loss=0.572976 LR=0.003717 CC=0.750 (0.5s)
[2025-09-09 21:26:54.341] Step  4000: TF=0.400 CF=3.6 CX=3.4 W=1.00 Loss=1.194821 LR=0.003363 CC=0.750 (0.7s)
[2025-09-09 21:26:54.508] Step  5000: TF=0.500 CF=4.0 CX=3.7 W=1.00 Loss=1.350197 LR=0.003043 CC=0.750 (0.8s)
[2025-09-09 21:26:54.721] Step  6000: TF=0.600 CF=4.4 CX=4.8 W=0.90 Loss=1.058275 LR=0.002753 CC=0.750 (1.1s)
[2025-09-09 21:26:55.023] Step  7000: TF=0.700 CF=4.8 CX=4.0 W=0.80 Loss=1.088667 LR=0.002491 CC=0.750 (1.4s)
[2025-09-09 21:26:55.429] Step  8000: TF=0.800 CF=5.2 CX=5.1 W=0.70 Loss=1.720938 LR=0.002254 CC=0.750 (1.8s)
[2025-09-09 21:26:55.967] Step  9000: TF=0.900 CF=5.6 CX=5.5 W=0.60 Loss=1.075449 LR=0.002040 CC=0.750 (2.3s)
[2025-09-09 21:26:56.610] Step 10000: TF=1.000 CF=6.0 CX=5.9 W=0.50 Loss=0.445076 LR=0.002000 CC=0.750 (2.9s)
[2025-09-09 21:26:57.406] Step 11000: TF=1.000 CF=6.0 CX=4.8 W=0.40 Loss=0.031236 LR=0.002000 CC=0.750 (3.7s)
[2025-09-09 21:26:58.300] Step 12000: TF=1.000 CF=10.0 CX=9.3 W=0.31 Loss=0.636288 LR=0.002000 CC=0.750 (4.6s)
[2025-09-09 21:26:58.982] Step 13000: TF=1.000 CF=10.0 CX=9.9 W=0.36 Loss=0.564575 LR=0.002000 CC=0.750 (5.3s)
[2025-09-09 21:26:59.589] Step 14000: TF=1.000 CF=6.0 CX=6.4 W=0.20 Loss=0.039254 LR=0.002000 CC=0.750 (5.9s)
[2025-09-09 21:27:00.078] Step 15000: TF=1.000 CF=10.0 CX=9.3 W=0.44 Loss=0.144997 LR=0.002000 CC=0.750 (6.4s)
[2025-09-09 21:27:00.492] Step 16000: TF=1.000 CF=10.0 CX=10.9 W=0.49 Loss=0.038795 LR=0.002000 CC=0.750 (6.8s)
[2025-09-09 21:27:00.853] Step 17000: TF=1.000 CF=10.0 CX=10.5 W=0.53 Loss=0.032355 LR=0.002000 CC=0.750 (7.2s)
[2025-09-09 21:27:01.232] Step 18000: TF=1.000 CF=10.0 CX=9.6 W=0.58 Loss=0.024592 LR=0.002000 CC=0.750 (7.6s)
[2025-09-09 21:27:01.600] Step 19000: TF=1.000 CF=10.0 CX=10.8 W=0.62 Loss=0.022437 LR=0.002000 CC=0.750 (7.9s)
[2025-09-09 21:27:01.982] Step 20000: TF=1.000 CF=10.0 CX=11.1 W=0.67 Loss=0.018573 LR=0.002000 CC=0.750 (8.3s)
[2025-09-09 21:27:02.342] Step 21000: TF=1.000 CF=6.0 CX=5.6 W=0.20 Loss=0.003302 LR=0.002000 CC=0.750 (8.7s)
[2025-09-09 21:27:02.715] Step 22000: TF=1.000 CF=6.0 CX=5.9 W=0.20 Loss=0.012529 LR=0.002000 CC=0.750 (9.0s)
[2025-09-09 21:27:03.065] Step 23000: TF=1.000 CF=10.0 CX=9.5 W=0.80 Loss=0.036636 LR=0.002000 CC=0.750 (9.4s)
[2025-09-09 21:27:03.449] Step 24000: TF=1.000 CF=10.0 CX=9.9 W=0.84 Loss=0.030063 LR=0.002000 CC=0.750 (9.8s)
[2025-09-09 21:27:03.837] Step 25000: TF=1.000 CF=10.0 CX=10.7 W=0.89 Loss=0.007534 LR=0.002000 CC=0.750 (10.2s)
[2025-09-09 21:27:04.232] Step 26000: TF=1.000 CF=10.0 CX=10.6 W=0.93 Loss=0.005595 LR=0.002000 CC=0.750 (10.6s)
[2025-09-09 21:27:04.602] Step 27000: TF=1.000 CF=10.0 CX=9.3 W=0.98 Loss=0.004459 LR=0.002000 CC=0.750 (10.9s)
[2025-09-09 21:27:04.970] Step 28000: TF=1.000 CF=6.0 CX=6.1 W=0.20 Loss=0.061140 LR=0.002000 CC=0.750 (11.3s)
[2025-09-09 21:27:05.348] Step 29000: TF=1.000 CF=10.0 CX=11.1 W=1.00 Loss=0.015590 LR=0.002000 CC=0.750 (11.7s)
[2025-09-09 21:27:05.700] Step 30000: TF=1.000 CF=6.0 CX=6.0 W=0.20 Loss=0.020754 LR=0.002000 CC=0.750 (12.0s)
[2025-09-09 21:27:06.046] Step 31000: TF=1.000 CF=10.0 CX=11.1 W=1.00 Loss=0.388325 LR=0.002000 CC=0.750 (12.4s)
[2025-09-09 21:27:06.374] Step 32000: TF=1.000 CF=10.0 CX=9.5 W=1.00 Loss=0.022319 LR=0.002000 CC=0.750 (12.7s)
[2025-09-09 21:27:06.665] Step 33000: TF=1.000 CF=10.0 CX=9.8 W=1.00 Loss=0.011192 LR=0.002000 CC=0.750 (13.0s)
[2025-09-09 21:27:06.944] Step 34000: TF=1.000 CF=6.0 CX=5.1 W=0.20 Loss=0.002266 LR=0.002000 CC=0.750 (13.3s)
[2025-09-09 21:27:07.244] Step 35000: TF=1.000 CF=10.0 CX=7.9 W=1.00 Loss=0.573440 LR=0.002000 CC=0.750 (13.6s)
[2025-09-09 21:27:07.519] Step 36000: TF=1.000 CF=10.0 CX=10.9 W=1.00 Loss=0.001941 LR=0.002000 CC=0.750 (13.8s)
[2025-09-09 21:27:07.822] Step 37000: TF=1.000 CF=10.0 CX=9.7 W=1.00 Loss=0.008774 LR=0.002000 CC=0.750 (14.2s)
[2025-09-09 21:27:08.111] Step 38000: TF=1.000 CF=10.0 CX=9.4 W=1.00 Loss=0.001500 LR=0.002000 CC=0.750 (14.4s)
[2025-09-09 21:27:08.376] Step 39000: TF=1.000 CF=10.0 CX=10.8 W=1.00 Loss=0.001460 LR=0.002000 CC=0.750 (14.7s)
[2025-09-09 21:27:08.628] Step 40000: TF=1.000 CF=10.0 CX=10.1 W=1.00 Loss=0.001350 LR=0.002000 CC=0.750 (15.0s)
[2025-09-09 21:27:08.897] Step 41000: TF=1.000 CF=10.0 CX=10.5 W=1.00 Loss=0.001231 LR=0.002000 CC=0.750 (15.2s)
[2025-09-09 21:27:09.137] Step 42000: TF=1.000 CF=10.0 CX=9.7 W=1.00 Loss=0.005703 LR=0.002000 CC=0.750 (15.5s)
[2025-09-09 21:27:09.388] Step 43000: TF=1.000 CF=10.0 CX=10.5 W=1.00 Loss=0.000955 LR=0.002000 CC=0.750 (15.7s)
[2025-09-09 21:27:09.636] Step 44000: TF=1.000 CF=10.0 CX=10.6 W=1.00 Loss=0.001019 LR=0.002000 CC=0.750 (16.0s)
[2025-09-09 21:27:09.878] Step 45000: TF=1.000 CF=10.0 CX=10.5 W=1.00 Loss=0.000897 LR=0.002000 CC=0.750 (16.2s)
[2025-09-09 21:27:10.131] Step 46000: TF=1.000 CF=10.0 CX=11.0 W=1.00 Loss=0.028208 LR=0.002000 CC=0.750 (16.5s)
[2025-09-09 21:27:10.387] Step 47000: TF=1.000 CF=10.0 CX=10.1 W=1.00 Loss=0.000773 LR=0.002000 CC=0.750 (16.7s)
[2025-09-09 21:27:10.646] Step 48000: TF=1.000 CF=10.0 CX=9.8 W=1.00 Loss=0.000716 LR=0.002000 CC=0.750 (17.0s)
[2025-09-09 21:27:10.899] Step 49000: TF=1.000 CF=10.0 CX=11.4 W=1.00 Loss=0.025540 LR=0.002000 CC=0.750 (17.2s)
[2025-09-09 21:27:11.140] Step 50000: TF=1.000 CF=10.0 CX=10.9 W=1.00 Loss=0.000642 LR=0.002000 CC=0.750 (17.5s)
[2025-09-09 21:27:11.140] === Training complete ===
