[2025-09-10 16:45:24.675] === EFFECTIVE CONFIGURATION ===
[2025-09-10 16:45:24.675] {
[2025-09-10 16:45:24.675]   "_config_path": ".sweep_tmp/cfg_learning_rate=0p002.json",
[2025-09-10 16:45:24.675]   "_overrides": [],
[2025-09-10 16:45:24.675]   "_raw_config": {
[2025-09-10 16:45:24.675]     "addition_cf_max": 11.0,
[2025-09-10 16:45:24.675]     "addition_cf_min": 2.0,
[2025-09-10 16:45:24.675]     "addition_start_step": 8000,
[2025-09-10 16:45:24.675]     "cf_max_complexity": 7.0,
[2025-09-10 16:45:24.675]     "cf_min_complexity": 2.0,
[2025-09-10 16:45:24.675]     "cf_sd": 1.2,
[2025-09-10 16:45:24.675]     "checkpoint_interval": 5000,
[2025-09-10 16:45:24.675]     "confidence_criterion_start": 0.9,
[2025-09-10 16:45:24.675]     "confidence_floor": 0.75,
[2025-09-10 16:45:24.675]     "counting_fade_rate": 0.00015,
[2025-09-10 16:45:24.675]     "counting_focus_steps": 6000,
[2025-09-10 16:45:24.675]     "cx_sd": 0.9,
[2025-09-10 16:45:24.675]     "gate_freeze_until_step": 3000,
[2025-09-10 16:45:24.675]     "hidden_size": 64,
[2025-09-10 16:45:24.675]     "learning_rate": 0.002,
[2025-09-10 16:45:24.675]     "learning_rate_floor": 0.002,
[2025-09-10 16:45:24.675]     "lr_decay": 0.9999,
[2025-09-10 16:45:24.675]     "outdir": "results",
[2025-09-10 16:45:24.675]     "tf_rate_addition": 5e-05,
[2025-09-10 16:45:24.675]     "tf_rate_counting": 0.0002,
[2025-09-10 16:45:24.676]     "total_steps": 15000
[2025-09-10 16:45:24.676]   },
[2025-09-10 16:45:24.676]   "addition_cf_max": 11.0,
[2025-09-10 16:45:24.676]   "addition_cf_min": 2.0,
[2025-09-10 16:45:24.676]   "addition_start_step": 8000,
[2025-09-10 16:45:24.676]   "cf_max_complexity": 7.0,
[2025-09-10 16:45:24.676]   "cf_min_complexity": 2.0,
[2025-09-10 16:45:24.676]   "cf_sd": 1.2,
[2025-09-10 16:45:24.676]   "cf_variance": 1.5,
[2025-09-10 16:45:24.676]   "checkpoint_interval": 5000,
[2025-09-10 16:45:24.676]   "confidence_criterion_start": 0.9,
[2025-09-10 16:45:24.676]   "confidence_floor": 0.75,
[2025-09-10 16:45:24.676]   "counting_fade_rate": 0.00015,
[2025-09-10 16:45:24.676]   "counting_focus_steps": 6000,
[2025-09-10 16:45:24.676]   "cx_sd": 0.9,
[2025-09-10 16:45:24.676]   "cx_variance": 0.8,
[2025-09-10 16:45:24.676]   "gate_freeze_until_step": 3000,
[2025-09-10 16:45:24.676]   "hidden_size": 64,
[2025-09-10 16:45:24.676]   "learning_rate": 0.002,
[2025-09-10 16:45:24.676]   "learning_rate_floor": 0.002,
[2025-09-10 16:45:24.676]   "lr_decay": 0.9999,
[2025-09-10 16:45:24.676]   "outdir": "results/lrsweep/learning_rate=0.002",
[2025-09-10 16:45:24.676]   "tf_rate": 0.0001,
[2025-09-10 16:45:24.676]   "tf_rate_addition": 5e-05,
[2025-09-10 16:45:24.676]   "tf_rate_counting": 0.0002,
[2025-09-10 16:45:24.676]   "total_steps": 15000
[2025-09-10 16:45:24.676] }
[2025-09-10 16:45:24.677] === Small Math Model (Content-Gated) ===
[2025-09-10 16:45:24.677] Network: 24 -> 64 -> 12
[2025-09-10 16:45:24.677] Training steps: 15000   LR: 0.002
[2025-09-10 16:45:24.677] Gate freeze until: 3000
[2025-09-10 16:45:24.677] Confidence start: 0.9 (floor 0.75)
[2025-09-10 16:45:24.677] === Sanity check ===
[2025-09-10 16:45:24.679] 1 -> ? = 10 (expected 2) - conf:0.000 finger:True
[2025-09-10 16:45:24.679] 3 -> ? = 8 (expected 4) - conf:0.000 finger:True
[2025-09-10 16:45:24.679] 5 -> ? = 8 (expected 6) - conf:0.000 finger:True
[2025-09-10 16:45:24.679] 2 -> 3 = 12 (expected 4) - conf:0.000 finger:True
[2025-09-10 16:45:24.679] 4 -> 5 = 8 (expected 6) - conf:0.000 finger:True
[2025-09-10 16:45:24.681] 1 + 2 = 3 (expected 3) + conf:0.000 finger:True
[2025-09-10 16:45:24.682] 2 + 2 = 4 (expected 4) + conf:0.000 finger:True
[2025-09-10 16:45:24.684] 3 + 4 = 7 (expected 7) + conf:0.000 finger:True
[2025-09-10 16:45:24.687] 4 + 5 = 9 (expected 9) + conf:0.000 finger:True
[2025-09-10 16:45:24.689] 5 + 5 = 10 (expected 10) + conf:0.000 finger:True
[2025-09-10 16:45:24.689] 
[2025-09-10 16:45:24.883] Step  1000: TF=0.100 CF=2.5 CX=2.0 W=1.00 Loss=2.485851 LR=0.002000 CC=0.817 (0.2s)
[2025-09-10 16:45:25.064] Step  2000: TF=0.200 CF=3.0 CX=3.0 W=1.00 Loss=2.146424 LR=0.002000 CC=0.750 (0.4s)
[2025-09-10 16:45:25.235] Step  3000: TF=0.300 CF=3.5 CX=3.1 W=1.00 Loss=0.822141 LR=0.002000 CC=0.750 (0.5s)
[2025-09-10 16:45:25.406] Step  4000: TF=0.400 CF=4.0 CX=3.1 W=1.00 Loss=1.155401 LR=0.002000 CC=0.750 (0.7s)
[2025-09-10 16:45:25.577] Step  5000: TF=0.500 CF=4.5 CX=3.1 W=1.00 Loss=0.947890 LR=0.002000 CC=0.750 (0.9s)
[2025-09-10 16:45:25.750] Step  6000: TF=0.600 CF=5.0 CX=5.0 W=1.00 Loss=0.959706 LR=0.002000 CC=0.750 (1.1s)
[2025-09-10 16:45:25.933] Step  7000: TF=0.700 CF=5.5 CX=6.8 W=1.00 Loss=0.862268 LR=0.002000 CC=0.750 (1.2s)
[2025-09-10 16:45:26.129] Step  8000: TF=0.800 CF=6.0 CX=5.5 W=1.00 Loss=1.369922 LR=0.002000 CC=0.750 (1.4s)
[2025-09-10 16:45:26.556] Step  9000: TF=0.900 CF=6.5 CX=8.2 W=0.85 Loss=1.854967 LR=0.002000 CC=0.750 (1.9s)
[2025-09-10 16:45:27.289] Step 10000: TF=1.000 CF=7.0 CX=4.9 W=0.70 Loss=1.021945 LR=0.002000 CC=0.750 (2.6s)
[2025-09-10 16:45:28.278] Step 11000: TF=1.000 CF=11.0 CX=10.8 W=0.86 Loss=1.732090 LR=0.002000 CC=0.750 (3.6s)
[2025-09-10 16:45:29.448] Step 12000: TF=1.000 CF=11.0 CX=11.1 W=1.00 Loss=1.599804 LR=0.002000 CC=0.750 (4.8s)
[2025-09-10 16:45:30.692] Step 13000: TF=1.000 CF=11.0 CX=12.0 W=1.00 Loss=0.123663 LR=0.002000 CC=0.750 (6.0s)
[2025-09-10 16:45:32.073] Step 14000: TF=1.000 CF=11.0 CX=10.9 W=1.00 Loss=0.166183 LR=0.002000 CC=0.750 (7.4s)
[2025-09-10 16:45:33.163] Step 15000: TF=1.000 CF=11.0 CX=12.0 W=1.00 Loss=1.760617 LR=0.002000 CC=0.750 (8.5s)
[2025-09-10 16:45:33.163] === Training complete ===
