[2025-09-09 21:27:11.360] === EFFECTIVE CONFIGURATION ===
[2025-09-09 21:27:11.360] {
[2025-09-09 21:27:11.360]   "_config_path": ".sweep_tmp/cfg_addition_start_step=6000.json",
[2025-09-09 21:27:11.360]   "_overrides": [],
[2025-09-09 21:27:11.360]   "_raw_config": {
[2025-09-09 21:27:11.360]     "addition_cf_max": 10.0,
[2025-09-09 21:27:11.360]     "addition_cf_min": 2.0,
[2025-09-09 21:27:11.360]     "addition_start_step": 6000,
[2025-09-09 21:27:11.360]     "cf_max_complexity": 6.0,
[2025-09-09 21:27:11.360]     "cf_min_complexity": 2.0,
[2025-09-09 21:27:11.360]     "cf_variance": 1.5,
[2025-09-09 21:27:11.360]     "checkpoint_interval": 10000,
[2025-09-09 21:27:11.360]     "confidence_criterion_start": 0.9,
[2025-09-09 21:27:11.360]     "confidence_floor": 0.75,
[2025-09-09 21:27:11.360]     "counting_fade_rate": 0.0001,
[2025-09-09 21:27:11.360]     "counting_focus_steps": 6000,
[2025-09-09 21:27:11.360]     "cx_variance": 0.8,
[2025-09-09 21:27:11.360]     "gate_freeze_until_step": 3000,
[2025-09-09 21:27:11.360]     "hidden_size": 64,
[2025-09-09 21:27:11.360]     "learning_rate": 0.005,
[2025-09-09 21:27:11.360]     "learning_rate_floor": 0.002,
[2025-09-09 21:27:11.360]     "lr_decay": 0.9999,
[2025-09-09 21:27:11.360]     "outdir": "results_longrun_50k",
[2025-09-09 21:27:11.360]     "tf_rate_addition": 0.0001,
[2025-09-09 21:27:11.360]     "tf_rate_counting": 0.0001,
[2025-09-09 21:27:11.360]     "total_steps": 50000
[2025-09-09 21:27:11.360]   },
[2025-09-09 21:27:11.360]   "addition_cf_max": 10.0,
[2025-09-09 21:27:11.360]   "addition_cf_min": 2.0,
[2025-09-09 21:27:11.360]   "addition_start_step": 6000,
[2025-09-09 21:27:11.360]   "cf_max_complexity": 6.0,
[2025-09-09 21:27:11.360]   "cf_min_complexity": 2.0,
[2025-09-09 21:27:11.360]   "cf_variance": 1.5,
[2025-09-09 21:27:11.360]   "checkpoint_interval": 10000,
[2025-09-09 21:27:11.360]   "confidence_criterion_start": 0.9,
[2025-09-09 21:27:11.360]   "confidence_floor": 0.75,
[2025-09-09 21:27:11.360]   "counting_fade_rate": 0.0001,
[2025-09-09 21:27:11.360]   "counting_focus_steps": 6000,
[2025-09-09 21:27:11.360]   "cx_variance": 0.8,
[2025-09-09 21:27:11.360]   "gate_freeze_until_step": 3000,
[2025-09-09 21:27:11.360]   "hidden_size": 64,
[2025-09-09 21:27:11.360]   "learning_rate": 0.005,
[2025-09-09 21:27:11.360]   "learning_rate_floor": 0.002,
[2025-09-09 21:27:11.360]   "lr_decay": 0.9999,
[2025-09-09 21:27:11.360]   "outdir": "results/addstart_sweep/addition_start_step=6000",
[2025-09-09 21:27:11.360]   "tf_rate": 0.0001,
[2025-09-09 21:27:11.360]   "tf_rate_addition": 0.0001,
[2025-09-09 21:27:11.360]   "tf_rate_counting": 0.0001,
[2025-09-09 21:27:11.360]   "total_steps": 50000
[2025-09-09 21:27:11.360] }
[2025-09-09 21:27:11.361] === Small Math Model (Content-Gated) ===
[2025-09-09 21:27:11.361] Network: 24 -> 64 -> 12
[2025-09-09 21:27:11.361] Training steps: 50000   LR: 0.005
[2025-09-09 21:27:11.361] Gate freeze until: 3000
[2025-09-09 21:27:11.361] Confidence start: 0.9 (floor 0.75)
[2025-09-09 21:27:11.361] === Sanity check ===
[2025-09-09 21:27:11.361] 1 -> ? = 10 (expected 2) - conf:0.000 finger:True
[2025-09-09 21:27:11.361] 3 -> ? = 8 (expected 4) - conf:0.000 finger:True
[2025-09-09 21:27:11.361] 5 -> ? = 8 (expected 6) - conf:0.000 finger:True
[2025-09-09 21:27:11.361] 2 -> 3 = 12 (expected 4) - conf:0.000 finger:True
[2025-09-09 21:27:11.361] 4 -> 5 = 8 (expected 6) - conf:0.000 finger:True
[2025-09-09 21:27:11.362] 1 + 2 = 3 (expected 3) + conf:0.000 finger:True
[2025-09-09 21:27:11.364] 2 + 2 = 4 (expected 4) + conf:0.000 finger:True
[2025-09-09 21:27:11.366] 3 + 4 = 7 (expected 7) + conf:0.000 finger:True
[2025-09-09 21:27:11.367] 4 + 5 = 9 (expected 9) + conf:0.000 finger:True
[2025-09-09 21:27:11.369] 5 + 5 = 10 (expected 10) + conf:0.000 finger:True
[2025-09-09 21:27:11.369] 
[2025-09-09 21:27:11.543] Step  1000: TF=0.100 CF=2.4 CX=2.0 W=1.00 Loss=1.207729 LR=0.004540 CC=0.817 (0.2s)
[2025-09-09 21:27:11.708] Step  2000: TF=0.200 CF=2.8 CX=2.3 W=1.00 Loss=0.623586 LR=0.004108 CC=0.750 (0.3s)
[2025-09-09 21:27:11.871] Step  3000: TF=0.300 CF=3.2 CX=3.9 W=1.00 Loss=1.358945 LR=0.003717 CC=0.750 (0.5s)
[2025-09-09 21:27:12.038] Step  4000: TF=0.400 CF=3.6 CX=2.1 W=1.00 Loss=2.595470 LR=0.003363 CC=0.750 (0.7s)
[2025-09-09 21:27:12.206] Step  5000: TF=0.500 CF=4.0 CX=4.2 W=1.00 Loss=0.787356 LR=0.003043 CC=0.750 (0.8s)
[2025-09-09 21:27:12.375] Step  6000: TF=0.600 CF=4.4 CX=4.6 W=1.00 Loss=0.814998 LR=0.002753 CC=0.750 (1.0s)
[2025-09-09 21:27:12.589] Step  7000: TF=0.700 CF=4.8 CX=5.1 W=0.90 Loss=1.118043 LR=0.002491 CC=0.750 (1.2s)
[2025-09-09 21:27:12.884] Step  8000: TF=0.800 CF=5.2 CX=6.3 W=0.80 Loss=1.414996 LR=0.002254 CC=0.750 (1.5s)
[2025-09-09 21:27:13.242] Step  9000: TF=0.900 CF=5.6 CX=3.6 W=0.70 Loss=0.943070 LR=0.002040 CC=0.750 (1.9s)
[2025-09-09 21:27:13.715] Step 10000: TF=1.000 CF=10.0 CX=10.1 W=0.18 Loss=1.654360 LR=0.002000 CC=0.750 (2.3s)
[2025-09-09 21:27:14.360] Step 11000: TF=1.000 CF=6.0 CX=5.3 W=0.50 Loss=0.116829 LR=0.002000 CC=0.750 (3.0s)
[2025-09-09 21:27:15.095] Step 12000: TF=1.000 CF=6.0 CX=6.4 W=0.40 Loss=0.134169 LR=0.002000 CC=0.750 (3.7s)
[2025-09-09 21:27:15.875] Step 13000: TF=1.000 CF=10.0 CX=9.1 W=0.32 Loss=0.219456 LR=0.002000 CC=0.750 (4.5s)
[2025-09-09 21:27:16.763] Step 14000: TF=1.000 CF=6.0 CX=5.5 W=0.20 Loss=0.137715 LR=0.002000 CC=0.750 (5.4s)
[2025-09-09 21:27:17.540] Step 15000: TF=1.000 CF=10.0 CX=10.6 W=0.41 Loss=0.066540 LR=0.002000 CC=0.750 (6.2s)
[2025-09-09 21:27:18.093] Step 16000: TF=1.000 CF=10.0 CX=10.2 W=0.45 Loss=0.040493 LR=0.002000 CC=0.750 (6.7s)
[2025-09-09 21:27:18.535] Step 17000: TF=1.000 CF=10.0 CX=9.6 W=0.50 Loss=0.089559 LR=0.002000 CC=0.750 (7.2s)
[2025-09-09 21:27:18.885] Step 18000: TF=1.000 CF=6.0 CX=5.5 W=0.20 Loss=0.029625 LR=0.002000 CC=0.750 (7.5s)
[2025-09-09 21:27:19.299] Step 19000: TF=1.000 CF=10.0 CX=8.5 W=0.59 Loss=0.057972 LR=0.002000 CC=0.750 (7.9s)
[2025-09-09 21:27:19.805] Step 20000: TF=1.000 CF=6.0 CX=7.3 W=0.20 Loss=0.208260 LR=0.002000 CC=0.750 (8.4s)
[2025-09-09 21:27:20.205] Step 21000: TF=1.000 CF=10.0 CX=12.0 W=0.68 Loss=3.066334 LR=0.002000 CC=0.750 (8.8s)
[2025-09-09 21:27:20.584] Step 22000: TF=1.000 CF=10.0 CX=10.9 W=0.73 Loss=0.010079 LR=0.002000 CC=0.750 (9.2s)
[2025-09-09 21:27:20.993] Step 23000: TF=1.000 CF=10.0 CX=9.2 W=0.77 Loss=0.010051 LR=0.002000 CC=0.750 (9.6s)
[2025-09-09 21:27:21.327] Step 24000: TF=1.000 CF=10.0 CX=9.5 W=0.82 Loss=0.040759 LR=0.002000 CC=0.750 (10.0s)
[2025-09-09 21:27:21.718] Step 25000: TF=1.000 CF=10.0 CX=7.6 W=0.86 Loss=0.387885 LR=0.002000 CC=0.750 (10.3s)
[2025-09-09 21:27:22.085] Step 26000: TF=1.000 CF=10.0 CX=10.2 W=0.91 Loss=0.005519 LR=0.002000 CC=0.750 (10.7s)
[2025-09-09 21:27:22.462] Step 27000: TF=1.000 CF=10.0 CX=10.2 W=0.95 Loss=0.003849 LR=0.002000 CC=0.750 (11.1s)
[2025-09-09 21:27:22.823] Step 28000: TF=1.000 CF=10.0 CX=10.6 W=1.00 Loss=0.004690 LR=0.002000 CC=0.750 (11.5s)
[2025-09-09 21:27:23.196] Step 29000: TF=1.000 CF=10.0 CX=10.1 W=1.00 Loss=0.003519 LR=0.002000 CC=0.750 (11.8s)
[2025-09-09 21:27:23.534] Step 30000: TF=1.000 CF=10.0 CX=10.4 W=1.00 Loss=0.002809 LR=0.002000 CC=0.750 (12.2s)
[2025-09-09 21:27:23.937] Step 31000: TF=1.000 CF=10.0 CX=8.4 W=1.00 Loss=0.013127 LR=0.002000 CC=0.750 (12.6s)
[2025-09-09 21:27:24.331] Step 32000: TF=1.000 CF=6.0 CX=6.1 W=0.20 Loss=0.023886 LR=0.002000 CC=0.750 (13.0s)
[2025-09-09 21:27:24.707] Step 33000: TF=1.000 CF=10.0 CX=11.8 W=1.00 Loss=1.546297 LR=0.002000 CC=0.750 (13.3s)
[2025-09-09 21:27:25.054] Step 34000: TF=1.000 CF=10.0 CX=9.3 W=1.00 Loss=0.002340 LR=0.002000 CC=0.750 (13.7s)
[2025-09-09 21:27:25.392] Step 35000: TF=1.000 CF=10.0 CX=9.3 W=1.00 Loss=0.014221 LR=0.002000 CC=0.750 (14.0s)
[2025-09-09 21:27:25.755] Step 36000: TF=1.000 CF=10.0 CX=9.1 W=1.00 Loss=0.013575 LR=0.002000 CC=0.750 (14.4s)
[2025-09-09 21:27:26.067] Step 37000: TF=1.000 CF=10.0 CX=10.3 W=1.00 Loss=0.001844 LR=0.002000 CC=0.750 (14.7s)
[2025-09-09 21:27:26.376] Step 38000: TF=1.000 CF=10.0 CX=9.1 W=1.00 Loss=0.011359 LR=0.002000 CC=0.750 (15.0s)
[2025-09-09 21:27:26.644] Step 39000: TF=1.000 CF=6.0 CX=4.8 W=0.20 Loss=0.000277 LR=0.002000 CC=0.750 (15.3s)
[2025-09-09 21:27:26.909] Step 40000: TF=1.000 CF=10.0 CX=10.1 W=1.00 Loss=0.001323 LR=0.002000 CC=0.750 (15.5s)
[2025-09-09 21:27:27.170] Step 41000: TF=1.000 CF=10.0 CX=10.5 W=1.00 Loss=0.001245 LR=0.002000 CC=0.750 (15.8s)
[2025-09-09 21:27:27.416] Step 42000: TF=1.000 CF=10.0 CX=9.9 W=1.00 Loss=0.001319 LR=0.002000 CC=0.750 (16.0s)
[2025-09-09 21:27:27.680] Step 43000: TF=1.000 CF=10.0 CX=11.0 W=1.00 Loss=0.024105 LR=0.002000 CC=0.750 (16.3s)
[2025-09-09 21:27:27.937] Step 44000: TF=1.000 CF=10.0 CX=9.0 W=1.00 Loss=0.006555 LR=0.002000 CC=0.750 (16.6s)
[2025-09-09 21:27:28.200] Step 45000: TF=1.000 CF=10.0 CX=9.1 W=1.00 Loss=0.005683 LR=0.002000 CC=0.750 (16.8s)
[2025-09-09 21:27:28.451] Step 46000: TF=1.000 CF=10.0 CX=10.5 W=1.00 Loss=0.000904 LR=0.002000 CC=0.750 (17.1s)
[2025-09-09 21:27:28.690] Step 47000: TF=1.000 CF=10.0 CX=9.7 W=1.00 Loss=0.004949 LR=0.002000 CC=0.750 (17.3s)
[2025-09-09 21:27:28.944] Step 48000: TF=1.000 CF=10.0 CX=9.8 W=1.00 Loss=0.003519 LR=0.002000 CC=0.750 (17.6s)
[2025-09-09 21:27:29.194] Step 49000: TF=1.000 CF=10.0 CX=10.3 W=1.00 Loss=0.000691 LR=0.002000 CC=0.750 (17.8s)
[2025-09-09 21:27:29.433] Step 50000: TF=1.000 CF=10.0 CX=9.9 W=1.00 Loss=0.004285 LR=0.002000 CC=0.750 (18.1s)
[2025-09-09 21:27:29.433] === Training complete ===
