[2025-09-11 08:55:50.450] === EFFECTIVE CONFIGURATION ===
[2025-09-11 08:55:50.450] {
[2025-09-11 08:55:50.450]   "_config_path": ".sweep_tmp/cfg_learning_rate=0p004.json",
[2025-09-11 08:55:50.450]   "_overrides": [],
[2025-09-11 08:55:50.450]   "_raw_config": {
[2025-09-11 08:55:50.450]     "addition_cf_max": 11.0,
[2025-09-11 08:55:50.450]     "addition_cf_min": 2.0,
[2025-09-11 08:55:50.450]     "addition_start_step": 8000,
[2025-09-11 08:55:50.450]     "cf_max_complexity": 7.0,
[2025-09-11 08:55:50.450]     "cf_min_complexity": 2.0,
[2025-09-11 08:55:50.450]     "cf_sd": 1.2,
[2025-09-11 08:55:50.450]     "checkpoint_interval": 5000,
[2025-09-11 08:55:50.451]     "confidence_criterion_start": 0.9,
[2025-09-11 08:55:50.451]     "confidence_floor": 0.75,
[2025-09-11 08:55:50.451]     "counting_fade_rate": 0.00015,
[2025-09-11 08:55:50.451]     "counting_focus_steps": 6000,
[2025-09-11 08:55:50.451]     "cx_sd": 0.9,
[2025-09-11 08:55:50.451]     "gate_freeze_until_step": 3000,
[2025-09-11 08:55:50.451]     "hidden_size": 64,
[2025-09-11 08:55:50.451]     "learning_rate": 0.004,
[2025-09-11 08:55:50.451]     "learning_rate_floor": 0.002,
[2025-09-11 08:55:50.451]     "lr_decay": 0.9999,
[2025-09-11 08:55:50.451]     "outdir": "results",
[2025-09-11 08:55:50.451]     "tf_rate_addition": 5e-05,
[2025-09-11 08:55:50.451]     "tf_rate_counting": 0.0002,
[2025-09-11 08:55:50.451]     "total_steps": 15000
[2025-09-11 08:55:50.451]   },
[2025-09-11 08:55:50.451]   "addition_cf_max": 11.0,
[2025-09-11 08:55:50.451]   "addition_cf_min": 2.0,
[2025-09-11 08:55:50.451]   "addition_start_step": 8000,
[2025-09-11 08:55:50.451]   "cf_max_complexity": 7.0,
[2025-09-11 08:55:50.451]   "cf_min_complexity": 2.0,
[2025-09-11 08:55:50.451]   "cf_sd": 1.2,
[2025-09-11 08:55:50.451]   "cf_variance": 1.5,
[2025-09-11 08:55:50.451]   "checkpoint_interval": 5000,
[2025-09-11 08:55:50.451]   "confidence_criterion_start": 0.9,
[2025-09-11 08:55:50.451]   "confidence_floor": 0.75,
[2025-09-11 08:55:50.451]   "counting_fade_rate": 0.00015,
[2025-09-11 08:55:50.451]   "counting_focus_steps": 6000,
[2025-09-11 08:55:50.451]   "cx_sd": 0.9,
[2025-09-11 08:55:50.451]   "cx_variance": 0.8,
[2025-09-11 08:55:50.451]   "gate_freeze_until_step": 3000,
[2025-09-11 08:55:50.451]   "hidden_size": 64,
[2025-09-11 08:55:50.451]   "learning_rate": 0.004,
[2025-09-11 08:55:50.451]   "learning_rate_floor": 0.002,
[2025-09-11 08:55:50.451]   "lr_decay": 0.9999,
[2025-09-11 08:55:50.451]   "outdir": "results/learning_rate=0.004",
[2025-09-11 08:55:50.451]   "tf_rate": 0.0001,
[2025-09-11 08:55:50.451]   "tf_rate_addition": 5e-05,
[2025-09-11 08:55:50.451]   "tf_rate_counting": 0.0002,
[2025-09-11 08:55:50.451]   "total_steps": 15000
[2025-09-11 08:55:50.451] }
[2025-09-11 08:55:50.452] === Small Math Model (Content-Gated) ===
[2025-09-11 08:55:50.452] Network: 24 -> 64 -> 12
[2025-09-11 08:55:50.452] Training steps: 15000   LR: 0.004
[2025-09-11 08:55:50.452] Gate freeze until: 3000
[2025-09-11 08:55:50.452] Confidence start: 0.9 (floor 0.75)
[2025-09-11 08:55:50.452] === Sanity check ===
[2025-09-11 08:55:50.452] 1 -> ? = 10 (expected 2) - conf:0.000 finger:True
[2025-09-11 08:55:50.452] 3 -> ? = 8 (expected 4) - conf:0.000 finger:True
[2025-09-11 08:55:50.452] 5 -> ? = 8 (expected 6) - conf:0.000 finger:True
[2025-09-11 08:55:50.452] 2 -> 3 = 12 (expected 4) - conf:0.000 finger:True
[2025-09-11 08:55:50.452] 4 -> 5 = 8 (expected 6) - conf:0.000 finger:True
[2025-09-11 08:55:50.453] 1 + 2 = 3 (expected 3) + conf:0.000 finger:True
[2025-09-11 08:55:50.455] 2 + 2 = 4 (expected 4) + conf:0.000 finger:True
[2025-09-11 08:55:50.457] 3 + 4 = 7 (expected 7) + conf:0.000 finger:True
[2025-09-11 08:55:50.458] 4 + 5 = 9 (expected 9) + conf:0.000 finger:True
[2025-09-11 08:55:50.460] 5 + 5 = 10 (expected 10) + conf:0.000 finger:True
[2025-09-11 08:55:50.460] 
[2025-09-11 08:55:50.626] Step  1000: TF=0.100 CF=2.5 CX=3.3 W=1.00 Loss=2.535493 LR=0.003632 CC=0.817 (0.2s)
[2025-09-11 08:55:50.791] Step  2000: TF=0.200 CF=3.0 CX=4.3 W=1.00 Loss=2.021591 LR=0.003286 CC=0.750 (0.3s)
[2025-09-11 08:55:50.978] Step  3000: TF=0.300 CF=3.5 CX=3.1 W=1.00 Loss=1.001196 LR=0.002973 CC=0.750 (0.5s)
[2025-09-11 08:55:51.148] Step  4000: TF=0.400 CF=4.0 CX=3.4 W=1.00 Loss=1.239123 LR=0.002690 CC=0.750 (0.7s)
[2025-09-11 08:55:51.318] Step  5000: TF=0.500 CF=4.5 CX=3.6 W=1.00 Loss=0.781546 LR=0.002434 CC=0.750 (0.9s)
[2025-09-11 08:55:51.494] Step  6000: TF=0.600 CF=5.0 CX=5.5 W=1.00 Loss=1.163060 LR=0.002203 CC=0.750 (1.0s)
[2025-09-11 08:55:51.665] Step  7000: TF=0.700 CF=5.5 CX=5.4 W=1.00 Loss=0.846549 LR=0.002000 CC=0.750 (1.2s)
[2025-09-11 08:55:51.840] Step  8000: TF=0.800 CF=6.0 CX=4.6 W=1.00 Loss=1.182446 LR=0.002000 CC=0.750 (1.4s)
[2025-09-11 08:55:52.274] Step  9000: TF=0.900 CF=10.1 CX=9.8 W=0.29 Loss=3.571743 LR=0.002000 CC=0.750 (1.8s)
[2025-09-11 08:55:53.033] Step 10000: TF=1.000 CF=11.0 CX=11.3 W=0.57 Loss=0.138719 LR=0.002000 CC=0.750 (2.6s)
[2025-09-11 08:55:53.988] Step 11000: TF=1.000 CF=7.0 CX=7.4 W=0.55 Loss=2.586833 LR=0.002000 CC=0.750 (3.5s)
[2025-09-11 08:55:55.151] Step 12000: TF=1.000 CF=11.0 CX=10.5 W=1.00 Loss=0.299572 LR=0.002000 CC=0.750 (4.7s)
[2025-09-11 08:55:56.372] Step 13000: TF=1.000 CF=7.0 CX=8.8 W=0.25 Loss=0.362179 LR=0.002000 CC=0.750 (5.9s)
[2025-09-11 08:55:57.304] Step 14000: TF=1.000 CF=11.0 CX=11.4 W=1.00 Loss=1.842180 LR=0.002000 CC=0.750 (6.8s)
[2025-09-11 08:55:58.176] Step 15000: TF=1.000 CF=11.0 CX=9.8 W=1.00 Loss=1.234346 LR=0.002000 CC=0.750 (7.7s)
[2025-09-11 08:55:58.176] === Training complete ===
