[2025-09-11 08:55:58.376] === EFFECTIVE CONFIGURATION ===
[2025-09-11 08:55:58.376] {
[2025-09-11 08:55:58.376]   "_config_path": ".sweep_tmp/cfg_learning_rate=0p005.json",
[2025-09-11 08:55:58.376]   "_overrides": [],
[2025-09-11 08:55:58.376]   "_raw_config": {
[2025-09-11 08:55:58.377]     "addition_cf_max": 11.0,
[2025-09-11 08:55:58.377]     "addition_cf_min": 2.0,
[2025-09-11 08:55:58.377]     "addition_start_step": 8000,
[2025-09-11 08:55:58.377]     "cf_max_complexity": 7.0,
[2025-09-11 08:55:58.377]     "cf_min_complexity": 2.0,
[2025-09-11 08:55:58.377]     "cf_sd": 1.2,
[2025-09-11 08:55:58.377]     "checkpoint_interval": 5000,
[2025-09-11 08:55:58.377]     "confidence_criterion_start": 0.9,
[2025-09-11 08:55:58.377]     "confidence_floor": 0.75,
[2025-09-11 08:55:58.377]     "counting_fade_rate": 0.00015,
[2025-09-11 08:55:58.377]     "counting_focus_steps": 6000,
[2025-09-11 08:55:58.377]     "cx_sd": 0.9,
[2025-09-11 08:55:58.377]     "gate_freeze_until_step": 3000,
[2025-09-11 08:55:58.377]     "hidden_size": 64,
[2025-09-11 08:55:58.377]     "learning_rate": 0.005,
[2025-09-11 08:55:58.377]     "learning_rate_floor": 0.002,
[2025-09-11 08:55:58.377]     "lr_decay": 0.9999,
[2025-09-11 08:55:58.377]     "outdir": "results",
[2025-09-11 08:55:58.377]     "tf_rate_addition": 5e-05,
[2025-09-11 08:55:58.377]     "tf_rate_counting": 0.0002,
[2025-09-11 08:55:58.377]     "total_steps": 15000
[2025-09-11 08:55:58.377]   },
[2025-09-11 08:55:58.377]   "addition_cf_max": 11.0,
[2025-09-11 08:55:58.377]   "addition_cf_min": 2.0,
[2025-09-11 08:55:58.377]   "addition_start_step": 8000,
[2025-09-11 08:55:58.377]   "cf_max_complexity": 7.0,
[2025-09-11 08:55:58.377]   "cf_min_complexity": 2.0,
[2025-09-11 08:55:58.377]   "cf_sd": 1.2,
[2025-09-11 08:55:58.377]   "cf_variance": 1.5,
[2025-09-11 08:55:58.377]   "checkpoint_interval": 5000,
[2025-09-11 08:55:58.377]   "confidence_criterion_start": 0.9,
[2025-09-11 08:55:58.377]   "confidence_floor": 0.75,
[2025-09-11 08:55:58.377]   "counting_fade_rate": 0.00015,
[2025-09-11 08:55:58.377]   "counting_focus_steps": 6000,
[2025-09-11 08:55:58.377]   "cx_sd": 0.9,
[2025-09-11 08:55:58.377]   "cx_variance": 0.8,
[2025-09-11 08:55:58.377]   "gate_freeze_until_step": 3000,
[2025-09-11 08:55:58.377]   "hidden_size": 64,
[2025-09-11 08:55:58.377]   "learning_rate": 0.005,
[2025-09-11 08:55:58.377]   "learning_rate_floor": 0.002,
[2025-09-11 08:55:58.377]   "lr_decay": 0.9999,
[2025-09-11 08:55:58.377]   "outdir": "results/learning_rate=0.005",
[2025-09-11 08:55:58.377]   "tf_rate": 0.0001,
[2025-09-11 08:55:58.377]   "tf_rate_addition": 5e-05,
[2025-09-11 08:55:58.377]   "tf_rate_counting": 0.0002,
[2025-09-11 08:55:58.377]   "total_steps": 15000
[2025-09-11 08:55:58.377] }
[2025-09-11 08:55:58.378] === Small Math Model (Content-Gated) ===
[2025-09-11 08:55:58.378] Network: 24 -> 64 -> 12
[2025-09-11 08:55:58.378] Training steps: 15000   LR: 0.005
[2025-09-11 08:55:58.378] Gate freeze until: 3000
[2025-09-11 08:55:58.378] Confidence start: 0.9 (floor 0.75)
[2025-09-11 08:55:58.378] === Sanity check ===
[2025-09-11 08:55:58.378] 1 -> ? = 10 (expected 2) - conf:0.000 finger:True
[2025-09-11 08:55:58.378] 3 -> ? = 8 (expected 4) - conf:0.000 finger:True
[2025-09-11 08:55:58.378] 5 -> ? = 8 (expected 6) - conf:0.000 finger:True
[2025-09-11 08:55:58.378] 2 -> 3 = 12 (expected 4) - conf:0.000 finger:True
[2025-09-11 08:55:58.378] 4 -> 5 = 8 (expected 6) - conf:0.000 finger:True
[2025-09-11 08:55:58.380] 1 + 2 = 3 (expected 3) + conf:0.000 finger:True
[2025-09-11 08:55:58.381] 2 + 2 = 4 (expected 4) + conf:0.000 finger:True
[2025-09-11 08:55:58.383] 3 + 4 = 7 (expected 7) + conf:0.000 finger:True
[2025-09-11 08:55:58.385] 4 + 5 = 9 (expected 9) + conf:0.000 finger:True
[2025-09-11 08:55:58.387] 5 + 5 = 10 (expected 10) + conf:0.000 finger:True
[2025-09-11 08:55:58.387] 
[2025-09-11 08:55:58.548] Step  1000: TF=0.100 CF=2.5 CX=2.2 W=1.00 Loss=1.526017 LR=0.004540 CC=0.817 (0.2s)
[2025-09-11 08:55:58.709] Step  2000: TF=0.200 CF=3.0 CX=2.7 W=1.00 Loss=1.844863 LR=0.004108 CC=0.750 (0.3s)
[2025-09-11 08:55:58.880] Step  3000: TF=0.300 CF=3.5 CX=4.0 W=1.00 Loss=2.496618 LR=0.003717 CC=0.750 (0.5s)
[2025-09-11 08:55:59.048] Step  4000: TF=0.400 CF=4.0 CX=2.4 W=1.00 Loss=2.932475 LR=0.003363 CC=0.750 (0.7s)
[2025-09-11 08:55:59.216] Step  5000: TF=0.500 CF=4.5 CX=4.8 W=1.00 Loss=1.215096 LR=0.003043 CC=0.750 (0.8s)
[2025-09-11 08:55:59.384] Step  6000: TF=0.600 CF=5.0 CX=6.2 W=1.00 Loss=1.088494 LR=0.002753 CC=0.750 (1.0s)
[2025-09-11 08:55:59.550] Step  7000: TF=0.700 CF=5.5 CX=5.9 W=1.00 Loss=0.678121 LR=0.002491 CC=0.750 (1.2s)
[2025-09-11 08:55:59.724] Step  8000: TF=0.800 CF=6.0 CX=6.6 W=1.00 Loss=0.532768 LR=0.002254 CC=0.750 (1.3s)
[2025-09-11 08:56:00.134] Step  9000: TF=0.900 CF=10.1 CX=10.1 W=0.29 Loss=3.068740 LR=0.002040 CC=0.750 (1.7s)
[2025-09-11 08:56:00.936] Step 10000: TF=1.000 CF=7.0 CX=7.5 W=0.70 Loss=0.691041 LR=0.002000 CC=0.750 (2.5s)
[2025-09-11 08:56:02.044] Step 11000: TF=1.000 CF=7.0 CX=8.0 W=0.55 Loss=0.104647 LR=0.002000 CC=0.750 (3.7s)
[2025-09-11 08:56:03.187] Step 12000: TF=1.000 CF=11.0 CX=10.5 W=1.00 Loss=0.188395 LR=0.002000 CC=0.750 (4.8s)
[2025-09-11 08:56:04.156] Step 13000: TF=1.000 CF=11.0 CX=12.0 W=1.00 Loss=1.817774 LR=0.002000 CC=0.750 (5.8s)
[2025-09-11 08:56:04.949] Step 14000: TF=1.000 CF=11.0 CX=10.7 W=1.00 Loss=0.135024 LR=0.002000 CC=0.750 (6.6s)
[2025-09-11 08:56:05.641] Step 15000: TF=1.000 CF=11.0 CX=10.7 W=1.00 Loss=0.061108 LR=0.002000 CC=0.750 (7.3s)
[2025-09-11 08:56:05.641] === Training complete ===
