=== Small Math Model (Content-Gated) ===
Network: 24 -> 64 -> 12
Training steps: 15000   LR: 0.005
Gate freeze until: 3000   Confidence start: 0.9 (floor 0.75)

--- Testing Model ---
1 -> ? = 10 (expected 2) ✗ conf:0.000 finger:True
3 -> ? = 8 (expected 4) ✗ conf:0.000 finger:True
5 -> ? = 8 (expected 6) ✗ conf:0.000 finger:True
2 -> 3 = 12 (expected 4) ✗ conf:0.000 finger:True
4 -> 5 = 8 (expected 6) ✗ conf:0.000 finger:True
1 + 2 = 3 (expected 3) ✓ conf:0.000 finger:True
2 + 2 = 4 (expected 4) ✓ conf:0.000 finger:True
3 + 4 = 7 (expected 7) ✓ conf:0.000 finger:True
4 + 5 = 9 (expected 9) ✓ conf:0.000 finger:True
5 + 5 = 10 (expected 10) ✓ conf:0.000 finger:True

Step  1000: TF=0.100 CF=2.4 CX=2.4 W=1.00 Loss=1.099284 LR=0.004540 CC=0.817 (0.2s)
Step  2000: TF=0.200 CF=2.8 CX=2.8 W=1.00 Loss=0.458758 LR=0.004108 CC=0.750 (0.4s)
Step  3000: TF=0.300 CF=3.2 CX=2.0 W=1.00 Loss=0.795498 LR=0.003717 CC=0.750 (0.6s)
Step  4000: TF=0.400 CF=3.6 CX=3.1 W=1.00 Loss=1.173227 LR=0.003363 CC=0.750 (0.8s)
Step  5000: TF=0.500 CF=4.0 CX=4.2 W=1.00 Loss=1.024968 LR=0.003043 CC=0.750 (1.0s)
Step  6000: TF=0.600 CF=4.4 CX=3.7 W=1.00 Loss=0.692976 LR=0.002753 CC=0.750 (1.2s)
Step  7000: TF=0.700 CF=4.8 CX=5.8 W=1.00 Loss=1.009272 LR=0.002491 CC=0.750 (1.4s)
Step  8000: TF=0.800 CF=5.2 CX=6.0 W=1.00 Loss=1.072809 LR=0.002254 CC=0.750 (1.6s)
