[2025-09-09 10:06:55.887] === EFFECTIVE CONFIGURATION ===
[2025-09-09 10:06:55.887] {
[2025-09-09 10:06:55.887]   "_config_path": "configs/longrun_50k_add_start_12000.json",
[2025-09-09 10:06:55.887]   "_overrides": [],
[2025-09-09 10:06:55.887]   "_raw_config": {
[2025-09-09 10:06:55.887]     "addition_cf_max": 10.0,
[2025-09-09 10:06:55.887]     "addition_cf_min": 2.0,
[2025-09-09 10:06:55.887]     "addition_start_step": 12000,
[2025-09-09 10:06:55.887]     "cf_max_complexity": 6.0,
[2025-09-09 10:06:55.887]     "cf_min_complexity": 2.0,
[2025-09-09 10:06:55.887]     "cf_variance": 1.5,
[2025-09-09 10:06:55.887]     "checkpoint_interval": 10000,
[2025-09-09 10:06:55.887]     "confidence_criterion_start": 0.9,
[2025-09-09 10:06:55.887]     "confidence_floor": 0.75,
[2025-09-09 10:06:55.887]     "counting_fade_rate": 0.0001,
[2025-09-09 10:06:55.887]     "counting_focus_steps": 6000,
[2025-09-09 10:06:55.887]     "cx_variance": 0.8,
[2025-09-09 10:06:55.887]     "gate_freeze_until_step": 3000,
[2025-09-09 10:06:55.887]     "hidden_size": 64,
[2025-09-09 10:06:55.887]     "learning_rate": 0.005,
[2025-09-09 10:06:55.887]     "learning_rate_floor": 0.002,
[2025-09-09 10:06:55.887]     "lr_decay": 0.9999,
[2025-09-09 10:06:55.887]     "outdir": "results_longrun_50k",
[2025-09-09 10:06:55.887]     "tf_rate_addition": 0.0001,
[2025-09-09 10:06:55.887]     "tf_rate_counting": 0.0001,
[2025-09-09 10:06:55.887]     "total_steps": 50000
[2025-09-09 10:06:55.887]   },
[2025-09-09 10:06:55.887]   "addition_cf_max": 10.0,
[2025-09-09 10:06:55.887]   "addition_cf_min": 2.0,
[2025-09-09 10:06:55.887]   "addition_start_step": 12000,
[2025-09-09 10:06:55.887]   "cf_max_complexity": 6.0,
[2025-09-09 10:06:55.887]   "cf_min_complexity": 2.0,
[2025-09-09 10:06:55.887]   "cf_variance": 1.5,
[2025-09-09 10:06:55.887]   "checkpoint_interval": 10000,
[2025-09-09 10:06:55.887]   "confidence_criterion_start": 0.9,
[2025-09-09 10:06:55.887]   "confidence_floor": 0.75,
[2025-09-09 10:06:55.887]   "counting_fade_rate": 0.0001,
[2025-09-09 10:06:55.887]   "counting_focus_steps": 6000,
[2025-09-09 10:06:55.887]   "cx_variance": 0.8,
[2025-09-09 10:06:55.887]   "gate_freeze_until_step": 3000,
[2025-09-09 10:06:55.887]   "hidden_size": 64,
[2025-09-09 10:06:55.887]   "learning_rate": 0.005,
[2025-09-09 10:06:55.887]   "learning_rate_floor": 0.002,
[2025-09-09 10:06:55.887]   "lr_decay": 0.9999,
[2025-09-09 10:06:55.887]   "outdir": "results",
[2025-09-09 10:06:55.887]   "tf_rate": 0.0001,
[2025-09-09 10:06:55.887]   "tf_rate_addition": 0.0001,
[2025-09-09 10:06:55.887]   "tf_rate_counting": 0.0001,
[2025-09-09 10:06:55.887]   "total_steps": 50000
[2025-09-09 10:06:55.887] }
[2025-09-09 10:06:55.888] === Small Math Model (Content-Gated) ===
[2025-09-09 10:06:55.888] Network: 24 -> 64 -> 12
[2025-09-09 10:06:55.888] Training steps: 50000   LR: 0.005
[2025-09-09 10:06:55.888] Gate freeze until: 3000
[2025-09-09 10:06:55.888] Confidence start: 0.9 (floor 0.75)
[2025-09-09 10:06:55.888] === Sanity check ===
[2025-09-09 10:06:55.888] 1 -> ? = 10 (expected 2) ✗ conf:0.000 finger:True
[2025-09-09 10:06:55.888] 3 -> ? = 8 (expected 4) ✗ conf:0.000 finger:True
[2025-09-09 10:06:55.888] 5 -> ? = 8 (expected 6) ✗ conf:0.000 finger:True
[2025-09-09 10:06:55.888] 2 -> 3 = 12 (expected 4) ✗ conf:0.000 finger:True
[2025-09-09 10:06:55.889] 4 -> 5 = 8 (expected 6) ✗ conf:0.000 finger:True
[2025-09-09 10:06:55.890] 1 + 2 = 3 (expected 3) ✓ conf:0.000 finger:True
[2025-09-09 10:06:55.891] 2 + 2 = 4 (expected 4) ✓ conf:0.000 finger:True
[2025-09-09 10:06:55.893] 3 + 4 = 7 (expected 7) ✓ conf:0.000 finger:True
[2025-09-09 10:06:55.894] 4 + 5 = 9 (expected 9) ✓ conf:0.000 finger:True
[2025-09-09 10:06:55.896] 5 + 5 = 10 (expected 10) ✓ conf:0.000 finger:True
[2025-09-09 10:06:55.896] 
[2025-09-09 10:06:56.061] Step  1000: TF=0.100 CF=2.4 CX=2.6 W=1.00 Loss=0.784118 LR=0.004540 CC=0.817 (0.2s)
[2025-09-09 10:06:56.259] Step  2000: TF=0.200 CF=2.8 CX=3.4 W=1.00 Loss=0.547099 LR=0.004108 CC=0.750 (0.4s)
[2025-09-09 10:06:56.428] Step  3000: TF=0.300 CF=3.2 CX=3.4 W=1.00 Loss=0.626054 LR=0.003717 CC=0.750 (0.5s)
[2025-09-09 10:06:56.601] Step  4000: TF=0.400 CF=3.6 CX=5.0 W=1.00 Loss=0.949240 LR=0.003363 CC=0.750 (0.7s)
[2025-09-09 10:06:56.792] Step  5000: TF=0.500 CF=4.0 CX=4.7 W=1.00 Loss=1.415748 LR=0.003043 CC=0.750 (0.9s)
[2025-09-09 10:06:56.973] Step  6000: TF=0.600 CF=4.4 CX=4.2 W=1.00 Loss=1.254861 LR=0.002753 CC=0.750 (1.1s)
[2025-09-09 10:06:57.146] Step  7000: TF=0.700 CF=4.8 CX=4.2 W=1.00 Loss=1.088943 LR=0.002491 CC=0.750 (1.2s)
[2025-09-09 10:06:57.317] Step  8000: TF=0.800 CF=5.2 CX=5.0 W=1.00 Loss=0.960692 LR=0.002254 CC=0.750 (1.4s)
[2025-09-09 10:06:57.489] Step  9000: TF=0.900 CF=5.6 CX=4.5 W=1.00 Loss=1.106250 LR=0.002040 CC=0.750 (1.6s)
[2025-09-09 10:06:57.659] Step 10000: TF=1.000 CF=6.0 CX=6.4 W=1.00 Loss=0.225949 LR=0.002000 CC=0.750 (1.8s)
