[2025-09-16 20:31:13.487] === EFFECTIVE CONFIGURATION ===
[2025-09-16 20:31:13.488] {
[2025-09-16 20:31:13.488]   "_config_path": ".sweep_tmp/cfg_addition_start_step=6000.json",
[2025-09-16 20:31:13.488]   "_overrides": [],
[2025-09-16 20:31:13.488]   "_raw_config": {
[2025-09-16 20:31:13.488]     "addition_cf_max": 11.0,
[2025-09-16 20:31:13.488]     "addition_cf_min": 2.0,
[2025-09-16 20:31:13.488]     "addition_start_step": 6000,
[2025-09-16 20:31:13.488]     "cf_max_complexity": 7.0,
[2025-09-16 20:31:13.488]     "cf_min_complexity": 2.0,
[2025-09-16 20:31:13.488]     "cf_sd": 1.2,
[2025-09-16 20:31:13.488]     "checkpoint_interval": 5000,
[2025-09-16 20:31:13.488]     "confidence_criterion_start": 0.9,
[2025-09-16 20:31:13.488]     "confidence_floor": 0.75,
[2025-09-16 20:31:13.488]     "counting_fade_rate": 0.00015,
[2025-09-16 20:31:13.488]     "counting_focus_steps": 6000,
[2025-09-16 20:31:13.488]     "cx_sd": 0.9,
[2025-09-16 20:31:13.488]     "gate_freeze_until_step": 3000,
[2025-09-16 20:31:13.488]     "hidden_size": 64,
[2025-09-16 20:31:13.488]     "learning_rate": 0.005,
[2025-09-16 20:31:13.488]     "learning_rate_floor": 0.002,
[2025-09-16 20:31:13.488]     "lr_decay": 0.9999,
[2025-09-16 20:31:13.488]     "outdir": "results",
[2025-09-16 20:31:13.488]     "tf_rate_addition": 0.0001,
[2025-09-16 20:31:13.488]     "tf_rate_counting": 0.0001,
[2025-09-16 20:31:13.488]     "total_steps": 50000
[2025-09-16 20:31:13.488]   },
[2025-09-16 20:31:13.488]   "addition_cf_max": 11.0,
[2025-09-16 20:31:13.488]   "addition_cf_min": 2.0,
[2025-09-16 20:31:13.488]   "addition_start_step": 6000,
[2025-09-16 20:31:13.488]   "cf_max_complexity": 7.0,
[2025-09-16 20:31:13.488]   "cf_min_complexity": 2.0,
[2025-09-16 20:31:13.488]   "cf_sd": 1.2,
[2025-09-16 20:31:13.488]   "cf_variance": 1.5,
[2025-09-16 20:31:13.488]   "checkpoint_interval": 5000,
[2025-09-16 20:31:13.488]   "confidence_criterion_start": 0.9,
[2025-09-16 20:31:13.488]   "confidence_floor": 0.75,
[2025-09-16 20:31:13.488]   "counting_fade_rate": 0.00015,
[2025-09-16 20:31:13.488]   "counting_focus_steps": 6000,
[2025-09-16 20:31:13.488]   "cx_sd": 0.9,
[2025-09-16 20:31:13.488]   "cx_variance": 0.8,
[2025-09-16 20:31:13.488]   "gate_freeze_until_step": 3000,
[2025-09-16 20:31:13.488]   "hidden_size": 64,
[2025-09-16 20:31:13.488]   "learning_rate": 0.005,
[2025-09-16 20:31:13.488]   "learning_rate_floor": 0.002,
[2025-09-16 20:31:13.488]   "lr_decay": 0.9999,
[2025-09-16 20:31:13.488]   "outdir": "results/addition_start_step=6000",
[2025-09-16 20:31:13.488]   "tf_rate": 0.0001,
[2025-09-16 20:31:13.488]   "tf_rate_addition": 0.0001,
[2025-09-16 20:31:13.488]   "tf_rate_counting": 0.0001,
[2025-09-16 20:31:13.488]   "total_steps": 50000
[2025-09-16 20:31:13.488] }
[2025-09-16 20:31:13.489] === Small Math Model (Content-Gated) ===
[2025-09-16 20:31:13.489] Network: 24 -> 64 -> 12
[2025-09-16 20:31:13.489] Training steps: 50000   LR: 0.005
[2025-09-16 20:31:13.489] Gate freeze until: 3000
[2025-09-16 20:31:13.489] Confidence start: 0.9 (floor 0.75)
[2025-09-16 20:31:13.489] === Sanity check ===
[2025-09-16 20:31:13.489] 1 -> ? = 10 (expected 2) - conf:0.000 finger:True
[2025-09-16 20:31:13.489] 3 -> ? = 8 (expected 4) - conf:0.000 finger:True
[2025-09-16 20:31:13.489] 5 -> ? = 8 (expected 6) - conf:0.000 finger:True
[2025-09-16 20:31:13.489] 2 -> 3 = 12 (expected 4) - conf:0.000 finger:True
[2025-09-16 20:31:13.489] 4 -> 5 = 8 (expected 6) - conf:0.000 finger:True
[2025-09-16 20:31:13.490] 1 + 2 = 3 (expected 3) + conf:0.000 finger:True
[2025-09-16 20:31:13.491] 2 + 2 = 4 (expected 4) + conf:0.000 finger:True
[2025-09-16 20:31:13.493] 3 + 4 = 7 (expected 7) + conf:0.000 finger:True
[2025-09-16 20:31:13.494] 4 + 5 = 9 (expected 9) + conf:0.000 finger:True
[2025-09-16 20:31:13.495] 5 + 5 = 10 (expected 10) + conf:0.000 finger:True
[2025-09-16 20:31:13.495] 
[2025-09-16 20:31:13.679] Step  1000: TF=0.100 CF=2.5 CX=3.0 W=1.00 Loss=2.562805 LR=0.004540 CC=0.817 (0.2s)
[2025-09-16 20:31:13.867] Step  2000: TF=0.200 CF=3.0 CX=3.4 W=1.00 Loss=1.525242 LR=0.004108 CC=0.750 (0.4s)
[2025-09-16 20:31:14.055] Step  3000: TF=0.300 CF=3.5 CX=4.1 W=1.00 Loss=1.048683 LR=0.003717 CC=0.750 (0.6s)
[2025-09-16 20:31:14.254] Step  4000: TF=0.400 CF=4.0 CX=5.1 W=1.00 Loss=4.405965 LR=0.003363 CC=0.750 (0.8s)
[2025-09-16 20:31:14.451] Step  5000: TF=0.500 CF=4.5 CX=3.3 W=1.00 Loss=1.991605 LR=0.003043 CC=0.750 (1.0s)
[2025-09-16 20:31:14.643] Step  6000: TF=0.600 CF=5.0 CX=3.5 W=1.00 Loss=2.892049 LR=0.002753 CC=0.750 (1.1s)
[2025-09-16 20:31:14.865] Step  7000: TF=0.700 CF=5.5 CX=6.8 W=0.85 Loss=1.108625 LR=0.002491 CC=0.750 (1.4s)
[2025-09-16 20:31:15.177] Step  8000: TF=0.800 CF=6.0 CX=5.9 W=0.70 Loss=1.407810 LR=0.002254 CC=0.750 (1.7s)
[2025-09-16 20:31:15.618] Step  9000: TF=0.900 CF=10.1 CX=10.1 W=0.14 Loss=2.412691 LR=0.002040 CC=0.750 (2.1s)
[2025-09-16 20:31:16.157] Step 10000: TF=1.000 CF=11.0 CX=12.0 W=0.18 Loss=9.800481 LR=0.002000 CC=0.750 (2.7s)
[2025-09-16 20:31:16.894] Step 11000: TF=1.000 CF=7.0 CX=6.8 W=0.25 Loss=0.210724 LR=0.002000 CC=0.750 (3.4s)
[2025-09-16 20:31:17.788] Step 12000: TF=1.000 CF=11.0 CX=11.0 W=0.27 Loss=2.645285 LR=0.002000 CC=0.750 (4.3s)
[2025-09-16 20:31:18.688] Step 13000: TF=1.000 CF=11.0 CX=11.4 W=0.32 Loss=1.707070 LR=0.002000 CC=0.750 (5.2s)
[2025-09-16 20:31:19.443] Step 14000: TF=1.000 CF=7.0 CX=6.5 W=0.20 Loss=0.100974 LR=0.002000 CC=0.750 (5.9s)
[2025-09-16 20:31:20.169] Step 15000: TF=1.000 CF=11.0 CX=10.2 W=0.41 Loss=0.221934 LR=0.002000 CC=0.750 (6.7s)
[2025-09-16 20:31:20.846] Step 16000: TF=1.000 CF=11.0 CX=11.6 W=0.45 Loss=1.559503 LR=0.002000 CC=0.750 (7.4s)
[2025-09-16 20:31:21.543] Step 17000: TF=1.000 CF=11.0 CX=11.5 W=0.50 Loss=1.574722 LR=0.002000 CC=0.750 (8.0s)
[2025-09-16 20:31:22.230] Step 18000: TF=1.000 CF=11.0 CX=11.5 W=0.55 Loss=0.583442 LR=0.002000 CC=0.750 (8.7s)
[2025-09-16 20:31:22.887] Step 19000: TF=1.000 CF=11.0 CX=10.8 W=0.59 Loss=0.035097 LR=0.002000 CC=0.750 (9.4s)
[2025-09-16 20:31:23.617] Step 20000: TF=1.000 CF=11.0 CX=10.6 W=0.64 Loss=0.037150 LR=0.002000 CC=0.750 (10.1s)
[2025-09-16 20:31:24.304] Step 21000: TF=1.000 CF=11.0 CX=11.2 W=0.68 Loss=2.514408 LR=0.002000 CC=0.750 (10.8s)
[2025-09-16 20:31:24.998] Step 22000: TF=1.000 CF=11.0 CX=10.9 W=0.73 Loss=0.018620 LR=0.002000 CC=0.750 (11.5s)
[2025-09-16 20:31:25.683] Step 23000: TF=1.000 CF=7.0 CX=7.5 W=0.20 Loss=0.009083 LR=0.002000 CC=0.750 (12.2s)
[2025-09-16 20:31:26.344] Step 24000: TF=1.000 CF=11.0 CX=12.0 W=0.82 Loss=0.821910 LR=0.002000 CC=0.750 (12.8s)
[2025-09-16 20:31:26.957] Step 25000: TF=1.000 CF=7.0 CX=7.6 W=0.20 Loss=0.002750 LR=0.002000 CC=0.750 (13.5s)
[2025-09-16 20:31:27.520] Step 26000: TF=1.000 CF=11.0 CX=9.8 W=0.91 Loss=0.062979 LR=0.002000 CC=0.750 (14.0s)
[2025-09-16 20:31:28.137] Step 27000: TF=1.000 CF=11.0 CX=11.3 W=0.95 Loss=1.154150 LR=0.002000 CC=0.750 (14.6s)
[2025-09-16 20:31:28.735] Step 28000: TF=1.000 CF=11.0 CX=12.0 W=1.00 Loss=0.232264 LR=0.002000 CC=0.750 (15.2s)
[2025-09-16 20:31:29.256] Step 29000: TF=1.000 CF=11.0 CX=11.7 W=1.00 Loss=1.141866 LR=0.002000 CC=0.750 (15.8s)
[2025-09-16 20:31:29.777] Step 30000: TF=1.000 CF=11.0 CX=10.1 W=1.00 Loss=0.003119 LR=0.002000 CC=0.750 (16.3s)
[2025-09-16 20:31:30.269] Step 31000: TF=1.000 CF=11.0 CX=11.6 W=1.00 Loss=0.117821 LR=0.002000 CC=0.750 (16.8s)
[2025-09-16 20:31:30.720] Step 32000: TF=1.000 CF=7.0 CX=5.9 W=0.20 Loss=0.041357 LR=0.002000 CC=0.750 (17.2s)
[2025-09-16 20:31:31.198] Step 33000: TF=1.000 CF=11.0 CX=11.5 W=1.00 Loss=0.942337 LR=0.002000 CC=0.750 (17.7s)
[2025-09-16 20:31:31.677] Step 34000: TF=1.000 CF=11.0 CX=11.0 W=1.00 Loss=0.051072 LR=0.002000 CC=0.750 (18.2s)
[2025-09-16 20:31:32.125] Step 35000: TF=1.000 CF=11.0 CX=10.9 W=1.00 Loss=0.001807 LR=0.002000 CC=0.750 (18.6s)
[2025-09-16 20:31:32.577] Step 36000: TF=1.000 CF=11.0 CX=11.9 W=1.00 Loss=0.038262 LR=0.002000 CC=0.750 (19.1s)
[2025-09-16 20:31:33.047] Step 37000: TF=1.000 CF=11.0 CX=10.6 W=1.00 Loss=0.003778 LR=0.002000 CC=0.750 (19.6s)
[2025-09-16 20:31:33.506] Step 38000: TF=1.000 CF=11.0 CX=11.0 W=1.00 Loss=0.240447 LR=0.002000 CC=0.750 (20.0s)
[2025-09-16 20:31:33.919] Step 39000: TF=1.000 CF=11.0 CX=10.8 W=1.00 Loss=0.002682 LR=0.002000 CC=0.750 (20.4s)
[2025-09-16 20:31:34.310] Step 40000: TF=1.000 CF=11.0 CX=10.5 W=1.00 Loss=0.002423 LR=0.002000 CC=0.750 (20.8s)
[2025-09-16 20:31:34.674] Step 41000: TF=1.000 CF=11.0 CX=10.6 W=1.00 Loss=0.001701 LR=0.002000 CC=0.750 (21.2s)
[2025-09-16 20:31:35.017] Step 42000: TF=1.000 CF=11.0 CX=11.4 W=1.00 Loss=0.155586 LR=0.002000 CC=0.750 (21.5s)
[2025-09-16 20:31:35.329] Step 43000: TF=1.000 CF=7.0 CX=6.2 W=0.20 Loss=0.000726 LR=0.002000 CC=0.750 (21.8s)
[2025-09-16 20:31:35.623] Step 44000: TF=1.000 CF=11.0 CX=11.7 W=1.00 Loss=0.069960 LR=0.002000 CC=0.750 (22.1s)
[2025-09-16 20:31:35.905] Step 45000: TF=1.000 CF=11.0 CX=11.9 W=1.00 Loss=0.023088 LR=0.002000 CC=0.750 (22.4s)
[2025-09-16 20:31:36.168] Step 46000: TF=1.000 CF=11.0 CX=10.0 W=1.00 Loss=0.002166 LR=0.002000 CC=0.750 (22.7s)
[2025-09-16 20:31:36.443] Step 47000: TF=1.000 CF=11.0 CX=10.2 W=1.00 Loss=0.001017 LR=0.002000 CC=0.750 (22.9s)
[2025-09-16 20:31:36.702] Step 48000: TF=1.000 CF=11.0 CX=10.2 W=1.00 Loss=0.000995 LR=0.002000 CC=0.750 (23.2s)
[2025-09-16 20:31:36.965] Step 49000: TF=1.000 CF=7.0 CX=6.8 W=0.20 Loss=0.004542 LR=0.002000 CC=0.750 (23.5s)
[2025-09-16 20:31:37.241] Step 50000: TF=1.000 CF=11.0 CX=10.4 W=1.00 Loss=0.001358 LR=0.002000 CC=0.750 (23.7s)
[2025-09-16 20:31:37.241] === Training complete ===
