[2025-09-11 08:56:05.854] === EFFECTIVE CONFIGURATION ===
[2025-09-11 08:56:05.855] {
[2025-09-11 08:56:05.855]   "_config_path": ".sweep_tmp/cfg_learning_rate=0p006.json",
[2025-09-11 08:56:05.855]   "_overrides": [],
[2025-09-11 08:56:05.855]   "_raw_config": {
[2025-09-11 08:56:05.855]     "addition_cf_max": 11.0,
[2025-09-11 08:56:05.855]     "addition_cf_min": 2.0,
[2025-09-11 08:56:05.855]     "addition_start_step": 8000,
[2025-09-11 08:56:05.855]     "cf_max_complexity": 7.0,
[2025-09-11 08:56:05.855]     "cf_min_complexity": 2.0,
[2025-09-11 08:56:05.855]     "cf_sd": 1.2,
[2025-09-11 08:56:05.855]     "checkpoint_interval": 5000,
[2025-09-11 08:56:05.855]     "confidence_criterion_start": 0.9,
[2025-09-11 08:56:05.855]     "confidence_floor": 0.75,
[2025-09-11 08:56:05.855]     "counting_fade_rate": 0.00015,
[2025-09-11 08:56:05.855]     "counting_focus_steps": 6000,
[2025-09-11 08:56:05.855]     "cx_sd": 0.9,
[2025-09-11 08:56:05.855]     "gate_freeze_until_step": 3000,
[2025-09-11 08:56:05.855]     "hidden_size": 64,
[2025-09-11 08:56:05.855]     "learning_rate": 0.006,
[2025-09-11 08:56:05.855]     "learning_rate_floor": 0.002,
[2025-09-11 08:56:05.855]     "lr_decay": 0.9999,
[2025-09-11 08:56:05.855]     "outdir": "results",
[2025-09-11 08:56:05.855]     "tf_rate_addition": 5e-05,
[2025-09-11 08:56:05.855]     "tf_rate_counting": 0.0002,
[2025-09-11 08:56:05.855]     "total_steps": 15000
[2025-09-11 08:56:05.855]   },
[2025-09-11 08:56:05.855]   "addition_cf_max": 11.0,
[2025-09-11 08:56:05.855]   "addition_cf_min": 2.0,
[2025-09-11 08:56:05.855]   "addition_start_step": 8000,
[2025-09-11 08:56:05.855]   "cf_max_complexity": 7.0,
[2025-09-11 08:56:05.855]   "cf_min_complexity": 2.0,
[2025-09-11 08:56:05.855]   "cf_sd": 1.2,
[2025-09-11 08:56:05.855]   "cf_variance": 1.5,
[2025-09-11 08:56:05.855]   "checkpoint_interval": 5000,
[2025-09-11 08:56:05.855]   "confidence_criterion_start": 0.9,
[2025-09-11 08:56:05.855]   "confidence_floor": 0.75,
[2025-09-11 08:56:05.855]   "counting_fade_rate": 0.00015,
[2025-09-11 08:56:05.855]   "counting_focus_steps": 6000,
[2025-09-11 08:56:05.855]   "cx_sd": 0.9,
[2025-09-11 08:56:05.855]   "cx_variance": 0.8,
[2025-09-11 08:56:05.855]   "gate_freeze_until_step": 3000,
[2025-09-11 08:56:05.855]   "hidden_size": 64,
[2025-09-11 08:56:05.855]   "learning_rate": 0.006,
[2025-09-11 08:56:05.855]   "learning_rate_floor": 0.002,
[2025-09-11 08:56:05.855]   "lr_decay": 0.9999,
[2025-09-11 08:56:05.855]   "outdir": "results/learning_rate=0.006",
[2025-09-11 08:56:05.855]   "tf_rate": 0.0001,
[2025-09-11 08:56:05.855]   "tf_rate_addition": 5e-05,
[2025-09-11 08:56:05.855]   "tf_rate_counting": 0.0002,
[2025-09-11 08:56:05.855]   "total_steps": 15000
[2025-09-11 08:56:05.855] }
[2025-09-11 08:56:05.856] === Small Math Model (Content-Gated) ===
[2025-09-11 08:56:05.856] Network: 24 -> 64 -> 12
[2025-09-11 08:56:05.856] Training steps: 15000   LR: 0.006
[2025-09-11 08:56:05.856] Gate freeze until: 3000
[2025-09-11 08:56:05.856] Confidence start: 0.9 (floor 0.75)
[2025-09-11 08:56:05.856] === Sanity check ===
[2025-09-11 08:56:05.856] 1 -> ? = 10 (expected 2) - conf:0.000 finger:True
[2025-09-11 08:56:05.856] 3 -> ? = 8 (expected 4) - conf:0.000 finger:True
[2025-09-11 08:56:05.856] 5 -> ? = 8 (expected 6) - conf:0.000 finger:True
[2025-09-11 08:56:05.856] 2 -> 3 = 12 (expected 4) - conf:0.000 finger:True
[2025-09-11 08:56:05.856] 4 -> 5 = 8 (expected 6) - conf:0.000 finger:True
[2025-09-11 08:56:05.857] 1 + 2 = 3 (expected 3) + conf:0.000 finger:True
[2025-09-11 08:56:05.859] 2 + 2 = 4 (expected 4) + conf:0.000 finger:True
[2025-09-11 08:56:05.860] 3 + 4 = 7 (expected 7) + conf:0.000 finger:True
[2025-09-11 08:56:05.862] 4 + 5 = 9 (expected 9) + conf:0.000 finger:True
[2025-09-11 08:56:05.864] 5 + 5 = 10 (expected 10) + conf:0.000 finger:True
[2025-09-11 08:56:05.864] 
[2025-09-11 08:56:06.025] Step  1000: TF=0.100 CF=2.5 CX=3.4 W=1.00 Loss=3.147989 LR=0.005447 CC=0.817 (0.2s)
[2025-09-11 08:56:06.186] Step  2000: TF=0.200 CF=3.0 CX=2.0 W=1.00 Loss=0.760367 LR=0.004929 CC=0.750 (0.3s)
[2025-09-11 08:56:06.350] Step  3000: TF=0.300 CF=3.5 CX=2.8 W=1.00 Loss=0.874090 LR=0.004460 CC=0.750 (0.5s)
[2025-09-11 08:56:06.515] Step  4000: TF=0.400 CF=4.0 CX=4.5 W=1.00 Loss=0.861713 LR=0.004036 CC=0.750 (0.7s)
[2025-09-11 08:56:06.680] Step  5000: TF=0.500 CF=4.5 CX=3.7 W=1.00 Loss=1.751617 LR=0.003651 CC=0.750 (0.8s)
[2025-09-11 08:56:06.850] Step  6000: TF=0.600 CF=5.0 CX=5.3 W=1.00 Loss=1.255560 LR=0.003304 CC=0.750 (1.0s)
[2025-09-11 08:56:07.020] Step  7000: TF=0.700 CF=5.5 CX=4.8 W=1.00 Loss=0.873839 LR=0.002990 CC=0.750 (1.2s)
[2025-09-11 08:56:07.196] Step  8000: TF=0.800 CF=6.0 CX=6.8 W=1.00 Loss=0.166222 LR=0.002705 CC=0.750 (1.3s)
[2025-09-11 08:56:07.469] Step  9000: TF=0.900 CF=6.5 CX=5.8 W=0.85 Loss=0.131736 LR=0.002448 CC=0.750 (1.6s)
[2025-09-11 08:56:07.846] Step 10000: TF=1.000 CF=11.0 CX=10.2 W=0.57 Loss=0.020027 LR=0.002215 CC=0.750 (2.0s)
[2025-09-11 08:56:08.353] Step 11000: TF=1.000 CF=11.0 CX=11.8 W=0.86 Loss=0.214768 LR=0.002004 CC=0.750 (2.5s)
[2025-09-11 08:56:08.835] Step 12000: TF=1.000 CF=7.0 CX=6.5 W=0.40 Loss=0.055628 LR=0.002000 CC=0.750 (3.0s)
[2025-09-11 08:56:09.325] Step 13000: TF=1.000 CF=11.0 CX=12.0 W=1.00 Loss=0.001157 LR=0.002000 CC=0.750 (3.5s)
[2025-09-11 08:56:09.824] Step 14000: TF=1.000 CF=11.0 CX=11.6 W=1.00 Loss=0.013511 LR=0.002000 CC=0.750 (4.0s)
[2025-09-11 08:56:10.354] Step 15000: TF=1.000 CF=11.0 CX=11.1 W=1.00 Loss=0.340950 LR=0.002000 CC=0.750 (4.5s)
[2025-09-11 08:56:10.354] === Training complete ===
