[2025-09-10 16:45:49.555] === EFFECTIVE CONFIGURATION ===
[2025-09-10 16:45:49.555] {
[2025-09-10 16:45:49.555]   "_config_path": ".sweep_tmp/cfg_learning_rate=0p005.json",
[2025-09-10 16:45:49.555]   "_overrides": [],
[2025-09-10 16:45:49.555]   "_raw_config": {
[2025-09-10 16:45:49.555]     "addition_cf_max": 11.0,
[2025-09-10 16:45:49.555]     "addition_cf_min": 2.0,
[2025-09-10 16:45:49.555]     "addition_start_step": 8000,
[2025-09-10 16:45:49.555]     "cf_max_complexity": 7.0,
[2025-09-10 16:45:49.555]     "cf_min_complexity": 2.0,
[2025-09-10 16:45:49.555]     "cf_sd": 1.2,
[2025-09-10 16:45:49.555]     "checkpoint_interval": 5000,
[2025-09-10 16:45:49.555]     "confidence_criterion_start": 0.9,
[2025-09-10 16:45:49.555]     "confidence_floor": 0.75,
[2025-09-10 16:45:49.555]     "counting_fade_rate": 0.00015,
[2025-09-10 16:45:49.555]     "counting_focus_steps": 6000,
[2025-09-10 16:45:49.555]     "cx_sd": 0.9,
[2025-09-10 16:45:49.555]     "gate_freeze_until_step": 3000,
[2025-09-10 16:45:49.555]     "hidden_size": 64,
[2025-09-10 16:45:49.555]     "learning_rate": 0.005,
[2025-09-10 16:45:49.555]     "learning_rate_floor": 0.002,
[2025-09-10 16:45:49.555]     "lr_decay": 0.9999,
[2025-09-10 16:45:49.555]     "outdir": "results",
[2025-09-10 16:45:49.555]     "tf_rate_addition": 5e-05,
[2025-09-10 16:45:49.555]     "tf_rate_counting": 0.0002,
[2025-09-10 16:45:49.555]     "total_steps": 15000
[2025-09-10 16:45:49.555]   },
[2025-09-10 16:45:49.555]   "addition_cf_max": 11.0,
[2025-09-10 16:45:49.555]   "addition_cf_min": 2.0,
[2025-09-10 16:45:49.555]   "addition_start_step": 8000,
[2025-09-10 16:45:49.555]   "cf_max_complexity": 7.0,
[2025-09-10 16:45:49.555]   "cf_min_complexity": 2.0,
[2025-09-10 16:45:49.555]   "cf_sd": 1.2,
[2025-09-10 16:45:49.555]   "cf_variance": 1.5,
[2025-09-10 16:45:49.555]   "checkpoint_interval": 5000,
[2025-09-10 16:45:49.555]   "confidence_criterion_start": 0.9,
[2025-09-10 16:45:49.555]   "confidence_floor": 0.75,
[2025-09-10 16:45:49.555]   "counting_fade_rate": 0.00015,
[2025-09-10 16:45:49.555]   "counting_focus_steps": 6000,
[2025-09-10 16:45:49.555]   "cx_sd": 0.9,
[2025-09-10 16:45:49.555]   "cx_variance": 0.8,
[2025-09-10 16:45:49.555]   "gate_freeze_until_step": 3000,
[2025-09-10 16:45:49.555]   "hidden_size": 64,
[2025-09-10 16:45:49.555]   "learning_rate": 0.005,
[2025-09-10 16:45:49.555]   "learning_rate_floor": 0.002,
[2025-09-10 16:45:49.555]   "lr_decay": 0.9999,
[2025-09-10 16:45:49.555]   "outdir": "results/lrsweep/learning_rate=0.005",
[2025-09-10 16:45:49.555]   "tf_rate": 0.0001,
[2025-09-10 16:45:49.555]   "tf_rate_addition": 5e-05,
[2025-09-10 16:45:49.555]   "tf_rate_counting": 0.0002,
[2025-09-10 16:45:49.555]   "total_steps": 15000
[2025-09-10 16:45:49.555] }
[2025-09-10 16:45:49.556] === Small Math Model (Content-Gated) ===
[2025-09-10 16:45:49.556] Network: 24 -> 64 -> 12
[2025-09-10 16:45:49.556] Training steps: 15000   LR: 0.005
[2025-09-10 16:45:49.556] Gate freeze until: 3000
[2025-09-10 16:45:49.556] Confidence start: 0.9 (floor 0.75)
[2025-09-10 16:45:49.556] === Sanity check ===
[2025-09-10 16:45:49.556] 1 -> ? = 10 (expected 2) - conf:0.000 finger:True
[2025-09-10 16:45:49.556] 3 -> ? = 8 (expected 4) - conf:0.000 finger:True
[2025-09-10 16:45:49.556] 5 -> ? = 8 (expected 6) - conf:0.000 finger:True
[2025-09-10 16:45:49.557] 2 -> 3 = 12 (expected 4) - conf:0.000 finger:True
[2025-09-10 16:45:49.557] 4 -> 5 = 8 (expected 6) - conf:0.000 finger:True
[2025-09-10 16:45:49.558] 1 + 2 = 3 (expected 3) + conf:0.000 finger:True
[2025-09-10 16:45:49.559] 2 + 2 = 4 (expected 4) + conf:0.000 finger:True
[2025-09-10 16:45:49.561] 3 + 4 = 7 (expected 7) + conf:0.000 finger:True
[2025-09-10 16:45:49.562] 4 + 5 = 9 (expected 9) + conf:0.000 finger:True
[2025-09-10 16:45:49.564] 5 + 5 = 10 (expected 10) + conf:0.000 finger:True
[2025-09-10 16:45:49.564] 
[2025-09-10 16:45:49.728] Step  1000: TF=0.100 CF=2.5 CX=2.8 W=1.00 Loss=1.144351 LR=0.004540 CC=0.817 (0.2s)
[2025-09-10 16:45:49.896] Step  2000: TF=0.200 CF=3.0 CX=4.1 W=1.00 Loss=3.933868 LR=0.004108 CC=0.750 (0.3s)
[2025-09-10 16:45:50.062] Step  3000: TF=0.300 CF=3.5 CX=3.7 W=1.00 Loss=0.973587 LR=0.003717 CC=0.750 (0.5s)
[2025-09-10 16:45:50.232] Step  4000: TF=0.400 CF=4.0 CX=3.9 W=1.00 Loss=1.035931 LR=0.003363 CC=0.750 (0.7s)
[2025-09-10 16:45:50.409] Step  5000: TF=0.500 CF=4.5 CX=4.8 W=1.00 Loss=0.989064 LR=0.003043 CC=0.750 (0.8s)
[2025-09-10 16:45:50.576] Step  6000: TF=0.600 CF=5.0 CX=5.4 W=1.00 Loss=0.983061 LR=0.002753 CC=0.750 (1.0s)
[2025-09-10 16:45:50.751] Step  7000: TF=0.700 CF=5.5 CX=6.6 W=1.00 Loss=0.708040 LR=0.002491 CC=0.750 (1.2s)
[2025-09-10 16:45:50.936] Step  8000: TF=0.800 CF=6.0 CX=7.3 W=1.00 Loss=0.448051 LR=0.002254 CC=0.750 (1.4s)
[2025-09-10 16:45:51.330] Step  9000: TF=0.900 CF=6.5 CX=5.0 W=0.85 Loss=2.092613 LR=0.002040 CC=0.750 (1.8s)
[2025-09-10 16:45:52.063] Step 10000: TF=1.000 CF=11.0 CX=10.2 W=0.57 Loss=0.975594 LR=0.002000 CC=0.750 (2.5s)
[2025-09-10 16:45:53.048] Step 11000: TF=1.000 CF=7.0 CX=6.9 W=0.55 Loss=0.665894 LR=0.002000 CC=0.750 (3.5s)
[2025-09-10 16:45:54.396] Step 12000: TF=1.000 CF=7.0 CX=7.8 W=0.40 Loss=0.030364 LR=0.002000 CC=0.750 (4.8s)
[2025-09-10 16:45:55.552] Step 13000: TF=1.000 CF=11.0 CX=10.7 W=1.00 Loss=0.301137 LR=0.002000 CC=0.750 (6.0s)
[2025-09-10 16:45:56.430] Step 14000: TF=1.000 CF=11.0 CX=10.7 W=1.00 Loss=0.108457 LR=0.002000 CC=0.750 (6.9s)
[2025-09-10 16:45:57.205] Step 15000: TF=1.000 CF=11.0 CX=9.8 W=1.00 Loss=0.574809 LR=0.002000 CC=0.750 (7.6s)
[2025-09-10 16:45:57.205] === Training complete ===
