[2025-09-11 08:56:19.725] === EFFECTIVE CONFIGURATION ===
[2025-09-11 08:56:19.725] {
[2025-09-11 08:56:19.725]   "_config_path": ".sweep_tmp/cfg_learning_rate=0p009.json",
[2025-09-11 08:56:19.725]   "_overrides": [],
[2025-09-11 08:56:19.725]   "_raw_config": {
[2025-09-11 08:56:19.725]     "addition_cf_max": 11.0,
[2025-09-11 08:56:19.725]     "addition_cf_min": 2.0,
[2025-09-11 08:56:19.725]     "addition_start_step": 8000,
[2025-09-11 08:56:19.725]     "cf_max_complexity": 7.0,
[2025-09-11 08:56:19.725]     "cf_min_complexity": 2.0,
[2025-09-11 08:56:19.725]     "cf_sd": 1.2,
[2025-09-11 08:56:19.725]     "checkpoint_interval": 5000,
[2025-09-11 08:56:19.725]     "confidence_criterion_start": 0.9,
[2025-09-11 08:56:19.725]     "confidence_floor": 0.75,
[2025-09-11 08:56:19.725]     "counting_fade_rate": 0.00015,
[2025-09-11 08:56:19.725]     "counting_focus_steps": 6000,
[2025-09-11 08:56:19.725]     "cx_sd": 0.9,
[2025-09-11 08:56:19.725]     "gate_freeze_until_step": 3000,
[2025-09-11 08:56:19.725]     "hidden_size": 64,
[2025-09-11 08:56:19.725]     "learning_rate": 0.009,
[2025-09-11 08:56:19.725]     "learning_rate_floor": 0.002,
[2025-09-11 08:56:19.726]     "lr_decay": 0.9999,
[2025-09-11 08:56:19.726]     "outdir": "results",
[2025-09-11 08:56:19.726]     "tf_rate_addition": 5e-05,
[2025-09-11 08:56:19.726]     "tf_rate_counting": 0.0002,
[2025-09-11 08:56:19.726]     "total_steps": 15000
[2025-09-11 08:56:19.726]   },
[2025-09-11 08:56:19.726]   "addition_cf_max": 11.0,
[2025-09-11 08:56:19.726]   "addition_cf_min": 2.0,
[2025-09-11 08:56:19.726]   "addition_start_step": 8000,
[2025-09-11 08:56:19.726]   "cf_max_complexity": 7.0,
[2025-09-11 08:56:19.726]   "cf_min_complexity": 2.0,
[2025-09-11 08:56:19.726]   "cf_sd": 1.2,
[2025-09-11 08:56:19.726]   "cf_variance": 1.5,
[2025-09-11 08:56:19.726]   "checkpoint_interval": 5000,
[2025-09-11 08:56:19.726]   "confidence_criterion_start": 0.9,
[2025-09-11 08:56:19.726]   "confidence_floor": 0.75,
[2025-09-11 08:56:19.726]   "counting_fade_rate": 0.00015,
[2025-09-11 08:56:19.726]   "counting_focus_steps": 6000,
[2025-09-11 08:56:19.726]   "cx_sd": 0.9,
[2025-09-11 08:56:19.726]   "cx_variance": 0.8,
[2025-09-11 08:56:19.726]   "gate_freeze_until_step": 3000,
[2025-09-11 08:56:19.726]   "hidden_size": 64,
[2025-09-11 08:56:19.726]   "learning_rate": 0.009,
[2025-09-11 08:56:19.726]   "learning_rate_floor": 0.002,
[2025-09-11 08:56:19.726]   "lr_decay": 0.9999,
[2025-09-11 08:56:19.726]   "outdir": "results/learning_rate=0.009",
[2025-09-11 08:56:19.726]   "tf_rate": 0.0001,
[2025-09-11 08:56:19.726]   "tf_rate_addition": 5e-05,
[2025-09-11 08:56:19.726]   "tf_rate_counting": 0.0002,
[2025-09-11 08:56:19.726]   "total_steps": 15000
[2025-09-11 08:56:19.726] }
[2025-09-11 08:56:19.726] === Small Math Model (Content-Gated) ===
[2025-09-11 08:56:19.726] Network: 24 -> 64 -> 12
[2025-09-11 08:56:19.726] Training steps: 15000   LR: 0.009
[2025-09-11 08:56:19.727] Gate freeze until: 3000
[2025-09-11 08:56:19.727] Confidence start: 0.9 (floor 0.75)
[2025-09-11 08:56:19.727] === Sanity check ===
[2025-09-11 08:56:19.727] 1 -> ? = 10 (expected 2) - conf:0.000 finger:True
[2025-09-11 08:56:19.727] 3 -> ? = 8 (expected 4) - conf:0.000 finger:True
[2025-09-11 08:56:19.727] 5 -> ? = 8 (expected 6) - conf:0.000 finger:True
[2025-09-11 08:56:19.727] 2 -> 3 = 12 (expected 4) - conf:0.000 finger:True
[2025-09-11 08:56:19.727] 4 -> 5 = 8 (expected 6) - conf:0.000 finger:True
[2025-09-11 08:56:19.728] 1 + 2 = 3 (expected 3) + conf:0.000 finger:True
[2025-09-11 08:56:19.729] 2 + 2 = 4 (expected 4) + conf:0.000 finger:True
[2025-09-11 08:56:19.731] 3 + 4 = 7 (expected 7) + conf:0.000 finger:True
[2025-09-11 08:56:19.733] 4 + 5 = 9 (expected 9) + conf:0.000 finger:True
[2025-09-11 08:56:19.734] 5 + 5 = 10 (expected 10) + conf:0.000 finger:True
[2025-09-11 08:56:19.734] 
[2025-09-11 08:56:19.894] Step  1000: TF=0.100 CF=2.5 CX=3.2 W=1.00 Loss=3.264614 LR=0.008171 CC=0.817 (0.2s)
[2025-09-11 08:56:20.061] Step  2000: TF=0.200 CF=3.0 CX=3.6 W=1.00 Loss=0.498713 LR=0.007394 CC=0.750 (0.3s)
[2025-09-11 08:56:20.228] Step  3000: TF=0.300 CF=3.5 CX=2.9 W=1.00 Loss=2.262457 LR=0.006690 CC=0.750 (0.5s)
[2025-09-11 08:56:20.396] Step  4000: TF=0.400 CF=4.0 CX=3.5 W=1.00 Loss=0.481031 LR=0.006053 CC=0.750 (0.7s)
[2025-09-11 08:56:20.571] Step  5000: TF=0.500 CF=4.5 CX=4.6 W=1.00 Loss=0.380581 LR=0.005477 CC=0.750 (0.8s)
[2025-09-11 08:56:20.748] Step  6000: TF=0.600 CF=5.0 CX=5.1 W=1.00 Loss=0.999426 LR=0.004956 CC=0.750 (1.0s)
[2025-09-11 08:56:20.922] Step  7000: TF=0.700 CF=5.5 CX=5.1 W=1.00 Loss=0.222950 LR=0.004484 CC=0.750 (1.2s)
[2025-09-11 08:56:21.095] Step  8000: TF=0.800 CF=6.0 CX=5.5 W=1.00 Loss=0.004622 LR=0.004058 CC=0.750 (1.4s)
[2025-09-11 08:56:21.294] Step  9000: TF=0.900 CF=6.5 CX=7.1 W=0.85 Loss=0.001412 LR=0.003671 CC=0.750 (1.6s)
[2025-09-11 08:56:21.526] Step 10000: TF=1.000 CF=11.0 CX=11.0 W=0.57 Loss=0.000640 LR=0.003322 CC=0.750 (1.8s)
[2025-09-11 08:56:21.857] Step 11000: TF=1.000 CF=7.0 CX=7.0 W=0.55 Loss=0.051072 LR=0.003006 CC=0.750 (2.1s)
[2025-09-11 08:56:22.239] Step 12000: TF=1.000 CF=7.0 CX=8.1 W=0.40 Loss=0.038932 LR=0.002720 CC=0.750 (2.5s)
[2025-09-11 08:56:22.588] Step 13000: TF=1.000 CF=11.0 CX=9.6 W=1.00 Loss=0.004232 LR=0.002461 CC=0.750 (2.9s)
[2025-09-11 08:56:22.942] Step 14000: TF=1.000 CF=11.0 CX=10.9 W=1.00 Loss=0.003255 LR=0.002227 CC=0.750 (3.2s)
[2025-09-11 08:56:23.286] Step 15000: TF=1.000 CF=11.0 CX=11.2 W=1.00 Loss=0.179462 LR=0.002015 CC=0.750 (3.6s)
[2025-09-11 08:56:23.286] === Training complete ===
