[2025-09-10 16:46:24.275] === EFFECTIVE CONFIGURATION ===
[2025-09-10 16:46:24.275] {
[2025-09-10 16:46:24.275]   "_config_path": ".sweep_tmp/cfg_learning_rate=0p012.json",
[2025-09-10 16:46:24.275]   "_overrides": [],
[2025-09-10 16:46:24.275]   "_raw_config": {
[2025-09-10 16:46:24.275]     "addition_cf_max": 11.0,
[2025-09-10 16:46:24.275]     "addition_cf_min": 2.0,
[2025-09-10 16:46:24.275]     "addition_start_step": 8000,
[2025-09-10 16:46:24.275]     "cf_max_complexity": 7.0,
[2025-09-10 16:46:24.275]     "cf_min_complexity": 2.0,
[2025-09-10 16:46:24.275]     "cf_sd": 1.2,
[2025-09-10 16:46:24.275]     "checkpoint_interval": 5000,
[2025-09-10 16:46:24.275]     "confidence_criterion_start": 0.9,
[2025-09-10 16:46:24.275]     "confidence_floor": 0.75,
[2025-09-10 16:46:24.275]     "counting_fade_rate": 0.00015,
[2025-09-10 16:46:24.275]     "counting_focus_steps": 6000,
[2025-09-10 16:46:24.275]     "cx_sd": 0.9,
[2025-09-10 16:46:24.275]     "gate_freeze_until_step": 3000,
[2025-09-10 16:46:24.275]     "hidden_size": 64,
[2025-09-10 16:46:24.275]     "learning_rate": 0.012,
[2025-09-10 16:46:24.275]     "learning_rate_floor": 0.002,
[2025-09-10 16:46:24.275]     "lr_decay": 0.9999,
[2025-09-10 16:46:24.275]     "outdir": "results",
[2025-09-10 16:46:24.275]     "tf_rate_addition": 5e-05,
[2025-09-10 16:46:24.275]     "tf_rate_counting": 0.0002,
[2025-09-10 16:46:24.275]     "total_steps": 15000
[2025-09-10 16:46:24.275]   },
[2025-09-10 16:46:24.275]   "addition_cf_max": 11.0,
[2025-09-10 16:46:24.275]   "addition_cf_min": 2.0,
[2025-09-10 16:46:24.275]   "addition_start_step": 8000,
[2025-09-10 16:46:24.275]   "cf_max_complexity": 7.0,
[2025-09-10 16:46:24.276]   "cf_min_complexity": 2.0,
[2025-09-10 16:46:24.276]   "cf_sd": 1.2,
[2025-09-10 16:46:24.276]   "cf_variance": 1.5,
[2025-09-10 16:46:24.276]   "checkpoint_interval": 5000,
[2025-09-10 16:46:24.276]   "confidence_criterion_start": 0.9,
[2025-09-10 16:46:24.276]   "confidence_floor": 0.75,
[2025-09-10 16:46:24.276]   "counting_fade_rate": 0.00015,
[2025-09-10 16:46:24.276]   "counting_focus_steps": 6000,
[2025-09-10 16:46:24.276]   "cx_sd": 0.9,
[2025-09-10 16:46:24.276]   "cx_variance": 0.8,
[2025-09-10 16:46:24.276]   "gate_freeze_until_step": 3000,
[2025-09-10 16:46:24.276]   "hidden_size": 64,
[2025-09-10 16:46:24.276]   "learning_rate": 0.012,
[2025-09-10 16:46:24.276]   "learning_rate_floor": 0.002,
[2025-09-10 16:46:24.276]   "lr_decay": 0.9999,
[2025-09-10 16:46:24.276]   "outdir": "results/lrsweep/learning_rate=0.012",
[2025-09-10 16:46:24.276]   "tf_rate": 0.0001,
[2025-09-10 16:46:24.276]   "tf_rate_addition": 5e-05,
[2025-09-10 16:46:24.276]   "tf_rate_counting": 0.0002,
[2025-09-10 16:46:24.276]   "total_steps": 15000
[2025-09-10 16:46:24.276] }
[2025-09-10 16:46:24.276] === Small Math Model (Content-Gated) ===
[2025-09-10 16:46:24.276] Network: 24 -> 64 -> 12
[2025-09-10 16:46:24.276] Training steps: 15000   LR: 0.012
[2025-09-10 16:46:24.277] Gate freeze until: 3000
[2025-09-10 16:46:24.277] Confidence start: 0.9 (floor 0.75)
[2025-09-10 16:46:24.277] === Sanity check ===
[2025-09-10 16:46:24.277] 1 -> ? = 10 (expected 2) - conf:0.000 finger:True
[2025-09-10 16:46:24.277] 3 -> ? = 8 (expected 4) - conf:0.000 finger:True
[2025-09-10 16:46:24.277] 5 -> ? = 8 (expected 6) - conf:0.000 finger:True
[2025-09-10 16:46:24.277] 2 -> 3 = 12 (expected 4) - conf:0.000 finger:True
[2025-09-10 16:46:24.277] 4 -> 5 = 8 (expected 6) - conf:0.000 finger:True
[2025-09-10 16:46:24.278] 1 + 2 = 3 (expected 3) + conf:0.000 finger:True
[2025-09-10 16:46:24.280] 2 + 2 = 4 (expected 4) + conf:0.000 finger:True
[2025-09-10 16:46:24.282] 3 + 4 = 7 (expected 7) + conf:0.000 finger:True
[2025-09-10 16:46:24.284] 4 + 5 = 9 (expected 9) + conf:0.000 finger:True
[2025-09-10 16:46:24.285] 5 + 5 = 10 (expected 10) + conf:0.000 finger:True
[2025-09-10 16:46:24.285] 
[2025-09-10 16:46:24.487] Step  1000: TF=0.100 CF=2.5 CX=3.3 W=1.00 Loss=0.542124 LR=0.010895 CC=0.817 (0.2s)
[2025-09-10 16:46:24.679] Step  2000: TF=0.200 CF=3.0 CX=2.9 W=1.00 Loss=0.420329 LR=0.009858 CC=0.750 (0.4s)
[2025-09-10 16:46:24.852] Step  3000: TF=0.300 CF=3.5 CX=4.5 W=1.00 Loss=0.727824 LR=0.008920 CC=0.750 (0.6s)
[2025-09-10 16:46:25.026] Step  4000: TF=0.400 CF=4.0 CX=3.6 W=1.00 Loss=0.614604 LR=0.008071 CC=0.750 (0.7s)
[2025-09-10 16:46:25.198] Step  5000: TF=0.500 CF=4.5 CX=2.9 W=1.00 Loss=1.781166 LR=0.007303 CC=0.750 (0.9s)
[2025-09-10 16:46:25.370] Step  6000: TF=0.600 CF=5.0 CX=4.7 W=1.00 Loss=0.424232 LR=0.006608 CC=0.750 (1.1s)
[2025-09-10 16:46:25.538] Step  7000: TF=0.700 CF=5.5 CX=4.9 W=1.00 Loss=0.056796 LR=0.005979 CC=0.750 (1.3s)
[2025-09-10 16:46:25.707] Step  8000: TF=0.800 CF=6.0 CX=5.3 W=1.00 Loss=0.016152 LR=0.005410 CC=0.750 (1.4s)
[2025-09-10 16:46:26.053] Step  9000: TF=0.900 CF=6.5 CX=6.2 W=0.85 Loss=0.194636 LR=0.004895 CC=0.750 (1.8s)
[2025-09-10 16:46:26.505] Step 10000: TF=1.000 CF=11.0 CX=11.1 W=0.57 Loss=0.578484 LR=0.004429 CC=0.750 (2.2s)
[2025-09-10 16:46:26.963] Step 11000: TF=1.000 CF=11.0 CX=11.0 W=0.86 Loss=0.042158 LR=0.004008 CC=0.750 (2.7s)
[2025-09-10 16:46:27.381] Step 12000: TF=1.000 CF=7.0 CX=8.0 W=0.40 Loss=0.000001 LR=0.003626 CC=0.750 (3.1s)
[2025-09-10 16:46:27.849] Step 13000: TF=1.000 CF=11.0 CX=10.6 W=1.00 Loss=0.017723 LR=0.003281 CC=0.750 (3.6s)
[2025-09-10 16:46:28.274] Step 14000: TF=1.000 CF=11.0 CX=10.5 W=1.00 Loss=0.024262 LR=0.002969 CC=0.750 (4.0s)
[2025-09-10 16:46:28.700] Step 15000: TF=1.000 CF=7.0 CX=6.9 W=0.20 Loss=0.001903 LR=0.002686 CC=0.750 (4.4s)
[2025-09-10 16:46:28.700] === Training complete ===
