[2025-09-11 19:19:08.489] === EFFECTIVE CONFIGURATION ===
[2025-09-11 19:19:08.489] {
[2025-09-11 19:19:08.489]   "_config_path": ".sweep_tmp/cfg_addition_start_step=5000.json",
[2025-09-11 19:19:08.489]   "_overrides": [],
[2025-09-11 19:19:08.489]   "_raw_config": {
[2025-09-11 19:19:08.489]     "addition_cf_max": 11.0,
[2025-09-11 19:19:08.490]     "addition_cf_min": 2.0,
[2025-09-11 19:19:08.490]     "addition_start_step": 5000,
[2025-09-11 19:19:08.490]     "cf_max_complexity": 7.0,
[2025-09-11 19:19:08.490]     "cf_min_complexity": 2.0,
[2025-09-11 19:19:08.490]     "cf_sd": 1.2,
[2025-09-11 19:19:08.490]     "checkpoint_interval": 5000,
[2025-09-11 19:19:08.490]     "confidence_criterion_start": 0.9,
[2025-09-11 19:19:08.490]     "confidence_floor": 0.75,
[2025-09-11 19:19:08.490]     "counting_fade_rate": 0.00015,
[2025-09-11 19:19:08.490]     "counting_focus_steps": 6000,
[2025-09-11 19:19:08.490]     "cx_sd": 0.9,
[2025-09-11 19:19:08.490]     "gate_freeze_until_step": 0,
[2025-09-11 19:19:08.490]     "hidden_size": 64,
[2025-09-11 19:19:08.490]     "learning_rate": 0.01,
[2025-09-11 19:19:08.490]     "learning_rate_floor": 0.002,
[2025-09-11 19:19:08.490]     "lr_decay": 0.9999,
[2025-09-11 19:19:08.490]     "outdir": "results",
[2025-09-11 19:19:08.490]     "tf_rate_addition": 5e-05,
[2025-09-11 19:19:08.490]     "tf_rate_counting": 0.0002,
[2025-09-11 19:19:08.490]     "total_steps": 15000
[2025-09-11 19:19:08.490]   },
[2025-09-11 19:19:08.490]   "addition_cf_max": 11.0,
[2025-09-11 19:19:08.490]   "addition_cf_min": 2.0,
[2025-09-11 19:19:08.490]   "addition_start_step": 5000,
[2025-09-11 19:19:08.490]   "cf_max_complexity": 7.0,
[2025-09-11 19:19:08.490]   "cf_min_complexity": 2.0,
[2025-09-11 19:19:08.490]   "cf_sd": 1.2,
[2025-09-11 19:19:08.490]   "cf_variance": 1.5,
[2025-09-11 19:19:08.490]   "checkpoint_interval": 5000,
[2025-09-11 19:19:08.490]   "confidence_criterion_start": 0.9,
[2025-09-11 19:19:08.490]   "confidence_floor": 0.75,
[2025-09-11 19:19:08.490]   "counting_fade_rate": 0.00015,
[2025-09-11 19:19:08.490]   "counting_focus_steps": 6000,
[2025-09-11 19:19:08.490]   "cx_sd": 0.9,
[2025-09-11 19:19:08.490]   "cx_variance": 0.8,
[2025-09-11 19:19:08.490]   "gate_freeze_until_step": 0,
[2025-09-11 19:19:08.490]   "hidden_size": 64,
[2025-09-11 19:19:08.490]   "learning_rate": 0.01,
[2025-09-11 19:19:08.490]   "learning_rate_floor": 0.002,
[2025-09-11 19:19:08.490]   "lr_decay": 0.9999,
[2025-09-11 19:19:08.490]   "outdir": "results/addition_start_step=5000",
[2025-09-11 19:19:08.490]   "tf_rate": 0.0001,
[2025-09-11 19:19:08.490]   "tf_rate_addition": 5e-05,
[2025-09-11 19:19:08.490]   "tf_rate_counting": 0.0002,
[2025-09-11 19:19:08.490]   "total_steps": 15000
[2025-09-11 19:19:08.490] }
[2025-09-11 19:19:08.491] === Small Math Model (Content-Gated) ===
[2025-09-11 19:19:08.491] Network: 24 -> 64 -> 12
[2025-09-11 19:19:08.491] Training steps: 15000   LR: 0.01
[2025-09-11 19:19:08.491] Gate freeze until: 0
[2025-09-11 19:19:08.491] Confidence start: 0.9 (floor 0.75)
[2025-09-11 19:19:08.491] === Sanity check ===
[2025-09-11 19:19:08.491] 1 -> ? = 10 (expected 2) - conf:0.000 finger:True
[2025-09-11 19:19:08.491] 3 -> ? = 8 (expected 4) - conf:0.000 finger:True
[2025-09-11 19:19:08.491] 5 -> ? = 8 (expected 6) - conf:0.000 finger:True
[2025-09-11 19:19:08.491] 2 -> 3 = 12 (expected 4) - conf:0.000 finger:True
[2025-09-11 19:19:08.491] 4 -> 5 = 8 (expected 6) - conf:0.000 finger:True
[2025-09-11 19:19:08.492] 1 + 2 = 3 (expected 3) + conf:0.000 finger:True
[2025-09-11 19:19:08.494] 2 + 2 = 4 (expected 4) + conf:0.000 finger:True
[2025-09-11 19:19:08.495] 3 + 4 = 7 (expected 7) + conf:0.000 finger:True
[2025-09-11 19:19:08.497] 4 + 5 = 9 (expected 9) + conf:0.000 finger:True
[2025-09-11 19:19:08.499] 5 + 5 = 10 (expected 10) + conf:0.000 finger:True
[2025-09-11 19:19:08.499] 
[2025-09-11 19:19:08.663] Step  1000: TF=0.100 CF=2.5 CX=2.0 W=1.00 Loss=0.411171 LR=0.009079 CC=0.817 (0.2s)
[2025-09-11 19:19:08.830] Step  2000: TF=0.200 CF=3.0 CX=2.0 W=1.00 Loss=0.608230 LR=0.008215 CC=0.750 (0.3s)
[2025-09-11 19:19:08.996] Step  3000: TF=0.300 CF=3.5 CX=3.2 W=1.00 Loss=0.437404 LR=0.007433 CC=0.750 (0.5s)
[2025-09-11 19:19:09.162] Step  4000: TF=0.400 CF=4.0 CX=3.5 W=1.00 Loss=0.385171 LR=0.006726 CC=0.750 (0.7s)
[2025-09-11 19:19:09.328] Step  5000: TF=0.500 CF=4.5 CX=3.1 W=1.00 Loss=0.021307 LR=0.006086 CC=0.750 (0.8s)
[2025-09-11 19:19:09.619] Step  6000: TF=0.600 CF=5.0 CX=5.8 W=0.85 Loss=0.464700 LR=0.005507 CC=0.750 (1.1s)
[2025-09-11 19:19:10.256] Step  7000: TF=0.700 CF=5.5 CX=5.3 W=0.70 Loss=0.070621 LR=0.004983 CC=0.750 (1.8s)
[2025-09-11 19:19:11.160] Step  8000: TF=0.800 CF=9.2 CX=8.5 W=0.60 Loss=0.426427 LR=0.004508 CC=0.750 (2.7s)
[2025-09-11 19:19:11.898] Step  9000: TF=0.900 CF=6.5 CX=5.8 W=0.40 Loss=0.010818 LR=0.004079 CC=0.750 (3.4s)
[2025-09-11 19:19:12.386] Step 10000: TF=1.000 CF=11.0 CX=10.9 W=1.00 Loss=0.035224 LR=0.003691 CC=0.750 (3.9s)
[2025-09-11 19:19:13.100] Step 11000: TF=1.000 CF=7.0 CX=6.2 W=0.20 Loss=0.010944 LR=0.003340 CC=0.750 (4.6s)
[2025-09-11 19:19:13.868] Step 12000: TF=1.000 CF=11.0 CX=10.1 W=1.00 Loss=0.009820 LR=0.003022 CC=0.750 (5.4s)
[2025-09-11 19:19:14.604] Step 13000: TF=1.000 CF=7.0 CX=8.5 W=0.20 Loss=0.011943 LR=0.002734 CC=0.750 (6.1s)
[2025-09-11 19:19:15.239] Step 14000: TF=1.000 CF=7.0 CX=9.2 W=0.20 Loss=0.002286 LR=0.002474 CC=0.750 (6.7s)
[2025-09-11 19:19:15.842] Step 15000: TF=1.000 CF=11.0 CX=10.9 W=1.00 Loss=0.003991 LR=0.002239 CC=0.750 (7.3s)
[2025-09-11 19:19:15.842] === Training complete ===
