[2025-09-11 19:29:46.100] === EFFECTIVE CONFIGURATION ===
[2025-09-11 19:29:46.100] {
[2025-09-11 19:29:46.100]   "_config_path": ".sweep_tmp/cfg_addition_start_step=5000.json",
[2025-09-11 19:29:46.100]   "_overrides": [],
[2025-09-11 19:29:46.100]   "_raw_config": {
[2025-09-11 19:29:46.100]     "addition_cf_max": 11.0,
[2025-09-11 19:29:46.100]     "addition_cf_min": 2.0,
[2025-09-11 19:29:46.100]     "addition_start_step": 5000,
[2025-09-11 19:29:46.100]     "cf_max_complexity": 7.0,
[2025-09-11 19:29:46.100]     "cf_min_complexity": 2.0,
[2025-09-11 19:29:46.100]     "cf_sd": 1.2,
[2025-09-11 19:29:46.100]     "checkpoint_interval": 5000,
[2025-09-11 19:29:46.100]     "confidence_criterion_start": 0.9,
[2025-09-11 19:29:46.100]     "confidence_floor": 0.75,
[2025-09-11 19:29:46.100]     "counting_fade_rate": 0.00015,
[2025-09-11 19:29:46.100]     "counting_focus_steps": 6000,
[2025-09-11 19:29:46.100]     "cx_sd": 0.9,
[2025-09-11 19:29:46.100]     "gate_freeze_until_step": 3000,
[2025-09-11 19:29:46.100]     "hidden_size": 64,
[2025-09-11 19:29:46.100]     "learning_rate": 0.01,
[2025-09-11 19:29:46.100]     "learning_rate_floor": 0.002,
[2025-09-11 19:29:46.100]     "lr_decay": 0.9999,
[2025-09-11 19:29:46.100]     "outdir": "results",
[2025-09-11 19:29:46.100]     "tf_rate_addition": 5e-05,
[2025-09-11 19:29:46.100]     "tf_rate_counting": 0.0002,
[2025-09-11 19:29:46.100]     "total_steps": 15000
[2025-09-11 19:29:46.100]   },
[2025-09-11 19:29:46.100]   "addition_cf_max": 11.0,
[2025-09-11 19:29:46.100]   "addition_cf_min": 2.0,
[2025-09-11 19:29:46.100]   "addition_start_step": 5000,
[2025-09-11 19:29:46.100]   "cf_max_complexity": 7.0,
[2025-09-11 19:29:46.100]   "cf_min_complexity": 2.0,
[2025-09-11 19:29:46.100]   "cf_sd": 1.2,
[2025-09-11 19:29:46.100]   "cf_variance": 1.5,
[2025-09-11 19:29:46.100]   "checkpoint_interval": 5000,
[2025-09-11 19:29:46.100]   "confidence_criterion_start": 0.9,
[2025-09-11 19:29:46.100]   "confidence_floor": 0.75,
[2025-09-11 19:29:46.101]   "counting_fade_rate": 0.00015,
[2025-09-11 19:29:46.101]   "counting_focus_steps": 6000,
[2025-09-11 19:29:46.101]   "cx_sd": 0.9,
[2025-09-11 19:29:46.101]   "cx_variance": 0.8,
[2025-09-11 19:29:46.101]   "gate_freeze_until_step": 3000,
[2025-09-11 19:29:46.101]   "hidden_size": 64,
[2025-09-11 19:29:46.101]   "learning_rate": 0.01,
[2025-09-11 19:29:46.101]   "learning_rate_floor": 0.002,
[2025-09-11 19:29:46.101]   "lr_decay": 0.9999,
[2025-09-11 19:29:46.101]   "outdir": "results/addition_start_step=5000",
[2025-09-11 19:29:46.101]   "tf_rate": 0.0001,
[2025-09-11 19:29:46.101]   "tf_rate_addition": 5e-05,
[2025-09-11 19:29:46.101]   "tf_rate_counting": 0.0002,
[2025-09-11 19:29:46.101]   "total_steps": 15000
[2025-09-11 19:29:46.101] }
[2025-09-11 19:29:46.101] === Small Math Model (Content-Gated) ===
[2025-09-11 19:29:46.101] Network: 24 -> 64 -> 12
[2025-09-11 19:29:46.101] Training steps: 15000   LR: 0.01
[2025-09-11 19:29:46.101] Gate freeze until: 3000
[2025-09-11 19:29:46.101] Confidence start: 0.9 (floor 0.75)
[2025-09-11 19:29:46.101] === Sanity check ===
[2025-09-11 19:29:46.102] 1 -> ? = 10 (expected 2) - conf:0.000 finger:True
[2025-09-11 19:29:46.102] 3 -> ? = 8 (expected 4) - conf:0.000 finger:True
[2025-09-11 19:29:46.102] 5 -> ? = 8 (expected 6) - conf:0.000 finger:True
[2025-09-11 19:29:46.102] 2 -> 3 = 12 (expected 4) - conf:0.000 finger:True
[2025-09-11 19:29:46.102] 4 -> 5 = 8 (expected 6) - conf:0.000 finger:True
[2025-09-11 19:29:46.103] 1 + 2 = 3 (expected 3) + conf:0.000 finger:True
[2025-09-11 19:29:46.105] 2 + 2 = 4 (expected 4) + conf:0.000 finger:True
[2025-09-11 19:29:46.106] 3 + 4 = 7 (expected 7) + conf:0.000 finger:True
[2025-09-11 19:29:46.108] 4 + 5 = 9 (expected 9) + conf:0.000 finger:True
[2025-09-11 19:29:46.110] 5 + 5 = 10 (expected 10) + conf:0.000 finger:True
[2025-09-11 19:29:46.110] 
[2025-09-11 19:29:46.275] Step  1000: TF=0.100 CF=2.5 CX=2.0 W=1.00 Loss=0.396542 LR=0.009079 CC=0.817 (0.2s)
[2025-09-11 19:29:46.440] Step  2000: TF=0.200 CF=3.0 CX=2.0 W=1.00 Loss=0.772897 LR=0.008215 CC=0.750 (0.3s)
[2025-09-11 19:29:46.604] Step  3000: TF=0.300 CF=3.5 CX=4.6 W=1.00 Loss=2.101737 LR=0.007433 CC=0.750 (0.5s)
[2025-09-11 19:29:46.773] Step  4000: TF=0.400 CF=4.0 CX=4.0 W=1.00 Loss=0.464301 LR=0.006726 CC=0.750 (0.7s)
[2025-09-11 19:29:46.943] Step  5000: TF=0.500 CF=4.5 CX=3.5 W=1.00 Loss=0.167648 LR=0.006086 CC=0.750 (0.8s)
[2025-09-11 19:29:47.233] Step  6000: TF=0.600 CF=5.0 CX=5.3 W=0.85 Loss=1.271300 LR=0.005507 CC=0.750 (1.1s)
[2025-09-11 19:29:47.907] Step  7000: TF=0.700 CF=5.5 CX=4.2 W=0.70 Loss=0.012378 LR=0.004983 CC=0.750 (1.8s)
[2025-09-11 19:29:48.836] Step  8000: TF=0.800 CF=9.2 CX=8.6 W=0.60 Loss=0.729898 LR=0.004508 CC=0.750 (2.7s)
[2025-09-11 19:29:49.585] Step  9000: TF=0.900 CF=10.1 CX=9.6 W=0.80 Loss=0.096229 LR=0.004079 CC=0.750 (3.5s)
[2025-09-11 19:29:50.038] Step 10000: TF=1.000 CF=11.0 CX=10.8 W=1.00 Loss=0.022763 LR=0.003691 CC=0.750 (3.9s)
[2025-09-11 19:29:50.728] Step 11000: TF=1.000 CF=11.0 CX=10.7 W=1.00 Loss=0.031244 LR=0.003340 CC=0.750 (4.6s)
[2025-09-11 19:29:51.506] Step 12000: TF=1.000 CF=11.0 CX=10.6 W=1.00 Loss=0.020922 LR=0.003022 CC=0.750 (5.4s)
[2025-09-11 19:29:52.082] Step 13000: TF=1.000 CF=11.0 CX=10.0 W=1.00 Loss=0.088864 LR=0.002734 CC=0.750 (6.0s)
[2025-09-11 19:29:52.663] Step 14000: TF=1.000 CF=11.0 CX=10.1 W=1.00 Loss=0.007390 LR=0.002474 CC=0.750 (6.6s)
[2025-09-11 19:29:53.247] Step 15000: TF=1.000 CF=11.0 CX=12.0 W=1.00 Loss=0.007617 LR=0.002239 CC=0.750 (7.1s)
[2025-09-11 19:29:53.247] === Training complete ===
