[2025-09-14 18:57:18.932] === EFFECTIVE CONFIGURATION ===
[2025-09-14 18:57:18.932] {
[2025-09-14 18:57:18.932]   "_config_path": ".sweep_tmp/cfg_addition_start_step=14000.json",
[2025-09-14 18:57:18.932]   "_overrides": [],
[2025-09-14 18:57:18.932]   "_raw_config": {
[2025-09-14 18:57:18.932]     "addition_cf_max": 11.0,
[2025-09-14 18:57:18.932]     "addition_cf_min": 2.0,
[2025-09-14 18:57:18.932]     "addition_start_step": 14000,
[2025-09-14 18:57:18.932]     "cf_max_complexity": 7.0,
[2025-09-14 18:57:18.932]     "cf_min_complexity": 2.0,
[2025-09-14 18:57:18.932]     "cf_sd": 1.2,
[2025-09-14 18:57:18.932]     "checkpoint_interval": 5000,
[2025-09-14 18:57:18.932]     "confidence_criterion_start": 0.9,
[2025-09-14 18:57:18.932]     "confidence_floor": 0.75,
[2025-09-14 18:57:18.932]     "counting_fade_rate": 0.00015,
[2025-09-14 18:57:18.932]     "counting_focus_steps": 6000,
[2025-09-14 18:57:18.932]     "cx_sd": 0.9,
[2025-09-14 18:57:18.932]     "gate_freeze_until_step": 3000,
[2025-09-14 18:57:18.932]     "hidden_size": 64,
[2025-09-14 18:57:18.932]     "learning_rate": 0.015,
[2025-09-14 18:57:18.932]     "learning_rate_floor": 0.002,
[2025-09-14 18:57:18.932]     "lr_decay": 0.9999,
[2025-09-14 18:57:18.932]     "outdir": "results",
[2025-09-14 18:57:18.932]     "tf_rate_addition": 5e-05,
[2025-09-14 18:57:18.932]     "tf_rate_counting": 0.0002,
[2025-09-14 18:57:18.932]     "total_steps": 15000
[2025-09-14 18:57:18.932]   },
[2025-09-14 18:57:18.932]   "addition_cf_max": 11.0,
[2025-09-14 18:57:18.932]   "addition_cf_min": 2.0,
[2025-09-14 18:57:18.932]   "addition_start_step": 14000,
[2025-09-14 18:57:18.932]   "cf_max_complexity": 7.0,
[2025-09-14 18:57:18.932]   "cf_min_complexity": 2.0,
[2025-09-14 18:57:18.932]   "cf_sd": 1.2,
[2025-09-14 18:57:18.932]   "cf_variance": 1.5,
[2025-09-14 18:57:18.932]   "checkpoint_interval": 5000,
[2025-09-14 18:57:18.932]   "confidence_criterion_start": 0.9,
[2025-09-14 18:57:18.932]   "confidence_floor": 0.75,
[2025-09-14 18:57:18.932]   "counting_fade_rate": 0.00015,
[2025-09-14 18:57:18.932]   "counting_focus_steps": 6000,
[2025-09-14 18:57:18.932]   "cx_sd": 0.9,
[2025-09-14 18:57:18.932]   "cx_variance": 0.8,
[2025-09-14 18:57:18.932]   "gate_freeze_until_step": 3000,
[2025-09-14 18:57:18.932]   "hidden_size": 64,
[2025-09-14 18:57:18.932]   "learning_rate": 0.015,
[2025-09-14 18:57:18.932]   "learning_rate_floor": 0.002,
[2025-09-14 18:57:18.932]   "lr_decay": 0.9999,
[2025-09-14 18:57:18.933]   "outdir": "results/addition_start_step=14000",
[2025-09-14 18:57:18.933]   "tf_rate": 0.0001,
[2025-09-14 18:57:18.933]   "tf_rate_addition": 5e-05,
[2025-09-14 18:57:18.933]   "tf_rate_counting": 0.0002,
[2025-09-14 18:57:18.933]   "total_steps": 15000
[2025-09-14 18:57:18.933] }
[2025-09-14 18:57:18.933] === Small Math Model (Content-Gated) ===
[2025-09-14 18:57:18.933] Network: 24 -> 64 -> 12
[2025-09-14 18:57:18.933] Training steps: 15000   LR: 0.015
[2025-09-14 18:57:18.933] Gate freeze until: 3000
[2025-09-14 18:57:18.933] Confidence start: 0.9 (floor 0.75)
[2025-09-14 18:57:18.933] === Sanity check ===
[2025-09-14 18:57:18.934] 1 -> ? = 10 (expected 2) - conf:0.000 finger:True
[2025-09-14 18:57:18.934] 3 -> ? = 8 (expected 4) - conf:0.000 finger:True
[2025-09-14 18:57:18.934] 5 -> ? = 8 (expected 6) - conf:0.000 finger:True
[2025-09-14 18:57:18.934] 2 -> 3 = 12 (expected 4) - conf:0.000 finger:True
[2025-09-14 18:57:18.934] 4 -> 5 = 8 (expected 6) - conf:0.000 finger:True
[2025-09-14 18:57:18.935] 1 + 2 = 3 (expected 3) + conf:0.000 finger:True
[2025-09-14 18:57:18.937] 2 + 2 = 4 (expected 4) + conf:0.000 finger:True
[2025-09-14 18:57:18.940] 3 + 4 = 7 (expected 7) + conf:0.000 finger:True
[2025-09-14 18:57:18.942] 4 + 5 = 9 (expected 9) + conf:0.000 finger:True
[2025-09-14 18:57:18.944] 5 + 5 = 10 (expected 10) + conf:0.000 finger:True
[2025-09-14 18:57:18.944] 
[2025-09-14 18:57:19.174] Step  1000: TF=0.100 CF=2.5 CX=2.0 W=1.00 Loss=1.163935 LR=0.013619 CC=0.817 (0.2s)
[2025-09-14 18:57:19.396] Step  2000: TF=0.200 CF=3.0 CX=4.6 W=1.00 Loss=2.376535 LR=0.012323 CC=0.750 (0.5s)
[2025-09-14 18:57:19.630] Step  3000: TF=0.300 CF=3.5 CX=4.3 W=1.00 Loss=0.709608 LR=0.011150 CC=0.750 (0.7s)
[2025-09-14 18:57:19.866] Step  4000: TF=0.400 CF=4.0 CX=6.4 W=1.00 Loss=2.590515 LR=0.010089 CC=0.750 (0.9s)
[2025-09-14 18:57:20.103] Step  5000: TF=0.500 CF=4.5 CX=5.0 W=1.00 Loss=0.187485 LR=0.009129 CC=0.750 (1.2s)
[2025-09-14 18:57:20.336] Step  6000: TF=0.600 CF=5.0 CX=5.4 W=1.00 Loss=0.103686 LR=0.008260 CC=0.750 (1.4s)
[2025-09-14 18:57:20.573] Step  7000: TF=0.700 CF=5.5 CX=5.9 W=1.00 Loss=0.019280 LR=0.007474 CC=0.750 (1.6s)
[2025-09-14 18:57:20.806] Step  8000: TF=0.800 CF=6.0 CX=6.0 W=1.00 Loss=0.000085 LR=0.006763 CC=0.750 (1.9s)
[2025-09-14 18:57:21.038] Step  9000: TF=0.900 CF=6.5 CX=6.0 W=1.00 Loss=0.013328 LR=0.006119 CC=0.750 (2.1s)
[2025-09-14 18:57:21.288] Step 10000: TF=1.000 CF=7.0 CX=6.4 W=1.00 Loss=0.008541 LR=0.005537 CC=0.750 (2.3s)
[2025-09-14 18:57:21.546] Step 11000: TF=1.000 CF=7.0 CX=6.6 W=1.00 Loss=0.003368 LR=0.005010 CC=0.750 (2.6s)
[2025-09-14 18:57:21.793] Step 12000: TF=1.000 CF=7.0 CX=6.7 W=1.00 Loss=0.002629 LR=0.004533 CC=0.750 (2.8s)
[2025-09-14 18:57:22.046] Step 13000: TF=1.000 CF=7.0 CX=7.1 W=1.00 Loss=0.002298 LR=0.004102 CC=0.750 (3.1s)
[2025-09-14 18:57:22.294] Step 14000: TF=1.000 CF=7.0 CX=6.7 W=1.00 Loss=0.002068 LR=0.003711 CC=0.750 (3.4s)
[2025-09-14 18:57:22.637] Step 15000: TF=1.000 CF=11.0 CX=11.8 W=1.00 Loss=0.004430 LR=0.003358 CC=0.750 (3.7s)
[2025-09-14 18:57:22.637] === Training complete ===
