[2025-09-16 20:31:37.464] === EFFECTIVE CONFIGURATION ===
[2025-09-16 20:31:37.465] {
[2025-09-16 20:31:37.465]   "_config_path": ".sweep_tmp/cfg_addition_start_step=8000.json",
[2025-09-16 20:31:37.465]   "_overrides": [],
[2025-09-16 20:31:37.465]   "_raw_config": {
[2025-09-16 20:31:37.465]     "addition_cf_max": 11.0,
[2025-09-16 20:31:37.465]     "addition_cf_min": 2.0,
[2025-09-16 20:31:37.465]     "addition_start_step": 8000,
[2025-09-16 20:31:37.465]     "cf_max_complexity": 7.0,
[2025-09-16 20:31:37.465]     "cf_min_complexity": 2.0,
[2025-09-16 20:31:37.465]     "cf_sd": 1.2,
[2025-09-16 20:31:37.465]     "checkpoint_interval": 5000,
[2025-09-16 20:31:37.465]     "confidence_criterion_start": 0.9,
[2025-09-16 20:31:37.465]     "confidence_floor": 0.75,
[2025-09-16 20:31:37.465]     "counting_fade_rate": 0.00015,
[2025-09-16 20:31:37.465]     "counting_focus_steps": 6000,
[2025-09-16 20:31:37.465]     "cx_sd": 0.9,
[2025-09-16 20:31:37.465]     "gate_freeze_until_step": 3000,
[2025-09-16 20:31:37.465]     "hidden_size": 64,
[2025-09-16 20:31:37.465]     "learning_rate": 0.005,
[2025-09-16 20:31:37.465]     "learning_rate_floor": 0.002,
[2025-09-16 20:31:37.465]     "lr_decay": 0.9999,
[2025-09-16 20:31:37.465]     "outdir": "results",
[2025-09-16 20:31:37.465]     "tf_rate_addition": 0.0001,
[2025-09-16 20:31:37.465]     "tf_rate_counting": 0.0001,
[2025-09-16 20:31:37.465]     "total_steps": 50000
[2025-09-16 20:31:37.465]   },
[2025-09-16 20:31:37.465]   "addition_cf_max": 11.0,
[2025-09-16 20:31:37.465]   "addition_cf_min": 2.0,
[2025-09-16 20:31:37.465]   "addition_start_step": 8000,
[2025-09-16 20:31:37.465]   "cf_max_complexity": 7.0,
[2025-09-16 20:31:37.465]   "cf_min_complexity": 2.0,
[2025-09-16 20:31:37.465]   "cf_sd": 1.2,
[2025-09-16 20:31:37.465]   "cf_variance": 1.5,
[2025-09-16 20:31:37.465]   "checkpoint_interval": 5000,
[2025-09-16 20:31:37.465]   "confidence_criterion_start": 0.9,
[2025-09-16 20:31:37.465]   "confidence_floor": 0.75,
[2025-09-16 20:31:37.465]   "counting_fade_rate": 0.00015,
[2025-09-16 20:31:37.465]   "counting_focus_steps": 6000,
[2025-09-16 20:31:37.465]   "cx_sd": 0.9,
[2025-09-16 20:31:37.465]   "cx_variance": 0.8,
[2025-09-16 20:31:37.465]   "gate_freeze_until_step": 3000,
[2025-09-16 20:31:37.465]   "hidden_size": 64,
[2025-09-16 20:31:37.465]   "learning_rate": 0.005,
[2025-09-16 20:31:37.465]   "learning_rate_floor": 0.002,
[2025-09-16 20:31:37.465]   "lr_decay": 0.9999,
[2025-09-16 20:31:37.465]   "outdir": "results/addition_start_step=8000",
[2025-09-16 20:31:37.465]   "tf_rate": 0.0001,
[2025-09-16 20:31:37.465]   "tf_rate_addition": 0.0001,
[2025-09-16 20:31:37.465]   "tf_rate_counting": 0.0001,
[2025-09-16 20:31:37.465]   "total_steps": 50000
[2025-09-16 20:31:37.465] }
[2025-09-16 20:31:37.466] === Small Math Model (Content-Gated) ===
[2025-09-16 20:31:37.466] Network: 24 -> 64 -> 12
[2025-09-16 20:31:37.466] Training steps: 50000   LR: 0.005
[2025-09-16 20:31:37.466] Gate freeze until: 3000
[2025-09-16 20:31:37.466] Confidence start: 0.9 (floor 0.75)
[2025-09-16 20:31:37.466] === Sanity check ===
[2025-09-16 20:31:37.466] 1 -> ? = 10 (expected 2) - conf:0.000 finger:True
[2025-09-16 20:31:37.466] 3 -> ? = 8 (expected 4) - conf:0.000 finger:True
[2025-09-16 20:31:37.466] 5 -> ? = 8 (expected 6) - conf:0.000 finger:True
[2025-09-16 20:31:37.466] 2 -> 3 = 12 (expected 4) - conf:0.000 finger:True
[2025-09-16 20:31:37.467] 4 -> 5 = 8 (expected 6) - conf:0.000 finger:True
[2025-09-16 20:31:37.467] 1 + 2 = 3 (expected 3) + conf:0.000 finger:True
[2025-09-16 20:31:37.468] 2 + 2 = 4 (expected 4) + conf:0.000 finger:True
[2025-09-16 20:31:37.470] 3 + 4 = 7 (expected 7) + conf:0.000 finger:True
[2025-09-16 20:31:37.471] 4 + 5 = 9 (expected 9) + conf:0.000 finger:True
[2025-09-16 20:31:37.472] 5 + 5 = 10 (expected 10) + conf:0.000 finger:True
[2025-09-16 20:31:37.472] 
[2025-09-16 20:31:37.664] Step  1000: TF=0.100 CF=2.5 CX=2.5 W=1.00 Loss=1.430592 LR=0.004540 CC=0.817 (0.2s)
[2025-09-16 20:31:37.862] Step  2000: TF=0.200 CF=3.0 CX=2.7 W=1.00 Loss=1.808282 LR=0.004108 CC=0.750 (0.4s)
[2025-09-16 20:31:38.066] Step  3000: TF=0.300 CF=3.5 CX=3.0 W=1.00 Loss=0.771932 LR=0.003717 CC=0.750 (0.6s)
[2025-09-16 20:31:38.267] Step  4000: TF=0.400 CF=4.0 CX=3.9 W=1.00 Loss=1.141091 LR=0.003363 CC=0.750 (0.8s)
[2025-09-16 20:31:38.471] Step  5000: TF=0.500 CF=4.5 CX=3.3 W=1.00 Loss=0.618297 LR=0.003043 CC=0.750 (1.0s)
[2025-09-16 20:31:38.677] Step  6000: TF=0.600 CF=5.0 CX=6.6 W=1.00 Loss=1.468589 LR=0.002753 CC=0.750 (1.2s)
[2025-09-16 20:31:38.884] Step  7000: TF=0.700 CF=5.5 CX=6.5 W=1.00 Loss=0.847568 LR=0.002491 CC=0.750 (1.4s)
[2025-09-16 20:31:39.097] Step  8000: TF=0.800 CF=6.0 CX=4.9 W=1.00 Loss=1.270882 LR=0.002254 CC=0.750 (1.6s)
[2025-09-16 20:31:39.351] Step  9000: TF=0.900 CF=6.5 CX=7.2 W=0.85 Loss=0.394714 LR=0.002040 CC=0.750 (1.9s)
[2025-09-16 20:31:39.711] Step 10000: TF=1.000 CF=7.0 CX=5.9 W=0.70 Loss=0.932643 LR=0.002000 CC=0.750 (2.2s)
[2025-09-16 20:31:40.134] Step 11000: TF=1.000 CF=7.0 CX=8.2 W=0.55 Loss=0.362530 LR=0.002000 CC=0.750 (2.7s)
[2025-09-16 20:31:40.665] Step 12000: TF=1.000 CF=11.0 CX=11.4 W=0.19 Loss=0.177996 LR=0.002000 CC=0.750 (3.2s)
[2025-09-16 20:31:41.311] Step 13000: TF=1.000 CF=7.0 CX=5.8 W=0.25 Loss=0.804699 LR=0.002000 CC=0.750 (3.8s)
[2025-09-16 20:31:42.177] Step 14000: TF=1.000 CF=7.0 CX=6.3 W=0.20 Loss=0.162098 LR=0.002000 CC=0.750 (4.7s)
[2025-09-16 20:31:43.023] Step 15000: TF=1.000 CF=7.0 CX=7.4 W=0.20 Loss=0.104521 LR=0.002000 CC=0.750 (5.6s)
[2025-09-16 20:31:43.799] Step 16000: TF=1.000 CF=7.0 CX=6.2 W=0.20 Loss=0.053505 LR=0.002000 CC=0.750 (6.3s)
[2025-09-16 20:31:44.519] Step 17000: TF=1.000 CF=11.0 CX=10.4 W=0.43 Loss=0.074337 LR=0.002000 CC=0.750 (7.0s)
[2025-09-16 20:31:45.176] Step 18000: TF=1.000 CF=11.0 CX=10.4 W=0.48 Loss=0.037760 LR=0.002000 CC=0.750 (7.7s)
[2025-09-16 20:31:45.933] Step 19000: TF=1.000 CF=7.0 CX=6.5 W=0.20 Loss=0.061127 LR=0.002000 CC=0.750 (8.5s)
[2025-09-16 20:31:46.626] Step 20000: TF=1.000 CF=11.0 CX=11.3 W=0.57 Loss=0.887899 LR=0.002000 CC=0.750 (9.2s)
[2025-09-16 20:31:47.410] Step 21000: TF=1.000 CF=11.0 CX=11.3 W=0.62 Loss=2.170936 LR=0.002000 CC=0.750 (9.9s)
[2025-09-16 20:31:48.218] Step 22000: TF=1.000 CF=7.0 CX=7.7 W=0.20 Loss=0.008851 LR=0.002000 CC=0.750 (10.7s)
[2025-09-16 20:31:49.082] Step 23000: TF=1.000 CF=11.0 CX=11.4 W=0.71 Loss=1.373098 LR=0.002000 CC=0.750 (11.6s)
[2025-09-16 20:31:50.044] Step 24000: TF=1.000 CF=11.0 CX=11.8 W=0.76 Loss=0.008808 LR=0.002000 CC=0.750 (12.6s)
[2025-09-16 20:31:51.173] Step 25000: TF=1.000 CF=11.0 CX=12.0 W=0.81 Loss=0.827108 LR=0.002000 CC=0.750 (13.7s)
[2025-09-16 20:31:52.020] Step 26000: TF=1.000 CF=11.0 CX=11.5 W=0.86 Loss=0.415936 LR=0.002000 CC=0.750 (14.5s)
[2025-09-16 20:31:52.872] Step 27000: TF=1.000 CF=11.0 CX=11.8 W=0.90 Loss=0.097411 LR=0.002000 CC=0.750 (15.4s)
[2025-09-16 20:31:53.618] Step 28000: TF=1.000 CF=11.0 CX=10.8 W=0.95 Loss=0.009968 LR=0.002000 CC=0.750 (16.1s)
[2025-09-16 20:31:54.160] Step 29000: TF=1.000 CF=11.0 CX=8.8 W=1.00 Loss=0.745941 LR=0.002000 CC=0.750 (16.7s)
[2025-09-16 20:31:54.697] Step 30000: TF=1.000 CF=7.0 CX=6.0 W=0.20 Loss=0.034528 LR=0.002000 CC=0.750 (17.2s)
[2025-09-16 20:31:55.228] Step 31000: TF=1.000 CF=7.0 CX=5.7 W=0.20 Loss=0.035387 LR=0.002000 CC=0.750 (17.8s)
[2025-09-16 20:31:55.758] Step 32000: TF=1.000 CF=11.0 CX=10.5 W=1.00 Loss=0.004293 LR=0.002000 CC=0.750 (18.3s)
[2025-09-16 20:31:56.282] Step 33000: TF=1.000 CF=7.0 CX=6.8 W=0.20 Loss=0.008492 LR=0.002000 CC=0.750 (18.8s)
[2025-09-16 20:31:56.730] Step 34000: TF=1.000 CF=11.0 CX=11.4 W=1.00 Loss=0.799591 LR=0.002000 CC=0.750 (19.3s)
[2025-09-16 20:31:57.172] Step 35000: TF=1.000 CF=11.0 CX=10.7 W=1.00 Loss=0.003660 LR=0.002000 CC=0.750 (19.7s)
[2025-09-16 20:31:57.643] Step 36000: TF=1.000 CF=11.0 CX=11.8 W=1.00 Loss=0.528512 LR=0.002000 CC=0.750 (20.2s)
[2025-09-16 20:31:58.144] Step 37000: TF=1.000 CF=11.0 CX=10.3 W=1.00 Loss=0.002139 LR=0.002000 CC=0.750 (20.7s)
[2025-09-16 20:31:58.645] Step 38000: TF=1.000 CF=11.0 CX=11.1 W=1.00 Loss=0.080296 LR=0.002000 CC=0.750 (21.2s)
[2025-09-16 20:31:59.150] Step 39000: TF=1.000 CF=11.0 CX=12.0 W=1.00 Loss=0.033847 LR=0.002000 CC=0.750 (21.7s)
[2025-09-16 20:31:59.696] Step 40000: TF=1.000 CF=11.0 CX=11.8 W=1.00 Loss=0.061270 LR=0.002000 CC=0.750 (22.2s)
[2025-09-16 20:32:00.130] Step 41000: TF=1.000 CF=7.0 CX=6.9 W=0.20 Loss=0.009041 LR=0.002000 CC=0.750 (22.7s)
[2025-09-16 20:32:00.607] Step 42000: TF=1.000 CF=11.0 CX=11.1 W=1.00 Loss=0.043039 LR=0.002000 CC=0.750 (23.1s)
[2025-09-16 20:32:01.138] Step 43000: TF=1.000 CF=11.0 CX=10.7 W=1.00 Loss=0.001639 LR=0.002000 CC=0.750 (23.7s)
[2025-09-16 20:32:01.728] Step 44000: TF=1.000 CF=11.0 CX=10.4 W=1.00 Loss=0.001766 LR=0.002000 CC=0.750 (24.3s)
[2025-09-16 20:32:02.284] Step 45000: TF=1.000 CF=11.0 CX=11.4 W=1.00 Loss=0.062070 LR=0.002000 CC=0.750 (24.8s)
[2025-09-16 20:32:02.796] Step 46000: TF=1.000 CF=11.0 CX=10.1 W=1.00 Loss=0.001160 LR=0.002000 CC=0.750 (25.3s)
[2025-09-16 20:32:03.188] Step 47000: TF=1.000 CF=11.0 CX=11.5 W=1.00 Loss=0.014056 LR=0.002000 CC=0.750 (25.7s)
[2025-09-16 20:32:03.579] Step 48000: TF=1.000 CF=11.0 CX=11.1 W=1.00 Loss=0.083427 LR=0.002000 CC=0.750 (26.1s)
[2025-09-16 20:32:03.992] Step 49000: TF=1.000 CF=11.0 CX=12.0 W=1.00 Loss=0.001001 LR=0.002000 CC=0.750 (26.5s)
[2025-09-16 20:32:04.478] Step 50000: TF=1.000 CF=11.0 CX=11.2 W=1.00 Loss=0.029229 LR=0.002000 CC=0.750 (27.0s)
[2025-09-16 20:32:04.478] === Training complete ===
