[2025-09-09 21:29:10.132] === EFFECTIVE CONFIGURATION ===
[2025-09-09 21:29:10.132] {
[2025-09-09 21:29:10.132]   "_config_path": ".sweep_tmp/cfg_addition_start_step=13000.json",
[2025-09-09 21:29:10.132]   "_overrides": [],
[2025-09-09 21:29:10.132]   "_raw_config": {
[2025-09-09 21:29:10.132]     "addition_cf_max": 10.0,
[2025-09-09 21:29:10.133]     "addition_cf_min": 2.0,
[2025-09-09 21:29:10.133]     "addition_start_step": 13000,
[2025-09-09 21:29:10.133]     "cf_max_complexity": 6.0,
[2025-09-09 21:29:10.133]     "cf_min_complexity": 2.0,
[2025-09-09 21:29:10.133]     "cf_variance": 1.5,
[2025-09-09 21:29:10.133]     "checkpoint_interval": 10000,
[2025-09-09 21:29:10.133]     "confidence_criterion_start": 0.9,
[2025-09-09 21:29:10.133]     "confidence_floor": 0.75,
[2025-09-09 21:29:10.133]     "counting_fade_rate": 0.0001,
[2025-09-09 21:29:10.133]     "counting_focus_steps": 6000,
[2025-09-09 21:29:10.133]     "cx_variance": 0.8,
[2025-09-09 21:29:10.133]     "gate_freeze_until_step": 3000,
[2025-09-09 21:29:10.133]     "hidden_size": 64,
[2025-09-09 21:29:10.133]     "learning_rate": 0.005,
[2025-09-09 21:29:10.133]     "learning_rate_floor": 0.002,
[2025-09-09 21:29:10.133]     "lr_decay": 0.9999,
[2025-09-09 21:29:10.133]     "outdir": "results_longrun_50k",
[2025-09-09 21:29:10.133]     "tf_rate_addition": 0.0001,
[2025-09-09 21:29:10.133]     "tf_rate_counting": 0.0001,
[2025-09-09 21:29:10.133]     "total_steps": 50000
[2025-09-09 21:29:10.133]   },
[2025-09-09 21:29:10.133]   "addition_cf_max": 10.0,
[2025-09-09 21:29:10.133]   "addition_cf_min": 2.0,
[2025-09-09 21:29:10.133]   "addition_start_step": 13000,
[2025-09-09 21:29:10.133]   "cf_max_complexity": 6.0,
[2025-09-09 21:29:10.133]   "cf_min_complexity": 2.0,
[2025-09-09 21:29:10.133]   "cf_variance": 1.5,
[2025-09-09 21:29:10.133]   "checkpoint_interval": 10000,
[2025-09-09 21:29:10.133]   "confidence_criterion_start": 0.9,
[2025-09-09 21:29:10.133]   "confidence_floor": 0.75,
[2025-09-09 21:29:10.133]   "counting_fade_rate": 0.0001,
[2025-09-09 21:29:10.133]   "counting_focus_steps": 6000,
[2025-09-09 21:29:10.133]   "cx_variance": 0.8,
[2025-09-09 21:29:10.133]   "gate_freeze_until_step": 3000,
[2025-09-09 21:29:10.133]   "hidden_size": 64,
[2025-09-09 21:29:10.133]   "learning_rate": 0.005,
[2025-09-09 21:29:10.133]   "learning_rate_floor": 0.002,
[2025-09-09 21:29:10.133]   "lr_decay": 0.9999,
[2025-09-09 21:29:10.133]   "outdir": "results/addstart_sweep/addition_start_step=13000",
[2025-09-09 21:29:10.133]   "tf_rate": 0.0001,
[2025-09-09 21:29:10.133]   "tf_rate_addition": 0.0001,
[2025-09-09 21:29:10.133]   "tf_rate_counting": 0.0001,
[2025-09-09 21:29:10.133]   "total_steps": 50000
[2025-09-09 21:29:10.134] }
[2025-09-09 21:29:10.134] === Small Math Model (Content-Gated) ===
[2025-09-09 21:29:10.134] Network: 24 -> 64 -> 12
[2025-09-09 21:29:10.134] Training steps: 50000   LR: 0.005
[2025-09-09 21:29:10.134] Gate freeze until: 3000
[2025-09-09 21:29:10.134] Confidence start: 0.9 (floor 0.75)
[2025-09-09 21:29:10.134] === Sanity check ===
[2025-09-09 21:29:10.135] 1 -> ? = 10 (expected 2) - conf:0.000 finger:True
[2025-09-09 21:29:10.135] 3 -> ? = 8 (expected 4) - conf:0.000 finger:True
[2025-09-09 21:29:10.135] 5 -> ? = 8 (expected 6) - conf:0.000 finger:True
[2025-09-09 21:29:10.135] 2 -> 3 = 12 (expected 4) - conf:0.000 finger:True
[2025-09-09 21:29:10.135] 4 -> 5 = 8 (expected 6) - conf:0.000 finger:True
[2025-09-09 21:29:10.138] 1 + 2 = 3 (expected 3) + conf:0.000 finger:True
[2025-09-09 21:29:10.139] 2 + 2 = 4 (expected 4) + conf:0.000 finger:True
[2025-09-09 21:29:10.141] 3 + 4 = 7 (expected 7) + conf:0.000 finger:True
[2025-09-09 21:29:10.143] 4 + 5 = 9 (expected 9) + conf:0.000 finger:True
[2025-09-09 21:29:10.145] 5 + 5 = 10 (expected 10) + conf:0.000 finger:True
[2025-09-09 21:29:10.145] 
[2025-09-09 21:29:10.306] Step  1000: TF=0.100 CF=2.4 CX=3.6 W=1.00 Loss=1.149863 LR=0.004540 CC=0.817 (0.2s)
[2025-09-09 21:29:10.478] Step  2000: TF=0.200 CF=2.8 CX=3.2 W=1.00 Loss=0.434808 LR=0.004108 CC=0.750 (0.3s)
[2025-09-09 21:29:10.681] Step  3000: TF=0.300 CF=3.2 CX=4.8 W=1.00 Loss=1.252741 LR=0.003717 CC=0.750 (0.5s)
[2025-09-09 21:29:10.883] Step  4000: TF=0.400 CF=3.6 CX=4.4 W=1.00 Loss=0.989151 LR=0.003363 CC=0.750 (0.7s)
[2025-09-09 21:29:11.066] Step  5000: TF=0.500 CF=4.0 CX=5.5 W=1.00 Loss=4.212717 LR=0.003043 CC=0.750 (0.9s)
[2025-09-09 21:29:11.245] Step  6000: TF=0.600 CF=4.4 CX=4.4 W=1.00 Loss=0.958677 LR=0.002753 CC=0.750 (1.1s)
[2025-09-09 21:29:11.480] Step  7000: TF=0.700 CF=4.8 CX=5.2 W=1.00 Loss=0.884868 LR=0.002491 CC=0.750 (1.3s)
[2025-09-09 21:29:11.687] Step  8000: TF=0.800 CF=5.2 CX=6.0 W=1.00 Loss=0.935919 LR=0.002254 CC=0.750 (1.5s)
[2025-09-09 21:29:11.885] Step  9000: TF=0.900 CF=5.6 CX=6.9 W=1.00 Loss=0.632618 LR=0.002040 CC=0.750 (1.7s)
[2025-09-09 21:29:12.094] Step 10000: TF=1.000 CF=6.0 CX=5.8 W=1.00 Loss=0.338335 LR=0.002000 CC=0.750 (1.9s)
[2025-09-09 21:29:12.283] Step 11000: TF=1.000 CF=6.0 CX=7.2 W=1.00 Loss=0.147679 LR=0.002000 CC=0.750 (2.1s)
[2025-09-09 21:29:12.496] Step 12000: TF=1.000 CF=6.0 CX=6.8 W=1.00 Loss=0.050865 LR=0.002000 CC=0.750 (2.4s)
[2025-09-09 21:29:12.672] Step 13000: TF=1.000 CF=6.0 CX=4.9 W=1.00 Loss=0.597384 LR=0.002000 CC=0.750 (2.5s)
[2025-09-09 21:29:12.855] Step 14000: TF=1.000 CF=6.0 CX=4.8 W=0.90 Loss=0.278294 LR=0.002000 CC=0.750 (2.7s)
[2025-09-09 21:29:13.066] Step 15000: TF=1.000 CF=6.0 CX=4.4 W=0.80 Loss=0.505223 LR=0.002000 CC=0.750 (2.9s)
[2025-09-09 21:29:13.281] Step 16000: TF=1.000 CF=6.0 CX=4.6 W=0.70 Loss=0.405052 LR=0.002000 CC=0.750 (3.1s)
[2025-09-09 21:29:13.559] Step 17000: TF=1.000 CF=10.0 CX=8.5 W=0.22 Loss=3.825777 LR=0.002000 CC=0.750 (3.4s)
[2025-09-09 21:29:13.818] Step 18000: TF=1.000 CF=10.0 CX=9.1 W=0.27 Loss=0.006469 LR=0.002000 CC=0.750 (3.7s)
[2025-09-09 21:29:14.113] Step 19000: TF=1.000 CF=6.0 CX=5.1 W=0.40 Loss=0.261689 LR=0.002000 CC=0.750 (4.0s)
[2025-09-09 21:29:14.425] Step 20000: TF=1.000 CF=10.0 CX=9.4 W=0.38 Loss=0.004888 LR=0.002000 CC=0.750 (4.3s)
[2025-09-09 21:29:14.771] Step 21000: TF=1.000 CF=10.0 CX=10.1 W=0.43 Loss=0.010462 LR=0.002000 CC=0.750 (4.6s)
[2025-09-09 21:29:15.167] Step 22000: TF=1.000 CF=6.0 CX=6.6 W=0.20 Loss=0.076275 LR=0.002000 CC=0.750 (5.0s)
[2025-09-09 21:29:15.564] Step 23000: TF=1.000 CF=10.0 CX=10.9 W=0.54 Loss=0.005287 LR=0.002000 CC=0.750 (5.4s)
[2025-09-09 21:29:15.892] Step 24000: TF=1.000 CF=10.0 CX=10.6 W=0.59 Loss=0.005991 LR=0.002000 CC=0.750 (5.7s)
[2025-09-09 21:29:16.288] Step 25000: TF=1.000 CF=6.0 CX=5.5 W=0.20 Loss=0.066393 LR=0.002000 CC=0.750 (6.1s)
[2025-09-09 21:29:16.741] Step 26000: TF=1.000 CF=10.0 CX=8.9 W=0.70 Loss=1.725577 LR=0.002000 CC=0.750 (6.6s)
[2025-09-09 21:29:17.113] Step 27000: TF=1.000 CF=6.0 CX=5.4 W=0.20 Loss=0.069466 LR=0.002000 CC=0.750 (7.0s)
[2025-09-09 21:29:17.506] Step 28000: TF=1.000 CF=6.0 CX=6.0 W=0.20 Loss=0.058460 LR=0.002000 CC=0.750 (7.4s)
[2025-09-09 21:29:17.877] Step 29000: TF=1.000 CF=10.0 CX=9.2 W=0.86 Loss=0.014150 LR=0.002000 CC=0.750 (7.7s)
[2025-09-09 21:29:18.322] Step 30000: TF=1.000 CF=10.0 CX=11.6 W=0.92 Loss=2.323335 LR=0.002000 CC=0.750 (8.2s)
[2025-09-09 21:29:18.689] Step 31000: TF=1.000 CF=10.0 CX=9.5 W=0.97 Loss=0.001237 LR=0.002000 CC=0.750 (8.5s)
[2025-09-09 21:29:19.035] Step 32000: TF=1.000 CF=10.0 CX=9.8 W=1.00 Loss=0.008962 LR=0.002000 CC=0.750 (8.9s)
[2025-09-09 21:29:19.420] Step 33000: TF=1.000 CF=10.0 CX=11.8 W=1.00 Loss=0.000510 LR=0.002000 CC=0.750 (9.3s)
[2025-09-09 21:29:19.801] Step 34000: TF=1.000 CF=10.0 CX=9.9 W=1.00 Loss=0.004207 LR=0.002000 CC=0.750 (9.7s)
[2025-09-09 21:29:20.167] Step 35000: TF=1.000 CF=10.0 CX=9.9 W=1.00 Loss=0.000186 LR=0.002000 CC=0.750 (10.0s)
[2025-09-09 21:29:20.548] Step 36000: TF=1.000 CF=6.0 CX=6.0 W=0.20 Loss=0.028103 LR=0.002000 CC=0.750 (10.4s)
[2025-09-09 21:29:20.919] Step 37000: TF=1.000 CF=10.0 CX=9.9 W=1.00 Loss=0.000058 LR=0.002000 CC=0.750 (10.8s)
[2025-09-09 21:29:21.338] Step 38000: TF=1.000 CF=10.0 CX=9.4 W=1.00 Loss=0.002979 LR=0.002000 CC=0.750 (11.2s)
[2025-09-09 21:29:21.763] Step 39000: TF=1.000 CF=10.0 CX=8.1 W=1.00 Loss=0.194059 LR=0.002000 CC=0.750 (11.6s)
[2025-09-09 21:29:22.086] Step 40000: TF=1.000 CF=10.0 CX=10.7 W=1.00 Loss=0.000066 LR=0.002000 CC=0.750 (11.9s)
[2025-09-09 21:29:22.433] Step 41000: TF=1.000 CF=10.0 CX=9.5 W=1.00 Loss=0.001879 LR=0.002000 CC=0.750 (12.3s)
[2025-09-09 21:29:22.712] Step 42000: TF=1.000 CF=10.0 CX=9.3 W=1.00 Loss=0.001674 LR=0.002000 CC=0.750 (12.6s)
[2025-09-09 21:29:23.011] Step 43000: TF=1.000 CF=6.0 CX=5.5 W=0.20 Loss=0.073726 LR=0.002000 CC=0.750 (12.9s)
[2025-09-09 21:29:23.345] Step 44000: TF=1.000 CF=10.0 CX=9.1 W=1.00 Loss=0.000970 LR=0.002000 CC=0.750 (13.2s)
[2025-09-09 21:29:23.670] Step 45000: TF=1.000 CF=10.0 CX=9.1 W=1.00 Loss=0.000033 LR=0.002000 CC=0.750 (13.5s)
[2025-09-09 21:29:23.988] Step 46000: TF=1.000 CF=10.0 CX=8.6 W=1.00 Loss=0.087296 LR=0.002000 CC=0.750 (13.8s)
[2025-09-09 21:29:24.264] Step 47000: TF=1.000 CF=10.0 CX=11.1 W=1.00 Loss=0.002316 LR=0.002000 CC=0.750 (14.1s)
[2025-09-09 21:29:24.573] Step 48000: TF=1.000 CF=6.0 CX=6.7 W=0.20 Loss=0.007620 LR=0.002000 CC=0.750 (14.4s)
[2025-09-09 21:29:24.872] Step 49000: TF=1.000 CF=10.0 CX=10.2 W=1.00 Loss=0.000016 LR=0.002000 CC=0.750 (14.7s)
[2025-09-09 21:29:25.164] Step 50000: TF=1.000 CF=10.0 CX=11.4 W=1.00 Loss=0.000711 LR=0.002000 CC=0.750 (15.0s)
[2025-09-09 21:29:25.164] === Training complete ===
