[2025-09-10 16:46:07.165] === EFFECTIVE CONFIGURATION ===
[2025-09-10 16:46:07.165] {
[2025-09-10 16:46:07.165]   "_config_path": ".sweep_tmp/cfg_learning_rate=0p008.json",
[2025-09-10 16:46:07.165]   "_overrides": [],
[2025-09-10 16:46:07.165]   "_raw_config": {
[2025-09-10 16:46:07.165]     "addition_cf_max": 11.0,
[2025-09-10 16:46:07.165]     "addition_cf_min": 2.0,
[2025-09-10 16:46:07.165]     "addition_start_step": 8000,
[2025-09-10 16:46:07.165]     "cf_max_complexity": 7.0,
[2025-09-10 16:46:07.165]     "cf_min_complexity": 2.0,
[2025-09-10 16:46:07.165]     "cf_sd": 1.2,
[2025-09-10 16:46:07.165]     "checkpoint_interval": 5000,
[2025-09-10 16:46:07.165]     "confidence_criterion_start": 0.9,
[2025-09-10 16:46:07.165]     "confidence_floor": 0.75,
[2025-09-10 16:46:07.165]     "counting_fade_rate": 0.00015,
[2025-09-10 16:46:07.165]     "counting_focus_steps": 6000,
[2025-09-10 16:46:07.165]     "cx_sd": 0.9,
[2025-09-10 16:46:07.165]     "gate_freeze_until_step": 3000,
[2025-09-10 16:46:07.165]     "hidden_size": 64,
[2025-09-10 16:46:07.165]     "learning_rate": 0.008,
[2025-09-10 16:46:07.165]     "learning_rate_floor": 0.002,
[2025-09-10 16:46:07.165]     "lr_decay": 0.9999,
[2025-09-10 16:46:07.165]     "outdir": "results",
[2025-09-10 16:46:07.165]     "tf_rate_addition": 5e-05,
[2025-09-10 16:46:07.165]     "tf_rate_counting": 0.0002,
[2025-09-10 16:46:07.165]     "total_steps": 15000
[2025-09-10 16:46:07.165]   },
[2025-09-10 16:46:07.165]   "addition_cf_max": 11.0,
[2025-09-10 16:46:07.165]   "addition_cf_min": 2.0,
[2025-09-10 16:46:07.165]   "addition_start_step": 8000,
[2025-09-10 16:46:07.165]   "cf_max_complexity": 7.0,
[2025-09-10 16:46:07.165]   "cf_min_complexity": 2.0,
[2025-09-10 16:46:07.165]   "cf_sd": 1.2,
[2025-09-10 16:46:07.165]   "cf_variance": 1.5,
[2025-09-10 16:46:07.165]   "checkpoint_interval": 5000,
[2025-09-10 16:46:07.165]   "confidence_criterion_start": 0.9,
[2025-09-10 16:46:07.165]   "confidence_floor": 0.75,
[2025-09-10 16:46:07.165]   "counting_fade_rate": 0.00015,
[2025-09-10 16:46:07.166]   "counting_focus_steps": 6000,
[2025-09-10 16:46:07.166]   "cx_sd": 0.9,
[2025-09-10 16:46:07.166]   "cx_variance": 0.8,
[2025-09-10 16:46:07.166]   "gate_freeze_until_step": 3000,
[2025-09-10 16:46:07.166]   "hidden_size": 64,
[2025-09-10 16:46:07.166]   "learning_rate": 0.008,
[2025-09-10 16:46:07.166]   "learning_rate_floor": 0.002,
[2025-09-10 16:46:07.166]   "lr_decay": 0.9999,
[2025-09-10 16:46:07.166]   "outdir": "results/lrsweep/learning_rate=0.008",
[2025-09-10 16:46:07.166]   "tf_rate": 0.0001,
[2025-09-10 16:46:07.166]   "tf_rate_addition": 5e-05,
[2025-09-10 16:46:07.166]   "tf_rate_counting": 0.0002,
[2025-09-10 16:46:07.166]   "total_steps": 15000
[2025-09-10 16:46:07.166] }
[2025-09-10 16:46:07.166] === Small Math Model (Content-Gated) ===
[2025-09-10 16:46:07.167] Network: 24 -> 64 -> 12
[2025-09-10 16:46:07.167] Training steps: 15000   LR: 0.008
[2025-09-10 16:46:07.167] Gate freeze until: 3000
[2025-09-10 16:46:07.167] Confidence start: 0.9 (floor 0.75)
[2025-09-10 16:46:07.167] === Sanity check ===
[2025-09-10 16:46:07.167] 1 -> ? = 10 (expected 2) - conf:0.000 finger:True
[2025-09-10 16:46:07.167] 3 -> ? = 8 (expected 4) - conf:0.000 finger:True
[2025-09-10 16:46:07.167] 5 -> ? = 8 (expected 6) - conf:0.000 finger:True
[2025-09-10 16:46:07.167] 2 -> 3 = 12 (expected 4) - conf:0.000 finger:True
[2025-09-10 16:46:07.167] 4 -> 5 = 8 (expected 6) - conf:0.000 finger:True
[2025-09-10 16:46:07.168] 1 + 2 = 3 (expected 3) + conf:0.000 finger:True
[2025-09-10 16:46:07.170] 2 + 2 = 4 (expected 4) + conf:0.000 finger:True
[2025-09-10 16:46:07.172] 3 + 4 = 7 (expected 7) + conf:0.000 finger:True
[2025-09-10 16:46:07.174] 4 + 5 = 9 (expected 9) + conf:0.000 finger:True
[2025-09-10 16:46:07.175] 5 + 5 = 10 (expected 10) + conf:0.000 finger:True
[2025-09-10 16:46:07.175] 
[2025-09-10 16:46:07.363] Step  1000: TF=0.100 CF=2.5 CX=2.0 W=1.00 Loss=1.450579 LR=0.007263 CC=0.817 (0.2s)
[2025-09-10 16:46:07.534] Step  2000: TF=0.200 CF=3.0 CX=3.2 W=1.00 Loss=0.425246 LR=0.006572 CC=0.750 (0.4s)
[2025-09-10 16:46:07.702] Step  3000: TF=0.300 CF=3.5 CX=4.4 W=1.00 Loss=2.220858 LR=0.005947 CC=0.750 (0.5s)
[2025-09-10 16:46:07.874] Step  4000: TF=0.400 CF=4.0 CX=5.4 W=1.00 Loss=3.822284 LR=0.005381 CC=0.750 (0.7s)
[2025-09-10 16:46:08.042] Step  5000: TF=0.500 CF=4.5 CX=5.2 W=1.00 Loss=0.751332 LR=0.004869 CC=0.750 (0.9s)
[2025-09-10 16:46:08.210] Step  6000: TF=0.600 CF=5.0 CX=4.3 W=1.00 Loss=0.331104 LR=0.004405 CC=0.750 (1.0s)
[2025-09-10 16:46:08.389] Step  7000: TF=0.700 CF=5.5 CX=6.0 W=1.00 Loss=0.197733 LR=0.003986 CC=0.750 (1.2s)
[2025-09-10 16:46:08.606] Step  8000: TF=0.800 CF=6.0 CX=5.4 W=1.00 Loss=0.055751 LR=0.003607 CC=0.750 (1.4s)
[2025-09-10 16:46:08.807] Step  9000: TF=0.900 CF=6.5 CX=7.1 W=0.85 Loss=0.011193 LR=0.003263 CC=0.750 (1.6s)
[2025-09-10 16:46:09.069] Step 10000: TF=1.000 CF=11.0 CX=10.7 W=0.57 Loss=0.000537 LR=0.002953 CC=0.750 (1.9s)
[2025-09-10 16:46:09.460] Step 11000: TF=1.000 CF=7.0 CX=6.3 W=0.55 Loss=0.018671 LR=0.002672 CC=0.750 (2.3s)
[2025-09-10 16:46:09.952] Step 12000: TF=1.000 CF=7.0 CX=7.2 W=0.40 Loss=0.050066 LR=0.002418 CC=0.750 (2.8s)
[2025-09-10 16:46:10.440] Step 13000: TF=1.000 CF=11.0 CX=11.5 W=1.00 Loss=0.011476 LR=0.002188 CC=0.750 (3.3s)
[2025-09-10 16:46:10.932] Step 14000: TF=1.000 CF=7.0 CX=7.6 W=0.20 Loss=0.027365 LR=0.002000 CC=0.750 (3.8s)
[2025-09-10 16:46:11.385] Step 15000: TF=1.000 CF=11.0 CX=11.9 W=1.00 Loss=1.524073 LR=0.002000 CC=0.750 (4.2s)
[2025-09-10 16:46:11.385] === Training complete ===
