[2025-09-14 18:57:04.965] === EFFECTIVE CONFIGURATION ===
[2025-09-14 18:57:04.965] {
[2025-09-14 18:57:04.965]   "_config_path": ".sweep_tmp/cfg_addition_start_step=8000.json",
[2025-09-14 18:57:04.965]   "_overrides": [],
[2025-09-14 18:57:04.965]   "_raw_config": {
[2025-09-14 18:57:04.965]     "addition_cf_max": 11.0,
[2025-09-14 18:57:04.965]     "addition_cf_min": 2.0,
[2025-09-14 18:57:04.965]     "addition_start_step": 8000,
[2025-09-14 18:57:04.965]     "cf_max_complexity": 7.0,
[2025-09-14 18:57:04.965]     "cf_min_complexity": 2.0,
[2025-09-14 18:57:04.965]     "cf_sd": 1.2,
[2025-09-14 18:57:04.965]     "checkpoint_interval": 5000,
[2025-09-14 18:57:04.966]     "confidence_criterion_start": 0.9,
[2025-09-14 18:57:04.966]     "confidence_floor": 0.75,
[2025-09-14 18:57:04.966]     "counting_fade_rate": 0.00015,
[2025-09-14 18:57:04.966]     "counting_focus_steps": 6000,
[2025-09-14 18:57:04.966]     "cx_sd": 0.9,
[2025-09-14 18:57:04.966]     "gate_freeze_until_step": 3000,
[2025-09-14 18:57:04.966]     "hidden_size": 64,
[2025-09-14 18:57:04.966]     "learning_rate": 0.015,
[2025-09-14 18:57:04.966]     "learning_rate_floor": 0.002,
[2025-09-14 18:57:04.966]     "lr_decay": 0.9999,
[2025-09-14 18:57:04.966]     "outdir": "results",
[2025-09-14 18:57:04.966]     "tf_rate_addition": 5e-05,
[2025-09-14 18:57:04.966]     "tf_rate_counting": 0.0002,
[2025-09-14 18:57:04.966]     "total_steps": 15000
[2025-09-14 18:57:04.966]   },
[2025-09-14 18:57:04.966]   "addition_cf_max": 11.0,
[2025-09-14 18:57:04.966]   "addition_cf_min": 2.0,
[2025-09-14 18:57:04.966]   "addition_start_step": 8000,
[2025-09-14 18:57:04.966]   "cf_max_complexity": 7.0,
[2025-09-14 18:57:04.966]   "cf_min_complexity": 2.0,
[2025-09-14 18:57:04.966]   "cf_sd": 1.2,
[2025-09-14 18:57:04.966]   "cf_variance": 1.5,
[2025-09-14 18:57:04.966]   "checkpoint_interval": 5000,
[2025-09-14 18:57:04.966]   "confidence_criterion_start": 0.9,
[2025-09-14 18:57:04.966]   "confidence_floor": 0.75,
[2025-09-14 18:57:04.966]   "counting_fade_rate": 0.00015,
[2025-09-14 18:57:04.966]   "counting_focus_steps": 6000,
[2025-09-14 18:57:04.966]   "cx_sd": 0.9,
[2025-09-14 18:57:04.966]   "cx_variance": 0.8,
[2025-09-14 18:57:04.966]   "gate_freeze_until_step": 3000,
[2025-09-14 18:57:04.966]   "hidden_size": 64,
[2025-09-14 18:57:04.966]   "learning_rate": 0.015,
[2025-09-14 18:57:04.966]   "learning_rate_floor": 0.002,
[2025-09-14 18:57:04.966]   "lr_decay": 0.9999,
[2025-09-14 18:57:04.966]   "outdir": "results/addition_start_step=8000",
[2025-09-14 18:57:04.966]   "tf_rate": 0.0001,
[2025-09-14 18:57:04.966]   "tf_rate_addition": 5e-05,
[2025-09-14 18:57:04.966]   "tf_rate_counting": 0.0002,
[2025-09-14 18:57:04.966]   "total_steps": 15000
[2025-09-14 18:57:04.966] }
[2025-09-14 18:57:04.967] === Small Math Model (Content-Gated) ===
[2025-09-14 18:57:04.967] Network: 24 -> 64 -> 12
[2025-09-14 18:57:04.967] Training steps: 15000   LR: 0.015
[2025-09-14 18:57:04.967] Gate freeze until: 3000
[2025-09-14 18:57:04.967] Confidence start: 0.9 (floor 0.75)
[2025-09-14 18:57:04.967] === Sanity check ===
[2025-09-14 18:57:04.967] 1 -> ? = 10 (expected 2) - conf:0.000 finger:True
[2025-09-14 18:57:04.967] 3 -> ? = 8 (expected 4) - conf:0.000 finger:True
[2025-09-14 18:57:04.967] 5 -> ? = 8 (expected 6) - conf:0.000 finger:True
[2025-09-14 18:57:04.967] 2 -> 3 = 12 (expected 4) - conf:0.000 finger:True
[2025-09-14 18:57:04.967] 4 -> 5 = 8 (expected 6) - conf:0.000 finger:True
[2025-09-14 18:57:04.968] 1 + 2 = 3 (expected 3) + conf:0.000 finger:True
[2025-09-14 18:57:04.970] 2 + 2 = 4 (expected 4) + conf:0.000 finger:True
[2025-09-14 18:57:04.972] 3 + 4 = 7 (expected 7) + conf:0.000 finger:True
[2025-09-14 18:57:04.974] 4 + 5 = 9 (expected 9) + conf:0.000 finger:True
[2025-09-14 18:57:04.976] 5 + 5 = 10 (expected 10) + conf:0.000 finger:True
[2025-09-14 18:57:04.976] 
[2025-09-14 18:57:05.189] Step  1000: TF=0.100 CF=2.5 CX=2.0 W=1.00 Loss=1.781137 LR=0.013619 CC=0.817 (0.2s)
[2025-09-14 18:57:05.415] Step  2000: TF=0.200 CF=3.0 CX=3.1 W=1.00 Loss=1.165487 LR=0.012323 CC=0.750 (0.4s)
[2025-09-14 18:57:05.652] Step  3000: TF=0.300 CF=3.5 CX=2.8 W=1.00 Loss=0.026981 LR=0.011150 CC=0.750 (0.7s)
[2025-09-14 18:57:05.886] Step  4000: TF=0.400 CF=4.0 CX=3.5 W=1.00 Loss=0.001908 LR=0.010089 CC=0.750 (0.9s)
[2025-09-14 18:57:06.120] Step  5000: TF=0.500 CF=4.5 CX=4.1 W=1.00 Loss=0.002120 LR=0.009129 CC=0.750 (1.1s)
[2025-09-14 18:57:06.344] Step  6000: TF=0.600 CF=5.0 CX=4.7 W=1.00 Loss=0.000924 LR=0.008260 CC=0.750 (1.4s)
[2025-09-14 18:57:06.579] Step  7000: TF=0.700 CF=5.5 CX=4.9 W=1.00 Loss=0.005133 LR=0.007474 CC=0.750 (1.6s)
[2025-09-14 18:57:06.802] Step  8000: TF=0.800 CF=6.0 CX=5.7 W=1.00 Loss=0.016886 LR=0.006763 CC=0.750 (1.8s)
[2025-09-14 18:57:07.231] Step  9000: TF=0.900 CF=6.5 CX=6.2 W=0.85 Loss=0.165190 LR=0.006119 CC=0.750 (2.3s)
[2025-09-14 18:57:07.805] Step 10000: TF=1.000 CF=11.0 CX=12.0 W=0.57 Loss=0.784199 LR=0.005537 CC=0.750 (2.8s)
[2025-09-14 18:57:08.270] Step 11000: TF=1.000 CF=7.0 CX=7.7 W=0.55 Loss=0.009235 LR=0.005010 CC=0.750 (3.3s)
[2025-09-14 18:57:08.754] Step 12000: TF=1.000 CF=7.0 CX=6.6 W=0.40 Loss=0.003538 LR=0.004533 CC=0.750 (3.8s)
[2025-09-14 18:57:09.370] Step 13000: TF=1.000 CF=11.0 CX=11.2 W=1.00 Loss=0.000002 LR=0.004102 CC=0.750 (4.4s)
[2025-09-14 18:57:09.840] Step 14000: TF=1.000 CF=11.0 CX=10.4 W=1.00 Loss=0.020007 LR=0.003711 CC=0.750 (4.9s)
[2025-09-14 18:57:10.264] Step 15000: TF=1.000 CF=11.0 CX=11.3 W=1.00 Loss=0.059001 LR=0.003358 CC=0.750 (5.3s)
[2025-09-14 18:57:10.264] === Training complete ===
